Overriding config with config/train_shakespeare_char.py:
# train a miniature character-level shakespeare model
# good for debugging and playing on macbooks and such

out_dir = 'out-shakespeare-char'
eval_interval = 250 # keep frequent because we'll overfit
eval_iters = 200
log_interval = 10 # don't print too too often

# we expect to overfit on this small dataset, so only save when val improves
always_save_checkpoint = False

wandb_log = False # override via command line if you like
wandb_project = 'shakespeare-char'
wandb_run_name = 'mini-gpt'

dataset = 'shakespeare_char'
gradient_accumulation_steps = 1
batch_size = 64
block_size = 256 # context of up to 256 previous characters

# baby GPT model :)
n_layer = 6
n_head = 6
n_embd = 384
dropout = 0.2

learning_rate = 1e-3 # with baby networks can afford to go a bit higher
max_iters = 5000
lr_decay_iters = 5000 # make equal to max_iters usually
min_lr = 1e-4 # learning_rate / 10 usually
beta2 = 0.99 # make a bit bigger because number of tokens per iter is small

warmup_iters = 100 # not super necessary potentially

# on macbook also add
# device = 'cpu'  # run on cpu only
# compile = False # do not torch compile the model

Overriding: compile = False
Overriding: out_dir = runs\swiglu_lr4e-3
Overriding: learning_rate = 0.004
Overriding: min_lr = 0.0004
Overriding: seed = 1337
Overriding: save_checkpoint = False
Overriding: mlp_type = swiglu
tokens per iteration will be: 16,384
found vocab_size = 65 (inside data\shakespeare_char\meta.pkl)
Initializing a new model from scratch
number of parameters: 10.65M
C:\Users\86271\hw1work\nanoGPT\train.py:204: FutureWarning: `torch.cuda.amp.GradScaler(args...)` is deprecated. Please use `torch.amp.GradScaler('cuda', args...)` instead.
  scaler = torch.cuda.amp.GradScaler(enabled=(dtype == 'float16'))
num decayed parameter tensors: 26, with 10,740,096 parameters
num non-decayed parameter tensors: 13, with 4,992 parameters
using fused AdamW: True
step 0: train loss 4.3300, val loss 4.3197
iter 0: loss 4.3273, time 12327.71ms, mfu -100.00%
iter 10: loss 3.0678, time 109.73ms, mfu 3.40%
iter 20: loss 2.6232, time 124.44ms, mfu 3.36%
iter 30: loss 2.5224, time 109.81ms, mfu 3.36%
iter 40: loss 2.4934, time 109.65ms, mfu 3.36%
iter 50: loss 2.4828, time 110.28ms, mfu 3.36%
iter 60: loss 2.4610, time 93.95ms, mfu 3.43%
iter 70: loss 2.4588, time 109.47ms, mfu 3.42%
iter 80: loss 2.4563, time 124.08ms, mfu 3.38%
iter 90: loss 2.5539, time 124.74ms, mfu 3.34%
iter 100: loss 2.5605, time 95.56ms, mfu 3.40%
iter 110: loss 2.4751, time 109.85ms, mfu 3.40%
iter 120: loss 2.4631, time 94.05ms, mfu 3.45%
iter 130: loss 2.4604, time 110.24ms, mfu 3.45%
iter 140: loss 2.4551, time 111.34ms, mfu 3.44%
iter 150: loss 2.4491, time 108.40ms, mfu 3.44%
iter 160: loss 2.4616, time 95.10ms, mfu 3.48%
iter 170: loss 2.4467, time 94.45ms, mfu 3.53%
iter 180: loss 2.4516, time 109.65ms, mfu 3.52%
iter 190: loss 2.4489, time 94.86ms, mfu 3.56%
iter 200: loss 2.4273, time 109.08ms, mfu 3.54%
iter 210: loss 2.4340, time 140.29ms, mfu 3.46%
iter 220: loss 2.4500, time 96.03ms, mfu 3.50%
iter 230: loss 2.4218, time 107.38ms, mfu 3.50%
iter 240: loss 2.4178, time 94.17ms, mfu 3.54%
step 250: train loss 2.3839, val loss 2.4218
iter 250: loss 2.4253, time 12556.04ms, mfu 3.19%
iter 260: loss 2.4010, time 109.55ms, mfu 3.21%
iter 270: loss 2.3335, time 109.67ms, mfu 3.23%
iter 280: loss 2.3237, time 124.57ms, mfu 3.21%
iter 290: loss 2.2938, time 109.51ms, mfu 3.23%
iter 300: loss 2.2502, time 94.30ms, mfu 3.30%
iter 310: loss 2.2387, time 108.49ms, mfu 3.31%
iter 320: loss 2.2005, time 108.91ms, mfu 3.32%
iter 330: loss 2.1795, time 123.33ms, mfu 3.29%
iter 340: loss 2.1938, time 139.50ms, mfu 3.23%
iter 350: loss 2.1348, time 108.22ms, mfu 3.25%
iter 360: loss 2.1362, time 108.04ms, mfu 3.27%
iter 370: loss 2.1454, time 125.44ms, mfu 3.24%
iter 380: loss 2.1304, time 110.38ms, mfu 3.25%
iter 390: loss 2.1507, time 108.49ms, mfu 3.27%
iter 400: loss 2.1401, time 109.54ms, mfu 3.29%
iter 410: loss 2.1154, time 93.96ms, mfu 3.35%
iter 420: loss 2.0737, time 108.53ms, mfu 3.36%
iter 430: loss 2.0883, time 109.19ms, mfu 3.37%
iter 440: loss 2.0928, time 108.75ms, mfu 3.37%
iter 450: loss 2.0757, time 110.04ms, mfu 3.37%
iter 460: loss 2.0583, time 107.14ms, mfu 3.38%
iter 470: loss 2.0820, time 108.70ms, mfu 3.39%
iter 480: loss 2.0622, time 94.72ms, mfu 3.44%
iter 490: loss 2.0406, time 109.36ms, mfu 3.44%
step 500: train loss 1.9573, val loss 2.0754
iter 500: loss 2.0288, time 12773.49ms, mfu 3.10%
iter 510: loss 2.0392, time 108.85ms, mfu 3.13%
iter 520: loss 2.0518, time 108.40ms, mfu 3.16%
iter 530: loss 2.0128, time 93.86ms, mfu 3.24%
iter 540: loss 1.9993, time 108.51ms, mfu 3.26%
iter 550: loss 1.9859, time 93.05ms, mfu 3.34%
iter 560: loss 1.9660, time 108.92ms, mfu 3.34%
iter 570: loss 1.9514, time 109.04ms, mfu 3.35%
iter 580: loss 1.9591, time 108.60ms, mfu 3.36%
iter 590: loss 1.9658, time 110.08ms, mfu 3.36%
iter 600: loss 1.9601, time 109.50ms, mfu 3.37%
iter 610: loss 1.9570, time 125.75ms, mfu 3.33%
iter 620: loss 1.9256, time 93.72ms, mfu 3.39%
iter 630: loss 1.9327, time 111.20ms, mfu 3.39%
iter 640: loss 1.9079, time 108.82ms, mfu 3.39%
iter 650: loss 1.9152, time 124.68ms, mfu 3.35%
iter 660: loss 1.9366, time 95.07ms, mfu 3.41%
iter 670: loss 1.9346, time 95.18ms, mfu 3.46%
iter 680: loss 1.9509, time 93.79ms, mfu 3.51%
iter 690: loss 1.9358, time 108.55ms, mfu 3.50%
iter 700: loss 1.8804, time 94.79ms, mfu 3.54%
iter 710: loss 1.8691, time 109.13ms, mfu 3.53%
iter 720: loss 1.8727, time 94.16ms, mfu 3.57%
iter 730: loss 1.8836, time 108.55ms, mfu 3.56%
iter 740: loss 1.8805, time 107.97ms, mfu 3.55%
step 750: train loss 1.7488, val loss 1.9275
iter 750: loss 1.8675, time 12866.59ms, mfu 3.20%
iter 760: loss 1.8704, time 93.11ms, mfu 3.28%
iter 770: loss 1.8717, time 109.69ms, mfu 3.29%
iter 780: loss 1.8268, time 92.84ms, mfu 3.36%
iter 790: loss 1.8369, time 93.72ms, mfu 3.42%
iter 800: loss 1.8545, time 108.99ms, mfu 3.42%
iter 810: loss 1.8093, time 93.94ms, mfu 3.48%
iter 820: loss 1.8134, time 95.24ms, mfu 3.52%
iter 830: loss 1.7876, time 93.59ms, mfu 3.57%
iter 840: loss 1.8295, time 93.61ms, mfu 3.61%
iter 850: loss 1.7914, time 95.35ms, mfu 3.64%
iter 860: loss 1.8013, time 108.56ms, mfu 3.62%
iter 870: loss 1.8018, time 109.60ms, mfu 3.60%
iter 880: loss 1.7679, time 110.72ms, mfu 3.57%
iter 890: loss 1.7851, time 109.10ms, mfu 3.56%
iter 900: loss 1.7477, time 123.38ms, mfu 3.50%
iter 910: loss 1.7671, time 93.46ms, mfu 3.55%
iter 920: loss 1.7963, time 109.86ms, mfu 3.54%
iter 930: loss 1.7665, time 108.79ms, mfu 3.52%
iter 940: loss 1.8089, time 108.82ms, mfu 3.51%
iter 950: loss 1.8253, time 108.68ms, mfu 3.51%
iter 960: loss 1.8269, time 78.75ms, mfu 3.63%
iter 970: loss 1.8096, time 124.22ms, mfu 3.57%
iter 980: loss 1.7880, time 109.16ms, mfu 3.55%
iter 990: loss 1.7799, time 93.68ms, mfu 3.59%
step 1000: train loss 1.6660, val loss 1.8511
iter 1000: loss 1.7894, time 13216.71ms, mfu 3.24%
iter 1010: loss 1.8136, time 93.43ms, mfu 3.31%
iter 1020: loss 1.7653, time 106.95ms, mfu 3.33%
iter 1030: loss 1.7968, time 93.81ms, mfu 3.39%
iter 1040: loss 1.7797, time 94.32ms, mfu 3.45%
iter 1050: loss 1.7946, time 108.53ms, mfu 3.45%
iter 1060: loss 1.7754, time 108.36ms, mfu 3.45%
iter 1070: loss 1.7703, time 108.40ms, mfu 3.45%
iter 1080: loss 1.7436, time 109.92ms, mfu 3.44%
iter 1090: loss 1.7653, time 94.29ms, mfu 3.49%
iter 1100: loss 1.7762, time 93.50ms, mfu 3.54%
iter 1110: loss 1.7595, time 123.76ms, mfu 3.49%
iter 1120: loss 1.7569, time 94.07ms, mfu 3.54%
iter 1130: loss 1.7721, time 93.57ms, mfu 3.58%
iter 1140: loss 1.7516, time 108.84ms, mfu 3.56%
iter 1150: loss 1.8158, time 93.22ms, mfu 3.61%
iter 1160: loss 1.7963, time 110.59ms, mfu 3.58%
iter 1170: loss 1.8063, time 109.91ms, mfu 3.56%
iter 1180: loss 1.7877, time 108.51ms, mfu 3.55%
iter 1190: loss 1.7874, time 109.90ms, mfu 3.54%
iter 1200: loss 1.7496, time 123.27ms, mfu 3.48%
iter 1210: loss 1.7628, time 94.13ms, mfu 3.53%
iter 1220: loss 1.7581, time 109.26ms, mfu 3.52%
iter 1230: loss 1.7863, time 109.49ms, mfu 3.51%
iter 1240: loss 1.7694, time 109.03ms, mfu 3.50%
step 1250: train loss 1.6252, val loss 1.8225
iter 1250: loss 1.7633, time 13384.38ms, mfu 3.15%
iter 1260: loss 1.7653, time 94.23ms, mfu 3.23%
iter 1270: loss 1.7558, time 94.40ms, mfu 3.30%
iter 1280: loss 1.7591, time 92.67ms, mfu 3.38%
iter 1290: loss 1.7571, time 108.34ms, mfu 3.38%
iter 1300: loss 1.7482, time 78.54ms, mfu 3.52%
iter 1310: loss 1.7867, time 94.37ms, mfu 3.56%
iter 1320: loss 1.7702, time 108.96ms, mfu 3.55%
iter 1330: loss 1.7681, time 109.70ms, mfu 3.53%
iter 1340: loss 1.7497, time 109.95ms, mfu 3.52%
iter 1350: loss 1.7724, time 109.14ms, mfu 3.51%
iter 1360: loss 1.7730, time 94.64ms, mfu 3.55%
iter 1370: loss 1.7569, time 122.98ms, mfu 3.50%
iter 1380: loss 1.7629, time 93.90ms, mfu 3.55%
iter 1390: loss 1.7663, time 94.38ms, mfu 3.59%
iter 1400: loss 1.7260, time 93.99ms, mfu 3.62%
iter 1410: loss 1.7541, time 109.23ms, mfu 3.60%
iter 1420: loss 1.7182, time 93.50ms, mfu 3.64%
iter 1430: loss 1.6973, time 109.76ms, mfu 3.62%
iter 1440: loss 1.7240, time 109.39ms, mfu 3.59%
iter 1450: loss 1.7544, time 108.40ms, mfu 3.58%
iter 1460: loss 1.7232, time 108.59ms, mfu 3.56%
iter 1470: loss 1.7120, time 123.57ms, mfu 3.51%
iter 1480: loss 1.7728, time 107.91ms, mfu 3.50%
iter 1490: loss 1.7190, time 109.24ms, mfu 3.49%
step 1500: train loss 1.6067, val loss 1.8120
iter 1500: loss 1.7232, time 13460.05ms, mfu 3.15%
iter 1510: loss 1.7236, time 124.88ms, mfu 3.13%
iter 1520: loss 1.7316, time 109.91ms, mfu 3.16%
iter 1530: loss 1.7586, time 110.46ms, mfu 3.18%
iter 1540: loss 1.7496, time 95.54ms, mfu 3.25%
iter 1550: loss 1.7292, time 94.38ms, mfu 3.32%
iter 1560: loss 1.7242, time 108.94ms, mfu 3.33%
iter 1570: loss 1.7206, time 93.89ms, mfu 3.39%
iter 1580: loss 1.7224, time 109.15ms, mfu 3.40%
iter 1590: loss 1.7358, time 93.56ms, mfu 3.46%
iter 1600: loss 1.7224, time 93.78ms, mfu 3.51%
iter 1610: loss 1.7096, time 79.05ms, mfu 3.63%
iter 1620: loss 1.7493, time 108.74ms, mfu 3.61%
iter 1630: loss 1.7135, time 107.31ms, mfu 3.59%
iter 1640: loss 1.7439, time 123.83ms, mfu 3.54%
iter 1650: loss 1.7056, time 93.38ms, mfu 3.58%
iter 1660: loss 1.7225, time 94.45ms, mfu 3.62%
iter 1670: loss 1.7284, time 77.86ms, mfu 3.73%
iter 1680: loss 1.7142, time 107.86ms, mfu 3.71%
iter 1690: loss 1.7326, time 109.75ms, mfu 3.68%
iter 1700: loss 1.7064, time 94.34ms, mfu 3.70%
iter 1710: loss 1.7172, time 93.78ms, mfu 3.73%
iter 1720: loss 1.7020, time 111.15ms, mfu 3.69%
iter 1730: loss 1.7176, time 94.69ms, mfu 3.72%
iter 1740: loss 1.7194, time 123.84ms, mfu 3.65%
step 1750: train loss 1.5970, val loss 1.7902
iter 1750: loss 1.7358, time 13143.38ms, mfu 3.28%
iter 1760: loss 1.7266, time 94.60ms, mfu 3.35%
iter 1770: loss 1.7205, time 94.30ms, mfu 3.41%
iter 1780: loss 1.7259, time 109.46ms, mfu 3.41%
iter 1790: loss 1.7574, time 108.14ms, mfu 3.41%
iter 1800: loss 1.7156, time 107.59ms, mfu 3.42%
iter 1810: loss 1.7393, time 108.36ms, mfu 3.42%
iter 1820: loss 1.6925, time 94.32ms, mfu 3.47%
iter 1830: loss 1.7076, time 94.99ms, mfu 3.52%
iter 1840: loss 1.6690, time 94.13ms, mfu 3.56%
iter 1850: loss 1.7177, time 92.96ms, mfu 3.61%
iter 1860: loss 1.7063, time 108.95ms, mfu 3.59%
iter 1870: loss 1.7250, time 94.40ms, mfu 3.62%
iter 1880: loss 1.6773, time 92.93ms, mfu 3.66%
iter 1890: loss 1.7200, time 93.37ms, mfu 3.70%
iter 1900: loss 1.7291, time 92.15ms, mfu 3.73%
iter 1910: loss 1.7280, time 78.25ms, mfu 3.83%
iter 1920: loss 1.7159, time 109.00ms, mfu 3.79%
iter 1930: loss 1.7369, time 93.69ms, mfu 3.81%
iter 1940: loss 1.7082, time 110.43ms, mfu 3.77%
iter 1950: loss 1.7379, time 109.48ms, mfu 3.73%
iter 1960: loss 1.7297, time 108.10ms, mfu 3.70%
iter 1970: loss 1.7188, time 109.94ms, mfu 3.67%
iter 1980: loss 1.7457, time 94.65ms, mfu 3.70%
iter 1990: loss 1.6986, time 109.01ms, mfu 3.67%
step 2000: train loss 1.5911, val loss 1.7913
iter 2000: loss 1.7630, time 13440.87ms, mfu 3.31%
iter 2010: loss 1.7527, time 124.32ms, mfu 3.27%
iter 2020: loss 1.7356, time 108.94ms, mfu 3.29%
iter 2030: loss 1.7085, time 108.97ms, mfu 3.30%
iter 2040: loss 1.7073, time 125.06ms, mfu 3.27%
iter 2050: loss 1.6866, time 80.62ms, mfu 3.41%
iter 2060: loss 1.7129, time 109.40ms, mfu 3.41%
iter 2070: loss 1.7188, time 109.43ms, mfu 3.41%
iter 2080: loss 1.7098, time 108.37ms, mfu 3.41%
iter 2090: loss 1.6932, time 108.54ms, mfu 3.41%
iter 2100: loss 1.7288, time 94.20ms, mfu 3.47%
iter 2110: loss 1.6829, time 109.00ms, mfu 3.46%
iter 2120: loss 1.6565, time 109.64ms, mfu 3.45%
iter 2130: loss 1.7064, time 93.43ms, mfu 3.51%
iter 2140: loss 1.7173, time 79.42ms, mfu 3.63%
iter 2150: loss 1.6825, time 108.97ms, mfu 3.61%
iter 2160: loss 1.6973, time 93.37ms, mfu 3.64%
iter 2170: loss 1.6894, time 94.15ms, mfu 3.68%
iter 2180: loss 1.7154, time 78.49ms, mfu 3.78%
iter 2190: loss 1.7149, time 108.63ms, mfu 3.75%
iter 2200: loss 1.7330, time 108.18ms, mfu 3.72%
iter 2210: loss 1.6851, time 110.12ms, mfu 3.68%
iter 2220: loss 1.6903, time 123.54ms, mfu 3.62%
iter 2230: loss 1.6971, time 109.36ms, mfu 3.60%
iter 2240: loss 1.7312, time 108.59ms, mfu 3.58%
step 2250: train loss 1.5722, val loss 1.7823
iter 2250: loss 1.6404, time 13459.43ms, mfu 3.22%
iter 2260: loss 1.7112, time 124.59ms, mfu 3.20%
iter 2270: loss 1.7202, time 109.45ms, mfu 3.22%
iter 2280: loss 1.7076, time 93.94ms, mfu 3.30%
iter 2290: loss 1.7364, time 109.72ms, mfu 3.31%
iter 2300: loss 1.7240, time 94.68ms, mfu 3.37%
iter 2310: loss 1.7228, time 94.41ms, mfu 3.43%
iter 2320: loss 1.7120, time 94.76ms, mfu 3.48%
iter 2330: loss 1.7334, time 108.27ms, mfu 3.47%
iter 2340: loss 1.6972, time 110.84ms, mfu 3.46%
iter 2350: loss 1.6717, time 92.21ms, mfu 3.52%
iter 2360: loss 1.6842, time 109.22ms, mfu 3.51%
iter 2370: loss 1.7714, time 78.05ms, mfu 3.64%
iter 2380: loss 1.7106, time 94.37ms, mfu 3.67%
iter 2390: loss 1.7172, time 93.35ms, mfu 3.70%
iter 2400: loss 1.6871, time 108.21ms, mfu 3.67%
iter 2410: loss 1.6911, time 93.16ms, mfu 3.71%
iter 2420: loss 1.7331, time 94.70ms, mfu 3.73%
iter 2430: loss 1.7260, time 107.41ms, mfu 3.70%
iter 2440: loss 1.7300, time 108.22ms, mfu 3.68%
iter 2450: loss 1.7024, time 109.41ms, mfu 3.65%
iter 2460: loss 1.7097, time 108.44ms, mfu 3.63%
iter 2470: loss 1.6978, time 95.24ms, mfu 3.66%
iter 2480: loss 1.7261, time 93.01ms, mfu 3.69%
iter 2490: loss 1.7248, time 109.75ms, mfu 3.66%
step 2500: train loss 1.5716, val loss 1.7784
iter 2500: loss 1.7176, time 13278.09ms, mfu 3.30%
iter 2510: loss 1.7223, time 94.27ms, mfu 3.36%
iter 2520: loss 1.7392, time 93.63ms, mfu 3.43%
iter 2530: loss 1.7227, time 108.80ms, mfu 3.43%
iter 2540: loss 1.7158, time 95.55ms, mfu 3.47%
iter 2550: loss 1.7275, time 108.60ms, mfu 3.47%
iter 2560: loss 1.7198, time 109.26ms, mfu 3.46%
iter 2570: loss 1.7241, time 109.88ms, mfu 3.46%
iter 2580: loss 1.7043, time 108.12ms, mfu 3.46%
iter 2590: loss 1.6843, time 108.78ms, mfu 3.45%
iter 2600: loss 1.6963, time 108.19ms, mfu 3.45%
iter 2610: loss 1.7215, time 109.03ms, mfu 3.45%
iter 2620: loss 1.6772, time 110.18ms, mfu 3.44%
iter 2630: loss 1.7143, time 94.01ms, mfu 3.49%
iter 2640: loss 1.6922, time 109.70ms, mfu 3.48%
iter 2650: loss 1.6972, time 93.14ms, mfu 3.54%
iter 2660: loss 1.7383, time 108.39ms, mfu 3.53%
iter 2670: loss 1.7105, time 108.55ms, mfu 3.52%
iter 2680: loss 1.6834, time 108.82ms, mfu 3.51%
iter 2690: loss 1.6661, time 93.23ms, mfu 3.56%
iter 2700: loss 1.6907, time 109.96ms, mfu 3.54%
iter 2710: loss 1.6843, time 93.86ms, mfu 3.58%
iter 2720: loss 1.6634, time 109.44ms, mfu 3.56%
iter 2730: loss 1.7220, time 92.98ms, mfu 3.61%
iter 2740: loss 1.6894, time 108.27ms, mfu 3.59%
step 2750: train loss 1.5643, val loss 1.7731
iter 2750: loss 1.6551, time 13182.05ms, mfu 3.24%
iter 2760: loss 1.6942, time 108.85ms, mfu 3.25%
iter 2770: loss 1.6954, time 108.82ms, mfu 3.27%
iter 2780: loss 1.6822, time 108.52ms, mfu 3.29%
iter 2790: loss 1.6947, time 94.11ms, mfu 3.35%
iter 2800: loss 1.7107, time 95.14ms, mfu 3.41%
iter 2810: loss 1.6824, time 94.52ms, mfu 3.46%
iter 2820: loss 1.6843, time 107.87ms, mfu 3.46%
iter 2830: loss 1.6963, time 94.09ms, mfu 3.51%
iter 2840: loss 1.6746, time 110.07ms, mfu 3.50%
iter 2850: loss 1.6761, time 108.05ms, mfu 3.50%
iter 2860: loss 1.6789, time 122.81ms, mfu 3.45%
iter 2870: loss 1.6786, time 109.99ms, mfu 3.44%
iter 2880: loss 1.7020, time 108.55ms, mfu 3.44%
iter 2890: loss 1.6993, time 108.61ms, mfu 3.44%
iter 2900: loss 1.6781, time 109.34ms, mfu 3.44%
iter 2910: loss 1.6731, time 93.06ms, mfu 3.49%
iter 2920: loss 1.7066, time 109.71ms, mfu 3.48%
iter 2930: loss 1.6891, time 109.08ms, mfu 3.48%
iter 2940: loss 1.6721, time 107.95ms, mfu 3.47%
iter 2950: loss 1.6678, time 93.18ms, mfu 3.53%
iter 2960: loss 1.6974, time 94.04ms, mfu 3.57%
iter 2970: loss 1.6869, time 123.57ms, mfu 3.52%
iter 2980: loss 1.6968, time 124.10ms, mfu 3.46%
iter 2990: loss 1.7141, time 78.53ms, mfu 3.59%
step 3000: train loss 1.5563, val loss 1.7756
iter 3000: loss 1.6604, time 12924.28ms, mfu 3.24%
iter 3010: loss 1.6753, time 108.22ms, mfu 3.26%
iter 3020: loss 1.6896, time 107.68ms, mfu 3.28%
iter 3030: loss 1.6744, time 93.12ms, mfu 3.35%
iter 3040: loss 1.6948, time 94.28ms, mfu 3.41%
iter 3050: loss 1.6776, time 95.44ms, mfu 3.46%
iter 3060: loss 1.6749, time 108.19ms, mfu 3.46%
iter 3070: loss 1.6793, time 93.17ms, mfu 3.51%
iter 3080: loss 1.6643, time 108.23ms, mfu 3.50%
iter 3090: loss 1.6780, time 110.31ms, mfu 3.49%
iter 3100: loss 1.6631, time 108.64ms, mfu 3.49%
iter 3110: loss 1.6499, time 109.55ms, mfu 3.48%
iter 3120: loss 1.7174, time 93.21ms, mfu 3.53%
iter 3130: loss 1.6775, time 109.36ms, mfu 3.52%
iter 3140: loss 1.6955, time 109.77ms, mfu 3.51%
iter 3150: loss 1.6833, time 94.26ms, mfu 3.55%
iter 3160: loss 1.7043, time 125.06ms, mfu 3.49%
iter 3170: loss 1.6987, time 80.22ms, mfu 3.61%
iter 3180: loss 1.6337, time 109.44ms, mfu 3.59%
iter 3190: loss 1.6688, time 109.14ms, mfu 3.57%
iter 3200: loss 1.6941, time 94.44ms, mfu 3.61%
iter 3210: loss 1.6501, time 94.34ms, mfu 3.64%
iter 3220: loss 1.6989, time 93.08ms, mfu 3.68%
iter 3230: loss 1.6521, time 93.53ms, mfu 3.71%
iter 3240: loss 1.6517, time 109.75ms, mfu 3.68%
step 3250: train loss 1.5420, val loss 1.7681
iter 3250: loss 1.6637, time 12784.60ms, mfu 3.31%
iter 3260: loss 1.6475, time 108.04ms, mfu 3.33%
iter 3270: loss 1.6935, time 79.17ms, mfu 3.46%
iter 3280: loss 1.6415, time 94.94ms, mfu 3.51%
iter 3290: loss 1.6917, time 93.83ms, mfu 3.56%
iter 3300: loss 1.6341, time 124.60ms, mfu 3.50%
iter 3310: loss 1.6942, time 109.11ms, mfu 3.49%
iter 3320: loss 1.6541, time 92.79ms, mfu 3.54%
iter 3330: loss 1.6830, time 94.69ms, mfu 3.58%
iter 3340: loss 1.6702, time 109.78ms, mfu 3.56%
iter 3350: loss 1.6494, time 108.81ms, mfu 3.55%
iter 3360: loss 1.6749, time 109.45ms, mfu 3.54%
iter 3370: loss 1.6854, time 93.24ms, mfu 3.58%
iter 3380: loss 1.6856, time 94.12ms, mfu 3.62%
iter 3390: loss 1.6361, time 94.10ms, mfu 3.65%
iter 3400: loss 1.6417, time 108.47ms, mfu 3.63%
iter 3410: loss 1.6254, time 109.95ms, mfu 3.61%
iter 3420: loss 1.6469, time 108.12ms, mfu 3.59%
iter 3430: loss 1.6700, time 93.60ms, mfu 3.63%
iter 3440: loss 1.6259, time 108.45ms, mfu 3.61%
iter 3450: loss 1.6924, time 110.93ms, mfu 3.59%
iter 3460: loss 1.6744, time 93.56ms, mfu 3.63%
iter 3470: loss 1.6446, time 109.01ms, mfu 3.60%
iter 3480: loss 1.6473, time 93.25ms, mfu 3.64%
iter 3490: loss 1.6345, time 93.46ms, mfu 3.68%
step 3500: train loss 1.5309, val loss 1.7589
iter 3500: loss 1.6787, time 12492.37ms, mfu 3.31%
iter 3510: loss 1.6323, time 109.25ms, mfu 3.32%
iter 3520: loss 1.6648, time 108.95ms, mfu 3.33%
iter 3530: loss 1.6515, time 94.28ms, mfu 3.39%
iter 3540: loss 1.6419, time 109.81ms, mfu 3.39%
iter 3550: loss 1.6469, time 79.64ms, mfu 3.52%
iter 3560: loss 1.6250, time 93.60ms, mfu 3.57%
iter 3570: loss 1.6702, time 108.31ms, mfu 3.56%
iter 3580: loss 1.6694, time 109.19ms, mfu 3.54%
iter 3590: loss 1.6050, time 94.01ms, mfu 3.58%
iter 3600: loss 1.6433, time 94.48ms, mfu 3.62%
iter 3610: loss 1.6822, time 108.65ms, mfu 3.60%
iter 3620: loss 1.6515, time 124.00ms, mfu 3.54%
iter 3630: loss 1.6533, time 93.22ms, mfu 3.59%
iter 3640: loss 1.6503, time 122.90ms, mfu 3.53%
iter 3650: loss 1.6638, time 125.00ms, mfu 3.48%
iter 3660: loss 1.6301, time 109.76ms, mfu 3.47%
iter 3670: loss 1.6614, time 124.25ms, mfu 3.42%
iter 3680: loss 1.6702, time 108.41ms, mfu 3.42%
iter 3690: loss 1.6460, time 93.81ms, mfu 3.48%
iter 3700: loss 1.6534, time 108.65ms, mfu 3.47%
iter 3710: loss 1.6683, time 109.69ms, mfu 3.47%
iter 3720: loss 1.6359, time 108.46ms, mfu 3.46%
iter 3730: loss 1.6288, time 94.44ms, mfu 3.51%
iter 3740: loss 1.6152, time 108.84ms, mfu 3.50%
step 3750: train loss 1.5213, val loss 1.7620
iter 3750: loss 1.6520, time 12279.54ms, mfu 3.15%
iter 3760: loss 1.6516, time 78.12ms, mfu 3.32%
iter 3770: loss 1.6566, time 108.90ms, mfu 3.33%
iter 3780: loss 1.6158, time 110.31ms, mfu 3.33%
iter 3790: loss 1.6246, time 108.86ms, mfu 3.34%
iter 3800: loss 1.6570, time 94.58ms, mfu 3.40%
iter 3810: loss 1.6503, time 93.96ms, mfu 3.46%
iter 3820: loss 1.6686, time 109.75ms, mfu 3.45%
iter 3830: loss 1.6307, time 109.72ms, mfu 3.45%
iter 3840: loss 1.6422, time 110.11ms, mfu 3.44%
iter 3850: loss 1.6309, time 93.87ms, mfu 3.49%
iter 3860: loss 1.6387, time 92.75ms, mfu 3.54%
iter 3870: loss 1.6059, time 124.63ms, mfu 3.49%
iter 3880: loss 1.6605, time 108.50ms, mfu 3.48%
iter 3890: loss 1.6525, time 125.47ms, mfu 3.43%
iter 3900: loss 1.6536, time 125.06ms, mfu 3.39%
iter 3910: loss 1.6470, time 109.10ms, mfu 3.39%
iter 3920: loss 1.6369, time 109.34ms, mfu 3.39%
iter 3930: loss 1.6397, time 110.38ms, mfu 3.39%
iter 3940: loss 1.6328, time 108.82ms, mfu 3.39%
iter 3950: loss 1.6033, time 94.11ms, mfu 3.45%
iter 3960: loss 1.6565, time 109.17ms, mfu 3.45%
iter 3970: loss 1.6299, time 110.09ms, mfu 3.44%
iter 3980: loss 1.6524, time 94.13ms, mfu 3.49%
iter 3990: loss 1.6739, time 107.61ms, mfu 3.49%
step 4000: train loss 1.5146, val loss 1.7480
iter 4000: loss 1.6559, time 12424.81ms, mfu 3.14%
iter 4010: loss 1.6293, time 94.59ms, mfu 3.22%
iter 4020: loss 1.6066, time 123.84ms, mfu 3.20%
iter 4030: loss 1.6539, time 94.74ms, mfu 3.27%
iter 4040: loss 1.6351, time 108.37ms, mfu 3.29%
iter 4050: loss 1.6636, time 93.73ms, mfu 3.36%
iter 4060: loss 1.6635, time 107.44ms, mfu 3.37%
iter 4070: loss 1.6180, time 109.09ms, mfu 3.37%
iter 4080: loss 1.6306, time 110.35ms, mfu 3.38%
iter 4090: loss 1.5849, time 108.45ms, mfu 3.38%
iter 4100: loss 1.6035, time 107.75ms, mfu 3.39%
iter 4110: loss 1.6401, time 109.19ms, mfu 3.39%
iter 4120: loss 1.6195, time 109.42ms, mfu 3.39%
iter 4130: loss 1.6277, time 124.53ms, mfu 3.35%
iter 4140: loss 1.6525, time 108.84ms, mfu 3.36%
iter 4150: loss 1.6114, time 108.89ms, mfu 3.37%
iter 4160: loss 1.6501, time 110.76ms, mfu 3.37%
iter 4170: loss 1.6234, time 110.09ms, mfu 3.37%
iter 4180: loss 1.5992, time 108.34ms, mfu 3.37%
iter 4190: loss 1.6371, time 94.64ms, mfu 3.43%
iter 4200: loss 1.5865, time 108.57ms, mfu 3.43%
iter 4210: loss 1.6101, time 92.69ms, mfu 3.49%
iter 4220: loss 1.6257, time 94.41ms, mfu 3.54%
iter 4230: loss 1.6486, time 110.36ms, mfu 3.52%
iter 4240: loss 1.6147, time 94.23ms, mfu 3.56%
step 4250: train loss 1.5079, val loss 1.7421
iter 4250: loss 1.6242, time 12684.39ms, mfu 3.21%
iter 4260: loss 1.6601, time 94.99ms, mfu 3.28%
iter 4270: loss 1.6214, time 107.73ms, mfu 3.30%
iter 4280: loss 1.6297, time 94.32ms, mfu 3.36%
iter 4290: loss 1.6735, time 93.96ms, mfu 3.42%
iter 4300: loss 1.6279, time 124.78ms, mfu 3.38%
iter 4310: loss 1.6279, time 108.38ms, mfu 3.39%
iter 4320: loss 1.6072, time 94.07ms, mfu 3.44%
iter 4330: loss 1.6432, time 110.01ms, mfu 3.44%
iter 4340: loss 1.6320, time 109.42ms, mfu 3.43%
iter 4350: loss 1.6194, time 110.20ms, mfu 3.43%
iter 4360: loss 1.6564, time 110.37ms, mfu 3.42%
iter 4370: loss 1.6329, time 124.23ms, mfu 3.38%
iter 4380: loss 1.5975, time 93.28ms, mfu 3.44%
iter 4390: loss 1.6275, time 109.19ms, mfu 3.44%
iter 4400: loss 1.5915, time 124.44ms, mfu 3.40%
iter 4410: loss 1.6200, time 109.65ms, mfu 3.40%
iter 4420: loss 1.6411, time 94.10ms, mfu 3.45%
iter 4430: loss 1.6274, time 108.10ms, mfu 3.45%
iter 4440: loss 1.6129, time 109.81ms, mfu 3.45%
iter 4450: loss 1.5977, time 108.37ms, mfu 3.45%
iter 4460: loss 1.6548, time 108.16ms, mfu 3.45%
iter 4470: loss 1.6324, time 93.42ms, mfu 3.50%
iter 4480: loss 1.5997, time 93.39ms, mfu 3.55%
iter 4490: loss 1.6382, time 95.10ms, mfu 3.59%
step 4500: train loss 1.4996, val loss 1.7415
iter 4500: loss 1.6425, time 12828.48ms, mfu 3.23%
iter 4510: loss 1.6397, time 94.09ms, mfu 3.30%
iter 4520: loss 1.6267, time 109.27ms, mfu 3.31%
iter 4530: loss 1.6268, time 93.25ms, mfu 3.38%
iter 4540: loss 1.6221, time 109.75ms, mfu 3.38%
iter 4550: loss 1.6304, time 93.24ms, mfu 3.44%
iter 4560: loss 1.6052, time 109.18ms, mfu 3.44%
iter 4570: loss 1.6281, time 109.34ms, mfu 3.44%
iter 4580: loss 1.6457, time 92.91ms, mfu 3.50%
iter 4590: loss 1.6416, time 122.96ms, mfu 3.45%
iter 4600: loss 1.5983, time 108.85ms, mfu 3.45%
iter 4610: loss 1.6026, time 123.41ms, mfu 3.40%
iter 4620: loss 1.5793, time 109.24ms, mfu 3.40%
iter 4630: loss 1.6200, time 94.70ms, mfu 3.46%
iter 4640: loss 1.6159, time 109.29ms, mfu 3.45%
iter 4650: loss 1.6425, time 109.62ms, mfu 3.45%
iter 4660: loss 1.6171, time 110.05ms, mfu 3.44%
iter 4670: loss 1.6222, time 123.98ms, mfu 3.40%
iter 4680: loss 1.6182, time 93.69ms, mfu 3.46%
iter 4690: loss 1.6227, time 108.44ms, mfu 3.45%
iter 4700: loss 1.6269, time 109.93ms, mfu 3.45%
iter 4710: loss 1.6181, time 93.74ms, mfu 3.50%
iter 4720: loss 1.6007, time 109.88ms, mfu 3.49%
iter 4730: loss 1.6230, time 108.62ms, mfu 3.48%
iter 4740: loss 1.6100, time 110.28ms, mfu 3.47%
step 4750: train loss 1.4949, val loss 1.7470
iter 4750: loss 1.5836, time 11471.08ms, mfu 3.13%
iter 4760: loss 1.6170, time 109.09ms, mfu 3.16%
iter 4770: loss 1.6187, time 93.67ms, mfu 3.24%
iter 4780: loss 1.6073, time 92.42ms, mfu 3.32%
iter 4790: loss 1.6087, time 93.85ms, mfu 3.38%
iter 4800: loss 1.6149, time 94.09ms, mfu 3.44%
iter 4810: loss 1.6079, time 93.83ms, mfu 3.49%
iter 4820: loss 1.6375, time 80.18ms, mfu 3.61%
iter 4830: loss 1.5955, time 94.03ms, mfu 3.65%
iter 4840: loss 1.6184, time 109.49ms, mfu 3.62%
iter 4850: loss 1.6020, time 78.74ms, mfu 3.73%
iter 4860: loss 1.6292, time 139.31ms, mfu 3.63%
iter 4870: loss 1.6195, time 94.51ms, mfu 3.66%
iter 4880: loss 1.6373, time 110.20ms, mfu 3.63%
iter 4890: loss 1.6299, time 94.18ms, mfu 3.66%
iter 4900: loss 1.6429, time 109.32ms, mfu 3.64%
iter 4910: loss 1.6107, time 94.19ms, mfu 3.67%
iter 4920: loss 1.5953, time 94.99ms, mfu 3.69%
iter 4930: loss 1.5701, time 78.11ms, mfu 3.80%
iter 4940: loss 1.6336, time 95.27ms, mfu 3.81%
iter 4950: loss 1.5765, time 109.58ms, mfu 3.77%
iter 4960: loss 1.5973, time 109.59ms, mfu 3.73%
iter 4970: loss 1.5922, time 124.96ms, mfu 3.66%
iter 4980: loss 1.6131, time 124.22ms, mfu 3.59%
iter 4990: loss 1.5948, time 109.18ms, mfu 3.58%
step 5000: train loss 1.4908, val loss 1.7384
iter 5000: loss 1.6238, time 13138.03ms, mfu 3.22%
