Overriding config with config/train_shakespeare_char.py:
# train a miniature character-level shakespeare model
# good for debugging and playing on macbooks and such

out_dir = 'out-shakespeare-char'
eval_interval = 250 # keep frequent because we'll overfit
eval_iters = 200
log_interval = 10 # don't print too too often

# we expect to overfit on this small dataset, so only save when val improves
always_save_checkpoint = False

wandb_log = False # override via command line if you like
wandb_project = 'shakespeare-char'
wandb_run_name = 'mini-gpt'

dataset = 'shakespeare_char'
gradient_accumulation_steps = 1
batch_size = 64
block_size = 256 # context of up to 256 previous characters

# baby GPT model :)
n_layer = 6
n_head = 6
n_embd = 384
dropout = 0.2

learning_rate = 1e-3 # with baby networks can afford to go a bit higher
max_iters = 5000
lr_decay_iters = 5000 # make equal to max_iters usually
min_lr = 1e-4 # learning_rate / 10 usually
beta2 = 0.99 # make a bit bigger because number of tokens per iter is small

warmup_iters = 100 # not super necessary potentially

# on macbook also add
# device = 'cpu'  # run on cpu only
# compile = False # do not torch compile the model

Overriding: compile = False
Overriding: out_dir = runs\rope_lr1e-3
Overriding: learning_rate = 0.001
Overriding: min_lr = 0.0001
Overriding: seed = 1337
Overriding: save_checkpoint = False
Overriding: pos_type = rope
tokens per iteration will be: 16,384
found vocab_size = 65 (inside data\shakespeare_char\meta.pkl)
Initializing a new model from scratch
number of parameters: 10.65M
C:\Users\86271\hw1work\nanoGPT\train.py:204: FutureWarning: `torch.cuda.amp.GradScaler(args...)` is deprecated. Please use `torch.amp.GradScaler('cuda', args...)` instead.
  scaler = torch.cuda.amp.GradScaler(enabled=(dtype == 'float16'))
num decayed parameter tensors: 25, with 10,641,792 parameters
num non-decayed parameter tensors: 13, with 4,992 parameters
using fused AdamW: True
step 0: train loss 4.1935, val loss 4.2004
iter 0: loss 4.2161, time 14901.77ms, mfu -100.00%
iter 10: loss 3.0466, time 110.56ms, mfu 3.37%
iter 20: loss 2.6916, time 125.19ms, mfu 3.33%
iter 30: loss 2.5550, time 121.45ms, mfu 3.30%
iter 40: loss 2.4968, time 109.28ms, mfu 3.32%
iter 50: loss 2.4072, time 108.44ms, mfu 3.33%
iter 60: loss 2.3205, time 94.66ms, mfu 3.39%
iter 70: loss 2.2834, time 125.60ms, mfu 3.35%
iter 80: loss 2.1845, time 124.50ms, mfu 3.31%
iter 90: loss 2.1295, time 109.43ms, mfu 3.32%
iter 100: loss 2.0656, time 123.86ms, mfu 3.29%
iter 110: loss 2.0283, time 124.56ms, mfu 3.26%
iter 120: loss 1.9935, time 109.11ms, mfu 3.27%
iter 130: loss 1.9138, time 110.31ms, mfu 3.29%
iter 140: loss 1.9335, time 95.59ms, mfu 3.35%
iter 150: loss 1.8827, time 95.06ms, mfu 3.40%
iter 160: loss 1.8280, time 107.05ms, mfu 3.41%
iter 170: loss 1.8070, time 93.66ms, mfu 3.47%
iter 180: loss 1.8038, time 108.22ms, mfu 3.47%
iter 190: loss 1.7828, time 93.36ms, mfu 3.52%
iter 200: loss 1.7385, time 93.62ms, mfu 3.56%
iter 210: loss 1.7121, time 108.22ms, mfu 3.55%
iter 220: loss 1.7362, time 107.79ms, mfu 3.54%
iter 230: loss 1.7022, time 92.06ms, mfu 3.59%
iter 240: loss 1.6753, time 107.63ms, mfu 3.58%
step 250: train loss 1.5784, val loss 1.7582
iter 250: loss 1.6432, time 14360.43ms, mfu 3.22%
iter 260: loss 1.6198, time 125.89ms, mfu 3.20%
iter 270: loss 1.6334, time 109.56ms, mfu 3.22%
iter 280: loss 1.6679, time 123.15ms, mfu 3.20%
iter 290: loss 1.6393, time 108.00ms, mfu 3.22%
iter 300: loss 1.6295, time 124.21ms, mfu 3.20%
iter 310: loss 1.5860, time 109.46ms, mfu 3.22%
iter 320: loss 1.5903, time 124.00ms, mfu 3.20%
iter 330: loss 1.5481, time 124.83ms, mfu 3.18%
iter 340: loss 1.5687, time 109.55ms, mfu 3.20%
iter 350: loss 1.5612, time 124.03ms, mfu 3.18%
iter 360: loss 1.5642, time 108.31ms, mfu 3.21%
iter 370: loss 1.5578, time 110.91ms, mfu 3.22%
iter 380: loss 1.5369, time 108.03ms, mfu 3.25%
iter 390: loss 1.5219, time 109.65ms, mfu 3.26%
iter 400: loss 1.4823, time 108.14ms, mfu 3.28%
iter 410: loss 1.5229, time 109.02ms, mfu 3.29%
iter 420: loss 1.4576, time 93.09ms, mfu 3.36%
iter 430: loss 1.4539, time 108.57ms, mfu 3.37%
iter 440: loss 1.4987, time 94.28ms, mfu 3.43%
iter 450: loss 1.4764, time 108.81ms, mfu 3.43%
iter 460: loss 1.4296, time 107.48ms, mfu 3.43%
iter 470: loss 1.4281, time 96.22ms, mfu 3.48%
iter 480: loss 1.4480, time 110.44ms, mfu 3.47%
iter 490: loss 1.4453, time 107.51ms, mfu 3.47%
step 500: train loss 1.3571, val loss 1.5850
iter 500: loss 1.4981, time 14279.13ms, mfu 3.12%
iter 510: loss 1.4491, time 107.98ms, mfu 3.15%
iter 520: loss 1.4283, time 108.12ms, mfu 3.18%
iter 530: loss 1.4316, time 124.48ms, mfu 3.17%
iter 540: loss 1.4196, time 108.70ms, mfu 3.19%
iter 550: loss 1.4272, time 108.88ms, mfu 3.21%
iter 560: loss 1.4016, time 140.34ms, mfu 3.16%
iter 570: loss 1.3991, time 125.14ms, mfu 3.14%
iter 580: loss 1.3863, time 108.27ms, mfu 3.17%
iter 590: loss 1.4272, time 125.65ms, mfu 3.15%
iter 600: loss 1.3875, time 123.85ms, mfu 3.14%
iter 610: loss 1.3542, time 108.97ms, mfu 3.16%
iter 620: loss 1.3826, time 109.50ms, mfu 3.19%
iter 630: loss 1.3863, time 94.95ms, mfu 3.26%
iter 640: loss 1.3777, time 109.85ms, mfu 3.27%
iter 650: loss 1.3777, time 109.15ms, mfu 3.29%
iter 660: loss 1.3286, time 92.97ms, mfu 3.36%
iter 670: loss 1.3513, time 108.74ms, mfu 3.37%
iter 680: loss 1.3199, time 93.92ms, mfu 3.43%
iter 690: loss 1.3387, time 109.13ms, mfu 3.43%
iter 700: loss 1.3083, time 94.08ms, mfu 3.48%
iter 710: loss 1.3195, time 94.39ms, mfu 3.53%
iter 720: loss 1.3339, time 107.51ms, mfu 3.52%
iter 730: loss 1.3478, time 94.43ms, mfu 3.56%
iter 740: loss 1.3240, time 92.74ms, mfu 3.61%
step 750: train loss 1.2601, val loss 1.5201
iter 750: loss 1.2925, time 14543.69ms, mfu 3.25%
iter 760: loss 1.3372, time 123.35ms, mfu 3.23%
iter 770: loss 1.3176, time 108.73ms, mfu 3.25%
iter 780: loss 1.2926, time 110.73ms, mfu 3.26%
iter 790: loss 1.3297, time 109.19ms, mfu 3.27%
iter 800: loss 1.2955, time 110.20ms, mfu 3.29%
iter 810: loss 1.2971, time 110.38ms, mfu 3.29%
iter 820: loss 1.3141, time 108.36ms, mfu 3.31%
iter 830: loss 1.2685, time 108.94ms, mfu 3.32%
iter 840: loss 1.2806, time 93.97ms, mfu 3.38%
iter 850: loss 1.3110, time 109.44ms, mfu 3.39%
iter 860: loss 1.2703, time 123.76ms, mfu 3.35%
iter 870: loss 1.2778, time 108.35ms, mfu 3.36%
iter 880: loss 1.2746, time 93.35ms, mfu 3.42%
iter 890: loss 1.2966, time 94.35ms, mfu 3.47%
iter 900: loss 1.2832, time 94.85ms, mfu 3.52%
iter 910: loss 1.2845, time 93.92ms, mfu 3.56%
iter 920: loss 1.2653, time 94.32ms, mfu 3.60%
iter 930: loss 1.2792, time 108.91ms, mfu 3.58%
iter 940: loss 1.2791, time 95.08ms, mfu 3.62%
iter 950: loss 1.2195, time 107.35ms, mfu 3.60%
iter 960: loss 1.2511, time 92.67ms, mfu 3.65%
iter 970: loss 1.2697, time 93.87ms, mfu 3.68%
iter 980: loss 1.2740, time 108.91ms, mfu 3.65%
iter 990: loss 1.2603, time 93.16ms, mfu 3.69%
step 1000: train loss 1.1857, val loss 1.4835
iter 1000: loss 1.2625, time 14545.58ms, mfu 3.32%
iter 1010: loss 1.2378, time 125.87ms, mfu 3.28%
iter 1020: loss 1.2526, time 139.54ms, mfu 3.22%
iter 1030: loss 1.2391, time 109.85ms, mfu 3.24%
iter 1040: loss 1.2145, time 123.13ms, mfu 3.22%
iter 1050: loss 1.2565, time 110.57ms, mfu 3.23%
iter 1060: loss 1.2463, time 125.41ms, mfu 3.21%
iter 1070: loss 1.2406, time 124.73ms, mfu 3.19%
iter 1080: loss 1.2664, time 108.52ms, mfu 3.21%
iter 1090: loss 1.2454, time 123.97ms, mfu 3.19%
iter 1100: loss 1.2255, time 95.37ms, mfu 3.26%
iter 1110: loss 1.2271, time 124.67ms, mfu 3.23%
iter 1120: loss 1.2405, time 110.57ms, mfu 3.25%
iter 1130: loss 1.2090, time 109.17ms, mfu 3.26%
iter 1140: loss 1.2343, time 123.15ms, mfu 3.24%
iter 1150: loss 1.2618, time 109.54ms, mfu 3.26%
iter 1160: loss 1.2214, time 108.90ms, mfu 3.27%
iter 1170: loss 1.2180, time 94.96ms, mfu 3.34%
iter 1180: loss 1.2160, time 107.62ms, mfu 3.35%
iter 1190: loss 1.2367, time 109.23ms, mfu 3.36%
iter 1200: loss 1.2300, time 107.59ms, mfu 3.37%
iter 1210: loss 1.1991, time 93.99ms, mfu 3.43%
iter 1220: loss 1.2117, time 94.27ms, mfu 3.48%
iter 1230: loss 1.1609, time 93.49ms, mfu 3.53%
iter 1240: loss 1.2003, time 124.19ms, mfu 3.48%
step 1250: train loss 1.1274, val loss 1.4825
iter 1250: loss 1.1946, time 12913.07ms, mfu 3.13%
iter 1260: loss 1.2158, time 122.95ms, mfu 3.12%
iter 1270: loss 1.1888, time 108.23ms, mfu 3.15%
iter 1280: loss 1.2199, time 94.37ms, mfu 3.23%
iter 1290: loss 1.2040, time 108.97ms, mfu 3.25%
iter 1300: loss 1.1737, time 111.31ms, mfu 3.26%
iter 1310: loss 1.2021, time 94.20ms, mfu 3.33%
iter 1320: loss 1.1924, time 141.47ms, mfu 3.26%
iter 1330: loss 1.1806, time 93.66ms, mfu 3.33%
iter 1340: loss 1.1899, time 124.22ms, mfu 3.30%
iter 1350: loss 1.1641, time 141.25ms, mfu 3.23%
iter 1360: loss 1.1855, time 109.92ms, mfu 3.25%
iter 1370: loss 1.1964, time 108.53ms, mfu 3.27%
iter 1380: loss 1.1520, time 108.64ms, mfu 3.28%
iter 1390: loss 1.1587, time 109.64ms, mfu 3.30%
iter 1400: loss 1.1766, time 108.87ms, mfu 3.31%
iter 1410: loss 1.1894, time 109.90ms, mfu 3.32%
iter 1420: loss 1.1838, time 94.17ms, mfu 3.38%
iter 1430: loss 1.1744, time 124.36ms, mfu 3.34%
iter 1440: loss 1.1778, time 95.58ms, mfu 3.40%
iter 1450: loss 1.1487, time 96.02ms, mfu 3.45%
iter 1460: loss 1.1403, time 108.55ms, mfu 3.44%
iter 1470: loss 1.1589, time 110.00ms, mfu 3.44%
iter 1480: loss 1.1629, time 141.65ms, mfu 3.36%
iter 1490: loss 1.1965, time 76.28ms, mfu 3.51%
step 1500: train loss 1.0784, val loss 1.4695
iter 1500: loss 1.1427, time 12874.59ms, mfu 3.16%
iter 1510: loss 1.1626, time 109.84ms, mfu 3.19%
iter 1520: loss 1.1578, time 108.83ms, mfu 3.21%
iter 1530: loss 1.1479, time 92.03ms, mfu 3.29%
iter 1540: loss 1.1702, time 123.93ms, mfu 3.26%
iter 1550: loss 1.1368, time 124.32ms, mfu 3.24%
iter 1560: loss 1.1586, time 108.28ms, mfu 3.26%
iter 1570: loss 1.1654, time 108.71ms, mfu 3.28%
iter 1580: loss 1.1225, time 110.17ms, mfu 3.29%
iter 1590: loss 1.1297, time 123.65ms, mfu 3.26%
iter 1600: loss 1.0891, time 124.10ms, mfu 3.23%
iter 1610: loss 1.1335, time 110.01ms, mfu 3.25%
iter 1620: loss 1.1237, time 108.87ms, mfu 3.27%
iter 1630: loss 1.1414, time 123.28ms, mfu 3.24%
iter 1640: loss 1.1518, time 124.07ms, mfu 3.22%
iter 1650: loss 1.1495, time 140.09ms, mfu 3.16%
iter 1660: loss 1.1272, time 109.19ms, mfu 3.19%
iter 1670: loss 1.1560, time 124.87ms, mfu 3.17%
iter 1680: loss 1.1343, time 109.17ms, mfu 3.19%
iter 1690: loss 1.1137, time 124.24ms, mfu 3.17%
iter 1700: loss 1.1193, time 110.66ms, mfu 3.19%
iter 1710: loss 1.1191, time 109.07ms, mfu 3.21%
iter 1720: loss 1.1251, time 108.67ms, mfu 3.24%
iter 1730: loss 1.0927, time 93.79ms, mfu 3.31%
iter 1740: loss 1.1093, time 110.16ms, mfu 3.32%
step 1750: train loss 1.0270, val loss 1.4766
iter 1750: loss 1.1195, time 13954.57ms, mfu 2.99%
iter 1760: loss 1.1341, time 108.79ms, mfu 3.03%
iter 1770: loss 1.1054, time 91.11ms, mfu 3.14%
iter 1780: loss 1.1151, time 108.69ms, mfu 3.17%
iter 1790: loss 1.1084, time 109.56ms, mfu 3.19%
iter 1800: loss 1.1103, time 93.96ms, mfu 3.27%
iter 1810: loss 1.1251, time 124.33ms, mfu 3.24%
iter 1820: loss 1.1302, time 110.42ms, mfu 3.25%
iter 1830: loss 1.0810, time 108.85ms, mfu 3.27%
iter 1840: loss 1.0827, time 108.07ms, mfu 3.29%
iter 1850: loss 1.1165, time 94.40ms, mfu 3.35%
iter 1860: loss 1.1280, time 108.45ms, mfu 3.36%
iter 1870: loss 1.0575, time 108.55ms, mfu 3.37%
iter 1880: loss 1.1252, time 124.83ms, mfu 3.33%
iter 1890: loss 1.0852, time 125.20ms, mfu 3.30%
iter 1900: loss 1.1055, time 108.36ms, mfu 3.31%
iter 1910: loss 1.1112, time 93.33ms, mfu 3.38%
iter 1920: loss 1.0968, time 109.38ms, mfu 3.38%
iter 1930: loss 1.0887, time 109.46ms, mfu 3.38%
iter 1940: loss 1.0800, time 109.18ms, mfu 3.39%
iter 1950: loss 1.1119, time 124.06ms, mfu 3.35%
iter 1960: loss 1.0688, time 95.45ms, mfu 3.40%
iter 1970: loss 1.0986, time 109.60ms, mfu 3.40%
iter 1980: loss 1.1128, time 124.86ms, mfu 3.36%
iter 1990: loss 1.0941, time 124.09ms, mfu 3.33%
step 2000: train loss 0.9776, val loss 1.4851
iter 2000: loss 1.1205, time 14159.37ms, mfu 3.00%
iter 2010: loss 1.0868, time 110.88ms, mfu 3.03%
iter 2020: loss 1.0761, time 93.91ms, mfu 3.13%
iter 2030: loss 1.0889, time 108.21ms, mfu 3.16%
iter 2040: loss 1.0522, time 125.27ms, mfu 3.14%
iter 2050: loss 1.0714, time 108.49ms, mfu 3.17%
iter 2060: loss 1.0801, time 92.88ms, mfu 3.25%
iter 2070: loss 1.0675, time 108.23ms, mfu 3.27%
iter 2080: loss 1.0721, time 108.35ms, mfu 3.29%
iter 2090: loss 1.0686, time 110.11ms, mfu 3.30%
iter 2100: loss 1.0866, time 109.34ms, mfu 3.31%
iter 2110: loss 1.0954, time 109.42ms, mfu 3.32%
iter 2120: loss 1.0630, time 110.41ms, mfu 3.32%
iter 2130: loss 1.0397, time 123.41ms, mfu 3.29%
iter 2140: loss 1.0499, time 109.05ms, mfu 3.31%
iter 2150: loss 1.0618, time 109.94ms, mfu 3.31%
iter 2160: loss 1.0360, time 93.87ms, mfu 3.38%
iter 2170: loss 1.0453, time 94.56ms, mfu 3.44%
iter 2180: loss 1.0374, time 93.58ms, mfu 3.49%
iter 2190: loss 1.0489, time 110.16ms, mfu 3.48%
iter 2200: loss 1.0369, time 110.31ms, mfu 3.47%
iter 2210: loss 1.0299, time 108.87ms, mfu 3.46%
iter 2220: loss 1.0347, time 93.99ms, mfu 3.51%
iter 2230: loss 1.0455, time 94.87ms, mfu 3.56%
iter 2240: loss 1.0254, time 110.84ms, mfu 3.54%
step 2250: train loss 0.9271, val loss 1.4952
iter 2250: loss 1.0231, time 13377.80ms, mfu 3.19%
iter 2260: loss 1.0177, time 108.36ms, mfu 3.21%
iter 2270: loss 1.0336, time 108.70ms, mfu 3.23%
iter 2280: loss 1.0358, time 109.14ms, mfu 3.25%
iter 2290: loss 1.0420, time 109.28ms, mfu 3.27%
iter 2300: loss 1.0361, time 94.20ms, mfu 3.34%
iter 2310: loss 1.0552, time 109.66ms, mfu 3.34%
iter 2320: loss 1.0216, time 108.04ms, mfu 3.35%
iter 2330: loss 1.0302, time 93.47ms, mfu 3.42%
iter 2340: loss 1.0169, time 109.55ms, mfu 3.41%
iter 2350: loss 1.0268, time 109.94ms, mfu 3.41%
iter 2360: loss 1.0277, time 109.68ms, mfu 3.41%
iter 2370: loss 1.0287, time 109.47ms, mfu 3.41%
iter 2380: loss 1.0263, time 109.91ms, mfu 3.41%
iter 2390: loss 1.0348, time 110.10ms, mfu 3.41%
iter 2400: loss 1.0242, time 110.10ms, mfu 3.40%
iter 2410: loss 1.0419, time 124.62ms, mfu 3.36%
iter 2420: loss 1.0066, time 109.02ms, mfu 3.37%
iter 2430: loss 0.9996, time 109.11ms, mfu 3.37%
iter 2440: loss 1.0000, time 124.19ms, mfu 3.34%
iter 2450: loss 0.9888, time 111.94ms, mfu 3.33%
iter 2460: loss 1.0190, time 124.12ms, mfu 3.30%
iter 2470: loss 1.0033, time 109.05ms, mfu 3.31%
iter 2480: loss 1.0043, time 93.10ms, mfu 3.38%
iter 2490: loss 0.9788, time 108.49ms, mfu 3.39%
step 2500: train loss 0.8787, val loss 1.5217
iter 2500: loss 0.9975, time 13664.27ms, mfu 3.05%
iter 2510: loss 1.0173, time 109.04ms, mfu 3.09%
iter 2520: loss 1.0204, time 94.00ms, mfu 3.18%
iter 2530: loss 1.0128, time 125.13ms, mfu 3.16%
iter 2540: loss 1.0127, time 109.11ms, mfu 3.18%
iter 2550: loss 1.0095, time 108.75ms, mfu 3.21%
iter 2560: loss 0.9829, time 123.66ms, mfu 3.19%
iter 2570: loss 1.0017, time 122.31ms, mfu 3.17%
iter 2580: loss 1.0109, time 124.94ms, mfu 3.15%
iter 2590: loss 1.0120, time 124.05ms, mfu 3.14%
iter 2600: loss 0.9965, time 125.01ms, mfu 3.12%
iter 2610: loss 1.0116, time 110.61ms, mfu 3.15%
iter 2620: loss 0.9891, time 124.06ms, mfu 3.13%
iter 2630: loss 0.9898, time 95.31ms, mfu 3.21%
iter 2640: loss 0.9967, time 108.25ms, mfu 3.23%
iter 2650: loss 0.9638, time 109.23ms, mfu 3.25%
iter 2660: loss 1.0160, time 109.57ms, mfu 3.27%
iter 2670: loss 1.0053, time 109.23ms, mfu 3.28%
iter 2680: loss 0.9799, time 124.85ms, mfu 3.25%
iter 2690: loss 0.9833, time 110.37ms, mfu 3.26%
iter 2700: loss 0.9612, time 93.89ms, mfu 3.33%
iter 2710: loss 0.9848, time 123.41ms, mfu 3.30%
iter 2720: loss 0.9706, time 124.69ms, mfu 3.27%
iter 2730: loss 0.9677, time 108.84ms, mfu 3.29%
iter 2740: loss 0.9859, time 125.69ms, mfu 3.25%
step 2750: train loss 0.8308, val loss 1.5315
iter 2750: loss 0.9907, time 13926.87ms, mfu 2.93%
iter 2760: loss 0.9505, time 124.33ms, mfu 2.94%
iter 2770: loss 0.9729, time 107.39ms, mfu 2.99%
iter 2780: loss 0.9234, time 108.79ms, mfu 3.03%
iter 2790: loss 0.9682, time 108.73ms, mfu 3.07%
iter 2800: loss 0.9559, time 94.34ms, mfu 3.16%
iter 2810: loss 0.9805, time 93.83ms, mfu 3.24%
iter 2820: loss 0.9618, time 110.11ms, mfu 3.26%
iter 2830: loss 0.9298, time 109.73ms, mfu 3.27%
iter 2840: loss 0.9580, time 109.65ms, mfu 3.28%
iter 2850: loss 0.9562, time 109.74ms, mfu 3.29%
iter 2860: loss 0.9460, time 109.86ms, mfu 3.30%
iter 2870: loss 0.9610, time 110.04ms, mfu 3.31%
iter 2880: loss 0.9430, time 108.31ms, mfu 3.33%
iter 2890: loss 0.9628, time 109.70ms, mfu 3.33%
iter 2900: loss 0.9551, time 125.17ms, mfu 3.30%
iter 2910: loss 0.9524, time 137.01ms, mfu 3.24%
iter 2920: loss 0.9649, time 125.17ms, mfu 3.21%
iter 2930: loss 0.9039, time 109.67ms, mfu 3.23%
iter 2940: loss 0.9499, time 123.32ms, mfu 3.21%
iter 2950: loss 0.9750, time 110.21ms, mfu 3.23%
iter 2960: loss 0.9238, time 96.06ms, mfu 3.29%
iter 2970: loss 0.9498, time 124.23ms, mfu 3.26%
iter 2980: loss 0.9529, time 109.00ms, mfu 3.28%
iter 2990: loss 0.9330, time 109.87ms, mfu 3.29%
step 3000: train loss 0.7826, val loss 1.5613
iter 3000: loss 0.9470, time 13851.15ms, mfu 2.96%
iter 3010: loss 0.9300, time 108.41ms, mfu 3.01%
iter 3020: loss 0.9427, time 94.40ms, mfu 3.10%
iter 3030: loss 0.9420, time 94.20ms, mfu 3.19%
iter 3040: loss 0.9388, time 108.50ms, mfu 3.21%
iter 3050: loss 0.9412, time 122.71ms, mfu 3.20%
iter 3060: loss 0.9181, time 94.85ms, mfu 3.27%
iter 3070: loss 0.9213, time 95.21ms, mfu 3.33%
iter 3080: loss 0.9094, time 124.46ms, mfu 3.30%
iter 3090: loss 0.9217, time 94.81ms, mfu 3.36%
iter 3100: loss 0.9199, time 110.93ms, mfu 3.36%
iter 3110: loss 0.8998, time 110.02ms, mfu 3.37%
iter 3120: loss 0.9368, time 94.78ms, mfu 3.42%
iter 3130: loss 0.9041, time 122.31ms, mfu 3.38%
iter 3140: loss 0.9116, time 145.69ms, mfu 3.30%
iter 3150: loss 0.9238, time 105.81ms, mfu 3.32%
iter 3160: loss 0.9069, time 127.76ms, mfu 3.28%
iter 3170: loss 0.9130, time 129.55ms, mfu 3.24%
iter 3180: loss 0.9203, time 124.42ms, mfu 3.22%
iter 3190: loss 0.9093, time 124.65ms, mfu 3.19%
iter 3200: loss 0.8884, time 140.57ms, mfu 3.14%
iter 3210: loss 0.9173, time 123.51ms, mfu 3.13%
iter 3220: loss 0.8973, time 140.28ms, mfu 3.08%
iter 3230: loss 0.9092, time 125.15ms, mfu 3.07%
iter 3240: loss 0.9021, time 108.79ms, mfu 3.11%
step 3250: train loss 0.7360, val loss 1.6010
iter 3250: loss 0.8948, time 14713.42ms, mfu 2.80%
iter 3260: loss 0.9014, time 108.92ms, mfu 2.86%
iter 3270: loss 0.8717, time 110.39ms, mfu 2.91%
iter 3280: loss 0.9050, time 107.53ms, mfu 2.97%
iter 3290: loss 0.8906, time 109.91ms, mfu 3.01%
iter 3300: loss 0.8962, time 140.37ms, mfu 2.97%
iter 3310: loss 0.8921, time 125.08ms, mfu 2.97%
iter 3320: loss 0.9013, time 96.10ms, mfu 3.06%
iter 3330: loss 0.8864, time 93.56ms, mfu 3.16%
iter 3340: loss 0.8788, time 109.70ms, mfu 3.18%
iter 3350: loss 0.8870, time 123.12ms, mfu 3.17%
iter 3360: loss 0.8678, time 124.61ms, mfu 3.15%
iter 3370: loss 0.8578, time 93.57ms, mfu 3.23%
iter 3380: loss 0.8733, time 122.57ms, mfu 3.21%
iter 3390: loss 0.8633, time 108.51ms, mfu 3.23%
iter 3400: loss 0.8767, time 108.98ms, mfu 3.25%
iter 3410: loss 0.8839, time 109.08ms, mfu 3.27%
iter 3420: loss 0.8844, time 110.80ms, mfu 3.28%
iter 3430: loss 0.9141, time 93.78ms, mfu 3.35%
iter 3440: loss 0.8608, time 108.96ms, mfu 3.36%
iter 3450: loss 0.8759, time 124.28ms, mfu 3.32%
iter 3460: loss 0.8582, time 94.39ms, mfu 3.38%
iter 3470: loss 0.8561, time 109.23ms, mfu 3.39%
iter 3480: loss 0.8648, time 110.19ms, mfu 3.38%
iter 3490: loss 0.8778, time 110.82ms, mfu 3.38%
step 3500: train loss 0.6945, val loss 1.6349
iter 3500: loss 0.8633, time 13844.49ms, mfu 3.05%
iter 3510: loss 0.9069, time 109.43ms, mfu 3.08%
iter 3520: loss 0.8689, time 94.92ms, mfu 3.17%
iter 3530: loss 0.8551, time 123.39ms, mfu 3.15%
iter 3540: loss 0.8788, time 93.52ms, mfu 3.24%
iter 3550: loss 0.8557, time 139.76ms, mfu 3.18%
iter 3560: loss 0.8857, time 109.17ms, mfu 3.20%
iter 3570: loss 0.8664, time 110.62ms, mfu 3.22%
iter 3580: loss 0.8688, time 122.56ms, mfu 3.20%
iter 3590: loss 0.8490, time 108.47ms, mfu 3.22%
iter 3600: loss 0.8429, time 124.14ms, mfu 3.20%
iter 3610: loss 0.8519, time 110.76ms, mfu 3.22%
iter 3620: loss 0.8506, time 95.06ms, mfu 3.29%
iter 3630: loss 0.8684, time 93.71ms, mfu 3.36%
iter 3640: loss 0.8503, time 93.00ms, mfu 3.42%
iter 3650: loss 0.8576, time 110.08ms, mfu 3.42%
iter 3660: loss 0.8608, time 108.49ms, mfu 3.42%
iter 3670: loss 0.8470, time 109.34ms, mfu 3.42%
iter 3680: loss 0.8507, time 124.21ms, mfu 3.38%
iter 3690: loss 0.8664, time 93.85ms, mfu 3.44%
iter 3700: loss 0.8598, time 94.21ms, mfu 3.49%
iter 3710: loss 0.8696, time 108.63ms, mfu 3.48%
iter 3720: loss 0.8453, time 109.48ms, mfu 3.47%
iter 3730: loss 0.8434, time 107.73ms, mfu 3.47%
iter 3740: loss 0.8425, time 108.66ms, mfu 3.47%
step 3750: train loss 0.6574, val loss 1.6496
iter 3750: loss 0.8422, time 13709.14ms, mfu 3.12%
iter 3760: loss 0.8353, time 108.54ms, mfu 3.16%
iter 3770: loss 0.8347, time 109.66ms, mfu 3.18%
iter 3780: loss 0.8318, time 108.53ms, mfu 3.20%
iter 3790: loss 0.8199, time 109.07ms, mfu 3.23%
iter 3800: loss 0.8392, time 92.83ms, mfu 3.30%
iter 3810: loss 0.8395, time 92.99ms, mfu 3.38%
iter 3820: loss 0.8218, time 111.18ms, mfu 3.37%
iter 3830: loss 0.8317, time 123.43ms, mfu 3.34%
iter 3840: loss 0.8352, time 124.32ms, mfu 3.30%
iter 3850: loss 0.8193, time 110.04ms, mfu 3.31%
iter 3860: loss 0.8202, time 108.66ms, mfu 3.32%
iter 3870: loss 0.8446, time 110.48ms, mfu 3.33%
iter 3880: loss 0.8408, time 124.43ms, mfu 3.29%
iter 3890: loss 0.8335, time 109.88ms, mfu 3.30%
iter 3900: loss 0.8350, time 108.72ms, mfu 3.32%
iter 3910: loss 0.8398, time 109.14ms, mfu 3.33%
iter 3920: loss 0.8123, time 95.78ms, mfu 3.38%
iter 3930: loss 0.8266, time 107.47ms, mfu 3.39%
iter 3940: loss 0.8036, time 108.70ms, mfu 3.40%
iter 3950: loss 0.8259, time 109.71ms, mfu 3.40%
iter 3960: loss 0.8260, time 124.69ms, mfu 3.35%
iter 3970: loss 0.8186, time 126.11ms, mfu 3.31%
iter 3980: loss 0.8296, time 109.44ms, mfu 3.32%
iter 3990: loss 0.8052, time 122.90ms, mfu 3.29%
step 4000: train loss 0.6231, val loss 1.6724
iter 4000: loss 0.8252, time 13331.94ms, mfu 2.97%
iter 4010: loss 0.8375, time 110.57ms, mfu 3.01%
iter 4020: loss 0.8254, time 138.40ms, mfu 2.98%
iter 4030: loss 0.8187, time 109.70ms, mfu 3.02%
iter 4040: loss 0.8201, time 124.06ms, mfu 3.02%
iter 4050: loss 0.7971, time 125.33ms, mfu 3.01%
iter 4060: loss 0.8123, time 110.04ms, mfu 3.05%
iter 4070: loss 0.8371, time 125.08ms, mfu 3.04%
iter 4080: loss 0.8091, time 93.58ms, mfu 3.14%
iter 4090: loss 0.8351, time 124.50ms, mfu 3.12%
iter 4100: loss 0.8123, time 125.73ms, mfu 3.11%
iter 4110: loss 0.8093, time 109.79ms, mfu 3.14%
iter 4120: loss 0.7883, time 123.29ms, mfu 3.12%
iter 4130: loss 0.7959, time 79.74ms, mfu 3.28%
iter 4140: loss 0.7922, time 95.61ms, mfu 3.34%
iter 4150: loss 0.8223, time 94.08ms, mfu 3.40%
iter 4160: loss 0.8140, time 124.09ms, mfu 3.36%
iter 4170: loss 0.7792, time 93.23ms, mfu 3.43%
iter 4180: loss 0.7981, time 110.75ms, mfu 3.42%
iter 4190: loss 0.8169, time 95.14ms, mfu 3.47%
iter 4200: loss 0.7978, time 94.56ms, mfu 3.52%
iter 4210: loss 0.8183, time 94.62ms, mfu 3.56%
iter 4220: loss 0.8164, time 108.07ms, mfu 3.55%
iter 4230: loss 0.8044, time 108.89ms, mfu 3.54%
iter 4240: loss 0.8126, time 96.35ms, mfu 3.57%
step 4250: train loss 0.5984, val loss 1.7000
iter 4250: loss 0.7937, time 13630.51ms, mfu 3.21%
iter 4260: loss 0.8095, time 109.42ms, mfu 3.23%
iter 4270: loss 0.8137, time 94.68ms, mfu 3.30%
iter 4280: loss 0.8181, time 125.42ms, mfu 3.27%
iter 4290: loss 0.7994, time 125.24ms, mfu 3.24%
iter 4300: loss 0.7974, time 109.09ms, mfu 3.26%
iter 4310: loss 0.7904, time 95.13ms, mfu 3.32%
iter 4320: loss 0.8041, time 94.00ms, mfu 3.39%
iter 4330: loss 0.7984, time 108.49ms, mfu 3.39%
iter 4340: loss 0.7907, time 124.03ms, mfu 3.35%
iter 4350: loss 0.7969, time 94.69ms, mfu 3.41%
iter 4360: loss 0.7876, time 124.32ms, mfu 3.37%
iter 4370: loss 0.7912, time 109.87ms, mfu 3.37%
iter 4380: loss 0.8131, time 125.92ms, mfu 3.33%
iter 4390: loss 0.7856, time 125.35ms, mfu 3.30%
iter 4400: loss 0.7788, time 109.06ms, mfu 3.31%
iter 4410: loss 0.8073, time 110.16ms, mfu 3.32%
iter 4420: loss 0.8034, time 109.60ms, mfu 3.32%
iter 4430: loss 0.7830, time 109.83ms, mfu 3.33%
iter 4440: loss 0.7971, time 124.01ms, mfu 3.30%
iter 4450: loss 0.8101, time 124.88ms, mfu 3.27%
iter 4460: loss 0.7883, time 109.38ms, mfu 3.28%
iter 4470: loss 0.7839, time 109.29ms, mfu 3.29%
iter 4480: loss 0.7872, time 109.16ms, mfu 3.31%
iter 4490: loss 0.7721, time 94.78ms, mfu 3.37%
step 4500: train loss 0.5733, val loss 1.7141
iter 4500: loss 0.8120, time 13972.77ms, mfu 3.03%
iter 4510: loss 0.7762, time 123.24ms, mfu 3.03%
iter 4520: loss 0.7755, time 124.59ms, mfu 3.03%
iter 4530: loss 0.7897, time 94.16ms, mfu 3.12%
iter 4540: loss 0.7833, time 108.61ms, mfu 3.15%
iter 4550: loss 0.7667, time 124.64ms, mfu 3.14%
iter 4560: loss 0.7805, time 110.46ms, mfu 3.16%
iter 4570: loss 0.8112, time 94.22ms, mfu 3.24%
iter 4580: loss 0.8048, time 123.00ms, mfu 3.22%
iter 4590: loss 0.7806, time 93.92ms, mfu 3.29%
iter 4600: loss 0.7772, time 93.47ms, mfu 3.36%
iter 4610: loss 0.7801, time 124.90ms, mfu 3.32%
iter 4620: loss 0.7744, time 123.23ms, mfu 3.29%
iter 4630: loss 0.7655, time 109.87ms, mfu 3.30%
iter 4640: loss 0.7728, time 124.53ms, mfu 3.27%
iter 4650: loss 0.7676, time 110.78ms, mfu 3.28%
iter 4660: loss 0.7887, time 109.50ms, mfu 3.29%
iter 4670: loss 0.7873, time 94.68ms, mfu 3.36%
iter 4680: loss 0.7656, time 108.04ms, mfu 3.37%
iter 4690: loss 0.7564, time 95.77ms, mfu 3.42%
iter 4700: loss 0.7862, time 109.20ms, mfu 3.42%
iter 4710: loss 0.7655, time 110.08ms, mfu 3.42%
iter 4720: loss 0.7798, time 123.98ms, mfu 3.37%
iter 4730: loss 0.7666, time 93.92ms, mfu 3.43%
iter 4740: loss 0.7560, time 95.67ms, mfu 3.48%
step 4750: train loss 0.5570, val loss 1.7245
iter 4750: loss 0.7830, time 14461.72ms, mfu 3.13%
iter 4760: loss 0.7693, time 109.97ms, mfu 3.16%
iter 4770: loss 0.7627, time 122.90ms, mfu 3.15%
iter 4780: loss 0.7846, time 108.57ms, mfu 3.18%
iter 4790: loss 0.7678, time 96.39ms, mfu 3.24%
iter 4800: loss 0.7837, time 124.10ms, mfu 3.22%
iter 4810: loss 0.7504, time 124.97ms, mfu 3.20%
iter 4820: loss 0.7675, time 139.23ms, mfu 3.14%
iter 4830: loss 0.7730, time 108.04ms, mfu 3.18%
iter 4840: loss 0.7574, time 111.00ms, mfu 3.19%
iter 4850: loss 0.7774, time 125.54ms, mfu 3.17%
iter 4860: loss 0.7615, time 124.97ms, mfu 3.15%
iter 4870: loss 0.7624, time 95.20ms, mfu 3.23%
iter 4880: loss 0.7582, time 108.92ms, mfu 3.25%
iter 4890: loss 0.7860, time 123.89ms, mfu 3.22%
iter 4900: loss 0.7766, time 109.16ms, mfu 3.24%
iter 4910: loss 0.7438, time 124.12ms, mfu 3.22%
iter 4920: loss 0.7549, time 110.72ms, mfu 3.23%
iter 4930: loss 0.7660, time 94.99ms, mfu 3.30%
iter 4940: loss 0.7684, time 110.65ms, mfu 3.31%
iter 4950: loss 0.7654, time 140.94ms, mfu 3.24%
iter 4960: loss 0.7584, time 125.05ms, mfu 3.22%
iter 4970: loss 0.7478, time 110.11ms, mfu 3.23%
iter 4980: loss 0.7634, time 108.82ms, mfu 3.25%
iter 4990: loss 0.7639, time 108.17ms, mfu 3.27%
step 5000: train loss 0.5433, val loss 1.7408
iter 5000: loss 0.7663, time 14031.61ms, mfu 2.95%
