Overriding config with config/train_shakespeare_char.py:
# train a miniature character-level shakespeare model
# good for debugging and playing on macbooks and such

out_dir = 'out-shakespeare-char'
eval_interval = 250 # keep frequent because we'll overfit
eval_iters = 200
log_interval = 10 # don't print too too often

# we expect to overfit on this small dataset, so only save when val improves
always_save_checkpoint = False

wandb_log = False # override via command line if you like
wandb_project = 'shakespeare-char'
wandb_run_name = 'mini-gpt'

dataset = 'shakespeare_char'
gradient_accumulation_steps = 1
batch_size = 64
block_size = 256 # context of up to 256 previous characters

# baby GPT model :)
n_layer = 6
n_head = 6
n_embd = 384
dropout = 0.2

learning_rate = 1e-3 # with baby networks can afford to go a bit higher
max_iters = 5000
lr_decay_iters = 5000 # make equal to max_iters usually
min_lr = 1e-4 # learning_rate / 10 usually
beta2 = 0.99 # make a bit bigger because number of tokens per iter is small

warmup_iters = 100 # not super necessary potentially

# on macbook also add
# device = 'cpu'  # run on cpu only
# compile = False # do not torch compile the model

Overriding: compile = False
Overriding: out_dir = runs\swiglu_lr3e-3_do0.3
Overriding: learning_rate = 0.003
Overriding: min_lr = 0.00030000000000000003
Overriding: dropout = 0.3
Overriding: save_checkpoint = False
Overriding: mlp_type = swiglu
tokens per iteration will be: 16,384
found vocab_size = 65 (inside data\shakespeare_char\meta.pkl)
Initializing a new model from scratch
number of parameters: 10.65M
C:\Users\86271\hw1work\nanoGPT\train.py:204: FutureWarning: `torch.cuda.amp.GradScaler(args...)` is deprecated. Please use `torch.amp.GradScaler('cuda', args...)` instead.
  scaler = torch.cuda.amp.GradScaler(enabled=(dtype == 'float16'))
num decayed parameter tensors: 26, with 10,740,096 parameters
num non-decayed parameter tensors: 13, with 4,992 parameters
using fused AdamW: True
step 0: train loss 4.3300, val loss 4.3197
iter 0: loss 4.3236, time 11032.71ms, mfu -100.00%
iter 10: loss 3.2627, time 93.27ms, mfu 3.99%
iter 20: loss 2.7681, time 93.15ms, mfu 4.00%
iter 30: loss 2.5723, time 109.40ms, mfu 3.94%
iter 40: loss 2.5237, time 93.57ms, mfu 3.94%
iter 50: loss 2.4915, time 108.63ms, mfu 3.89%
iter 60: loss 2.4808, time 107.98ms, mfu 3.85%
iter 70: loss 2.4626, time 94.41ms, mfu 3.86%
iter 80: loss 2.4569, time 110.07ms, mfu 3.81%
iter 90: loss 2.4659, time 110.13ms, mfu 3.77%
iter 100: loss 2.4576, time 109.06ms, mfu 3.73%
iter 110: loss 2.4227, time 92.84ms, mfu 3.76%
iter 120: loss 2.4114, time 93.88ms, mfu 3.78%
iter 130: loss 2.4202, time 93.72ms, mfu 3.80%
iter 140: loss 2.4064, time 93.20ms, mfu 3.82%
iter 150: loss 2.3919, time 108.65ms, mfu 3.78%
iter 160: loss 2.3788, time 92.84ms, mfu 3.80%
iter 170: loss 2.3162, time 108.07ms, mfu 3.77%
iter 180: loss 2.2476, time 94.37ms, mfu 3.79%
iter 190: loss 2.1924, time 93.73ms, mfu 3.81%
iter 200: loss 2.1561, time 108.46ms, mfu 3.77%
iter 210: loss 2.1326, time 109.64ms, mfu 3.73%
iter 220: loss 2.0906, time 77.58ms, mfu 3.84%
iter 230: loss 2.0592, time 94.47ms, mfu 3.85%
iter 240: loss 2.0417, time 108.40ms, mfu 3.81%
step 250: train loss 1.9672, val loss 2.0964
iter 250: loss 2.0438, time 11684.65ms, mfu 3.43%
iter 260: loss 2.0349, time 107.98ms, mfu 3.43%
iter 270: loss 1.9948, time 109.51ms, mfu 3.43%
iter 280: loss 1.9762, time 93.40ms, mfu 3.49%
iter 290: loss 1.9922, time 108.53ms, mfu 3.48%
iter 300: loss 1.9747, time 108.28ms, mfu 3.48%
iter 310: loss 1.9528, time 93.42ms, mfu 3.53%
iter 320: loss 1.9373, time 109.48ms, mfu 3.52%
iter 330: loss 1.9214, time 123.67ms, mfu 3.47%
iter 340: loss 1.9361, time 93.17ms, mfu 3.52%
iter 350: loss 1.8764, time 93.27ms, mfu 3.57%
iter 360: loss 1.8808, time 94.05ms, mfu 3.61%
iter 370: loss 1.8897, time 94.43ms, mfu 3.64%
iter 380: loss 1.8817, time 94.92ms, mfu 3.67%
iter 390: loss 1.8815, time 94.41ms, mfu 3.70%
iter 400: loss 1.8615, time 109.29ms, mfu 3.67%
iter 410: loss 1.8783, time 92.95ms, mfu 3.70%
iter 420: loss 1.8264, time 80.07ms, mfu 3.80%
iter 430: loss 1.8455, time 123.17ms, mfu 3.72%
iter 440: loss 1.8535, time 108.33ms, mfu 3.69%
iter 450: loss 1.8487, time 108.29ms, mfu 3.67%
iter 460: loss 1.8044, time 93.41ms, mfu 3.70%
iter 470: loss 1.8424, time 108.84ms, mfu 3.67%
iter 480: loss 1.8389, time 93.12ms, mfu 3.70%
iter 490: loss 1.8149, time 78.03ms, mfu 3.81%
step 500: train loss 1.6558, val loss 1.8372
iter 500: loss 1.8125, time 11831.44ms, mfu 3.43%
iter 510: loss 1.8151, time 109.66ms, mfu 3.43%
iter 520: loss 1.8411, time 108.44ms, mfu 3.43%
iter 530: loss 1.8078, time 92.89ms, mfu 3.49%
iter 540: loss 1.7886, time 94.56ms, mfu 3.53%
iter 550: loss 1.8111, time 93.23ms, mfu 3.58%
iter 560: loss 1.7763, time 93.12ms, mfu 3.62%
iter 570: loss 1.7632, time 108.84ms, mfu 3.60%
iter 580: loss 1.7735, time 109.24ms, mfu 3.58%
iter 590: loss 1.7914, time 93.38ms, mfu 3.62%
iter 600: loss 1.7522, time 93.02ms, mfu 3.66%
iter 610: loss 1.7617, time 92.72ms, mfu 3.70%
iter 620: loss 1.7439, time 108.27ms, mfu 3.67%
iter 630: loss 1.7719, time 107.63ms, mfu 3.65%
iter 640: loss 1.7403, time 123.91ms, mfu 3.59%
iter 650: loss 1.7420, time 93.45ms, mfu 3.63%
iter 660: loss 1.7544, time 108.41ms, mfu 3.61%
iter 670: loss 1.7482, time 109.67ms, mfu 3.59%
iter 680: loss 1.7399, time 108.67ms, mfu 3.57%
iter 690: loss 1.7259, time 93.51ms, mfu 3.61%
iter 700: loss 1.7156, time 93.75ms, mfu 3.65%
iter 710: loss 1.7063, time 109.05ms, mfu 3.63%
iter 720: loss 1.7072, time 93.00ms, mfu 3.66%
iter 730: loss 1.6993, time 92.39ms, mfu 3.70%
iter 740: loss 1.7170, time 94.09ms, mfu 3.73%
step 750: train loss 1.5521, val loss 1.7487
iter 750: loss 1.7037, time 11959.99ms, mfu 3.36%
iter 760: loss 1.7084, time 93.42ms, mfu 3.42%
iter 770: loss 1.7114, time 108.01ms, mfu 3.42%
iter 780: loss 1.6852, time 94.21ms, mfu 3.48%
iter 790: loss 1.6930, time 108.09ms, mfu 3.47%
iter 800: loss 1.7111, time 123.99ms, mfu 3.43%
iter 810: loss 1.6733, time 93.81ms, mfu 3.48%
iter 820: loss 1.6571, time 108.47ms, mfu 3.48%
iter 830: loss 1.6474, time 93.57ms, mfu 3.53%
iter 840: loss 1.7028, time 109.10ms, mfu 3.52%
iter 850: loss 1.6628, time 94.14ms, mfu 3.56%
iter 860: loss 1.6592, time 92.60ms, mfu 3.61%
iter 870: loss 1.6771, time 109.66ms, mfu 3.59%
iter 880: loss 1.6394, time 109.01ms, mfu 3.57%
iter 890: loss 1.6470, time 92.89ms, mfu 3.61%
iter 900: loss 1.6151, time 108.66ms, mfu 3.59%
iter 910: loss 1.6114, time 93.26ms, mfu 3.63%
iter 920: loss 1.6473, time 109.25ms, mfu 3.61%
iter 930: loss 1.6058, time 94.49ms, mfu 3.65%
iter 940: loss 1.6307, time 108.11ms, mfu 3.63%
iter 950: loss 1.6429, time 92.99ms, mfu 3.66%
iter 960: loss 1.6124, time 93.90ms, mfu 3.69%
iter 970: loss 1.6034, time 93.84ms, mfu 3.72%
iter 980: loss 1.6074, time 93.62ms, mfu 3.75%
iter 990: loss 1.5824, time 93.92ms, mfu 3.77%
step 1000: train loss 1.4593, val loss 1.6808
iter 1000: loss 1.5915, time 12188.09ms, mfu 3.40%
iter 1010: loss 1.5951, time 93.09ms, mfu 3.46%
iter 1020: loss 1.5436, time 94.13ms, mfu 3.51%
iter 1030: loss 1.5895, time 108.91ms, mfu 3.50%
iter 1040: loss 1.5529, time 107.98ms, mfu 3.49%
iter 1050: loss 1.5944, time 94.35ms, mfu 3.54%
iter 1060: loss 1.5691, time 108.46ms, mfu 3.53%
iter 1070: loss 1.5645, time 109.23ms, mfu 3.52%
iter 1080: loss 1.5424, time 108.35ms, mfu 3.51%
iter 1090: loss 1.5789, time 93.74ms, mfu 3.56%
iter 1100: loss 1.5734, time 108.95ms, mfu 3.54%
iter 1110: loss 1.5617, time 93.26ms, mfu 3.59%
iter 1120: loss 1.5340, time 77.73ms, mfu 3.71%
iter 1130: loss 1.5506, time 93.22ms, mfu 3.74%
iter 1140: loss 1.5313, time 93.40ms, mfu 3.76%
iter 1150: loss 1.6115, time 108.95ms, mfu 3.73%
iter 1160: loss 1.5813, time 93.29ms, mfu 3.75%
iter 1170: loss 1.5732, time 93.04ms, mfu 3.78%
iter 1180: loss 1.5494, time 79.21ms, mfu 3.87%
iter 1190: loss 1.5578, time 108.80ms, mfu 3.83%
iter 1200: loss 1.5080, time 93.23ms, mfu 3.84%
iter 1210: loss 1.5217, time 92.88ms, mfu 3.86%
iter 1220: loss 1.5188, time 78.64ms, mfu 3.95%
iter 1230: loss 1.5304, time 79.76ms, mfu 4.02%
iter 1240: loss 1.5429, time 77.75ms, mfu 4.10%
step 1250: train loss 1.3822, val loss 1.6135
iter 1250: loss 1.5091, time 12412.07ms, mfu 3.69%
iter 1260: loss 1.5210, time 108.54ms, mfu 3.67%
iter 1270: loss 1.5039, time 93.88ms, mfu 3.70%
iter 1280: loss 1.4945, time 108.83ms, mfu 3.67%
iter 1290: loss 1.5107, time 109.14ms, mfu 3.64%
iter 1300: loss 1.4836, time 93.58ms, mfu 3.68%
iter 1310: loss 1.5195, time 93.29ms, mfu 3.71%
iter 1320: loss 1.5268, time 93.13ms, mfu 3.74%
iter 1330: loss 1.5172, time 109.58ms, mfu 3.70%
iter 1340: loss 1.4680, time 107.46ms, mfu 3.68%
iter 1350: loss 1.4954, time 108.76ms, mfu 3.66%
iter 1360: loss 1.5100, time 109.02ms, mfu 3.63%
iter 1370: loss 1.4768, time 93.77ms, mfu 3.67%
iter 1380: loss 1.5084, time 94.06ms, mfu 3.70%
iter 1390: loss 1.4954, time 93.22ms, mfu 3.73%
iter 1400: loss 1.4607, time 108.86ms, mfu 3.70%
iter 1410: loss 1.4895, time 93.19ms, mfu 3.73%
iter 1420: loss 1.4575, time 93.31ms, mfu 3.75%
iter 1430: loss 1.4297, time 93.26ms, mfu 3.78%
iter 1440: loss 1.4518, time 108.15ms, mfu 3.74%
iter 1450: loss 1.4799, time 94.04ms, mfu 3.77%
iter 1460: loss 1.4408, time 92.76ms, mfu 3.79%
iter 1470: loss 1.4494, time 92.94ms, mfu 3.81%
iter 1480: loss 1.5086, time 93.19ms, mfu 3.83%
iter 1490: loss 1.4414, time 93.47ms, mfu 3.85%
step 1500: train loss 1.3310, val loss 1.5721
iter 1500: loss 1.4287, time 12451.37ms, mfu 3.46%
iter 1510: loss 1.4377, time 93.33ms, mfu 3.52%
iter 1520: loss 1.4462, time 94.22ms, mfu 3.56%
iter 1530: loss 1.4694, time 109.57ms, mfu 3.55%
iter 1540: loss 1.4751, time 109.73ms, mfu 3.53%
iter 1550: loss 1.4494, time 107.77ms, mfu 3.52%
iter 1560: loss 1.4419, time 93.08ms, mfu 3.57%
iter 1570: loss 1.4158, time 108.72ms, mfu 3.56%
iter 1580: loss 1.4306, time 108.95ms, mfu 3.54%
iter 1590: loss 1.4397, time 108.89ms, mfu 3.53%
iter 1600: loss 1.4046, time 108.89ms, mfu 3.52%
iter 1610: loss 1.4204, time 109.15ms, mfu 3.51%
iter 1620: loss 1.4523, time 108.91ms, mfu 3.50%
iter 1630: loss 1.4135, time 93.11ms, mfu 3.55%
iter 1640: loss 1.4472, time 93.96ms, mfu 3.59%
iter 1650: loss 1.4051, time 108.10ms, mfu 3.58%
iter 1660: loss 1.4214, time 79.32ms, mfu 3.69%
iter 1670: loss 1.4272, time 107.62ms, mfu 3.67%
iter 1680: loss 1.4111, time 93.55ms, mfu 3.70%
iter 1690: loss 1.4408, time 94.12ms, mfu 3.72%
iter 1700: loss 1.3893, time 107.91ms, mfu 3.70%
iter 1710: loss 1.3962, time 78.38ms, mfu 3.80%
iter 1720: loss 1.3889, time 108.76ms, mfu 3.77%
iter 1730: loss 1.4157, time 94.13ms, mfu 3.78%
iter 1740: loss 1.4047, time 93.45ms, mfu 3.81%
step 1750: train loss 1.2900, val loss 1.5429
iter 1750: loss 1.4092, time 12583.70ms, mfu 3.43%
iter 1760: loss 1.4079, time 109.76ms, mfu 3.42%
iter 1770: loss 1.4019, time 107.77ms, mfu 3.43%
iter 1780: loss 1.4039, time 94.05ms, mfu 3.48%
iter 1790: loss 1.4214, time 93.61ms, mfu 3.53%
iter 1800: loss 1.3921, time 109.66ms, mfu 3.52%
iter 1810: loss 1.4003, time 108.90ms, mfu 3.51%
iter 1820: loss 1.3605, time 94.52ms, mfu 3.55%
iter 1830: loss 1.3762, time 92.97ms, mfu 3.60%
iter 1840: loss 1.3556, time 93.14ms, mfu 3.64%
iter 1850: loss 1.3975, time 108.74ms, mfu 3.62%
iter 1860: loss 1.3723, time 92.84ms, mfu 3.66%
iter 1870: loss 1.4026, time 94.58ms, mfu 3.68%
iter 1880: loss 1.3622, time 93.31ms, mfu 3.72%
iter 1890: loss 1.3751, time 78.08ms, mfu 3.82%
iter 1900: loss 1.3942, time 93.79ms, mfu 3.84%
iter 1910: loss 1.3781, time 92.42ms, mfu 3.86%
iter 1920: loss 1.3809, time 92.94ms, mfu 3.87%
iter 1930: loss 1.3875, time 92.45ms, mfu 3.89%
iter 1940: loss 1.3688, time 93.86ms, mfu 3.90%
iter 1950: loss 1.3899, time 93.97ms, mfu 3.90%
iter 1960: loss 1.3884, time 93.06ms, mfu 3.91%
iter 1970: loss 1.3703, time 93.72ms, mfu 3.92%
iter 1980: loss 1.3978, time 94.33ms, mfu 3.92%
iter 1990: loss 1.3317, time 93.80ms, mfu 3.93%
step 2000: train loss 1.2488, val loss 1.5228
iter 2000: loss 1.4013, time 12543.06ms, mfu 3.54%
iter 2010: loss 1.3677, time 93.43ms, mfu 3.58%
iter 2020: loss 1.3658, time 92.91ms, mfu 3.63%
iter 2030: loss 1.3411, time 93.25ms, mfu 3.66%
iter 2040: loss 1.3418, time 108.67ms, mfu 3.64%
iter 2050: loss 1.3350, time 94.30ms, mfu 3.67%
iter 2060: loss 1.3427, time 108.06ms, mfu 3.65%
iter 2070: loss 1.3590, time 93.40ms, mfu 3.68%
iter 2080: loss 1.3515, time 93.25ms, mfu 3.71%
iter 2090: loss 1.3165, time 93.38ms, mfu 3.74%
iter 2100: loss 1.3689, time 78.89ms, mfu 3.84%
iter 2110: loss 1.3177, time 93.60ms, mfu 3.85%
iter 2120: loss 1.3070, time 93.44ms, mfu 3.87%
iter 2130: loss 1.3566, time 94.17ms, mfu 3.88%
iter 2140: loss 1.3676, time 93.53ms, mfu 3.89%
iter 2150: loss 1.3182, time 93.45ms, mfu 3.90%
iter 2160: loss 1.3247, time 93.17ms, mfu 3.91%
iter 2170: loss 1.3235, time 77.93ms, mfu 3.99%
iter 2180: loss 1.3449, time 79.49ms, mfu 4.06%
iter 2190: loss 1.3443, time 92.77ms, mfu 4.06%
iter 2200: loss 1.3605, time 108.53ms, mfu 4.00%
iter 2210: loss 1.3227, time 109.30ms, mfu 3.94%
iter 2220: loss 1.3233, time 93.90ms, mfu 3.94%
iter 2230: loss 1.3332, time 108.61ms, mfu 3.89%
iter 2240: loss 1.3438, time 93.04ms, mfu 3.90%
step 2250: train loss 1.2154, val loss 1.5145
iter 2250: loss 1.2620, time 12620.94ms, mfu 3.51%
iter 2260: loss 1.3345, time 109.66ms, mfu 3.50%
iter 2270: loss 1.3461, time 108.55ms, mfu 3.50%
iter 2280: loss 1.3162, time 94.26ms, mfu 3.54%
iter 2290: loss 1.3303, time 93.14ms, mfu 3.59%
iter 2300: loss 1.3334, time 93.42ms, mfu 3.63%
iter 2310: loss 1.3324, time 92.28ms, mfu 3.67%
iter 2320: loss 1.3122, time 93.80ms, mfu 3.70%
iter 2330: loss 1.3582, time 93.45ms, mfu 3.73%
iter 2340: loss 1.3267, time 79.21ms, mfu 3.83%
iter 2350: loss 1.3045, time 93.56ms, mfu 3.84%
iter 2360: loss 1.3036, time 78.54ms, mfu 3.93%
iter 2370: loss 1.3748, time 93.30ms, mfu 3.94%
iter 2380: loss 1.3086, time 94.55ms, mfu 3.94%
iter 2390: loss 1.3134, time 79.36ms, mfu 4.01%
iter 2400: loss 1.2988, time 93.72ms, mfu 4.01%
iter 2410: loss 1.2908, time 92.55ms, mfu 4.01%
iter 2420: loss 1.3401, time 93.93ms, mfu 4.01%
iter 2430: loss 1.3195, time 109.03ms, mfu 3.95%
iter 2440: loss 1.3104, time 94.07ms, mfu 3.95%
iter 2450: loss 1.2952, time 109.03ms, mfu 3.90%
iter 2460: loss 1.3000, time 109.20ms, mfu 3.85%
iter 2470: loss 1.2750, time 108.69ms, mfu 3.81%
iter 2480: loss 1.3287, time 124.52ms, mfu 3.72%
iter 2490: loss 1.3214, time 93.72ms, mfu 3.75%
step 2500: train loss 1.1931, val loss 1.4926
iter 2500: loss 1.3237, time 12503.40ms, mfu 3.38%
iter 2510: loss 1.3163, time 109.60ms, mfu 3.38%
iter 2520: loss 1.3207, time 93.45ms, mfu 3.44%
iter 2530: loss 1.2917, time 94.51ms, mfu 3.49%
iter 2540: loss 1.3062, time 93.56ms, mfu 3.54%
iter 2550: loss 1.3162, time 108.20ms, mfu 3.53%
iter 2560: loss 1.2879, time 93.59ms, mfu 3.58%
iter 2570: loss 1.2945, time 92.87ms, mfu 3.62%
iter 2580: loss 1.2917, time 78.26ms, mfu 3.73%
iter 2590: loss 1.2757, time 92.81ms, mfu 3.76%
iter 2600: loss 1.2640, time 93.48ms, mfu 3.78%
iter 2610: loss 1.2736, time 93.63ms, mfu 3.80%
iter 2620: loss 1.2530, time 93.51ms, mfu 3.82%
iter 2630: loss 1.2917, time 94.23ms, mfu 3.84%
iter 2640: loss 1.2480, time 93.17ms, mfu 3.85%
iter 2650: loss 1.2770, time 108.43ms, mfu 3.81%
iter 2660: loss 1.3279, time 123.67ms, mfu 3.73%
iter 2670: loss 1.2789, time 108.73ms, mfu 3.70%
iter 2680: loss 1.2743, time 109.08ms, mfu 3.67%
iter 2690: loss 1.2295, time 94.70ms, mfu 3.70%
iter 2700: loss 1.2638, time 93.24ms, mfu 3.73%
iter 2710: loss 1.2477, time 108.20ms, mfu 3.70%
iter 2720: loss 1.2312, time 93.19ms, mfu 3.73%
iter 2730: loss 1.2919, time 94.07ms, mfu 3.75%
iter 2740: loss 1.2494, time 93.17ms, mfu 3.78%
step 2750: train loss 1.1675, val loss 1.4802
iter 2750: loss 1.2435, time 12619.33ms, mfu 3.40%
iter 2760: loss 1.2732, time 93.53ms, mfu 3.46%
iter 2770: loss 1.2815, time 93.58ms, mfu 3.51%
iter 2780: loss 1.2774, time 79.28ms, mfu 3.63%
iter 2790: loss 1.2647, time 93.42ms, mfu 3.67%
iter 2800: loss 1.2854, time 108.01ms, mfu 3.65%
iter 2810: loss 1.2541, time 94.14ms, mfu 3.68%
iter 2820: loss 1.2460, time 78.79ms, mfu 3.78%
iter 2830: loss 1.2821, time 93.90ms, mfu 3.80%
iter 2840: loss 1.2522, time 93.30ms, mfu 3.82%
iter 2850: loss 1.2490, time 93.18ms, mfu 3.84%
iter 2860: loss 1.2339, time 78.25ms, mfu 3.93%
iter 2870: loss 1.2452, time 93.79ms, mfu 3.93%
iter 2880: loss 1.2567, time 93.79ms, mfu 3.94%
iter 2890: loss 1.2628, time 93.42ms, mfu 3.94%
iter 2900: loss 1.2463, time 108.07ms, mfu 3.89%
iter 2910: loss 1.2336, time 110.02ms, mfu 3.84%
iter 2920: loss 1.2593, time 94.31ms, mfu 3.85%
iter 2930: loss 1.2456, time 109.40ms, mfu 3.81%
iter 2940: loss 1.2310, time 93.21ms, mfu 3.83%
iter 2950: loss 1.2238, time 93.01ms, mfu 3.85%
iter 2960: loss 1.2517, time 110.26ms, mfu 3.80%
iter 2970: loss 1.2469, time 108.48ms, mfu 3.76%
iter 2980: loss 1.2385, time 107.65ms, mfu 3.73%
iter 2990: loss 1.2859, time 92.85ms, mfu 3.76%
step 3000: train loss 1.1445, val loss 1.4755
iter 3000: loss 1.2238, time 12470.64ms, mfu 3.39%
iter 3010: loss 1.2455, time 93.20ms, mfu 3.45%
iter 3020: loss 1.2411, time 94.01ms, mfu 3.50%
iter 3030: loss 1.2284, time 79.09ms, mfu 3.62%
iter 3040: loss 1.2715, time 78.31ms, mfu 3.73%
iter 3050: loss 1.2385, time 93.48ms, mfu 3.76%
iter 3060: loss 1.2467, time 93.71ms, mfu 3.78%
iter 3070: loss 1.2413, time 108.28ms, mfu 3.75%
iter 3080: loss 1.2152, time 93.22ms, mfu 3.77%
iter 3090: loss 1.2480, time 93.70ms, mfu 3.79%
iter 3100: loss 1.2386, time 92.92ms, mfu 3.81%
iter 3110: loss 1.2246, time 94.08ms, mfu 3.83%
iter 3120: loss 1.2661, time 108.71ms, mfu 3.79%
iter 3130: loss 1.2234, time 108.73ms, mfu 3.75%
iter 3140: loss 1.2535, time 78.61ms, mfu 3.85%
iter 3150: loss 1.2393, time 93.20ms, mfu 3.87%
iter 3160: loss 1.2678, time 93.61ms, mfu 3.88%
iter 3170: loss 1.2679, time 109.27ms, mfu 3.83%
iter 3180: loss 1.1839, time 108.62ms, mfu 3.79%
iter 3190: loss 1.2302, time 108.96ms, mfu 3.75%
iter 3200: loss 1.2501, time 108.01ms, mfu 3.72%
iter 3210: loss 1.2070, time 108.65ms, mfu 3.69%
iter 3220: loss 1.2440, time 107.89ms, mfu 3.67%
iter 3230: loss 1.2095, time 108.57ms, mfu 3.65%
iter 3240: loss 1.2068, time 93.99ms, mfu 3.68%
step 3250: train loss 1.1198, val loss 1.4758
iter 3250: loss 1.2187, time 12377.52ms, mfu 3.31%
iter 3260: loss 1.1915, time 93.70ms, mfu 3.38%
iter 3270: loss 1.2515, time 93.49ms, mfu 3.44%
iter 3280: loss 1.1960, time 108.72ms, mfu 3.44%
iter 3290: loss 1.2413, time 78.42ms, mfu 3.57%
iter 3300: loss 1.1848, time 93.11ms, mfu 3.61%
iter 3310: loss 1.2517, time 109.41ms, mfu 3.59%
iter 3320: loss 1.2151, time 93.11ms, mfu 3.63%
iter 3330: loss 1.2335, time 94.60ms, mfu 3.66%
iter 3340: loss 1.2221, time 109.10ms, mfu 3.64%
iter 3350: loss 1.1995, time 92.87ms, mfu 3.68%
iter 3360: loss 1.2327, time 108.79ms, mfu 3.65%
iter 3370: loss 1.2423, time 108.45ms, mfu 3.63%
iter 3380: loss 1.2299, time 93.19ms, mfu 3.67%
iter 3390: loss 1.2020, time 94.58ms, mfu 3.69%
iter 3400: loss 1.1935, time 94.59ms, mfu 3.72%
iter 3410: loss 1.1822, time 110.55ms, mfu 3.68%
iter 3420: loss 1.2085, time 94.11ms, mfu 3.71%
iter 3430: loss 1.2367, time 108.75ms, mfu 3.68%
iter 3440: loss 1.1989, time 92.92ms, mfu 3.72%
iter 3450: loss 1.2279, time 109.06ms, mfu 3.69%
iter 3460: loss 1.2338, time 93.74ms, mfu 3.71%
iter 3470: loss 1.1860, time 93.25ms, mfu 3.74%
iter 3480: loss 1.1871, time 124.05ms, mfu 3.67%
iter 3490: loss 1.1723, time 107.94ms, mfu 3.65%
step 3500: train loss 1.0979, val loss 1.4666
iter 3500: loss 1.2138, time 12085.40ms, mfu 3.29%
iter 3510: loss 1.1830, time 93.03ms, mfu 3.36%
iter 3520: loss 1.2040, time 92.37ms, mfu 3.43%
iter 3530: loss 1.1964, time 92.78ms, mfu 3.48%
iter 3540: loss 1.1750, time 108.77ms, mfu 3.48%
iter 3550: loss 1.2032, time 108.23ms, mfu 3.47%
iter 3560: loss 1.1751, time 78.73ms, mfu 3.60%
iter 3570: loss 1.2113, time 94.07ms, mfu 3.64%
iter 3580: loss 1.2017, time 108.03ms, mfu 3.62%
iter 3590: loss 1.1560, time 93.34ms, mfu 3.66%
iter 3600: loss 1.1853, time 93.39ms, mfu 3.69%
iter 3610: loss 1.2331, time 108.99ms, mfu 3.66%
iter 3620: loss 1.1860, time 93.32ms, mfu 3.69%
iter 3630: loss 1.1888, time 94.17ms, mfu 3.72%
iter 3640: loss 1.1895, time 110.04ms, mfu 3.69%
iter 3650: loss 1.2039, time 94.01ms, mfu 3.72%
iter 3660: loss 1.1685, time 110.00ms, mfu 3.68%
iter 3670: loss 1.2124, time 93.27ms, mfu 3.71%
iter 3680: loss 1.2020, time 93.40ms, mfu 3.74%
iter 3690: loss 1.1844, time 108.35ms, mfu 3.71%
iter 3700: loss 1.1828, time 93.88ms, mfu 3.74%
iter 3710: loss 1.1962, time 109.03ms, mfu 3.71%
iter 3720: loss 1.1635, time 92.69ms, mfu 3.74%
iter 3730: loss 1.1562, time 109.07ms, mfu 3.70%
iter 3740: loss 1.1629, time 109.80ms, mfu 3.67%
step 3750: train loss 1.0752, val loss 1.4691
iter 3750: loss 1.1824, time 11950.68ms, mfu 3.31%
iter 3760: loss 1.1630, time 93.18ms, mfu 3.38%
iter 3770: loss 1.1927, time 108.59ms, mfu 3.38%
iter 3780: loss 1.1551, time 93.46ms, mfu 3.44%
iter 3790: loss 1.1505, time 92.82ms, mfu 3.50%
iter 3800: loss 1.1983, time 93.71ms, mfu 3.55%
iter 3810: loss 1.1879, time 108.63ms, mfu 3.54%
iter 3820: loss 1.2100, time 78.92ms, mfu 3.66%
iter 3830: loss 1.1633, time 108.75ms, mfu 3.63%
iter 3840: loss 1.1875, time 78.35ms, mfu 3.74%
iter 3850: loss 1.1744, time 92.84ms, mfu 3.77%
iter 3860: loss 1.1629, time 109.17ms, mfu 3.74%
iter 3870: loss 1.1531, time 94.66ms, mfu 3.76%
iter 3880: loss 1.1902, time 108.79ms, mfu 3.72%
iter 3890: loss 1.1914, time 93.45ms, mfu 3.75%
iter 3900: loss 1.1895, time 109.39ms, mfu 3.71%
iter 3910: loss 1.1912, time 93.74ms, mfu 3.74%
iter 3920: loss 1.1738, time 109.49ms, mfu 3.71%
iter 3930: loss 1.1781, time 93.10ms, mfu 3.74%
iter 3940: loss 1.1830, time 109.13ms, mfu 3.70%
iter 3950: loss 1.1465, time 107.60ms, mfu 3.68%
iter 3960: loss 1.1714, time 108.01ms, mfu 3.66%
iter 3970: loss 1.1699, time 94.20ms, mfu 3.69%
iter 3980: loss 1.1824, time 108.47ms, mfu 3.66%
iter 3990: loss 1.1830, time 94.59ms, mfu 3.69%
step 4000: train loss 1.0590, val loss 1.4706
iter 4000: loss 1.1794, time 11768.38ms, mfu 3.32%
iter 4010: loss 1.1707, time 94.44ms, mfu 3.39%
iter 4020: loss 1.1501, time 92.86ms, mfu 3.45%
iter 4030: loss 1.1769, time 109.74ms, mfu 3.44%
iter 4040: loss 1.1709, time 93.79ms, mfu 3.50%
iter 4050: loss 1.1692, time 92.49ms, mfu 3.55%
iter 4060: loss 1.1874, time 109.00ms, mfu 3.54%
iter 4070: loss 1.1585, time 109.15ms, mfu 3.52%
iter 4080: loss 1.1529, time 108.90ms, mfu 3.51%
iter 4090: loss 1.1285, time 78.13ms, mfu 3.64%
iter 4100: loss 1.1362, time 93.26ms, mfu 3.68%
iter 4110: loss 1.1580, time 93.99ms, mfu 3.70%
iter 4120: loss 1.1338, time 108.67ms, mfu 3.68%
iter 4130: loss 1.1442, time 108.52ms, mfu 3.65%
iter 4140: loss 1.1729, time 93.55ms, mfu 3.69%
iter 4150: loss 1.1432, time 108.90ms, mfu 3.66%
iter 4160: loss 1.1663, time 94.59ms, mfu 3.69%
iter 4170: loss 1.1464, time 93.48ms, mfu 3.72%
iter 4180: loss 1.1021, time 94.16ms, mfu 3.74%
iter 4190: loss 1.1560, time 93.42ms, mfu 3.77%
iter 4200: loss 1.1136, time 109.57ms, mfu 3.73%
iter 4210: loss 1.1357, time 94.52ms, mfu 3.75%
iter 4220: loss 1.1572, time 109.30ms, mfu 3.72%
iter 4230: loss 1.1563, time 109.17ms, mfu 3.69%
iter 4240: loss 1.1575, time 124.19ms, mfu 3.62%
step 4250: train loss 1.0422, val loss 1.4713
iter 4250: loss 1.1344, time 11717.06ms, mfu 3.26%
iter 4260: loss 1.1727, time 93.19ms, mfu 3.33%
iter 4270: loss 1.1469, time 107.75ms, mfu 3.35%
iter 4280: loss 1.1484, time 108.87ms, mfu 3.35%
iter 4290: loss 1.1858, time 108.85ms, mfu 3.36%
iter 4300: loss 1.1503, time 92.86ms, mfu 3.43%
iter 4310: loss 1.1430, time 93.95ms, mfu 3.48%
iter 4320: loss 1.1400, time 109.42ms, mfu 3.47%
iter 4330: loss 1.1504, time 94.10ms, mfu 3.52%
iter 4340: loss 1.1446, time 109.33ms, mfu 3.51%
iter 4350: loss 1.1450, time 93.22ms, mfu 3.56%
iter 4360: loss 1.1621, time 92.72ms, mfu 3.60%
iter 4370: loss 1.1491, time 93.06ms, mfu 3.64%
iter 4380: loss 1.1340, time 93.00ms, mfu 3.68%
iter 4390: loss 1.1561, time 109.77ms, mfu 3.65%
iter 4400: loss 1.1340, time 108.61ms, mfu 3.63%
iter 4410: loss 1.1440, time 93.61ms, mfu 3.66%
iter 4420: loss 1.1550, time 94.16ms, mfu 3.69%
iter 4430: loss 1.1408, time 108.63ms, mfu 3.67%
iter 4440: loss 1.1264, time 108.62ms, mfu 3.64%
iter 4450: loss 1.1150, time 110.07ms, mfu 3.62%
iter 4460: loss 1.1642, time 109.08ms, mfu 3.60%
iter 4470: loss 1.1538, time 93.28ms, mfu 3.64%
iter 4480: loss 1.1162, time 94.05ms, mfu 3.67%
iter 4490: loss 1.1436, time 107.50ms, mfu 3.65%
step 4500: train loss 1.0288, val loss 1.4726
iter 4500: loss 1.1490, time 11720.76ms, mfu 3.29%
iter 4510: loss 1.1461, time 108.88ms, mfu 3.30%
iter 4520: loss 1.1467, time 92.62ms, mfu 3.37%
iter 4530: loss 1.1459, time 108.02ms, mfu 3.38%
iter 4540: loss 1.1362, time 108.41ms, mfu 3.39%
iter 4550: loss 1.1430, time 107.82ms, mfu 3.39%
iter 4560: loss 1.1235, time 94.75ms, mfu 3.45%
iter 4570: loss 1.1414, time 108.46ms, mfu 3.45%
iter 4580: loss 1.1516, time 93.93ms, mfu 3.50%
iter 4590: loss 1.1598, time 93.91ms, mfu 3.55%
iter 4600: loss 1.1147, time 109.03ms, mfu 3.53%
iter 4610: loss 1.1230, time 94.43ms, mfu 3.57%
iter 4620: loss 1.0938, time 108.94ms, mfu 3.56%
iter 4630: loss 1.1278, time 94.43ms, mfu 3.60%
iter 4640: loss 1.1185, time 94.76ms, mfu 3.63%
iter 4650: loss 1.1528, time 107.89ms, mfu 3.61%
iter 4660: loss 1.1285, time 94.72ms, mfu 3.65%
iter 4670: loss 1.1333, time 93.29ms, mfu 3.68%
iter 4680: loss 1.1350, time 93.63ms, mfu 3.71%
iter 4690: loss 1.1457, time 93.27ms, mfu 3.74%
iter 4700: loss 1.1386, time 93.39ms, mfu 3.76%
iter 4710: loss 1.1380, time 93.94ms, mfu 3.78%
iter 4720: loss 1.1110, time 108.86ms, mfu 3.75%
iter 4730: loss 1.1479, time 93.37ms, mfu 3.77%
iter 4740: loss 1.1274, time 92.81ms, mfu 3.80%
step 4750: train loss 1.0170, val loss 1.4798
iter 4750: loss 1.1092, time 8763.70ms, mfu 3.42%
iter 4760: loss 1.1317, time 30.93ms, mfu 4.28%
iter 4770: loss 1.1394, time 31.85ms, mfu 5.03%
iter 4780: loss 1.1220, time 31.35ms, mfu 5.71%
iter 4790: loss 1.1140, time 31.61ms, mfu 6.32%
iter 4800: loss 1.1280, time 45.33ms, mfu 6.51%
iter 4810: loss 1.1333, time 45.43ms, mfu 6.68%
iter 4820: loss 1.1381, time 45.59ms, mfu 6.83%
iter 4830: loss 1.1090, time 45.12ms, mfu 6.97%
iter 4840: loss 1.1226, time 44.61ms, mfu 7.11%
iter 4850: loss 1.1184, time 31.44ms, mfu 7.58%
iter 4860: loss 1.1502, time 31.98ms, mfu 7.99%
iter 4870: loss 1.1331, time 31.10ms, mfu 8.39%
iter 4880: loss 1.1503, time 31.23ms, mfu 8.74%
iter 4890: loss 1.1289, time 33.55ms, mfu 8.98%
iter 4900: loss 1.1440, time 31.41ms, mfu 9.27%
iter 4910: loss 1.1226, time 46.24ms, mfu 9.15%
iter 4920: loss 1.1237, time 45.56ms, mfu 9.05%
iter 4930: loss 1.1038, time 45.81ms, mfu 8.96%
iter 4940: loss 1.1284, time 31.26ms, mfu 9.25%
iter 4950: loss 1.1012, time 45.26ms, mfu 9.15%
iter 4960: loss 1.1012, time 45.68ms, mfu 9.05%
iter 4970: loss 1.1116, time 31.41ms, mfu 9.33%
iter 4980: loss 1.1219, time 32.15ms, mfu 9.56%
iter 4990: loss 1.1204, time 45.31ms, mfu 9.43%
step 5000: train loss 1.0100, val loss 1.4763
iter 5000: loss 1.1391, time 4573.08ms, mfu 8.49%
