Overriding config with config/train_shakespeare_char.py:
# train a miniature character-level shakespeare model
# good for debugging and playing on macbooks and such

out_dir = 'out-shakespeare-char'
eval_interval = 250 # keep frequent because we'll overfit
eval_iters = 200
log_interval = 10 # don't print too too often

# we expect to overfit on this small dataset, so only save when val improves
always_save_checkpoint = False

wandb_log = False # override via command line if you like
wandb_project = 'shakespeare-char'
wandb_run_name = 'mini-gpt'

dataset = 'shakespeare_char'
gradient_accumulation_steps = 1
batch_size = 64
block_size = 256 # context of up to 256 previous characters

# baby GPT model :)
n_layer = 6
n_head = 6
n_embd = 384
dropout = 0.2

learning_rate = 1e-3 # with baby networks can afford to go a bit higher
max_iters = 5000
lr_decay_iters = 5000 # make equal to max_iters usually
min_lr = 1e-4 # learning_rate / 10 usually
beta2 = 0.99 # make a bit bigger because number of tokens per iter is small

warmup_iters = 100 # not super necessary potentially

# on macbook also add
# device = 'cpu'  # run on cpu only
# compile = False # do not torch compile the model

Overriding: compile = False
Overriding: out_dir = runs\gqa_lr3e-3_s1338
Overriding: learning_rate = 0.003
Overriding: min_lr = 0.00030000000000000003
Overriding: seed = 1338
Overriding: save_checkpoint = False
Overriding: n_kv_head = 3
tokens per iteration will be: 16,384
found vocab_size = 65 (inside data\shakespeare_char\meta.pkl)
Initializing a new model from scratch
number of parameters: 9.76M
C:\Users\86271\hw1work\nanoGPT\train.py:204: FutureWarning: `torch.cuda.amp.GradScaler(args...)` is deprecated. Please use `torch.amp.GradScaler('cuda', args...)` instead.
  scaler = torch.cuda.amp.GradScaler(enabled=(dtype == 'float16'))
num decayed parameter tensors: 26, with 9,855,360 parameters
num non-decayed parameter tensors: 13, with 4,992 parameters
using fused AdamW: True
step 0: train loss 4.2239, val loss 4.2187
iter 0: loss 4.2266, time 10470.92ms, mfu -100.00%
iter 10: loss 2.9359, time 77.30ms, mfu 4.46%
iter 20: loss 2.6298, time 77.45ms, mfu 4.46%
iter 30: loss 2.5471, time 93.39ms, mfu 4.38%
iter 40: loss 2.5255, time 78.69ms, mfu 4.38%
iter 50: loss 2.5000, time 78.25ms, mfu 4.38%
iter 60: loss 2.5149, time 64.08ms, mfu 4.48%
iter 70: loss 2.4755, time 93.79ms, mfu 4.40%
iter 80: loss 2.4834, time 93.50ms, mfu 4.33%
iter 90: loss 2.4844, time 78.50ms, mfu 4.34%
iter 100: loss 2.4670, time 78.03ms, mfu 4.35%
iter 110: loss 2.4421, time 78.22ms, mfu 4.35%
iter 120: loss 2.4233, time 94.66ms, mfu 4.28%
iter 130: loss 2.4154, time 92.67ms, mfu 4.22%
iter 140: loss 2.3587, time 93.08ms, mfu 4.17%
iter 150: loss 2.2551, time 78.31ms, mfu 4.20%
iter 160: loss 2.1770, time 77.76ms, mfu 4.22%
iter 170: loss 2.1112, time 77.31ms, mfu 4.24%
iter 180: loss 2.0814, time 77.42ms, mfu 4.26%
iter 190: loss 2.0715, time 92.28ms, mfu 4.21%
iter 200: loss 2.0739, time 92.43ms, mfu 4.16%
iter 210: loss 2.0023, time 78.06ms, mfu 4.19%
iter 220: loss 1.9882, time 92.81ms, mfu 4.14%
iter 230: loss 1.9337, time 93.43ms, mfu 4.10%
iter 240: loss 1.8960, time 93.27ms, mfu 4.06%
step 250: train loss 1.8179, val loss 1.9607
iter 250: loss 1.9113, time 9509.37ms, mfu 3.65%
iter 260: loss 1.8721, time 77.56ms, mfu 3.73%
iter 270: loss 1.8297, time 93.02ms, mfu 3.73%
iter 280: loss 1.8306, time 93.99ms, mfu 3.72%
iter 290: loss 1.8236, time 62.85ms, mfu 3.90%
iter 300: loss 1.8253, time 77.65ms, mfu 3.95%
iter 310: loss 1.7593, time 77.79ms, mfu 4.00%
iter 320: loss 1.7645, time 63.28ms, mfu 4.15%
iter 330: loss 1.7759, time 78.18ms, mfu 4.17%
iter 340: loss 1.7603, time 94.13ms, mfu 4.12%
iter 350: loss 1.7247, time 92.64ms, mfu 4.08%
iter 360: loss 1.7635, time 92.77ms, mfu 4.05%
iter 370: loss 1.7371, time 93.95ms, mfu 4.01%
iter 380: loss 1.7242, time 93.79ms, mfu 3.97%
iter 390: loss 1.7062, time 78.45ms, mfu 4.02%
iter 400: loss 1.7203, time 78.83ms, mfu 4.05%
iter 410: loss 1.6818, time 77.82ms, mfu 4.09%
iter 420: loss 1.7014, time 93.36ms, mfu 4.05%
iter 430: loss 1.6661, time 78.45ms, mfu 4.08%
iter 440: loss 1.6618, time 93.08ms, mfu 4.05%
iter 450: loss 1.6682, time 78.85ms, mfu 4.08%
iter 460: loss 1.6640, time 92.97ms, mfu 4.04%
iter 470: loss 1.6654, time 78.07ms, mfu 4.08%
iter 480: loss 1.6452, time 93.24ms, mfu 4.04%
iter 490: loss 1.6502, time 91.79ms, mfu 4.01%
step 500: train loss 1.5447, val loss 1.7354
iter 500: loss 1.6502, time 10139.70ms, mfu 3.61%
iter 510: loss 1.6385, time 78.23ms, mfu 3.69%
iter 520: loss 1.6609, time 77.58ms, mfu 3.77%
iter 530: loss 1.6318, time 77.03ms, mfu 3.84%
iter 540: loss 1.6130, time 77.79ms, mfu 3.90%
iter 550: loss 1.6062, time 77.65ms, mfu 3.95%
iter 560: loss 1.6010, time 63.01ms, mfu 4.10%
iter 570: loss 1.5966, time 77.75ms, mfu 4.14%
iter 580: loss 1.5861, time 62.89ms, mfu 4.27%
iter 590: loss 1.5881, time 78.04ms, mfu 4.29%
iter 600: loss 1.5764, time 76.99ms, mfu 4.31%
iter 610: loss 1.5664, time 78.18ms, mfu 4.32%
iter 620: loss 1.5203, time 77.93ms, mfu 4.33%
iter 630: loss 1.5244, time 78.22ms, mfu 4.34%
iter 640: loss 1.5740, time 77.30ms, mfu 4.35%
iter 650: loss 1.5626, time 92.33ms, mfu 4.29%
iter 660: loss 1.5449, time 78.01ms, mfu 4.30%
iter 670: loss 1.5700, time 93.43ms, mfu 4.24%
iter 680: loss 1.5306, time 78.80ms, mfu 4.25%
iter 690: loss 1.5543, time 77.64ms, mfu 4.27%
iter 700: loss 1.5043, time 78.48ms, mfu 4.28%
iter 710: loss 1.5050, time 78.76ms, mfu 4.29%
iter 720: loss 1.4808, time 92.90ms, mfu 4.23%
iter 730: loss 1.5143, time 93.12ms, mfu 4.18%
iter 740: loss 1.5179, time 77.73ms, mfu 4.21%
step 750: train loss 1.4008, val loss 1.6203
iter 750: loss 1.4761, time 10481.07ms, mfu 3.79%
iter 760: loss 1.4519, time 93.62ms, mfu 3.78%
iter 770: loss 1.4580, time 78.37ms, mfu 3.84%
iter 780: loss 1.4691, time 93.19ms, mfu 3.83%
iter 790: loss 1.5096, time 92.87ms, mfu 3.82%
iter 800: loss 1.4522, time 92.36ms, mfu 3.81%
iter 810: loss 1.5079, time 92.99ms, mfu 3.80%
iter 820: loss 1.4579, time 93.57ms, mfu 3.79%
iter 830: loss 1.4459, time 78.33ms, mfu 3.85%
iter 840: loss 1.4526, time 78.59ms, mfu 3.90%
iter 850: loss 1.4483, time 92.99ms, mfu 3.88%
iter 860: loss 1.4393, time 77.52ms, mfu 3.94%
iter 870: loss 1.4393, time 92.88ms, mfu 3.92%
iter 880: loss 1.4378, time 93.66ms, mfu 3.89%
iter 890: loss 1.4313, time 77.60ms, mfu 3.95%
iter 900: loss 1.4340, time 77.77ms, mfu 4.00%
iter 910: loss 1.4248, time 93.32ms, mfu 3.97%
iter 920: loss 1.4410, time 62.94ms, mfu 4.12%
iter 930: loss 1.4454, time 78.25ms, mfu 4.15%
iter 940: loss 1.3942, time 62.62ms, mfu 4.28%
iter 950: loss 1.4096, time 77.65ms, mfu 4.30%
iter 960: loss 1.4127, time 64.20ms, mfu 4.40%
iter 970: loss 1.4076, time 77.30ms, mfu 4.41%
iter 980: loss 1.3986, time 78.99ms, mfu 4.41%
iter 990: loss 1.3711, time 94.00ms, mfu 4.33%
step 1000: train loss 1.3080, val loss 1.5546
iter 1000: loss 1.4118, time 10113.10ms, mfu 3.90%
iter 1010: loss 1.4281, time 108.44ms, mfu 3.83%
iter 1020: loss 1.3706, time 92.78ms, mfu 3.82%
iter 1030: loss 1.3485, time 93.23ms, mfu 3.81%
iter 1040: loss 1.3730, time 93.51ms, mfu 3.79%
iter 1050: loss 1.3605, time 77.94ms, mfu 3.86%
iter 1060: loss 1.3881, time 78.51ms, mfu 3.91%
iter 1070: loss 1.3884, time 77.68ms, mfu 3.96%
iter 1080: loss 1.3902, time 93.06ms, mfu 3.94%
iter 1090: loss 1.3534, time 93.06ms, mfu 3.91%
iter 1100: loss 1.3705, time 77.53ms, mfu 3.97%
iter 1110: loss 1.3480, time 78.18ms, mfu 4.01%
iter 1120: loss 1.3508, time 93.16ms, mfu 3.98%
iter 1130: loss 1.3699, time 93.30ms, mfu 3.95%
iter 1140: loss 1.3304, time 77.69ms, mfu 4.00%
iter 1150: loss 1.3701, time 92.89ms, mfu 3.97%
iter 1160: loss 1.3080, time 78.82ms, mfu 4.01%
iter 1170: loss 1.3627, time 62.26ms, mfu 4.16%
iter 1180: loss 1.3241, time 77.97ms, mfu 4.19%
iter 1190: loss 1.3520, time 77.80ms, mfu 4.21%
iter 1200: loss 1.3178, time 62.86ms, mfu 4.34%
iter 1210: loss 1.3426, time 93.79ms, mfu 4.27%
iter 1220: loss 1.3347, time 93.45ms, mfu 4.22%
iter 1230: loss 1.3331, time 92.56ms, mfu 4.17%
iter 1240: loss 1.3292, time 93.53ms, mfu 4.12%
step 1250: train loss 1.2417, val loss 1.5193
iter 1250: loss 1.3156, time 9621.22ms, mfu 3.71%
iter 1260: loss 1.3445, time 92.84ms, mfu 3.71%
iter 1270: loss 1.3597, time 78.23ms, mfu 3.78%
iter 1280: loss 1.2991, time 93.20ms, mfu 3.77%
iter 1290: loss 1.3667, time 92.75ms, mfu 3.77%
iter 1300: loss 1.3360, time 79.00ms, mfu 3.83%
iter 1310: loss 1.3010, time 77.36ms, mfu 3.89%
iter 1320: loss 1.3331, time 92.18ms, mfu 3.87%
iter 1330: loss 1.3123, time 92.32ms, mfu 3.86%
iter 1340: loss 1.3186, time 93.83ms, mfu 3.84%
iter 1350: loss 1.3040, time 77.79ms, mfu 3.90%
iter 1360: loss 1.3178, time 92.44ms, mfu 3.88%
iter 1370: loss 1.2782, time 77.60ms, mfu 3.94%
iter 1380: loss 1.2843, time 93.70ms, mfu 3.91%
iter 1390: loss 1.2950, time 92.60ms, mfu 3.89%
iter 1400: loss 1.2807, time 93.09ms, mfu 3.88%
iter 1410: loss 1.2878, time 78.63ms, mfu 3.93%
iter 1420: loss 1.2947, time 78.44ms, mfu 3.97%
iter 1430: loss 1.2391, time 78.10ms, mfu 4.02%
iter 1440: loss 1.3028, time 92.84ms, mfu 3.99%
iter 1450: loss 1.3075, time 93.61ms, mfu 3.96%
iter 1460: loss 1.2895, time 77.75ms, mfu 4.00%
iter 1470: loss 1.3004, time 78.41ms, mfu 4.04%
iter 1480: loss 1.2590, time 93.36ms, mfu 4.01%
iter 1490: loss 1.2719, time 78.57ms, mfu 4.05%
step 1500: train loss 1.1910, val loss 1.4916
iter 1500: loss 1.2829, time 10221.67ms, mfu 3.65%
iter 1510: loss 1.2629, time 63.87ms, mfu 3.82%
iter 1520: loss 1.2609, time 77.74ms, mfu 3.88%
iter 1530: loss 1.2932, time 92.47ms, mfu 3.87%
iter 1540: loss 1.2722, time 77.78ms, mfu 3.92%
iter 1550: loss 1.2493, time 62.99ms, mfu 4.08%
iter 1560: loss 1.2330, time 93.25ms, mfu 4.04%
iter 1570: loss 1.2379, time 77.96ms, mfu 4.08%
iter 1580: loss 1.2591, time 62.95ms, mfu 4.22%
iter 1590: loss 1.2231, time 78.26ms, mfu 4.24%
iter 1600: loss 1.2685, time 93.96ms, mfu 4.18%
iter 1610: loss 1.2781, time 77.97ms, mfu 4.20%
iter 1620: loss 1.2255, time 78.01ms, mfu 4.23%
iter 1630: loss 1.2454, time 77.89ms, mfu 4.25%
iter 1640: loss 1.2537, time 93.85ms, mfu 4.19%
iter 1650: loss 1.2149, time 78.57ms, mfu 4.21%
iter 1660: loss 1.2480, time 76.68ms, mfu 4.24%
iter 1670: loss 1.2642, time 78.26ms, mfu 4.25%
iter 1680: loss 1.2516, time 77.61ms, mfu 4.27%
iter 1690: loss 1.2367, time 92.39ms, mfu 4.22%
iter 1700: loss 1.2391, time 77.53ms, mfu 4.24%
iter 1710: loss 1.2255, time 77.72ms, mfu 4.26%
iter 1720: loss 1.2458, time 77.57ms, mfu 4.28%
iter 1730: loss 1.2410, time 93.76ms, mfu 4.22%
iter 1740: loss 1.2225, time 93.09ms, mfu 4.17%
step 1750: train loss 1.1437, val loss 1.4711
iter 1750: loss 1.2531, time 10511.62ms, mfu 3.75%
iter 1760: loss 1.2184, time 94.57ms, mfu 3.74%
iter 1770: loss 1.2471, time 77.79ms, mfu 3.81%
iter 1780: loss 1.1952, time 92.91ms, mfu 3.80%
iter 1790: loss 1.2108, time 93.07ms, mfu 3.79%
iter 1800: loss 1.2132, time 92.41ms, mfu 3.79%
iter 1810: loss 1.2227, time 93.18ms, mfu 3.78%
iter 1820: loss 1.2058, time 93.45ms, mfu 3.77%
iter 1830: loss 1.2180, time 77.95ms, mfu 3.83%
iter 1840: loss 1.2826, time 93.54ms, mfu 3.82%
iter 1850: loss 1.2545, time 77.36ms, mfu 3.88%
iter 1860: loss 1.2448, time 77.78ms, mfu 3.94%
iter 1870: loss 1.2109, time 93.27ms, mfu 3.91%
iter 1880: loss 1.1853, time 77.90ms, mfu 3.96%
iter 1890: loss 1.2187, time 78.23ms, mfu 4.01%
iter 1900: loss 1.1810, time 92.31ms, mfu 3.98%
iter 1910: loss 1.1828, time 76.91ms, mfu 4.03%
iter 1920: loss 1.1990, time 92.80ms, mfu 4.00%
iter 1930: loss 1.2075, time 78.20ms, mfu 4.04%
iter 1940: loss 1.2432, time 77.37ms, mfu 4.08%
iter 1950: loss 1.2318, time 63.17ms, mfu 4.22%
iter 1960: loss 1.2136, time 77.69ms, mfu 4.24%
iter 1970: loss 1.1572, time 78.21ms, mfu 4.26%
iter 1980: loss 1.1847, time 59.51ms, mfu 4.41%
iter 1990: loss 1.1698, time 47.18ms, mfu 4.70%
step 2000: train loss 1.0977, val loss 1.4601
iter 2000: loss 1.1877, time 9583.58ms, mfu 4.23%
iter 2010: loss 1.1983, time 77.45ms, mfu 4.26%
iter 2020: loss 1.1885, time 78.51ms, mfu 4.27%
iter 2030: loss 1.1930, time 93.81ms, mfu 4.21%
iter 2040: loss 1.1653, time 92.85ms, mfu 4.16%
iter 2050: loss 1.1806, time 77.69ms, mfu 4.19%
iter 2060: loss 1.1876, time 77.42ms, mfu 4.21%
iter 2070: loss 1.1738, time 92.81ms, mfu 4.16%
iter 2080: loss 1.1696, time 94.21ms, mfu 4.11%
iter 2090: loss 1.1789, time 79.00ms, mfu 4.14%
iter 2100: loss 1.1797, time 77.88ms, mfu 4.17%
iter 2110: loss 1.2017, time 93.14ms, mfu 4.12%
iter 2120: loss 1.1925, time 92.36ms, mfu 4.08%
iter 2130: loss 1.1915, time 78.17ms, mfu 4.12%
iter 2140: loss 1.1838, time 92.68ms, mfu 4.08%
iter 2150: loss 1.1587, time 62.75ms, mfu 4.22%
iter 2160: loss 1.1679, time 93.36ms, mfu 4.16%
iter 2170: loss 1.1830, time 93.67ms, mfu 4.12%
iter 2180: loss 1.1599, time 93.25ms, mfu 4.07%
iter 2190: loss 1.1325, time 77.58ms, mfu 4.11%
iter 2200: loss 1.1349, time 94.15ms, mfu 4.07%
iter 2210: loss 1.1579, time 93.05ms, mfu 4.03%
iter 2220: loss 1.1642, time 92.36ms, mfu 4.00%
iter 2230: loss 1.1720, time 91.54ms, mfu 3.98%
iter 2240: loss 1.1238, time 92.89ms, mfu 3.95%
step 2250: train loss 1.0566, val loss 1.4671
iter 2250: loss 1.1826, time 10082.53ms, mfu 3.56%
iter 2260: loss 1.1359, time 77.36ms, mfu 3.65%
iter 2270: loss 1.1408, time 78.29ms, mfu 3.72%
iter 2280: loss 1.1253, time 78.16ms, mfu 3.79%
iter 2290: loss 1.1423, time 79.03ms, mfu 3.85%
iter 2300: loss 1.1520, time 93.30ms, mfu 3.83%
iter 2310: loss 1.1199, time 93.45ms, mfu 3.82%
iter 2320: loss 1.1648, time 92.12ms, mfu 3.81%
iter 2330: loss 1.1293, time 93.63ms, mfu 3.80%
iter 2340: loss 1.1258, time 93.62ms, mfu 3.79%
iter 2350: loss 1.1398, time 77.48ms, mfu 3.85%
iter 2360: loss 1.1289, time 77.54ms, mfu 3.91%
iter 2370: loss 1.1385, time 94.21ms, mfu 3.89%
iter 2380: loss 1.1185, time 91.36ms, mfu 3.88%
iter 2390: loss 1.1216, time 93.71ms, mfu 3.86%
iter 2400: loss 1.1269, time 93.97ms, mfu 3.84%
iter 2410: loss 1.1096, time 93.43ms, mfu 3.82%
iter 2420: loss 1.1380, time 77.96ms, mfu 3.88%
iter 2430: loss 1.1300, time 107.11ms, mfu 3.82%
iter 2440: loss 1.1397, time 92.89ms, mfu 3.81%
iter 2450: loss 1.1235, time 92.97ms, mfu 3.80%
iter 2460: loss 1.1160, time 78.20ms, mfu 3.86%
iter 2470: loss 1.1059, time 92.58ms, mfu 3.84%
iter 2480: loss 1.1459, time 93.86ms, mfu 3.83%
iter 2490: loss 1.1086, time 107.04ms, mfu 3.77%
step 2500: train loss 1.0113, val loss 1.4798
iter 2500: loss 1.1360, time 10537.83ms, mfu 3.39%
iter 2510: loss 1.1275, time 79.14ms, mfu 3.49%
iter 2520: loss 1.1216, time 93.63ms, mfu 3.51%
iter 2530: loss 1.1292, time 94.18ms, mfu 3.52%
iter 2540: loss 1.0912, time 92.57ms, mfu 3.54%
iter 2550: loss 1.0877, time 77.61ms, mfu 3.63%
iter 2560: loss 1.0927, time 93.03ms, mfu 3.64%
iter 2570: loss 1.0881, time 77.75ms, mfu 3.72%
iter 2580: loss 1.1142, time 78.05ms, mfu 3.79%
iter 2590: loss 1.0441, time 93.67ms, mfu 3.78%
iter 2600: loss 1.0610, time 78.83ms, mfu 3.84%
iter 2610: loss 1.0683, time 93.27ms, mfu 3.82%
iter 2620: loss 1.0904, time 92.50ms, mfu 3.81%
iter 2630: loss 1.0936, time 92.59ms, mfu 3.81%
iter 2640: loss 1.0830, time 77.54ms, mfu 3.87%
iter 2650: loss 1.0853, time 77.28ms, mfu 3.93%
iter 2660: loss 1.0697, time 93.87ms, mfu 3.90%
iter 2670: loss 1.0758, time 93.03ms, mfu 3.88%
iter 2680: loss 1.1001, time 93.20ms, mfu 3.86%
iter 2690: loss 1.1110, time 92.76ms, mfu 3.85%
iter 2700: loss 1.0624, time 77.65ms, mfu 3.91%
iter 2710: loss 1.0566, time 77.92ms, mfu 3.96%
iter 2720: loss 1.0752, time 94.56ms, mfu 3.93%
iter 2730: loss 1.1031, time 108.24ms, mfu 3.85%
iter 2740: loss 1.0806, time 79.25ms, mfu 3.90%
step 2750: train loss 0.9654, val loss 1.5017
iter 2750: loss 1.0817, time 10495.05ms, mfu 3.52%
iter 2760: loss 1.0906, time 77.39ms, mfu 3.61%
iter 2770: loss 1.0543, time 93.36ms, mfu 3.62%
iter 2780: loss 1.0597, time 94.06ms, mfu 3.62%
iter 2790: loss 1.0585, time 77.32ms, mfu 3.71%
iter 2800: loss 1.0506, time 108.26ms, mfu 3.65%
iter 2810: loss 1.0946, time 93.70ms, mfu 3.66%
iter 2820: loss 1.0551, time 93.23ms, mfu 3.66%
iter 2830: loss 1.0664, time 94.35ms, mfu 3.66%
iter 2840: loss 1.0453, time 92.82ms, mfu 3.67%
iter 2850: loss 1.0748, time 92.55ms, mfu 3.67%
iter 2860: loss 1.0782, time 94.19ms, mfu 3.67%
iter 2870: loss 1.0690, time 93.14ms, mfu 3.67%
iter 2880: loss 1.0653, time 78.30ms, mfu 3.75%
iter 2890: loss 1.0702, time 91.93ms, mfu 3.75%
iter 2900: loss 1.0384, time 77.62ms, mfu 3.82%
iter 2910: loss 1.0612, time 93.32ms, mfu 3.80%
iter 2920: loss 1.0414, time 77.89ms, mfu 3.87%
iter 2930: loss 1.0572, time 77.77ms, mfu 3.92%
iter 2940: loss 1.0386, time 94.30ms, mfu 3.90%
iter 2950: loss 1.0492, time 77.93ms, mfu 3.95%
iter 2960: loss 1.0211, time 92.93ms, mfu 3.93%
iter 2970: loss 1.0401, time 77.59ms, mfu 3.98%
iter 2980: loss 1.0448, time 92.55ms, mfu 3.95%
iter 2990: loss 0.9855, time 93.69ms, mfu 3.92%
step 3000: train loss 0.9220, val loss 1.5221
iter 3000: loss 1.0301, time 10062.47ms, mfu 3.54%
iter 3010: loss 1.0317, time 93.35ms, mfu 3.55%
iter 3020: loss 1.0223, time 108.66ms, mfu 3.51%
iter 3030: loss 1.0474, time 92.90ms, mfu 3.53%
iter 3040: loss 1.0374, time 78.57ms, mfu 3.62%
iter 3050: loss 1.0241, time 92.38ms, mfu 3.63%
iter 3060: loss 1.0241, time 108.66ms, mfu 3.58%
iter 3070: loss 1.0353, time 93.30ms, mfu 3.60%
iter 3080: loss 1.0371, time 92.99ms, mfu 3.61%
iter 3090: loss 1.0189, time 93.61ms, mfu 3.61%
iter 3100: loss 0.9690, time 93.24ms, mfu 3.62%
iter 3110: loss 1.0115, time 109.63ms, mfu 3.57%
iter 3120: loss 1.0088, time 93.94ms, mfu 3.58%
iter 3130: loss 1.0084, time 92.98ms, mfu 3.60%
iter 3140: loss 1.0302, time 78.46ms, mfu 3.68%
iter 3150: loss 1.0163, time 93.34ms, mfu 3.68%
iter 3160: loss 1.0131, time 78.46ms, mfu 3.75%
iter 3170: loss 1.0226, time 93.03ms, mfu 3.75%
iter 3180: loss 1.0025, time 79.56ms, mfu 3.80%
iter 3190: loss 1.0259, time 94.18ms, mfu 3.79%
iter 3200: loss 1.0102, time 78.37ms, mfu 3.85%
iter 3210: loss 0.9842, time 108.44ms, mfu 3.78%
iter 3220: loss 1.0182, time 93.03ms, mfu 3.78%
iter 3230: loss 1.0032, time 123.47ms, mfu 3.68%
iter 3240: loss 0.9902, time 108.20ms, mfu 3.63%
step 3250: train loss 0.8728, val loss 1.5325
iter 3250: loss 0.9640, time 10145.28ms, mfu 3.27%
iter 3260: loss 0.9617, time 77.76ms, mfu 3.39%
iter 3270: loss 1.0087, time 78.65ms, mfu 3.49%
iter 3280: loss 0.9998, time 78.04ms, mfu 3.58%
iter 3290: loss 1.0342, time 77.96ms, mfu 3.66%
iter 3300: loss 1.0005, time 92.71ms, mfu 3.67%
iter 3310: loss 0.9918, time 79.15ms, mfu 3.74%
iter 3320: loss 1.0123, time 93.15ms, mfu 3.73%
iter 3330: loss 0.9760, time 93.03ms, mfu 3.73%
iter 3340: loss 0.9827, time 63.07ms, mfu 3.90%
iter 3350: loss 1.0050, time 92.58ms, mfu 3.89%
iter 3360: loss 0.9917, time 92.63ms, mfu 3.87%
iter 3370: loss 0.9814, time 78.25ms, mfu 3.92%
iter 3380: loss 0.9892, time 76.89ms, mfu 3.98%
iter 3390: loss 0.9842, time 93.22ms, mfu 3.95%
iter 3400: loss 0.9867, time 92.79ms, mfu 3.93%
iter 3410: loss 1.0096, time 77.35ms, mfu 3.98%
iter 3420: loss 0.9686, time 77.94ms, mfu 4.02%
iter 3430: loss 0.9726, time 92.37ms, mfu 4.00%
iter 3440: loss 0.9732, time 92.72ms, mfu 3.97%
iter 3450: loss 0.9788, time 93.14ms, mfu 3.94%
iter 3460: loss 0.9623, time 93.83ms, mfu 3.91%
iter 3470: loss 0.9746, time 76.91ms, mfu 3.97%
iter 3480: loss 0.9750, time 92.96ms, mfu 3.95%
iter 3490: loss 0.9604, time 78.25ms, mfu 3.99%
step 3500: train loss 0.8303, val loss 1.5631
iter 3500: loss 0.9512, time 10550.55ms, mfu 3.60%
iter 3510: loss 0.9234, time 94.14ms, mfu 3.60%
iter 3520: loss 0.9788, time 93.03ms, mfu 3.61%
iter 3530: loss 0.9387, time 78.56ms, mfu 3.69%
iter 3540: loss 0.9745, time 77.68ms, mfu 3.76%
iter 3550: loss 0.9686, time 77.79ms, mfu 3.83%
iter 3560: loss 0.9576, time 92.33ms, mfu 3.82%
iter 3570: loss 0.9633, time 94.01ms, mfu 3.81%
iter 3580: loss 0.9349, time 77.63ms, mfu 3.87%
iter 3590: loss 0.9571, time 93.12ms, mfu 3.85%
iter 3600: loss 0.9628, time 78.17ms, mfu 3.91%
iter 3610: loss 0.9440, time 108.58ms, mfu 3.84%
iter 3620: loss 0.9495, time 93.59ms, mfu 3.82%
iter 3630: loss 0.9498, time 93.43ms, mfu 3.81%
iter 3640: loss 0.9384, time 93.04ms, mfu 3.80%
iter 3650: loss 0.9190, time 77.92ms, mfu 3.86%
iter 3660: loss 0.9379, time 78.51ms, mfu 3.91%
iter 3670: loss 0.9633, time 78.07ms, mfu 3.96%
iter 3680: loss 0.9442, time 93.05ms, mfu 3.94%
iter 3690: loss 0.9409, time 92.81ms, mfu 3.92%
iter 3700: loss 0.9522, time 78.51ms, mfu 3.96%
iter 3710: loss 0.9229, time 63.10ms, mfu 4.11%
iter 3720: loss 0.9468, time 77.71ms, mfu 4.15%
iter 3730: loss 0.9183, time 78.53ms, mfu 4.17%
iter 3740: loss 0.9458, time 92.25ms, mfu 4.13%
step 3750: train loss 0.7859, val loss 1.5964
iter 3750: loss 0.9495, time 10458.27ms, mfu 3.72%
iter 3760: loss 0.9284, time 94.02ms, mfu 3.71%
iter 3770: loss 0.9331, time 93.38ms, mfu 3.71%
iter 3780: loss 0.9265, time 93.26ms, mfu 3.71%
iter 3790: loss 0.9126, time 92.86ms, mfu 3.71%
iter 3800: loss 0.9389, time 78.00ms, mfu 3.78%
iter 3810: loss 0.9528, time 93.58ms, mfu 3.77%
iter 3820: loss 0.9468, time 94.17ms, mfu 3.76%
iter 3830: loss 0.9103, time 92.88ms, mfu 3.75%
iter 3840: loss 0.9206, time 93.22ms, mfu 3.75%
iter 3850: loss 0.9068, time 92.90ms, mfu 3.75%
iter 3860: loss 0.9119, time 107.69ms, mfu 3.69%
iter 3870: loss 0.9103, time 93.13ms, mfu 3.69%
iter 3880: loss 0.9277, time 79.01ms, mfu 3.76%
iter 3890: loss 0.9224, time 90.42ms, mfu 3.76%
iter 3900: loss 0.9169, time 93.62ms, mfu 3.76%
iter 3910: loss 0.9208, time 93.58ms, mfu 3.75%
iter 3920: loss 0.9163, time 93.54ms, mfu 3.74%
iter 3930: loss 0.9283, time 78.30ms, mfu 3.81%
iter 3940: loss 0.9262, time 78.46ms, mfu 3.87%
iter 3950: loss 0.9084, time 91.59ms, mfu 3.86%
iter 3960: loss 0.8954, time 78.37ms, mfu 3.91%
iter 3970: loss 0.9067, time 78.43ms, mfu 3.96%
iter 3980: loss 0.9060, time 92.57ms, mfu 3.94%
iter 3990: loss 0.8876, time 78.07ms, mfu 3.98%
step 4000: train loss 0.7452, val loss 1.6195
iter 4000: loss 0.9086, time 10062.49ms, mfu 3.59%
iter 4010: loss 0.8884, time 93.16ms, mfu 3.60%
iter 4020: loss 0.8879, time 93.66ms, mfu 3.61%
iter 4030: loss 0.8958, time 77.28ms, mfu 3.69%
iter 4040: loss 0.8874, time 78.23ms, mfu 3.76%
iter 4050: loss 0.9214, time 77.37ms, mfu 3.83%
iter 4060: loss 0.9207, time 93.46ms, mfu 3.82%
iter 4070: loss 0.9150, time 79.21ms, mfu 3.87%
iter 4080: loss 0.9086, time 93.94ms, mfu 3.85%
iter 4090: loss 0.8940, time 95.15ms, mfu 3.83%
iter 4100: loss 0.9131, time 78.34ms, mfu 3.89%
iter 4110: loss 0.8862, time 94.16ms, mfu 3.86%
iter 4120: loss 0.8762, time 93.81ms, mfu 3.85%
iter 4130: loss 0.9094, time 79.21ms, mfu 3.90%
iter 4140: loss 0.8832, time 92.76ms, mfu 3.88%
iter 4150: loss 0.8900, time 78.64ms, mfu 3.93%
iter 4160: loss 0.8851, time 93.00ms, mfu 3.91%
iter 4170: loss 0.8772, time 92.62ms, mfu 3.89%
iter 4180: loss 0.8968, time 78.98ms, mfu 3.94%
iter 4190: loss 0.9026, time 92.84ms, mfu 3.91%
iter 4200: loss 0.8787, time 78.43ms, mfu 3.96%
iter 4210: loss 0.8768, time 107.93ms, mfu 3.88%
iter 4220: loss 0.8973, time 93.03ms, mfu 3.87%
iter 4230: loss 0.8803, time 93.35ms, mfu 3.85%
iter 4240: loss 0.8783, time 92.96ms, mfu 3.84%
step 4250: train loss 0.7156, val loss 1.6427
iter 4250: loss 0.8818, time 10096.54ms, mfu 3.46%
iter 4260: loss 0.8840, time 93.25ms, mfu 3.48%
iter 4270: loss 0.8801, time 78.40ms, mfu 3.57%
iter 4280: loss 0.8928, time 92.29ms, mfu 3.59%
iter 4290: loss 0.8722, time 92.74ms, mfu 3.60%
iter 4300: loss 0.8613, time 78.03ms, mfu 3.68%
iter 4310: loss 0.8722, time 92.32ms, mfu 3.69%
iter 4320: loss 0.8777, time 77.54ms, mfu 3.76%
iter 4330: loss 0.8976, time 78.08ms, mfu 3.83%
iter 4340: loss 0.8761, time 93.77ms, mfu 3.81%
iter 4350: loss 0.8907, time 93.42ms, mfu 3.80%
iter 4360: loss 0.8665, time 93.58ms, mfu 3.79%
iter 4370: loss 0.8652, time 78.90ms, mfu 3.85%
iter 4380: loss 0.8775, time 93.45ms, mfu 3.83%
iter 4390: loss 0.8475, time 78.53ms, mfu 3.89%
iter 4400: loss 0.8570, time 91.75ms, mfu 3.87%
iter 4410: loss 0.8721, time 108.69ms, mfu 3.80%
iter 4420: loss 0.8397, time 93.56ms, mfu 3.79%
iter 4430: loss 0.8828, time 92.20ms, mfu 3.79%
iter 4440: loss 0.8658, time 93.77ms, mfu 3.78%
iter 4450: loss 0.8880, time 77.98ms, mfu 3.84%
iter 4460: loss 0.8374, time 77.86ms, mfu 3.90%
iter 4470: loss 0.8670, time 93.56ms, mfu 3.88%
iter 4480: loss 0.8762, time 92.99ms, mfu 3.86%
iter 4490: loss 0.8928, time 78.72ms, mfu 3.91%
step 4500: train loss 0.6836, val loss 1.6737
iter 4500: loss 0.8574, time 10541.77ms, mfu 3.52%
iter 4510: loss 0.8818, time 92.47ms, mfu 3.54%
iter 4520: loss 0.8494, time 93.28ms, mfu 3.56%
iter 4530: loss 0.8600, time 93.16ms, mfu 3.57%
iter 4540: loss 0.8660, time 93.67ms, mfu 3.58%
iter 4550: loss 0.8541, time 93.49ms, mfu 3.60%
iter 4560: loss 0.8384, time 78.19ms, mfu 3.68%
iter 4570: loss 0.8348, time 78.70ms, mfu 3.75%
iter 4580: loss 0.8498, time 78.17ms, mfu 3.81%
iter 4590: loss 0.8326, time 92.14ms, mfu 3.81%
iter 4600: loss 0.8612, time 78.36ms, mfu 3.87%
iter 4610: loss 0.8580, time 94.24ms, mfu 3.84%
iter 4620: loss 0.8536, time 94.16ms, mfu 3.83%
iter 4630: loss 0.8652, time 92.09ms, mfu 3.82%
iter 4640: loss 0.8427, time 78.25ms, mfu 3.88%
iter 4650: loss 0.8319, time 93.90ms, mfu 3.86%
iter 4660: loss 0.8661, time 77.22ms, mfu 3.92%
iter 4670: loss 0.8491, time 79.98ms, mfu 3.96%
iter 4680: loss 0.8512, time 78.23ms, mfu 4.00%
iter 4690: loss 0.8409, time 77.87ms, mfu 4.04%
iter 4700: loss 0.8462, time 93.14ms, mfu 4.01%
iter 4710: loss 0.8530, time 77.99ms, mfu 4.05%
iter 4720: loss 0.8473, time 94.38ms, mfu 4.01%
iter 4730: loss 0.8539, time 93.17ms, mfu 3.98%
iter 4740: loss 0.8446, time 92.58ms, mfu 3.95%
step 4750: train loss 0.6586, val loss 1.6832
iter 4750: loss 0.8412, time 10500.90ms, mfu 3.56%
iter 4760: loss 0.8363, time 78.88ms, mfu 3.64%
iter 4770: loss 0.8335, time 92.76ms, mfu 3.65%
iter 4780: loss 0.8223, time 93.95ms, mfu 3.65%
iter 4790: loss 0.8578, time 93.91ms, mfu 3.65%
iter 4800: loss 0.8373, time 93.78ms, mfu 3.66%
iter 4810: loss 0.8296, time 62.43ms, mfu 3.84%
iter 4820: loss 0.8372, time 93.05ms, mfu 3.83%
iter 4830: loss 0.8336, time 94.36ms, mfu 3.81%
iter 4840: loss 0.8382, time 78.03ms, mfu 3.87%
iter 4850: loss 0.8476, time 79.43ms, mfu 3.92%
iter 4860: loss 0.8300, time 79.01ms, mfu 3.96%
iter 4870: loss 0.8192, time 93.25ms, mfu 3.94%
iter 4880: loss 0.8410, time 77.46ms, mfu 3.99%
iter 4890: loss 0.8356, time 95.82ms, mfu 3.95%
iter 4900: loss 0.8359, time 80.02ms, mfu 3.99%
iter 4910: loss 0.8289, time 93.11ms, mfu 3.96%
iter 4920: loss 0.8439, time 92.23ms, mfu 3.93%
iter 4930: loss 0.8054, time 78.33ms, mfu 3.98%
iter 4940: loss 0.8309, time 78.27ms, mfu 4.02%
iter 4950: loss 0.8022, time 78.33ms, mfu 4.06%
iter 4960: loss 0.8244, time 78.62ms, mfu 4.09%
iter 4970: loss 0.8330, time 93.69ms, mfu 4.05%
iter 4980: loss 0.8541, time 77.63ms, mfu 4.09%
iter 4990: loss 0.8401, time 78.62ms, mfu 4.12%
step 5000: train loss 0.6384, val loss 1.7020
iter 5000: loss 0.8307, time 9987.16ms, mfu 3.71%
