Overriding config with config/train_shakespeare_char.py:
# train a miniature character-level shakespeare model
# good for debugging and playing on macbooks and such

out_dir = 'out-shakespeare-char'
eval_interval = 250 # keep frequent because we'll overfit
eval_iters = 200
log_interval = 10 # don't print too too often

# we expect to overfit on this small dataset, so only save when val improves
always_save_checkpoint = False

wandb_log = False # override via command line if you like
wandb_project = 'shakespeare-char'
wandb_run_name = 'mini-gpt'

dataset = 'shakespeare_char'
gradient_accumulation_steps = 1
batch_size = 64
block_size = 256 # context of up to 256 previous characters

# baby GPT model :)
n_layer = 6
n_head = 6
n_embd = 384
dropout = 0.2

learning_rate = 1e-3 # with baby networks can afford to go a bit higher
max_iters = 5000
lr_decay_iters = 5000 # make equal to max_iters usually
min_lr = 1e-4 # learning_rate / 10 usually
beta2 = 0.99 # make a bit bigger because number of tokens per iter is small

warmup_iters = 100 # not super necessary potentially

# on macbook also add
# device = 'cpu'  # run on cpu only
# compile = False # do not torch compile the model

Overriding: compile = False
Overriding: out_dir = runs\baseline_lr4e-3
Overriding: learning_rate = 0.004
Overriding: min_lr = 0.0004
Overriding: seed = 1337
Overriding: save_checkpoint = False
tokens per iteration will be: 16,384
found vocab_size = 65 (inside data\shakespeare_char\meta.pkl)
Initializing a new model from scratch
number of parameters: 10.65M
C:\Users\86271\hw1work\nanoGPT\train.py:204: FutureWarning: `torch.cuda.amp.GradScaler(args...)` is deprecated. Please use `torch.amp.GradScaler('cuda', args...)` instead.
  scaler = torch.cuda.amp.GradScaler(enabled=(dtype == 'float16'))
num decayed parameter tensors: 26, with 10,740,096 parameters
num non-decayed parameter tensors: 13, with 4,992 parameters
using fused AdamW: True
step 0: train loss 4.2874, val loss 4.2823
iter 0: loss 4.2670, time 11354.26ms, mfu -100.00%
iter 10: loss 2.9543, time 30.73ms, mfu 12.13%
iter 20: loss 2.6101, time 109.86ms, mfu 11.25%
iter 30: loss 2.5599, time 109.72ms, mfu 10.47%
iter 40: loss 2.5365, time 108.39ms, mfu 9.77%
iter 50: loss 2.5068, time 109.64ms, mfu 9.13%
iter 60: loss 2.4929, time 92.60ms, mfu 8.62%
iter 70: loss 2.4900, time 94.74ms, mfu 8.15%
iter 80: loss 2.4892, time 93.64ms, mfu 7.73%
iter 90: loss 2.4897, time 109.47ms, mfu 7.30%
iter 100: loss 2.5186, time 93.42ms, mfu 6.97%
iter 110: loss 2.6289, time 93.05ms, mfu 6.67%
iter 120: loss 2.5173, time 94.12ms, mfu 6.40%
iter 130: loss 2.4735, time 94.22ms, mfu 6.16%
iter 140: loss 2.4567, time 93.71ms, mfu 5.94%
iter 150: loss 2.4449, time 108.41ms, mfu 5.69%
iter 160: loss 2.4078, time 94.06ms, mfu 5.52%
iter 170: loss 2.3406, time 92.90ms, mfu 5.37%
iter 180: loss 2.2614, time 93.56ms, mfu 5.23%
iter 190: loss 2.1908, time 94.17ms, mfu 5.10%
iter 200: loss 2.1631, time 79.00ms, mfu 5.06%
iter 210: loss 2.1062, time 108.71ms, mfu 4.90%
iter 220: loss 2.1201, time 94.15ms, mfu 4.80%
iter 230: loss 2.0648, time 79.66ms, mfu 4.79%
iter 240: loss 2.0820, time 109.06ms, mfu 4.65%
step 250: train loss 1.9635, val loss 2.0653
iter 250: loss 2.0507, time 11650.59ms, mfu 4.19%
iter 260: loss 2.0029, time 79.50ms, mfu 4.24%
iter 270: loss 2.0131, time 109.07ms, mfu 4.16%
iter 280: loss 2.0258, time 93.22ms, mfu 4.14%
iter 290: loss 1.9747, time 94.07ms, mfu 4.12%
iter 300: loss 1.9810, time 93.49ms, mfu 4.11%
iter 310: loss 1.9409, time 109.25ms, mfu 4.04%
iter 320: loss 1.9288, time 109.28ms, mfu 3.98%
iter 330: loss 1.9032, time 108.92ms, mfu 3.92%
iter 340: loss 1.8898, time 108.24ms, mfu 3.87%
iter 350: loss 1.9309, time 95.37ms, mfu 3.88%
iter 360: loss 1.8693, time 94.06ms, mfu 3.89%
iter 370: loss 1.8504, time 93.20ms, mfu 3.90%
iter 380: loss 1.8434, time 108.92ms, mfu 3.85%
iter 390: loss 1.8522, time 93.75ms, mfu 3.86%
iter 400: loss 1.8973, time 109.60ms, mfu 3.82%
iter 410: loss 1.8324, time 93.39ms, mfu 3.83%
iter 420: loss 1.8580, time 109.54ms, mfu 3.79%
iter 430: loss 1.8413, time 93.18ms, mfu 3.81%
iter 440: loss 1.8079, time 109.00ms, mfu 3.77%
iter 450: loss 1.7923, time 93.13ms, mfu 3.79%
iter 460: loss 1.7572, time 94.42ms, mfu 3.81%
iter 470: loss 1.8115, time 95.42ms, mfu 3.82%
iter 480: loss 1.7908, time 93.19ms, mfu 3.84%
iter 490: loss 1.7677, time 108.56ms, mfu 3.80%
step 500: train loss 1.6695, val loss 1.8516
iter 500: loss 1.7677, time 12138.36ms, mfu 3.42%
iter 510: loss 1.7765, time 93.83ms, mfu 3.48%
iter 520: loss 1.7664, time 93.68ms, mfu 3.53%
iter 530: loss 1.7329, time 92.46ms, mfu 3.58%
iter 540: loss 1.7858, time 93.71ms, mfu 3.62%
iter 550: loss 1.7543, time 93.79ms, mfu 3.65%
iter 560: loss 1.7499, time 93.48ms, mfu 3.69%
iter 570: loss 1.7517, time 78.89ms, mfu 3.79%
iter 580: loss 1.7428, time 108.32ms, mfu 3.75%
iter 590: loss 1.7000, time 92.81ms, mfu 3.78%
iter 600: loss 1.7174, time 92.89ms, mfu 3.80%
iter 610: loss 1.7367, time 107.87ms, mfu 3.77%
iter 620: loss 1.7292, time 93.00ms, mfu 3.79%
iter 630: loss 1.7242, time 94.16ms, mfu 3.81%
iter 640: loss 1.6766, time 93.17ms, mfu 3.83%
iter 650: loss 1.7247, time 109.15ms, mfu 3.79%
iter 660: loss 1.7248, time 94.82ms, mfu 3.80%
iter 670: loss 1.6647, time 92.77ms, mfu 3.82%
iter 680: loss 1.7250, time 93.71ms, mfu 3.84%
iter 690: loss 1.6924, time 78.28ms, mfu 3.93%
iter 700: loss 1.7187, time 93.75ms, mfu 3.93%
iter 710: loss 1.6849, time 109.70ms, mfu 3.88%
iter 720: loss 1.6579, time 110.95ms, mfu 3.83%
iter 730: loss 1.6481, time 79.43ms, mfu 3.91%
iter 740: loss 1.6541, time 93.90ms, mfu 3.92%
step 750: train loss 1.5588, val loss 1.7635
iter 750: loss 1.6596, time 12356.15ms, mfu 3.53%
iter 760: loss 1.6808, time 94.01ms, mfu 3.57%
iter 770: loss 1.6636, time 93.71ms, mfu 3.61%
iter 780: loss 1.6664, time 95.46ms, mfu 3.64%
iter 790: loss 1.6627, time 79.63ms, mfu 3.75%
iter 800: loss 1.6686, time 94.32ms, mfu 3.77%
iter 810: loss 1.6443, time 95.49ms, mfu 3.78%
iter 820: loss 1.6431, time 93.44ms, mfu 3.80%
iter 830: loss 1.6369, time 109.04ms, mfu 3.76%
iter 840: loss 1.6514, time 108.62ms, mfu 3.73%
iter 850: loss 1.6255, time 110.25ms, mfu 3.69%
iter 860: loss 1.6313, time 92.83ms, mfu 3.73%
iter 870: loss 1.6260, time 78.20ms, mfu 3.83%
iter 880: loss 1.6181, time 109.36ms, mfu 3.79%
iter 890: loss 1.6233, time 93.78ms, mfu 3.81%
iter 900: loss 1.6152, time 93.39ms, mfu 3.83%
iter 910: loss 1.5599, time 94.56ms, mfu 3.84%
iter 920: loss 1.5976, time 93.58ms, mfu 3.85%
iter 930: loss 1.5912, time 92.52ms, mfu 3.87%
iter 940: loss 1.5800, time 93.75ms, mfu 3.88%
iter 950: loss 1.5804, time 109.45ms, mfu 3.83%
iter 960: loss 1.5892, time 94.52ms, mfu 3.84%
iter 970: loss 1.5996, time 96.51ms, mfu 3.84%
iter 980: loss 1.5801, time 93.66ms, mfu 3.86%
iter 990: loss 1.5717, time 109.95ms, mfu 3.81%
step 1000: train loss 1.4634, val loss 1.6781
iter 1000: loss 1.5624, time 12089.17ms, mfu 3.43%
iter 1010: loss 1.5587, time 107.15ms, mfu 3.44%
iter 1020: loss 1.5269, time 92.76ms, mfu 3.50%
iter 1030: loss 1.5681, time 109.88ms, mfu 3.49%
iter 1040: loss 1.5805, time 109.62ms, mfu 3.48%
iter 1050: loss 1.5083, time 78.17ms, mfu 3.61%
iter 1060: loss 1.5715, time 78.24ms, mfu 3.72%
iter 1070: loss 1.5531, time 93.71ms, mfu 3.75%
iter 1080: loss 1.5544, time 94.89ms, mfu 3.76%
iter 1090: loss 1.5677, time 107.60ms, mfu 3.73%
iter 1100: loss 1.5415, time 93.45ms, mfu 3.76%
iter 1110: loss 1.5131, time 92.97ms, mfu 3.78%
iter 1120: loss 1.5117, time 94.65ms, mfu 3.80%
iter 1130: loss 1.5140, time 93.07ms, mfu 3.82%
iter 1140: loss 1.5090, time 107.87ms, mfu 3.78%
iter 1150: loss 1.5154, time 93.85ms, mfu 3.80%
iter 1160: loss 1.5451, time 92.90ms, mfu 3.82%
iter 1170: loss 1.5118, time 107.89ms, mfu 3.79%
iter 1180: loss 1.5196, time 94.23ms, mfu 3.80%
iter 1190: loss 1.4789, time 94.01ms, mfu 3.82%
iter 1200: loss 1.5008, time 94.67ms, mfu 3.83%
iter 1210: loss 1.4846, time 93.83ms, mfu 3.84%
iter 1220: loss 1.5088, time 108.86ms, mfu 3.80%
iter 1230: loss 1.5109, time 108.71ms, mfu 3.77%
iter 1240: loss 1.5021, time 93.20ms, mfu 3.79%
step 1250: train loss 1.3730, val loss 1.5987
iter 1250: loss 1.4768, time 12412.30ms, mfu 3.41%
iter 1260: loss 1.4742, time 94.97ms, mfu 3.46%
iter 1270: loss 1.4608, time 96.83ms, mfu 3.50%
iter 1280: loss 1.4498, time 92.47ms, mfu 3.55%
iter 1290: loss 1.4818, time 93.39ms, mfu 3.60%
iter 1300: loss 1.5016, time 94.22ms, mfu 3.63%
iter 1310: loss 1.4306, time 108.61ms, mfu 3.61%
iter 1320: loss 1.5021, time 108.25ms, mfu 3.60%
iter 1330: loss 1.4543, time 93.14ms, mfu 3.64%
iter 1340: loss 1.4862, time 109.49ms, mfu 3.61%
iter 1350: loss 1.4482, time 94.41ms, mfu 3.65%
iter 1360: loss 1.4709, time 78.87ms, mfu 3.75%
iter 1370: loss 1.4432, time 93.26ms, mfu 3.78%
iter 1380: loss 1.4488, time 94.49ms, mfu 3.80%
iter 1390: loss 1.4497, time 95.10ms, mfu 3.81%
iter 1400: loss 1.4523, time 94.13ms, mfu 3.82%
iter 1410: loss 1.4359, time 94.60ms, mfu 3.83%
iter 1420: loss 1.4556, time 108.01ms, mfu 3.80%
iter 1430: loss 1.4229, time 109.71ms, mfu 3.76%
iter 1440: loss 1.4453, time 94.58ms, mfu 3.77%
iter 1450: loss 1.4121, time 93.64ms, mfu 3.79%
iter 1460: loss 1.4244, time 77.46ms, mfu 3.90%
iter 1470: loss 1.4045, time 94.02ms, mfu 3.90%
iter 1480: loss 1.4007, time 94.44ms, mfu 3.91%
iter 1490: loss 1.4152, time 78.18ms, mfu 3.99%
step 1500: train loss 1.3080, val loss 1.5422
iter 1500: loss 1.3686, time 12438.74ms, mfu 3.60%
iter 1510: loss 1.4161, time 93.69ms, mfu 3.63%
iter 1520: loss 1.4036, time 93.90ms, mfu 3.67%
iter 1530: loss 1.4330, time 94.78ms, mfu 3.69%
iter 1540: loss 1.3673, time 94.18ms, mfu 3.72%
iter 1550: loss 1.4146, time 95.24ms, mfu 3.74%
iter 1560: loss 1.3903, time 94.71ms, mfu 3.76%
iter 1570: loss 1.4215, time 108.39ms, mfu 3.73%
iter 1580: loss 1.3833, time 95.18ms, mfu 3.75%
iter 1590: loss 1.3671, time 93.04ms, mfu 3.77%
iter 1600: loss 1.3706, time 93.89ms, mfu 3.79%
iter 1610: loss 1.4112, time 108.19ms, mfu 3.76%
iter 1620: loss 1.3632, time 92.93ms, mfu 3.78%
iter 1630: loss 1.3829, time 94.13ms, mfu 3.80%
iter 1640: loss 1.3766, time 109.41ms, mfu 3.76%
iter 1650: loss 1.3454, time 92.41ms, mfu 3.79%
iter 1660: loss 1.3928, time 108.77ms, mfu 3.75%
iter 1670: loss 1.3722, time 109.51ms, mfu 3.72%
iter 1680: loss 1.3740, time 107.63ms, mfu 3.69%
iter 1690: loss 1.3727, time 108.11ms, mfu 3.67%
iter 1700: loss 1.3551, time 95.07ms, mfu 3.69%
iter 1710: loss 1.3595, time 92.80ms, mfu 3.72%
iter 1720: loss 1.3527, time 63.13ms, mfu 3.94%
iter 1730: loss 1.3671, time 94.10ms, mfu 3.94%
iter 1740: loss 1.3381, time 107.40ms, mfu 3.90%
step 1750: train loss 1.2508, val loss 1.5021
iter 1750: loss 1.3558, time 12075.10ms, mfu 3.51%
iter 1760: loss 1.3594, time 92.98ms, mfu 3.56%
iter 1770: loss 1.3593, time 108.53ms, mfu 3.55%
iter 1780: loss 1.3483, time 109.05ms, mfu 3.53%
iter 1790: loss 1.3548, time 93.20ms, mfu 3.58%
iter 1800: loss 1.3450, time 110.27ms, mfu 3.56%
iter 1810: loss 1.3114, time 93.68ms, mfu 3.60%
iter 1820: loss 1.3344, time 93.42ms, mfu 3.64%
iter 1830: loss 1.3313, time 107.98ms, mfu 3.62%
iter 1840: loss 1.3106, time 79.03ms, mfu 3.73%
iter 1850: loss 1.3239, time 92.19ms, mfu 3.76%
iter 1860: loss 1.3330, time 108.18ms, mfu 3.73%
iter 1870: loss 1.2921, time 109.22ms, mfu 3.70%
iter 1880: loss 1.3328, time 92.66ms, mfu 3.73%
iter 1890: loss 1.3417, time 108.86ms, mfu 3.70%
iter 1900: loss 1.2813, time 93.78ms, mfu 3.73%
iter 1910: loss 1.3305, time 79.04ms, mfu 3.83%
iter 1920: loss 1.3242, time 108.89ms, mfu 3.79%
iter 1930: loss 1.3038, time 94.14ms, mfu 3.80%
iter 1940: loss 1.2921, time 93.33ms, mfu 3.82%
iter 1950: loss 1.2962, time 124.11ms, mfu 3.74%
iter 1960: loss 1.3145, time 108.40ms, mfu 3.71%
iter 1970: loss 1.3077, time 108.66ms, mfu 3.68%
iter 1980: loss 1.3070, time 94.37ms, mfu 3.71%
iter 1990: loss 1.2987, time 93.84ms, mfu 3.73%
step 2000: train loss 1.2083, val loss 1.4963
iter 2000: loss 1.2889, time 11726.00ms, mfu 3.36%
iter 2010: loss 1.2875, time 108.76ms, mfu 3.37%
iter 2020: loss 1.2754, time 93.55ms, mfu 3.43%
iter 2030: loss 1.3074, time 108.55ms, mfu 3.43%
iter 2040: loss 1.2960, time 94.39ms, mfu 3.48%
iter 2050: loss 1.2549, time 92.89ms, mfu 3.54%
iter 2060: loss 1.2556, time 106.63ms, mfu 3.53%
iter 2070: loss 1.2755, time 93.93ms, mfu 3.58%
iter 2080: loss 1.2678, time 109.52ms, mfu 3.56%
iter 2090: loss 1.2915, time 107.59ms, mfu 3.55%
iter 2100: loss 1.2808, time 108.24ms, mfu 3.54%
iter 2110: loss 1.2714, time 93.92ms, mfu 3.58%
iter 2120: loss 1.2726, time 94.44ms, mfu 3.62%
iter 2130: loss 1.2870, time 107.70ms, mfu 3.60%
iter 2140: loss 1.2921, time 107.92ms, mfu 3.59%
iter 2150: loss 1.2765, time 108.73ms, mfu 3.57%
iter 2160: loss 1.2955, time 109.73ms, mfu 3.55%
iter 2170: loss 1.2884, time 92.72ms, mfu 3.60%
iter 2180: loss 1.2669, time 94.19ms, mfu 3.64%
iter 2190: loss 1.2593, time 77.92ms, mfu 3.75%
iter 2200: loss 1.2786, time 92.61ms, mfu 3.78%
iter 2210: loss 1.2509, time 93.54ms, mfu 3.80%
iter 2220: loss 1.2664, time 109.89ms, mfu 3.76%
iter 2230: loss 1.2597, time 95.31ms, mfu 3.77%
iter 2240: loss 1.2821, time 93.93ms, mfu 3.79%
step 2250: train loss 1.1686, val loss 1.4749
iter 2250: loss 1.2615, time 11980.37ms, mfu 3.42%
iter 2260: loss 1.2566, time 93.34ms, mfu 3.47%
iter 2270: loss 1.2983, time 107.71ms, mfu 3.47%
iter 2280: loss 1.2409, time 94.39ms, mfu 3.52%
iter 2290: loss 1.2906, time 93.92ms, mfu 3.56%
iter 2300: loss 1.2670, time 109.23ms, mfu 3.55%
iter 2310: loss 1.2494, time 109.85ms, mfu 3.53%
iter 2320: loss 1.2516, time 94.14ms, mfu 3.58%
iter 2330: loss 1.2366, time 109.36ms, mfu 3.56%
iter 2340: loss 1.2634, time 109.36ms, mfu 3.54%
iter 2350: loss 1.2533, time 78.57ms, mfu 3.66%
iter 2360: loss 1.2563, time 108.25ms, mfu 3.64%
iter 2370: loss 1.2422, time 80.14ms, mfu 3.74%
iter 2380: loss 1.2311, time 109.18ms, mfu 3.71%
iter 2390: loss 1.2198, time 93.18ms, mfu 3.74%
iter 2400: loss 1.2230, time 92.50ms, mfu 3.77%
iter 2410: loss 1.2228, time 79.18ms, mfu 3.86%
iter 2420: loss 1.2330, time 93.72ms, mfu 3.87%
iter 2430: loss 1.2094, time 94.04ms, mfu 3.88%
iter 2440: loss 1.2094, time 110.14ms, mfu 3.83%
iter 2450: loss 1.2240, time 94.64ms, mfu 3.84%
iter 2460: loss 1.2344, time 93.66ms, mfu 3.86%
iter 2470: loss 1.2423, time 93.03ms, mfu 3.87%
iter 2480: loss 1.2370, time 93.00ms, mfu 3.88%
iter 2490: loss 1.2019, time 110.12ms, mfu 3.83%
step 2500: train loss 1.1293, val loss 1.4609
iter 2500: loss 1.2306, time 12368.96ms, mfu 3.45%
iter 2510: loss 1.2241, time 109.48ms, mfu 3.45%
iter 2520: loss 1.2042, time 93.95ms, mfu 3.50%
iter 2530: loss 1.2070, time 93.84ms, mfu 3.55%
iter 2540: loss 1.1966, time 79.18ms, mfu 3.66%
iter 2550: loss 1.2156, time 77.98ms, mfu 3.78%
iter 2560: loss 1.1933, time 93.84ms, mfu 3.79%
iter 2570: loss 1.2200, time 125.34ms, mfu 3.71%
iter 2580: loss 1.2304, time 94.36ms, mfu 3.74%
iter 2590: loss 1.2278, time 94.50ms, mfu 3.76%
iter 2600: loss 1.2113, time 94.46ms, mfu 3.78%
iter 2610: loss 1.2024, time 93.32ms, mfu 3.80%
iter 2620: loss 1.1887, time 79.86ms, mfu 3.88%
iter 2630: loss 1.1676, time 94.29ms, mfu 3.89%
iter 2640: loss 1.1934, time 93.52ms, mfu 3.90%
iter 2650: loss 1.2283, time 108.37ms, mfu 3.85%
iter 2660: loss 1.1881, time 93.44ms, mfu 3.87%
iter 2670: loss 1.1679, time 108.32ms, mfu 3.82%
iter 2680: loss 1.1939, time 109.14ms, mfu 3.78%
iter 2690: loss 1.1931, time 93.20ms, mfu 3.81%
iter 2700: loss 1.1790, time 93.79ms, mfu 3.82%
iter 2710: loss 1.2031, time 110.16ms, mfu 3.78%
iter 2720: loss 1.2003, time 79.52ms, mfu 3.87%
iter 2730: loss 1.2100, time 93.80ms, mfu 3.88%
iter 2740: loss 1.1735, time 93.75ms, mfu 3.89%
step 2750: train loss 1.0913, val loss 1.4695
iter 2750: loss 1.1807, time 12482.18ms, mfu 3.50%
iter 2760: loss 1.1791, time 93.30ms, mfu 3.55%
iter 2770: loss 1.1689, time 108.80ms, mfu 3.54%
iter 2780: loss 1.1646, time 78.62ms, mfu 3.66%
iter 2790: loss 1.1861, time 94.42ms, mfu 3.69%
iter 2800: loss 1.1606, time 109.96ms, mfu 3.66%
iter 2810: loss 1.1889, time 94.47ms, mfu 3.69%
iter 2820: loss 1.1797, time 95.30ms, mfu 3.71%
iter 2830: loss 1.1893, time 64.77ms, mfu 3.91%
iter 2840: loss 1.1347, time 107.77ms, mfu 3.87%
iter 2850: loss 1.1770, time 93.75ms, mfu 3.88%
iter 2860: loss 1.1762, time 94.24ms, mfu 3.89%
iter 2870: loss 1.1659, time 109.35ms, mfu 3.84%
iter 2880: loss 1.1871, time 93.31ms, mfu 3.85%
iter 2890: loss 1.1539, time 93.51ms, mfu 3.87%
iter 2900: loss 1.1470, time 93.93ms, mfu 3.88%
iter 2910: loss 1.1978, time 93.54ms, mfu 3.89%
iter 2920: loss 1.1648, time 79.72ms, mfu 3.97%
iter 2930: loss 1.1536, time 79.15ms, mfu 4.04%
iter 2940: loss 1.1381, time 92.81ms, mfu 4.04%
iter 2950: loss 1.1693, time 93.37ms, mfu 4.03%
iter 2960: loss 1.1430, time 93.44ms, mfu 4.03%
iter 2970: loss 1.1359, time 93.60ms, mfu 4.02%
iter 2980: loss 1.1452, time 124.22ms, mfu 3.92%
iter 2990: loss 1.1395, time 92.79ms, mfu 3.93%
step 3000: train loss 1.0520, val loss 1.4526
iter 3000: loss 1.1309, time 12412.18ms, mfu 3.54%
iter 3010: loss 1.1444, time 93.28ms, mfu 3.59%
iter 3020: loss 1.1651, time 110.09ms, mfu 3.57%
iter 3030: loss 1.1472, time 108.85ms, mfu 3.55%
iter 3040: loss 1.1849, time 93.65ms, mfu 3.59%
iter 3050: loss 1.1417, time 108.76ms, mfu 3.58%
iter 3060: loss 1.1489, time 94.51ms, mfu 3.61%
iter 3070: loss 1.1706, time 108.47ms, mfu 3.60%
iter 3080: loss 1.1558, time 77.89ms, mfu 3.72%
iter 3090: loss 1.1340, time 108.27ms, mfu 3.69%
iter 3100: loss 1.1472, time 94.75ms, mfu 3.71%
iter 3110: loss 1.1172, time 93.90ms, mfu 3.74%
iter 3120: loss 1.1454, time 109.11ms, mfu 3.71%
iter 3130: loss 1.1397, time 78.19ms, mfu 3.81%
iter 3140: loss 1.1319, time 93.57ms, mfu 3.83%
iter 3150: loss 1.1485, time 93.11ms, mfu 3.85%
iter 3160: loss 1.1767, time 93.77ms, mfu 3.86%
iter 3170: loss 1.1104, time 93.64ms, mfu 3.87%
iter 3180: loss 1.1233, time 93.19ms, mfu 3.88%
iter 3190: loss 1.1399, time 94.04ms, mfu 3.89%
iter 3200: loss 1.1116, time 93.31ms, mfu 3.90%
iter 3210: loss 1.1158, time 108.94ms, mfu 3.85%
iter 3220: loss 1.1095, time 108.41ms, mfu 3.81%
iter 3230: loss 1.1115, time 94.61ms, mfu 3.82%
iter 3240: loss 1.1036, time 95.29ms, mfu 3.83%
step 3250: train loss 1.0174, val loss 1.4733
iter 3250: loss 1.1273, time 12257.04ms, mfu 3.45%
iter 3260: loss 1.1130, time 93.17ms, mfu 3.51%
iter 3270: loss 1.1311, time 108.49ms, mfu 3.50%
iter 3280: loss 1.1008, time 108.96ms, mfu 3.49%
iter 3290: loss 1.0957, time 108.66ms, mfu 3.49%
iter 3300: loss 1.1023, time 109.31ms, mfu 3.48%
iter 3310: loss 1.1049, time 108.17ms, mfu 3.47%
iter 3320: loss 1.1223, time 94.30ms, mfu 3.52%
iter 3330: loss 1.1090, time 109.24ms, mfu 3.51%
iter 3340: loss 1.1105, time 123.58ms, mfu 3.46%
iter 3350: loss 1.1106, time 93.10ms, mfu 3.52%
iter 3360: loss 1.0800, time 109.80ms, mfu 3.50%
iter 3370: loss 1.1102, time 108.33ms, mfu 3.50%
iter 3380: loss 1.0946, time 94.42ms, mfu 3.54%
iter 3390: loss 1.1052, time 94.31ms, mfu 3.58%
iter 3400: loss 1.0961, time 94.61ms, mfu 3.62%
iter 3410: loss 1.1017, time 92.62ms, mfu 3.66%
iter 3420: loss 1.1077, time 92.67ms, mfu 3.70%
iter 3430: loss 1.1012, time 108.25ms, mfu 3.67%
iter 3440: loss 1.1282, time 78.47ms, mfu 3.78%
iter 3450: loss 1.1097, time 94.59ms, mfu 3.79%
iter 3460: loss 1.1072, time 109.65ms, mfu 3.75%
iter 3470: loss 1.0993, time 94.51ms, mfu 3.77%
iter 3480: loss 1.1063, time 79.69ms, mfu 3.86%
iter 3490: loss 1.0812, time 93.37ms, mfu 3.88%
step 3500: train loss 0.9772, val loss 1.4829
iter 3500: loss 1.0543, time 12281.73ms, mfu 3.49%
iter 3510: loss 1.0558, time 108.41ms, mfu 3.49%
iter 3520: loss 1.0841, time 93.23ms, mfu 3.54%
iter 3530: loss 1.1068, time 109.10ms, mfu 3.53%
iter 3540: loss 1.0877, time 108.40ms, mfu 3.52%
iter 3550: loss 1.0752, time 108.54ms, mfu 3.51%
iter 3560: loss 1.1071, time 93.54ms, mfu 3.56%
iter 3570: loss 1.0970, time 78.59ms, mfu 3.67%
iter 3580: loss 1.0895, time 108.21ms, mfu 3.65%
iter 3590: loss 1.0843, time 108.55ms, mfu 3.63%
iter 3600: loss 1.0748, time 93.63ms, mfu 3.66%
iter 3610: loss 1.0737, time 110.20ms, mfu 3.64%
iter 3620: loss 1.0680, time 109.75ms, mfu 3.61%
iter 3630: loss 1.0740, time 92.97ms, mfu 3.65%
iter 3640: loss 1.0630, time 108.96ms, mfu 3.63%
iter 3650: loss 1.0670, time 95.38ms, mfu 3.66%
iter 3660: loss 1.0907, time 93.39ms, mfu 3.69%
iter 3670: loss 1.0962, time 93.50ms, mfu 3.72%
iter 3680: loss 1.0582, time 92.84ms, mfu 3.75%
iter 3690: loss 1.0900, time 93.14ms, mfu 3.77%
iter 3700: loss 1.0266, time 94.09ms, mfu 3.79%
iter 3710: loss 1.0377, time 90.83ms, mfu 3.82%
iter 3720: loss 1.0648, time 93.63ms, mfu 3.84%
iter 3730: loss 1.0497, time 93.05ms, mfu 3.86%
iter 3740: loss 1.0680, time 107.45ms, mfu 3.82%
step 3750: train loss 0.9422, val loss 1.4944
iter 3750: loss 1.0554, time 11875.76ms, mfu 3.44%
iter 3760: loss 1.0855, time 93.60ms, mfu 3.49%
iter 3770: loss 1.0868, time 93.97ms, mfu 3.54%
iter 3780: loss 1.0803, time 109.75ms, mfu 3.53%
iter 3790: loss 1.0394, time 94.53ms, mfu 3.57%
iter 3800: loss 1.0579, time 93.55ms, mfu 3.61%
iter 3810: loss 1.0770, time 93.41ms, mfu 3.65%
iter 3820: loss 1.0359, time 79.52ms, mfu 3.75%
iter 3830: loss 1.0568, time 93.14ms, mfu 3.78%
iter 3840: loss 1.0344, time 92.98ms, mfu 3.80%
iter 3850: loss 1.0324, time 108.64ms, mfu 3.76%
iter 3860: loss 1.0318, time 108.55ms, mfu 3.73%
iter 3870: loss 1.0492, time 108.52ms, mfu 3.70%
iter 3880: loss 1.0381, time 109.26ms, mfu 3.67%
iter 3890: loss 1.0416, time 125.39ms, mfu 3.60%
iter 3900: loss 1.0475, time 108.42ms, mfu 3.58%
iter 3910: loss 1.0465, time 108.37ms, mfu 3.57%
iter 3920: loss 1.0183, time 93.00ms, mfu 3.61%
iter 3930: loss 1.0445, time 93.91ms, mfu 3.65%
iter 3940: loss 1.0237, time 94.10ms, mfu 3.68%
iter 3950: loss 1.0379, time 93.66ms, mfu 3.71%
iter 3960: loss 1.0563, time 94.03ms, mfu 3.74%
iter 3970: loss 1.0496, time 94.07ms, mfu 3.76%
iter 3980: loss 1.0466, time 107.84ms, mfu 3.73%
iter 3990: loss 1.0300, time 93.93ms, mfu 3.75%
step 4000: train loss 0.9085, val loss 1.5124
iter 4000: loss 1.0099, time 11592.33ms, mfu 3.38%
iter 4010: loss 1.0304, time 109.42ms, mfu 3.38%
iter 4020: loss 1.0447, time 109.18ms, mfu 3.39%
iter 4030: loss 1.0290, time 125.41ms, mfu 3.34%
iter 4040: loss 1.0241, time 92.85ms, mfu 3.41%
iter 4050: loss 1.0211, time 93.28ms, mfu 3.47%
iter 4060: loss 1.0160, time 94.08ms, mfu 3.52%
iter 4070: loss 1.0101, time 109.14ms, mfu 3.51%
iter 4080: loss 1.0360, time 108.12ms, mfu 3.50%
iter 4090: loss 0.9878, time 94.47ms, mfu 3.55%
iter 4100: loss 1.0548, time 124.91ms, mfu 3.49%
iter 4110: loss 1.0218, time 109.51ms, mfu 3.48%
iter 4120: loss 1.0217, time 109.28ms, mfu 3.47%
iter 4130: loss 1.0105, time 79.39ms, mfu 3.60%
iter 4140: loss 1.0345, time 108.30ms, mfu 3.58%
iter 4150: loss 1.0197, time 109.28ms, mfu 3.56%
iter 4160: loss 1.0184, time 78.42ms, mfu 3.68%
iter 4170: loss 1.0122, time 95.92ms, mfu 3.70%
iter 4180: loss 1.0149, time 94.12ms, mfu 3.73%
iter 4190: loss 1.0254, time 108.39ms, mfu 3.70%
iter 4200: loss 1.0090, time 93.28ms, mfu 3.73%
iter 4210: loss 1.0214, time 109.33ms, mfu 3.70%
iter 4220: loss 1.0092, time 93.58ms, mfu 3.73%
iter 4230: loss 1.0300, time 107.54ms, mfu 3.70%
iter 4240: loss 1.0188, time 108.30ms, mfu 3.67%
step 4250: train loss 0.8752, val loss 1.5250
iter 4250: loss 1.0171, time 11582.29ms, mfu 3.31%
iter 4260: loss 1.0142, time 93.31ms, mfu 3.38%
iter 4270: loss 1.0156, time 93.52ms, mfu 3.44%
iter 4280: loss 1.0043, time 107.90ms, mfu 3.44%
iter 4290: loss 0.9677, time 93.06ms, mfu 3.50%
iter 4300: loss 0.9773, time 93.61ms, mfu 3.54%
iter 4310: loss 1.0007, time 109.20ms, mfu 3.53%
iter 4320: loss 0.9836, time 107.60ms, mfu 3.52%
iter 4330: loss 1.0152, time 93.89ms, mfu 3.57%
iter 4340: loss 0.9771, time 94.13ms, mfu 3.61%
iter 4350: loss 0.9820, time 93.60ms, mfu 3.65%
iter 4360: loss 1.0079, time 108.61ms, mfu 3.62%
iter 4370: loss 1.0041, time 109.55ms, mfu 3.60%
iter 4380: loss 0.9713, time 108.01ms, mfu 3.59%
iter 4390: loss 1.0146, time 92.64ms, mfu 3.63%
iter 4400: loss 0.9973, time 94.00ms, mfu 3.66%
iter 4410: loss 1.0183, time 78.36ms, mfu 3.77%
iter 4420: loss 1.0108, time 93.31ms, mfu 3.79%
iter 4430: loss 0.9779, time 93.64ms, mfu 3.81%
iter 4440: loss 0.9952, time 93.47ms, mfu 3.83%
iter 4450: loss 0.9865, time 94.18ms, mfu 3.84%
iter 4460: loss 0.9830, time 109.27ms, mfu 3.80%
iter 4470: loss 1.0071, time 109.65ms, mfu 3.76%
iter 4480: loss 0.9706, time 93.14ms, mfu 3.78%
iter 4490: loss 0.9865, time 108.36ms, mfu 3.75%
step 4500: train loss 0.8472, val loss 1.5450
iter 4500: loss 1.0153, time 11905.71ms, mfu 3.38%
iter 4510: loss 0.9939, time 78.54ms, mfu 3.51%
iter 4520: loss 0.9847, time 94.43ms, mfu 3.56%
iter 4530: loss 0.9959, time 78.93ms, mfu 3.67%
iter 4540: loss 0.9960, time 107.94ms, mfu 3.65%
iter 4550: loss 1.0307, time 107.75ms, mfu 3.63%
iter 4560: loss 0.9896, time 108.09ms, mfu 3.61%
iter 4570: loss 0.9907, time 95.13ms, mfu 3.64%
iter 4580: loss 1.0102, time 108.29ms, mfu 3.62%
iter 4590: loss 0.9984, time 94.85ms, mfu 3.65%
iter 4600: loss 0.9646, time 109.50ms, mfu 3.63%
iter 4610: loss 1.0190, time 94.04ms, mfu 3.66%
iter 4620: loss 0.9877, time 109.25ms, mfu 3.64%
iter 4630: loss 0.9567, time 107.92ms, mfu 3.62%
iter 4640: loss 0.9891, time 110.52ms, mfu 3.59%
iter 4650: loss 1.0019, time 94.88ms, mfu 3.63%
iter 4660: loss 1.0051, time 110.06ms, mfu 3.60%
iter 4670: loss 0.9901, time 93.89ms, mfu 3.64%
iter 4680: loss 0.9922, time 93.59ms, mfu 3.67%
iter 4690: loss 0.9795, time 93.18ms, mfu 3.71%
iter 4700: loss 0.9646, time 108.46ms, mfu 3.68%
iter 4710: loss 0.9297, time 123.20ms, mfu 3.61%
iter 4720: loss 0.9823, time 108.68ms, mfu 3.60%
iter 4730: loss 0.9658, time 109.03ms, mfu 3.58%
iter 4740: loss 0.9689, time 93.99ms, mfu 3.62%
step 4750: train loss 0.8284, val loss 1.5574
iter 4750: loss 0.9403, time 12310.70ms, mfu 3.26%
iter 4760: loss 0.9712, time 93.70ms, mfu 3.33%
iter 4770: loss 0.9422, time 93.76ms, mfu 3.39%
iter 4780: loss 0.9480, time 78.61ms, mfu 3.53%
iter 4790: loss 0.9761, time 94.85ms, mfu 3.57%
iter 4800: loss 0.9611, time 93.95ms, mfu 3.61%
iter 4810: loss 0.9865, time 93.43ms, mfu 3.65%
iter 4820: loss 0.9549, time 93.25ms, mfu 3.68%
iter 4830: loss 0.9707, time 78.72ms, mfu 3.79%
iter 4840: loss 0.9692, time 92.77ms, mfu 3.81%
iter 4850: loss 0.9727, time 108.67ms, mfu 3.77%
iter 4860: loss 0.9597, time 94.58ms, mfu 3.79%
iter 4870: loss 0.9383, time 79.21ms, mfu 3.88%
iter 4880: loss 0.9661, time 94.75ms, mfu 3.89%
iter 4890: loss 0.9609, time 93.46ms, mfu 3.90%
iter 4900: loss 0.9359, time 94.30ms, mfu 3.90%
iter 4910: loss 0.9731, time 124.52ms, mfu 3.81%
iter 4920: loss 0.9555, time 106.48ms, mfu 3.78%
iter 4930: loss 0.9460, time 94.49ms, mfu 3.80%
iter 4940: loss 0.9333, time 108.89ms, mfu 3.76%
iter 4950: loss 0.9749, time 93.93ms, mfu 3.78%
iter 4960: loss 0.9712, time 93.01ms, mfu 3.80%
iter 4970: loss 0.9296, time 108.52ms, mfu 3.77%
iter 4980: loss 0.9361, time 93.67ms, mfu 3.79%
iter 4990: loss 0.9723, time 93.57ms, mfu 3.81%
step 5000: train loss 0.8118, val loss 1.5720
iter 5000: loss 0.9664, time 12342.98ms, mfu 3.43%
