Overriding config with config/train_shakespeare_char.py:
# train a miniature character-level shakespeare model
# good for debugging and playing on macbooks and such

out_dir = 'out-shakespeare-char'
eval_interval = 250 # keep frequent because we'll overfit
eval_iters = 200
log_interval = 10 # don't print too too often

# we expect to overfit on this small dataset, so only save when val improves
always_save_checkpoint = False

wandb_log = False # override via command line if you like
wandb_project = 'shakespeare-char'
wandb_run_name = 'mini-gpt'

dataset = 'shakespeare_char'
gradient_accumulation_steps = 1
batch_size = 64
block_size = 256 # context of up to 256 previous characters

# baby GPT model :)
n_layer = 6
n_head = 6
n_embd = 384
dropout = 0.2

learning_rate = 1e-3 # with baby networks can afford to go a bit higher
max_iters = 5000
lr_decay_iters = 5000 # make equal to max_iters usually
min_lr = 1e-4 # learning_rate / 10 usually
beta2 = 0.99 # make a bit bigger because number of tokens per iter is small

warmup_iters = 100 # not super necessary potentially

# on macbook also add
# device = 'cpu'  # run on cpu only
# compile = False # do not torch compile the model

Overriding: compile = False
Overriding: out_dir = runs\baseline_lr4e-3_s1338
Overriding: learning_rate = 0.004
Overriding: min_lr = 0.0004
Overriding: seed = 1338
Overriding: save_checkpoint = False
tokens per iteration will be: 16,384
found vocab_size = 65 (inside data\shakespeare_char\meta.pkl)
Initializing a new model from scratch
number of parameters: 10.65M
C:\Users\86271\hw1work\nanoGPT\train.py:204: FutureWarning: `torch.cuda.amp.GradScaler(args...)` is deprecated. Please use `torch.amp.GradScaler('cuda', args...)` instead.
  scaler = torch.cuda.amp.GradScaler(enabled=(dtype == 'float16'))
num decayed parameter tensors: 26, with 10,740,096 parameters
num non-decayed parameter tensors: 13, with 4,992 parameters
using fused AdamW: True
step 0: train loss 4.2372, val loss 4.2294
iter 0: loss 4.2346, time 11246.13ms, mfu -100.00%
iter 10: loss 3.0226, time 93.98ms, mfu 3.96%
iter 20: loss 2.6386, time 92.59ms, mfu 3.97%
iter 30: loss 2.5576, time 109.24ms, mfu 3.91%
iter 40: loss 2.5078, time 93.99ms, mfu 3.92%
iter 50: loss 2.5175, time 108.58ms, mfu 3.87%
iter 60: loss 2.4818, time 109.10ms, mfu 3.83%
iter 70: loss 2.4755, time 95.60ms, mfu 3.83%
iter 80: loss 2.4979, time 95.38ms, mfu 3.84%
iter 90: loss 2.5030, time 94.00ms, mfu 3.85%
iter 100: loss 2.4768, time 93.64ms, mfu 3.87%
iter 110: loss 2.4593, time 93.13ms, mfu 3.88%
iter 120: loss 2.4698, time 93.80ms, mfu 3.89%
iter 130: loss 2.4153, time 94.02ms, mfu 3.90%
iter 140: loss 2.3405, time 93.96ms, mfu 3.90%
iter 150: loss 2.2251, time 109.02ms, mfu 3.85%
iter 160: loss 2.2060, time 93.65ms, mfu 3.87%
iter 170: loss 2.1421, time 78.32ms, mfu 3.96%
iter 180: loss 2.1336, time 95.46ms, mfu 3.95%
iter 190: loss 2.0982, time 93.98ms, mfu 3.95%
iter 200: loss 2.0874, time 108.86ms, mfu 3.90%
iter 210: loss 2.0398, time 123.76ms, mfu 3.81%
iter 220: loss 2.0048, time 94.39ms, mfu 3.82%
iter 230: loss 1.9742, time 94.31ms, mfu 3.84%
iter 240: loss 1.9766, time 108.67ms, mfu 3.80%
step 250: train loss 1.8462, val loss 1.9781
iter 250: loss 1.9393, time 11455.20ms, mfu 3.42%
iter 260: loss 1.9179, time 78.85ms, mfu 3.55%
iter 270: loss 1.8719, time 78.52ms, mfu 3.67%
iter 280: loss 1.8620, time 95.00ms, mfu 3.70%
iter 290: loss 1.8312, time 108.70ms, mfu 3.67%
iter 300: loss 1.8452, time 93.47ms, mfu 3.70%
iter 310: loss 1.8500, time 94.44ms, mfu 3.72%
iter 320: loss 1.8135, time 108.16ms, mfu 3.70%
iter 330: loss 1.8258, time 108.95ms, mfu 3.67%
iter 340: loss 1.7847, time 93.50ms, mfu 3.70%
iter 350: loss 1.7750, time 94.87ms, mfu 3.72%
iter 360: loss 1.7856, time 93.37ms, mfu 3.75%
iter 370: loss 1.7885, time 93.85ms, mfu 3.77%
iter 380: loss 1.7666, time 108.72ms, mfu 3.74%
iter 390: loss 1.7551, time 94.47ms, mfu 3.76%
iter 400: loss 1.7300, time 94.27ms, mfu 3.78%
iter 410: loss 1.7424, time 93.68ms, mfu 3.80%
iter 420: loss 1.7543, time 109.13ms, mfu 3.76%
iter 430: loss 1.7422, time 93.80ms, mfu 3.78%
iter 440: loss 1.7205, time 93.06ms, mfu 3.80%
iter 450: loss 1.6926, time 108.40ms, mfu 3.77%
iter 460: loss 1.7394, time 94.07ms, mfu 3.79%
iter 470: loss 1.7128, time 109.72ms, mfu 3.75%
iter 480: loss 1.7282, time 109.14ms, mfu 3.71%
iter 490: loss 1.6806, time 109.73ms, mfu 3.68%
step 500: train loss 1.5994, val loss 1.7918
iter 500: loss 1.6915, time 11764.34ms, mfu 3.32%
iter 510: loss 1.7052, time 107.94ms, mfu 3.33%
iter 520: loss 1.6645, time 93.59ms, mfu 3.40%
iter 530: loss 1.6980, time 78.04ms, mfu 3.53%
iter 540: loss 1.6619, time 92.90ms, mfu 3.58%
iter 550: loss 1.6694, time 93.51ms, mfu 3.62%
iter 560: loss 1.6705, time 94.11ms, mfu 3.66%
iter 570: loss 1.6865, time 93.27ms, mfu 3.69%
iter 580: loss 1.6487, time 93.08ms, mfu 3.72%
iter 590: loss 1.6625, time 94.19ms, mfu 3.74%
iter 600: loss 1.6413, time 92.96ms, mfu 3.77%
iter 610: loss 1.6551, time 93.99ms, mfu 3.79%
iter 620: loss 1.6265, time 109.17ms, mfu 3.75%
iter 630: loss 1.6660, time 109.94ms, mfu 3.72%
iter 640: loss 1.5978, time 93.82ms, mfu 3.74%
iter 650: loss 1.6428, time 94.90ms, mfu 3.76%
iter 660: loss 1.6209, time 108.87ms, mfu 3.73%
iter 670: loss 1.6297, time 94.23ms, mfu 3.75%
iter 680: loss 1.5882, time 108.40ms, mfu 3.72%
iter 690: loss 1.5871, time 109.58ms, mfu 3.69%
iter 700: loss 1.5910, time 93.50ms, mfu 3.72%
iter 710: loss 1.6216, time 108.95ms, mfu 3.69%
iter 720: loss 1.5701, time 94.79ms, mfu 3.71%
iter 730: loss 1.5699, time 80.38ms, mfu 3.80%
iter 740: loss 1.5739, time 77.95ms, mfu 3.90%
step 750: train loss 1.4647, val loss 1.6787
iter 750: loss 1.5717, time 11672.23ms, mfu 3.51%
iter 760: loss 1.5230, time 94.82ms, mfu 3.56%
iter 770: loss 1.5498, time 108.59ms, mfu 3.54%
iter 780: loss 1.5498, time 95.67ms, mfu 3.58%
iter 790: loss 1.5282, time 93.63ms, mfu 3.62%
iter 800: loss 1.5470, time 109.46ms, mfu 3.60%
iter 810: loss 1.5641, time 94.69ms, mfu 3.63%
iter 820: loss 1.5334, time 108.74ms, mfu 3.61%
iter 830: loss 1.5259, time 79.22ms, mfu 3.72%
iter 840: loss 1.5272, time 94.45ms, mfu 3.74%
iter 850: loss 1.5477, time 108.31ms, mfu 3.71%
iter 860: loss 1.5052, time 108.46ms, mfu 3.68%
iter 870: loss 1.5249, time 93.98ms, mfu 3.71%
iter 880: loss 1.4775, time 108.35ms, mfu 3.69%
iter 890: loss 1.5055, time 93.89ms, mfu 3.71%
iter 900: loss 1.4890, time 92.07ms, mfu 3.75%
iter 910: loss 1.5158, time 93.29ms, mfu 3.77%
iter 920: loss 1.4867, time 94.57ms, mfu 3.79%
iter 930: loss 1.4779, time 94.11ms, mfu 3.81%
iter 940: loss 1.4874, time 93.66ms, mfu 3.82%
iter 950: loss 1.4810, time 93.89ms, mfu 3.84%
iter 960: loss 1.5116, time 93.82ms, mfu 3.85%
iter 970: loss 1.4995, time 93.86ms, mfu 3.86%
iter 980: loss 1.4855, time 93.55ms, mfu 3.87%
iter 990: loss 1.4295, time 94.40ms, mfu 3.88%
step 1000: train loss 1.3642, val loss 1.5813
iter 1000: loss 1.4647, time 11835.70ms, mfu 3.50%
iter 1010: loss 1.4843, time 109.27ms, mfu 3.49%
iter 1020: loss 1.4724, time 94.48ms, mfu 3.53%
iter 1030: loss 1.4350, time 109.37ms, mfu 3.52%
iter 1040: loss 1.4045, time 109.95ms, mfu 3.51%
iter 1050: loss 1.4078, time 108.22ms, mfu 3.50%
iter 1060: loss 1.4204, time 93.24ms, mfu 3.55%
iter 1070: loss 1.4378, time 109.02ms, mfu 3.54%
iter 1080: loss 1.4378, time 94.82ms, mfu 3.58%
iter 1090: loss 1.4737, time 93.68ms, mfu 3.62%
iter 1100: loss 1.3998, time 93.62ms, mfu 3.65%
iter 1110: loss 1.4185, time 80.29ms, mfu 3.75%
iter 1120: loss 1.4126, time 93.12ms, mfu 3.78%
iter 1130: loss 1.4204, time 92.90ms, mfu 3.80%
iter 1140: loss 1.4064, time 78.93ms, mfu 3.89%
iter 1150: loss 1.3986, time 93.69ms, mfu 3.90%
iter 1160: loss 1.3929, time 80.08ms, mfu 3.98%
iter 1170: loss 1.3736, time 93.16ms, mfu 3.98%
iter 1180: loss 1.3792, time 93.41ms, mfu 3.98%
iter 1190: loss 1.4348, time 109.24ms, mfu 3.92%
iter 1200: loss 1.4013, time 79.14ms, mfu 4.00%
iter 1210: loss 1.4074, time 108.16ms, mfu 3.95%
iter 1220: loss 1.3994, time 108.07ms, mfu 3.90%
iter 1230: loss 1.3550, time 93.29ms, mfu 3.91%
iter 1240: loss 1.3724, time 109.44ms, mfu 3.86%
step 1250: train loss 1.2884, val loss 1.5401
iter 1250: loss 1.4007, time 11885.83ms, mfu 3.47%
iter 1260: loss 1.3923, time 109.09ms, mfu 3.47%
iter 1270: loss 1.4033, time 109.15ms, mfu 3.46%
iter 1280: loss 1.3749, time 109.40ms, mfu 3.46%
iter 1290: loss 1.3930, time 93.42ms, mfu 3.51%
iter 1300: loss 1.3981, time 93.12ms, mfu 3.56%
iter 1310: loss 1.3454, time 108.55ms, mfu 3.55%
iter 1320: loss 1.3807, time 93.92ms, mfu 3.59%
iter 1330: loss 1.3712, time 78.33ms, mfu 3.71%
iter 1340: loss 1.3372, time 93.96ms, mfu 3.73%
iter 1350: loss 1.3521, time 110.35ms, mfu 3.70%
iter 1360: loss 1.4032, time 108.75ms, mfu 3.67%
iter 1370: loss 1.3704, time 108.81ms, mfu 3.64%
iter 1380: loss 1.3533, time 94.31ms, mfu 3.68%
iter 1390: loss 1.3569, time 78.08ms, mfu 3.78%
iter 1400: loss 1.3706, time 95.29ms, mfu 3.80%
iter 1410: loss 1.3561, time 80.23ms, mfu 3.88%
iter 1420: loss 1.3383, time 94.30ms, mfu 3.89%
iter 1430: loss 1.3327, time 93.76ms, mfu 3.90%
iter 1440: loss 1.3087, time 93.27ms, mfu 3.91%
iter 1450: loss 1.3719, time 79.37ms, mfu 3.99%
iter 1460: loss 1.3322, time 108.52ms, mfu 3.93%
iter 1470: loss 1.3134, time 94.76ms, mfu 3.93%
iter 1480: loss 1.3251, time 107.36ms, mfu 3.89%
iter 1490: loss 1.3496, time 78.96ms, mfu 3.97%
step 1500: train loss 1.2313, val loss 1.5072
iter 1500: loss 1.3413, time 12111.17ms, mfu 3.57%
iter 1510: loss 1.3332, time 93.78ms, mfu 3.61%
iter 1520: loss 1.3314, time 93.02ms, mfu 3.65%
iter 1530: loss 1.3015, time 94.45ms, mfu 3.68%
iter 1540: loss 1.3487, time 109.48ms, mfu 3.65%
iter 1550: loss 1.3141, time 108.62ms, mfu 3.63%
iter 1560: loss 1.3549, time 108.39ms, mfu 3.61%
iter 1570: loss 1.3080, time 93.64ms, mfu 3.65%
iter 1580: loss 1.3010, time 108.41ms, mfu 3.63%
iter 1590: loss 1.2871, time 94.02ms, mfu 3.66%
iter 1600: loss 1.3056, time 93.23ms, mfu 3.70%
iter 1610: loss 1.2752, time 94.23ms, mfu 3.72%
iter 1620: loss 1.3055, time 94.13ms, mfu 3.75%
iter 1630: loss 1.3272, time 79.96ms, mfu 3.84%
iter 1640: loss 1.3228, time 108.36ms, mfu 3.80%
iter 1650: loss 1.2975, time 93.74ms, mfu 3.81%
iter 1660: loss 1.2910, time 92.56ms, mfu 3.84%
iter 1670: loss 1.3167, time 110.04ms, mfu 3.79%
iter 1680: loss 1.2692, time 108.71ms, mfu 3.75%
iter 1690: loss 1.2791, time 109.31ms, mfu 3.72%
iter 1700: loss 1.2782, time 93.73ms, mfu 3.75%
iter 1710: loss 1.2455, time 93.08ms, mfu 3.77%
iter 1720: loss 1.2674, time 94.55ms, mfu 3.79%
iter 1730: loss 1.2899, time 94.04ms, mfu 3.81%
iter 1740: loss 1.2922, time 94.58ms, mfu 3.82%
step 1750: train loss 1.1880, val loss 1.4847
iter 1750: loss 1.2793, time 11950.25ms, mfu 3.44%
iter 1760: loss 1.2954, time 94.57ms, mfu 3.49%
iter 1770: loss 1.2964, time 94.70ms, mfu 3.53%
iter 1780: loss 1.2298, time 108.91ms, mfu 3.52%
iter 1790: loss 1.2760, time 138.94ms, mfu 3.44%
iter 1800: loss 1.2401, time 109.49ms, mfu 3.44%
iter 1810: loss 1.2545, time 108.66ms, mfu 3.43%
iter 1820: loss 1.2695, time 108.66ms, mfu 3.43%
iter 1830: loss 1.2794, time 110.44ms, mfu 3.43%
iter 1840: loss 1.2663, time 93.94ms, mfu 3.48%
iter 1850: loss 1.2743, time 93.49ms, mfu 3.53%
iter 1860: loss 1.3144, time 124.71ms, mfu 3.48%
iter 1870: loss 1.2658, time 107.57ms, mfu 3.48%
iter 1880: loss 1.2496, time 109.33ms, mfu 3.47%
iter 1890: loss 1.2473, time 109.12ms, mfu 3.46%
iter 1900: loss 1.2594, time 92.95ms, mfu 3.52%
iter 1910: loss 1.2670, time 94.05ms, mfu 3.56%
iter 1920: loss 1.2453, time 94.26ms, mfu 3.60%
iter 1930: loss 1.2662, time 93.78ms, mfu 3.64%
iter 1940: loss 1.2491, time 108.75ms, mfu 3.62%
iter 1950: loss 1.2297, time 92.69ms, mfu 3.66%
iter 1960: loss 1.2556, time 108.55ms, mfu 3.64%
iter 1970: loss 1.2277, time 122.25ms, mfu 3.58%
iter 1980: loss 1.2981, time 93.83ms, mfu 3.62%
iter 1990: loss 1.2331, time 93.13ms, mfu 3.65%
step 2000: train loss 1.1488, val loss 1.4803
iter 2000: loss 1.2176, time 11277.35ms, mfu 3.29%
iter 2010: loss 1.2266, time 109.48ms, mfu 3.30%
iter 2020: loss 1.2137, time 123.43ms, mfu 3.28%
iter 2030: loss 1.2389, time 93.38ms, mfu 3.35%
iter 2040: loss 1.2337, time 123.55ms, mfu 3.31%
iter 2050: loss 1.2178, time 94.27ms, mfu 3.38%
iter 2060: loss 1.2142, time 93.15ms, mfu 3.44%
iter 2070: loss 1.2359, time 108.91ms, mfu 3.44%
iter 2080: loss 1.1997, time 94.42ms, mfu 3.49%
iter 2090: loss 1.2201, time 107.99ms, mfu 3.49%
iter 2100: loss 1.2250, time 78.40ms, mfu 3.61%
iter 2110: loss 1.2432, time 94.79ms, mfu 3.64%
iter 2120: loss 1.2432, time 108.16ms, mfu 3.62%
iter 2130: loss 1.2262, time 94.41ms, mfu 3.66%
iter 2140: loss 1.2013, time 125.09ms, mfu 3.59%
iter 2150: loss 1.2110, time 108.58ms, mfu 3.57%
iter 2160: loss 1.1965, time 78.14ms, mfu 3.69%
iter 2170: loss 1.2128, time 123.30ms, mfu 3.63%
iter 2180: loss 1.2112, time 92.96ms, mfu 3.66%
iter 2190: loss 1.2545, time 93.87ms, mfu 3.69%
iter 2200: loss 1.2328, time 108.60ms, mfu 3.67%
iter 2210: loss 1.2251, time 78.66ms, mfu 3.77%
iter 2220: loss 1.2173, time 109.18ms, mfu 3.74%
iter 2230: loss 1.1877, time 94.03ms, mfu 3.76%
iter 2240: loss 1.2119, time 92.47ms, mfu 3.79%
step 2250: train loss 1.1091, val loss 1.4704
iter 2250: loss 1.2170, time 11406.56ms, mfu 3.41%
iter 2260: loss 1.2077, time 94.16ms, mfu 3.47%
iter 2270: loss 1.1904, time 93.07ms, mfu 3.52%
iter 2280: loss 1.1809, time 93.21ms, mfu 3.57%
iter 2290: loss 1.1790, time 94.31ms, mfu 3.61%
iter 2300: loss 1.2309, time 109.68ms, mfu 3.59%
iter 2310: loss 1.1867, time 108.00ms, mfu 3.57%
iter 2320: loss 1.1793, time 93.63ms, mfu 3.61%
iter 2330: loss 1.1881, time 92.14ms, mfu 3.66%
iter 2340: loss 1.1929, time 94.06ms, mfu 3.69%
iter 2350: loss 1.1789, time 93.19ms, mfu 3.72%
iter 2360: loss 1.1853, time 110.19ms, mfu 3.68%
iter 2370: loss 1.1996, time 109.85ms, mfu 3.65%
iter 2380: loss 1.1908, time 94.11ms, mfu 3.69%
iter 2390: loss 1.1809, time 109.65ms, mfu 3.66%
iter 2400: loss 1.1410, time 93.49ms, mfu 3.69%
iter 2410: loss 1.1923, time 93.57ms, mfu 3.72%
iter 2420: loss 1.1673, time 108.82ms, mfu 3.69%
iter 2430: loss 1.1501, time 78.50ms, mfu 3.80%
iter 2440: loss 1.1441, time 92.66ms, mfu 3.82%
iter 2450: loss 1.1826, time 94.15ms, mfu 3.83%
iter 2460: loss 1.1879, time 79.92ms, mfu 3.91%
iter 2470: loss 1.1818, time 109.43ms, mfu 3.86%
iter 2480: loss 1.1553, time 109.21ms, mfu 3.82%
iter 2490: loss 1.1665, time 109.93ms, mfu 3.78%
step 2500: train loss 1.0660, val loss 1.4552
iter 2500: loss 1.1765, time 11743.22ms, mfu 3.40%
iter 2510: loss 1.1448, time 94.41ms, mfu 3.46%
iter 2520: loss 1.1735, time 93.76ms, mfu 3.51%
iter 2530: loss 1.1717, time 107.41ms, mfu 3.50%
iter 2540: loss 1.1514, time 93.21ms, mfu 3.55%
iter 2550: loss 1.1626, time 94.31ms, mfu 3.59%
iter 2560: loss 1.1612, time 78.97ms, mfu 3.71%
iter 2570: loss 1.1565, time 92.90ms, mfu 3.74%
iter 2580: loss 1.1465, time 109.27ms, mfu 3.70%
iter 2590: loss 1.1526, time 94.05ms, mfu 3.73%
iter 2600: loss 1.1698, time 94.88ms, mfu 3.75%
iter 2610: loss 1.1356, time 108.80ms, mfu 3.72%
iter 2620: loss 1.1505, time 94.63ms, mfu 3.74%
iter 2630: loss 1.1668, time 93.34ms, mfu 3.76%
iter 2640: loss 1.1152, time 95.12ms, mfu 3.78%
iter 2650: loss 1.1299, time 94.78ms, mfu 3.79%
iter 2660: loss 1.1558, time 108.26ms, mfu 3.76%
iter 2670: loss 1.1449, time 78.51ms, mfu 3.86%
iter 2680: loss 1.1430, time 94.55ms, mfu 3.87%
iter 2690: loss 1.1527, time 109.27ms, mfu 3.82%
iter 2700: loss 1.1046, time 110.17ms, mfu 3.78%
iter 2710: loss 1.1282, time 77.91ms, mfu 3.88%
iter 2720: loss 1.0937, time 88.51ms, mfu 3.91%
iter 2730: loss 1.1394, time 107.94ms, mfu 3.86%
iter 2740: loss 1.1315, time 108.87ms, mfu 3.82%
step 2750: train loss 1.0298, val loss 1.4577
iter 2750: loss 1.1514, time 11768.90ms, mfu 3.44%
iter 2760: loss 1.1109, time 108.51ms, mfu 3.44%
iter 2770: loss 1.1431, time 108.29ms, mfu 3.44%
iter 2780: loss 1.1391, time 93.34ms, mfu 3.50%
iter 2790: loss 1.1250, time 93.09ms, mfu 3.55%
iter 2800: loss 1.1144, time 108.83ms, mfu 3.53%
iter 2810: loss 1.1129, time 108.03ms, mfu 3.53%
iter 2820: loss 1.1326, time 94.46ms, mfu 3.57%
iter 2830: loss 1.0917, time 95.02ms, mfu 3.60%
iter 2840: loss 1.1104, time 93.31ms, mfu 3.64%
iter 2850: loss 1.1076, time 94.40ms, mfu 3.67%
iter 2860: loss 1.1014, time 108.01ms, mfu 3.65%
iter 2870: loss 1.1308, time 108.13ms, mfu 3.63%
iter 2880: loss 1.1265, time 107.84ms, mfu 3.61%
iter 2890: loss 1.1122, time 78.73ms, mfu 3.72%
iter 2900: loss 1.1360, time 93.13ms, mfu 3.75%
iter 2910: loss 1.1076, time 94.22ms, mfu 3.77%
iter 2920: loss 1.0708, time 109.24ms, mfu 3.74%
iter 2930: loss 1.1077, time 92.99ms, mfu 3.76%
iter 2940: loss 1.1034, time 107.84ms, mfu 3.73%
iter 2950: loss 1.0829, time 93.62ms, mfu 3.76%
iter 2960: loss 1.0985, time 93.96ms, mfu 3.78%
iter 2970: loss 1.0952, time 93.17ms, mfu 3.80%
iter 2980: loss 1.1173, time 108.35ms, mfu 3.76%
iter 2990: loss 1.0945, time 93.31ms, mfu 3.79%
step 3000: train loss 0.9910, val loss 1.4781
iter 3000: loss 1.0937, time 11845.10ms, mfu 3.41%
iter 3010: loss 1.1095, time 108.87ms, mfu 3.41%
iter 3020: loss 1.1057, time 94.16ms, mfu 3.47%
iter 3030: loss 1.1086, time 109.89ms, mfu 3.46%
iter 3040: loss 1.0869, time 110.46ms, mfu 3.45%
iter 3050: loss 1.0950, time 92.97ms, mfu 3.51%
iter 3060: loss 1.1010, time 109.26ms, mfu 3.50%
iter 3070: loss 1.1069, time 94.22ms, mfu 3.54%
iter 3080: loss 1.0924, time 91.65ms, mfu 3.60%
iter 3090: loss 1.0971, time 79.16ms, mfu 3.71%
iter 3100: loss 1.0748, time 79.03ms, mfu 3.81%
iter 3110: loss 1.0917, time 94.13ms, mfu 3.82%
iter 3120: loss 1.0938, time 93.71ms, mfu 3.84%
iter 3130: loss 1.0874, time 108.86ms, mfu 3.80%
iter 3140: loss 1.1039, time 94.56ms, mfu 3.81%
iter 3150: loss 1.0591, time 79.06ms, mfu 3.90%
iter 3160: loss 1.0800, time 108.98ms, mfu 3.85%
iter 3170: loss 1.0577, time 93.48ms, mfu 3.87%
iter 3180: loss 1.0616, time 93.81ms, mfu 3.88%
iter 3190: loss 1.0854, time 93.36ms, mfu 3.89%
iter 3200: loss 1.0946, time 109.72ms, mfu 3.84%
iter 3210: loss 1.1000, time 94.66ms, mfu 3.85%
iter 3220: loss 1.0871, time 108.95ms, mfu 3.81%
iter 3230: loss 1.0936, time 94.34ms, mfu 3.82%
iter 3240: loss 1.0462, time 94.21ms, mfu 3.83%
step 3250: train loss 0.9476, val loss 1.4868
iter 3250: loss 1.0949, time 11907.42ms, mfu 3.45%
iter 3260: loss 1.0819, time 93.86ms, mfu 3.51%
iter 3270: loss 1.0722, time 108.88ms, mfu 3.50%
iter 3280: loss 1.0563, time 94.82ms, mfu 3.54%
iter 3290: loss 1.0570, time 94.57ms, mfu 3.58%
iter 3300: loss 1.0553, time 93.64ms, mfu 3.62%
iter 3310: loss 1.0665, time 94.25ms, mfu 3.65%
iter 3320: loss 1.0433, time 95.19ms, mfu 3.68%
iter 3330: loss 1.0541, time 109.40ms, mfu 3.65%
iter 3340: loss 1.0794, time 109.74ms, mfu 3.63%
iter 3350: loss 1.0804, time 94.04ms, mfu 3.66%
iter 3360: loss 1.0513, time 108.77ms, mfu 3.64%
iter 3370: loss 1.0428, time 93.57ms, mfu 3.67%
iter 3380: loss 1.0597, time 77.85ms, mfu 3.78%
iter 3390: loss 1.0437, time 93.28ms, mfu 3.80%
iter 3400: loss 1.0458, time 93.03ms, mfu 3.82%
iter 3410: loss 1.0562, time 108.66ms, mfu 3.78%
iter 3420: loss 1.0313, time 93.23ms, mfu 3.81%
iter 3430: loss 1.0432, time 94.09ms, mfu 3.82%
iter 3440: loss 1.0376, time 123.85ms, mfu 3.74%
iter 3450: loss 1.0311, time 108.75ms, mfu 3.71%
iter 3460: loss 1.0902, time 108.30ms, mfu 3.68%
iter 3470: loss 1.0354, time 94.81ms, mfu 3.71%
iter 3480: loss 1.0499, time 94.15ms, mfu 3.73%
iter 3490: loss 1.0473, time 92.91ms, mfu 3.76%
step 3500: train loss 0.9103, val loss 1.4981
iter 3500: loss 1.0219, time 11920.12ms, mfu 3.39%
iter 3510: loss 1.0561, time 108.89ms, mfu 3.39%
iter 3520: loss 1.0054, time 93.65ms, mfu 3.45%
iter 3530: loss 1.0246, time 107.56ms, mfu 3.45%
iter 3540: loss 1.0474, time 93.91ms, mfu 3.50%
iter 3550: loss 1.0159, time 109.09ms, mfu 3.49%
iter 3560: loss 1.0532, time 93.48ms, mfu 3.54%
iter 3570: loss 1.0250, time 94.20ms, mfu 3.58%
iter 3580: loss 1.0311, time 108.43ms, mfu 3.57%
iter 3590: loss 1.0365, time 94.27ms, mfu 3.61%
iter 3600: loss 1.0212, time 94.12ms, mfu 3.64%
iter 3610: loss 1.0168, time 94.06ms, mfu 3.67%
iter 3620: loss 1.0417, time 93.07ms, mfu 3.71%
iter 3630: loss 1.0091, time 124.07ms, mfu 3.64%
iter 3640: loss 1.0242, time 110.40ms, mfu 3.61%
iter 3650: loss 1.0443, time 93.46ms, mfu 3.65%
iter 3660: loss 1.0169, time 93.97ms, mfu 3.68%
iter 3670: loss 1.0032, time 78.80ms, mfu 3.79%
iter 3680: loss 0.9883, time 94.48ms, mfu 3.80%
iter 3690: loss 0.9998, time 108.45ms, mfu 3.76%
iter 3700: loss 1.0062, time 107.84ms, mfu 3.73%
iter 3710: loss 0.9811, time 94.07ms, mfu 3.76%
iter 3720: loss 1.0057, time 93.06ms, mfu 3.78%
iter 3730: loss 1.0102, time 108.96ms, mfu 3.74%
iter 3740: loss 0.9797, time 92.46ms, mfu 3.77%
step 3750: train loss 0.8684, val loss 1.5219
iter 3750: loss 1.0176, time 11710.75ms, mfu 3.40%
iter 3760: loss 0.9840, time 110.13ms, mfu 3.40%
iter 3770: loss 0.9909, time 93.87ms, mfu 3.45%
iter 3780: loss 1.0137, time 93.33ms, mfu 3.51%
iter 3790: loss 0.9702, time 94.29ms, mfu 3.55%
iter 3800: loss 0.9933, time 108.95ms, mfu 3.54%
iter 3810: loss 1.0158, time 94.41ms, mfu 3.58%
iter 3820: loss 1.0146, time 93.38ms, mfu 3.62%
iter 3830: loss 1.0048, time 109.32ms, mfu 3.60%
iter 3840: loss 0.9959, time 108.35ms, mfu 3.58%
iter 3850: loss 1.0050, time 94.20ms, mfu 3.62%
iter 3860: loss 0.9650, time 93.93ms, mfu 3.66%
iter 3870: loss 0.9638, time 93.70ms, mfu 3.69%
iter 3880: loss 0.9795, time 93.47ms, mfu 3.72%
iter 3890: loss 0.9886, time 109.41ms, mfu 3.69%
iter 3900: loss 1.0310, time 93.88ms, mfu 3.71%
iter 3910: loss 0.9779, time 124.62ms, mfu 3.64%
iter 3920: loss 0.9903, time 94.02ms, mfu 3.67%
iter 3930: loss 0.9924, time 93.98ms, mfu 3.70%
iter 3940: loss 0.9855, time 96.40ms, mfu 3.72%
iter 3950: loss 0.9812, time 109.29ms, mfu 3.69%
iter 3960: loss 0.9800, time 109.25ms, mfu 3.66%
iter 3970: loss 0.9596, time 94.87ms, mfu 3.69%
iter 3980: loss 0.9901, time 92.97ms, mfu 3.72%
iter 3990: loss 0.9734, time 93.18ms, mfu 3.75%
step 4000: train loss 0.8319, val loss 1.5349
iter 4000: loss 0.9869, time 11468.59ms, mfu 3.38%
iter 4010: loss 0.9889, time 108.77ms, mfu 3.38%
iter 4020: loss 0.9409, time 93.16ms, mfu 3.44%
iter 4030: loss 0.9881, time 93.90ms, mfu 3.50%
iter 4040: loss 0.9780, time 93.12ms, mfu 3.55%
iter 4050: loss 0.9378, time 108.93ms, mfu 3.53%
iter 4060: loss 0.9675, time 108.75ms, mfu 3.52%
iter 4070: loss 0.9873, time 93.55ms, mfu 3.57%
iter 4080: loss 0.9801, time 92.33ms, mfu 3.62%
iter 4090: loss 0.9393, time 95.02ms, mfu 3.65%
iter 4100: loss 0.9676, time 78.96ms, mfu 3.75%
iter 4110: loss 0.9881, time 93.10ms, mfu 3.78%
iter 4120: loss 0.9462, time 107.05ms, mfu 3.75%
iter 4130: loss 0.9418, time 108.14ms, mfu 3.72%
iter 4140: loss 0.9605, time 93.78ms, mfu 3.74%
iter 4150: loss 0.9424, time 108.98ms, mfu 3.71%
iter 4160: loss 0.9475, time 108.30ms, mfu 3.68%
iter 4170: loss 0.9568, time 93.60ms, mfu 3.71%
iter 4180: loss 0.9625, time 92.89ms, mfu 3.74%
iter 4190: loss 0.9602, time 94.85ms, mfu 3.76%
iter 4200: loss 0.9456, time 93.47ms, mfu 3.78%
iter 4210: loss 0.9814, time 122.73ms, mfu 3.71%
iter 4220: loss 0.9434, time 93.44ms, mfu 3.74%
iter 4230: loss 0.9700, time 93.65ms, mfu 3.76%
iter 4240: loss 0.9663, time 109.59ms, mfu 3.73%
step 4250: train loss 0.8001, val loss 1.5548
iter 4250: loss 0.9456, time 11447.27ms, mfu 3.36%
iter 4260: loss 0.9589, time 123.02ms, mfu 3.32%
iter 4270: loss 0.9230, time 94.49ms, mfu 3.39%
iter 4280: loss 0.9593, time 110.65ms, mfu 3.38%
iter 4290: loss 0.9388, time 110.24ms, mfu 3.38%
iter 4300: loss 0.9424, time 109.80ms, mfu 3.38%
iter 4310: loss 0.9408, time 96.12ms, mfu 3.43%
iter 4320: loss 0.9553, time 108.26ms, mfu 3.43%
iter 4330: loss 0.9620, time 110.21ms, mfu 3.43%
iter 4340: loss 0.9707, time 108.84ms, mfu 3.43%
iter 4350: loss 0.9469, time 79.06ms, mfu 3.56%
iter 4360: loss 0.9289, time 107.07ms, mfu 3.55%
iter 4370: loss 0.9111, time 92.90ms, mfu 3.60%
iter 4380: loss 0.9410, time 94.61ms, mfu 3.63%
iter 4390: loss 0.9197, time 92.38ms, mfu 3.67%
iter 4400: loss 0.9091, time 94.59ms, mfu 3.70%
iter 4410: loss 0.9337, time 93.68ms, mfu 3.73%
iter 4420: loss 0.9333, time 94.78ms, mfu 3.75%
iter 4430: loss 0.9464, time 109.72ms, mfu 3.71%
iter 4440: loss 0.9170, time 108.97ms, mfu 3.68%
iter 4450: loss 0.9354, time 108.68ms, mfu 3.66%
iter 4460: loss 0.9281, time 108.62ms, mfu 3.63%
iter 4470: loss 0.9471, time 93.57ms, mfu 3.67%
iter 4480: loss 0.9440, time 94.06ms, mfu 3.70%
iter 4490: loss 0.9125, time 93.58ms, mfu 3.73%
step 4500: train loss 0.7687, val loss 1.5819
iter 4500: loss 0.9417, time 11525.84ms, mfu 3.36%
iter 4510: loss 0.9481, time 94.50ms, mfu 3.42%
iter 4520: loss 0.9161, time 110.61ms, mfu 3.41%
iter 4530: loss 0.9222, time 94.65ms, mfu 3.46%
iter 4540: loss 0.9123, time 93.83ms, mfu 3.51%
iter 4550: loss 0.9163, time 94.28ms, mfu 3.56%
iter 4560: loss 0.9212, time 108.64ms, mfu 3.55%
iter 4570: loss 0.9209, time 78.00ms, mfu 3.67%
iter 4580: loss 0.9040, time 108.85ms, mfu 3.64%
iter 4590: loss 0.9087, time 94.24ms, mfu 3.67%
iter 4600: loss 0.9221, time 109.32ms, mfu 3.65%
iter 4610: loss 0.9159, time 109.53ms, mfu 3.62%
iter 4620: loss 0.8873, time 94.80ms, mfu 3.65%
iter 4630: loss 0.9198, time 109.83ms, mfu 3.63%
iter 4640: loss 0.9253, time 92.34ms, mfu 3.67%
iter 4650: loss 0.9218, time 107.73ms, mfu 3.65%
iter 4660: loss 0.9380, time 93.33ms, mfu 3.68%
iter 4670: loss 0.9465, time 94.06ms, mfu 3.71%
iter 4680: loss 0.9396, time 108.34ms, mfu 3.68%
iter 4690: loss 0.9285, time 80.14ms, mfu 3.78%
iter 4700: loss 0.9159, time 94.91ms, mfu 3.79%
iter 4710: loss 0.9415, time 93.02ms, mfu 3.82%
iter 4720: loss 0.9111, time 93.57ms, mfu 3.83%
iter 4730: loss 0.9202, time 78.75ms, mfu 3.92%
iter 4740: loss 0.9087, time 79.91ms, mfu 4.00%
step 4750: train loss 0.7479, val loss 1.5997
iter 4750: loss 0.9117, time 11520.87ms, mfu 3.60%
iter 4760: loss 0.9190, time 91.92ms, mfu 3.65%
iter 4770: loss 0.9190, time 79.07ms, mfu 3.75%
iter 4780: loss 0.9131, time 93.17ms, mfu 3.78%
iter 4790: loss 0.8964, time 92.99ms, mfu 3.80%
iter 4800: loss 0.8844, time 93.88ms, mfu 3.82%
iter 4810: loss 0.9289, time 94.14ms, mfu 3.83%
iter 4820: loss 0.9347, time 78.33ms, mfu 3.92%
iter 4830: loss 0.9174, time 79.05ms, mfu 4.00%
iter 4840: loss 0.8975, time 93.12ms, mfu 4.00%
iter 4850: loss 0.8828, time 108.41ms, mfu 3.95%
iter 4860: loss 0.8943, time 94.88ms, mfu 3.94%
iter 4870: loss 0.8949, time 79.26ms, mfu 4.02%
iter 4880: loss 0.8800, time 94.02ms, mfu 4.01%
iter 4890: loss 0.8939, time 94.03ms, mfu 4.01%
iter 4900: loss 0.8889, time 80.80ms, mfu 4.07%
iter 4910: loss 0.9105, time 108.61ms, mfu 4.01%
iter 4920: loss 0.9127, time 108.30ms, mfu 3.95%
iter 4930: loss 0.9142, time 93.40ms, mfu 3.95%
iter 4940: loss 0.9372, time 108.75ms, mfu 3.90%
iter 4950: loss 0.9167, time 78.35ms, mfu 3.99%
iter 4960: loss 0.9313, time 93.40ms, mfu 3.99%
iter 4970: loss 0.8913, time 93.01ms, mfu 3.99%
iter 4980: loss 0.8651, time 79.06ms, mfu 4.06%
iter 4990: loss 0.8753, time 109.46ms, mfu 4.00%
step 5000: train loss 0.7288, val loss 1.6086
iter 5000: loss 0.8744, time 11756.39ms, mfu 3.60%
