Overriding config with config/train_shakespeare_char.py:
# train a miniature character-level shakespeare model
# good for debugging and playing on macbooks and such

out_dir = 'out-shakespeare-char'
eval_interval = 250 # keep frequent because we'll overfit
eval_iters = 200
log_interval = 10 # don't print too too often

# we expect to overfit on this small dataset, so only save when val improves
always_save_checkpoint = False

wandb_log = False # override via command line if you like
wandb_project = 'shakespeare-char'
wandb_run_name = 'mini-gpt'

dataset = 'shakespeare_char'
gradient_accumulation_steps = 1
batch_size = 64
block_size = 256 # context of up to 256 previous characters

# baby GPT model :)
n_layer = 6
n_head = 6
n_embd = 384
dropout = 0.2

learning_rate = 1e-3 # with baby networks can afford to go a bit higher
max_iters = 5000
lr_decay_iters = 5000 # make equal to max_iters usually
min_lr = 1e-4 # learning_rate / 10 usually
beta2 = 0.99 # make a bit bigger because number of tokens per iter is small

warmup_iters = 100 # not super necessary potentially

# on macbook also add
# device = 'cpu'  # run on cpu only
# compile = False # do not torch compile the model

Overriding: compile = False
Overriding: out_dir = runs\rope_lr5e-4
Overriding: learning_rate = 0.0005
Overriding: min_lr = 5e-05
Overriding: seed = 1337
Overriding: save_checkpoint = False
Overriding: pos_type = rope
tokens per iteration will be: 16,384
found vocab_size = 65 (inside data\shakespeare_char\meta.pkl)
Initializing a new model from scratch
number of parameters: 10.65M
C:\Users\86271\hw1work\nanoGPT\train.py:204: FutureWarning: `torch.cuda.amp.GradScaler(args...)` is deprecated. Please use `torch.amp.GradScaler('cuda', args...)` instead.
  scaler = torch.cuda.amp.GradScaler(enabled=(dtype == 'float16'))
num decayed parameter tensors: 25, with 10,641,792 parameters
num non-decayed parameter tensors: 13, with 4,992 parameters
using fused AdamW: True
step 0: train loss 4.1935, val loss 4.2004
iter 0: loss 4.2161, time 14395.72ms, mfu -100.00%
iter 10: loss 3.2292, time 107.63ms, mfu 3.46%
iter 20: loss 2.7969, time 94.11ms, mfu 3.51%
iter 30: loss 2.6196, time 93.10ms, mfu 3.56%
iter 40: loss 2.5610, time 122.71ms, mfu 3.51%
iter 50: loss 2.5241, time 108.30ms, mfu 3.50%
iter 60: loss 2.4190, time 123.27ms, mfu 3.45%
iter 70: loss 2.3884, time 124.17ms, mfu 3.41%
iter 80: loss 2.3152, time 110.38ms, mfu 3.41%
iter 90: loss 2.2497, time 123.13ms, mfu 3.37%
iter 100: loss 2.1860, time 124.12ms, mfu 3.33%
iter 110: loss 2.1489, time 108.89ms, mfu 3.34%
iter 120: loss 2.0910, time 108.50ms, mfu 3.35%
iter 130: loss 2.0237, time 139.74ms, mfu 3.28%
iter 140: loss 2.0196, time 123.52ms, mfu 3.25%
iter 150: loss 1.9743, time 138.72ms, mfu 3.20%
iter 160: loss 1.9182, time 109.26ms, mfu 3.22%
iter 170: loss 1.9012, time 110.58ms, mfu 3.23%
iter 180: loss 1.8930, time 110.32ms, mfu 3.25%
iter 190: loss 1.8585, time 125.38ms, mfu 3.22%
iter 200: loss 1.8182, time 123.08ms, mfu 3.20%
iter 210: loss 1.7904, time 109.97ms, mfu 3.22%
iter 220: loss 1.8187, time 140.10ms, mfu 3.16%
iter 230: loss 1.7719, time 109.61ms, mfu 3.19%
iter 240: loss 1.7377, time 94.84ms, mfu 3.26%
step 250: train loss 1.6426, val loss 1.8090
iter 250: loss 1.7233, time 13498.62ms, mfu 2.94%
iter 260: loss 1.6860, time 109.58ms, mfu 2.98%
iter 270: loss 1.7044, time 123.44ms, mfu 2.99%
iter 280: loss 1.7335, time 109.58ms, mfu 3.03%
iter 290: loss 1.6991, time 109.35ms, mfu 3.07%
iter 300: loss 1.6908, time 124.50ms, mfu 3.06%
iter 310: loss 1.6586, time 124.65ms, mfu 3.05%
iter 320: loss 1.6535, time 124.97ms, mfu 3.05%
iter 330: loss 1.6199, time 93.46ms, mfu 3.14%
iter 340: loss 1.6233, time 140.04ms, mfu 3.09%
iter 350: loss 1.6255, time 124.81ms, mfu 3.08%
iter 360: loss 1.6246, time 109.54ms, mfu 3.11%
iter 370: loss 1.6276, time 109.05ms, mfu 3.14%
iter 380: loss 1.5991, time 109.93ms, mfu 3.17%
iter 390: loss 1.5859, time 123.21ms, mfu 3.15%
iter 400: loss 1.5382, time 124.32ms, mfu 3.14%
iter 410: loss 1.5783, time 110.85ms, mfu 3.16%
iter 420: loss 1.5144, time 123.59ms, mfu 3.15%
iter 430: loss 1.5179, time 94.93ms, mfu 3.22%
iter 440: loss 1.5625, time 109.97ms, mfu 3.24%
iter 450: loss 1.5334, time 109.60ms, mfu 3.26%
iter 460: loss 1.4838, time 93.83ms, mfu 3.33%
iter 470: loss 1.4888, time 123.70ms, mfu 3.30%
iter 480: loss 1.5018, time 109.51ms, mfu 3.31%
iter 490: loss 1.4966, time 109.50ms, mfu 3.32%
step 500: train loss 1.4073, val loss 1.6273
iter 500: loss 1.5582, time 13690.61ms, mfu 2.99%
iter 510: loss 1.5050, time 124.89ms, mfu 2.99%
iter 520: loss 1.4919, time 125.11ms, mfu 2.99%
iter 530: loss 1.4913, time 124.74ms, mfu 2.99%
iter 540: loss 1.4742, time 123.85ms, mfu 2.99%
iter 550: loss 1.4774, time 94.41ms, mfu 3.08%
iter 560: loss 1.4475, time 124.40ms, mfu 3.08%
iter 570: loss 1.4473, time 108.58ms, mfu 3.11%
iter 580: loss 1.4481, time 110.07ms, mfu 3.14%
iter 590: loss 1.4814, time 109.29ms, mfu 3.17%
iter 600: loss 1.4516, time 108.69ms, mfu 3.19%
iter 610: loss 1.4101, time 95.06ms, mfu 3.26%
iter 620: loss 1.4369, time 94.36ms, mfu 3.33%
iter 630: loss 1.4417, time 94.76ms, mfu 3.39%
iter 640: loss 1.4285, time 109.37ms, mfu 3.39%
iter 650: loss 1.4266, time 110.04ms, mfu 3.39%
iter 660: loss 1.3861, time 96.71ms, mfu 3.44%
iter 670: loss 1.4067, time 97.50ms, mfu 3.48%
iter 680: loss 1.3692, time 108.60ms, mfu 3.47%
iter 690: loss 1.3956, time 108.37ms, mfu 3.47%
iter 700: loss 1.3604, time 108.64ms, mfu 3.47%
iter 710: loss 1.3706, time 79.18ms, mfu 3.59%
iter 720: loss 1.3837, time 124.65ms, mfu 3.53%
iter 730: loss 1.4074, time 126.36ms, mfu 3.47%
iter 740: loss 1.3765, time 112.88ms, mfu 3.45%
step 750: train loss 1.3021, val loss 1.5474
iter 750: loss 1.3451, time 13924.20ms, mfu 3.11%
iter 760: loss 1.3838, time 109.83ms, mfu 3.14%
iter 770: loss 1.3561, time 108.74ms, mfu 3.17%
iter 780: loss 1.3407, time 109.52ms, mfu 3.19%
iter 790: loss 1.3856, time 110.21ms, mfu 3.21%
iter 800: loss 1.3429, time 123.59ms, mfu 3.19%
iter 810: loss 1.3435, time 123.90ms, mfu 3.17%
iter 820: loss 1.3629, time 109.81ms, mfu 3.19%
iter 830: loss 1.3164, time 109.97ms, mfu 3.21%
iter 840: loss 1.3228, time 124.76ms, mfu 3.19%
iter 850: loss 1.3560, time 109.95ms, mfu 3.21%
iter 860: loss 1.3211, time 124.51ms, mfu 3.19%
iter 870: loss 1.3185, time 109.26ms, mfu 3.21%
iter 880: loss 1.3177, time 108.74ms, mfu 3.23%
iter 890: loss 1.3435, time 124.32ms, mfu 3.21%
iter 900: loss 1.3295, time 140.25ms, mfu 3.15%
iter 910: loss 1.3369, time 109.60ms, mfu 3.18%
iter 920: loss 1.3088, time 122.28ms, mfu 3.17%
iter 930: loss 1.3221, time 124.19ms, mfu 3.15%
iter 940: loss 1.3200, time 110.24ms, mfu 3.17%
iter 950: loss 1.2726, time 109.56ms, mfu 3.20%
iter 960: loss 1.2947, time 110.31ms, mfu 3.21%
iter 970: loss 1.3110, time 96.39ms, mfu 3.28%
iter 980: loss 1.3123, time 124.08ms, mfu 3.25%
iter 990: loss 1.3106, time 124.77ms, mfu 3.22%
step 1000: train loss 1.2257, val loss 1.4979
iter 1000: loss 1.3085, time 14243.54ms, mfu 2.90%
iter 1010: loss 1.2857, time 93.89ms, mfu 3.01%
iter 1020: loss 1.2956, time 109.56ms, mfu 3.05%
iter 1030: loss 1.2776, time 123.62ms, mfu 3.05%
iter 1040: loss 1.2627, time 124.20ms, mfu 3.04%
iter 1050: loss 1.3064, time 95.25ms, mfu 3.13%
iter 1060: loss 1.2930, time 94.24ms, mfu 3.21%
iter 1070: loss 1.2865, time 124.68ms, mfu 3.19%
iter 1080: loss 1.3127, time 109.16ms, mfu 3.21%
iter 1090: loss 1.2922, time 109.12ms, mfu 3.23%
iter 1100: loss 1.2695, time 123.25ms, mfu 3.21%
iter 1110: loss 1.2664, time 109.32ms, mfu 3.23%
iter 1120: loss 1.2844, time 94.59ms, mfu 3.30%
iter 1130: loss 1.2494, time 94.61ms, mfu 3.37%
iter 1140: loss 1.2848, time 93.87ms, mfu 3.43%
iter 1150: loss 1.3085, time 123.44ms, mfu 3.39%
iter 1160: loss 1.2612, time 108.91ms, mfu 3.39%
iter 1170: loss 1.2552, time 108.71ms, mfu 3.39%
iter 1180: loss 1.2559, time 108.99ms, mfu 3.40%
iter 1190: loss 1.2816, time 94.48ms, mfu 3.45%
iter 1200: loss 1.2698, time 124.72ms, mfu 3.40%
iter 1210: loss 1.2485, time 109.38ms, mfu 3.40%
iter 1220: loss 1.2597, time 109.09ms, mfu 3.41%
iter 1230: loss 1.2030, time 120.44ms, mfu 3.37%
iter 1240: loss 1.2433, time 125.54ms, mfu 3.33%
step 1250: train loss 1.1709, val loss 1.4946
iter 1250: loss 1.2398, time 13625.80ms, mfu 3.00%
iter 1260: loss 1.2635, time 109.11ms, mfu 3.04%
iter 1270: loss 1.2338, time 94.39ms, mfu 3.13%
iter 1280: loss 1.2642, time 94.64ms, mfu 3.21%
iter 1290: loss 1.2443, time 123.29ms, mfu 3.20%
iter 1300: loss 1.2167, time 94.81ms, mfu 3.27%
iter 1310: loss 1.2498, time 108.68ms, mfu 3.29%
iter 1320: loss 1.2367, time 108.90ms, mfu 3.30%
iter 1330: loss 1.2226, time 123.41ms, mfu 3.27%
iter 1340: loss 1.2344, time 123.87ms, mfu 3.24%
iter 1350: loss 1.2126, time 108.80ms, mfu 3.26%
iter 1360: loss 1.2319, time 123.54ms, mfu 3.24%
iter 1370: loss 1.2317, time 110.06ms, mfu 3.25%
iter 1380: loss 1.1921, time 94.69ms, mfu 3.32%
iter 1390: loss 1.2071, time 108.54ms, mfu 3.33%
iter 1400: loss 1.2157, time 108.74ms, mfu 3.34%
iter 1410: loss 1.2344, time 108.97ms, mfu 3.35%
iter 1420: loss 1.2282, time 110.01ms, mfu 3.35%
iter 1430: loss 1.2163, time 123.58ms, mfu 3.32%
iter 1440: loss 1.2176, time 123.78ms, mfu 3.29%
iter 1450: loss 1.1895, time 123.81ms, mfu 3.26%
iter 1460: loss 1.1919, time 109.87ms, mfu 3.27%
iter 1470: loss 1.1982, time 93.73ms, mfu 3.34%
iter 1480: loss 1.2071, time 109.27ms, mfu 3.35%
iter 1490: loss 1.2373, time 123.42ms, mfu 3.32%
step 1500: train loss 1.1232, val loss 1.4738
iter 1500: loss 1.1830, time 13848.84ms, mfu 2.99%
iter 1510: loss 1.2093, time 109.17ms, mfu 3.03%
iter 1520: loss 1.1985, time 124.32ms, mfu 3.03%
iter 1530: loss 1.1940, time 123.20ms, mfu 3.03%
iter 1540: loss 1.2104, time 107.82ms, mfu 3.07%
iter 1550: loss 1.1927, time 109.11ms, mfu 3.10%
iter 1560: loss 1.2002, time 92.95ms, mfu 3.19%
iter 1570: loss 1.2108, time 124.17ms, mfu 3.18%
iter 1580: loss 1.1639, time 124.09ms, mfu 3.16%
iter 1590: loss 1.1721, time 109.46ms, mfu 3.18%
iter 1600: loss 1.1439, time 137.39ms, mfu 3.14%
iter 1610: loss 1.1758, time 95.54ms, mfu 3.21%
iter 1620: loss 1.1782, time 109.47ms, mfu 3.23%
iter 1630: loss 1.1913, time 108.88ms, mfu 3.25%
iter 1640: loss 1.1945, time 94.88ms, mfu 3.32%
iter 1650: loss 1.1930, time 94.08ms, mfu 3.38%
iter 1660: loss 1.1730, time 108.86ms, mfu 3.39%
iter 1670: loss 1.2038, time 125.12ms, mfu 3.35%
iter 1680: loss 1.1850, time 109.22ms, mfu 3.35%
iter 1690: loss 1.1624, time 109.78ms, mfu 3.36%
iter 1700: loss 1.1687, time 108.98ms, mfu 3.36%
iter 1710: loss 1.1685, time 121.95ms, mfu 3.33%
iter 1720: loss 1.1671, time 108.97ms, mfu 3.34%
iter 1730: loss 1.1450, time 124.86ms, mfu 3.31%
iter 1740: loss 1.1572, time 124.64ms, mfu 3.27%
step 1750: train loss 1.0796, val loss 1.4746
iter 1750: loss 1.1589, time 14372.38ms, mfu 2.95%
iter 1760: loss 1.1849, time 110.05ms, mfu 2.99%
iter 1770: loss 1.1555, time 107.99ms, mfu 3.04%
iter 1780: loss 1.1621, time 93.78ms, mfu 3.13%
iter 1790: loss 1.1637, time 94.68ms, mfu 3.21%
iter 1800: loss 1.1606, time 95.59ms, mfu 3.28%
iter 1810: loss 1.1641, time 94.67ms, mfu 3.35%
iter 1820: loss 1.1816, time 94.14ms, mfu 3.41%
iter 1830: loss 1.1340, time 109.84ms, mfu 3.41%
iter 1840: loss 1.1351, time 94.26ms, mfu 3.46%
iter 1850: loss 1.1619, time 122.65ms, mfu 3.42%
iter 1860: loss 1.1669, time 125.05ms, mfu 3.37%
iter 1870: loss 1.1019, time 124.95ms, mfu 3.34%
iter 1880: loss 1.1702, time 109.61ms, mfu 3.34%
iter 1890: loss 1.1307, time 108.63ms, mfu 3.35%
iter 1900: loss 1.1537, time 123.75ms, mfu 3.32%
iter 1910: loss 1.1560, time 108.44ms, mfu 3.33%
iter 1920: loss 1.1440, time 94.58ms, mfu 3.39%
iter 1930: loss 1.1358, time 124.95ms, mfu 3.35%
iter 1940: loss 1.1309, time 108.56ms, mfu 3.36%
iter 1950: loss 1.1660, time 123.70ms, mfu 3.32%
iter 1960: loss 1.1195, time 110.39ms, mfu 3.33%
iter 1970: loss 1.1400, time 108.97ms, mfu 3.34%
iter 1980: loss 1.1552, time 107.48ms, mfu 3.35%
iter 1990: loss 1.1438, time 123.72ms, mfu 3.32%
step 2000: train loss 1.0326, val loss 1.4887
iter 2000: loss 1.1717, time 15214.76ms, mfu 2.99%
iter 2010: loss 1.1492, time 124.16ms, mfu 2.99%
iter 2020: loss 1.1271, time 125.84ms, mfu 2.99%
iter 2030: loss 1.1380, time 124.51ms, mfu 2.99%
iter 2040: loss 1.0986, time 124.48ms, mfu 2.99%
iter 2050: loss 1.1287, time 111.14ms, mfu 3.02%
iter 2060: loss 1.1151, time 137.56ms, mfu 2.99%
iter 2070: loss 1.1118, time 109.40ms, mfu 3.03%
iter 2080: loss 1.1184, time 138.76ms, mfu 3.00%
iter 2090: loss 1.1124, time 139.59ms, mfu 2.97%
iter 2100: loss 1.1369, time 139.35ms, mfu 2.94%
iter 2110: loss 1.1521, time 108.88ms, mfu 2.99%
iter 2120: loss 1.1036, time 109.23ms, mfu 3.03%
iter 2130: loss 1.0883, time 94.44ms, mfu 3.12%
iter 2140: loss 1.1051, time 109.35ms, mfu 3.15%
iter 2150: loss 1.1118, time 139.97ms, mfu 3.10%
iter 2160: loss 1.1049, time 123.47ms, mfu 3.09%
iter 2170: loss 1.0986, time 110.34ms, mfu 3.12%
iter 2180: loss 1.0905, time 124.92ms, mfu 3.11%
iter 2190: loss 1.1011, time 124.71ms, mfu 3.09%
iter 2200: loss 1.0899, time 109.59ms, mfu 3.13%
iter 2210: loss 1.0872, time 109.36ms, mfu 3.15%
iter 2220: loss 1.0804, time 109.35ms, mfu 3.18%
iter 2230: loss 1.0953, time 123.07ms, mfu 3.16%
iter 2240: loss 1.0936, time 124.31ms, mfu 3.15%
step 2250: train loss 0.9905, val loss 1.4866
iter 2250: loss 1.0746, time 13908.10ms, mfu 2.84%
iter 2260: loss 1.0643, time 109.11ms, mfu 2.89%
iter 2270: loss 1.0870, time 125.29ms, mfu 2.90%
iter 2280: loss 1.0825, time 94.85ms, mfu 3.00%
iter 2290: loss 1.0866, time 122.57ms, mfu 3.01%
iter 2300: loss 1.0866, time 124.46ms, mfu 3.01%
iter 2310: loss 1.1157, time 111.80ms, mfu 3.04%
iter 2320: loss 1.0771, time 124.48ms, mfu 3.03%
iter 2330: loss 1.0847, time 139.54ms, mfu 3.00%
iter 2340: loss 1.0759, time 109.15ms, mfu 3.04%
iter 2350: loss 1.0818, time 108.60ms, mfu 3.08%
iter 2360: loss 1.0835, time 108.23ms, mfu 3.12%
iter 2370: loss 1.0909, time 94.06ms, mfu 3.20%
iter 2380: loss 1.0823, time 108.48ms, mfu 3.22%
iter 2390: loss 1.0938, time 123.58ms, mfu 3.20%
iter 2400: loss 1.0677, time 124.46ms, mfu 3.18%
iter 2410: loss 1.0879, time 95.22ms, mfu 3.25%
iter 2420: loss 1.0551, time 94.07ms, mfu 3.33%
iter 2430: loss 1.0585, time 110.28ms, mfu 3.33%
iter 2440: loss 1.0530, time 108.44ms, mfu 3.34%
iter 2450: loss 1.0461, time 139.80ms, mfu 3.27%
iter 2460: loss 1.0749, time 94.06ms, mfu 3.34%
iter 2470: loss 1.0475, time 139.24ms, mfu 3.28%
iter 2480: loss 1.0666, time 123.99ms, mfu 3.25%
iter 2490: loss 1.0323, time 94.51ms, mfu 3.32%
step 2500: train loss 0.9484, val loss 1.4952
iter 2500: loss 1.0610, time 15298.92ms, mfu 2.99%
iter 2510: loss 1.0783, time 107.86ms, mfu 3.04%
iter 2520: loss 1.0713, time 108.38ms, mfu 3.08%
iter 2530: loss 1.0703, time 106.94ms, mfu 3.12%
iter 2540: loss 1.0675, time 126.41ms, mfu 3.10%
iter 2550: loss 1.0831, time 124.86ms, mfu 3.09%
iter 2560: loss 1.0422, time 125.11ms, mfu 3.08%
iter 2570: loss 1.0642, time 124.79ms, mfu 3.07%
iter 2580: loss 1.0617, time 107.91ms, mfu 3.11%
iter 2590: loss 1.0651, time 141.23ms, mfu 3.06%
iter 2600: loss 1.0565, time 125.40ms, mfu 3.05%
iter 2610: loss 1.0670, time 94.93ms, mfu 3.14%
iter 2620: loss 1.0492, time 124.08ms, mfu 3.12%
iter 2630: loss 1.0566, time 124.91ms, mfu 3.11%
iter 2640: loss 1.0600, time 109.12ms, mfu 3.14%
iter 2650: loss 1.0254, time 140.81ms, mfu 3.09%
iter 2660: loss 1.0789, time 125.93ms, mfu 3.08%
iter 2670: loss 1.0667, time 122.82ms, mfu 3.07%
iter 2680: loss 1.0421, time 140.44ms, mfu 3.03%
iter 2690: loss 1.0518, time 123.21ms, mfu 3.03%
iter 2700: loss 1.0181, time 109.63ms, mfu 3.07%
iter 2710: loss 1.0455, time 123.33ms, mfu 3.06%
iter 2720: loss 1.0374, time 126.54ms, mfu 3.05%
iter 2730: loss 1.0372, time 125.70ms, mfu 3.04%
iter 2740: loss 1.0418, time 124.22ms, mfu 3.04%
step 2750: train loss 0.9082, val loss 1.5042
iter 2750: loss 1.0542, time 15030.10ms, mfu 2.74%
iter 2760: loss 1.0073, time 109.22ms, mfu 2.80%
iter 2770: loss 1.0423, time 109.27ms, mfu 2.87%
iter 2780: loss 0.9928, time 124.55ms, mfu 2.88%
iter 2790: loss 1.0226, time 108.89ms, mfu 2.93%
iter 2800: loss 1.0234, time 125.30ms, mfu 2.94%
iter 2810: loss 1.0454, time 110.30ms, mfu 2.98%
iter 2820: loss 1.0275, time 109.11ms, mfu 3.02%
iter 2830: loss 1.0037, time 109.71ms, mfu 3.06%
iter 2840: loss 1.0157, time 108.66ms, mfu 3.10%
iter 2850: loss 1.0210, time 109.29ms, mfu 3.13%
iter 2860: loss 1.0094, time 140.87ms, mfu 3.08%
iter 2870: loss 1.0229, time 141.41ms, mfu 3.04%
iter 2880: loss 1.0053, time 124.29ms, mfu 3.03%
iter 2890: loss 1.0313, time 124.08ms, mfu 3.03%
iter 2900: loss 1.0250, time 108.98ms, mfu 3.07%
iter 2910: loss 1.0141, time 109.86ms, mfu 3.10%
iter 2920: loss 1.0338, time 95.12ms, mfu 3.18%
iter 2930: loss 0.9827, time 108.36ms, mfu 3.21%
iter 2940: loss 1.0123, time 125.45ms, mfu 3.18%
iter 2950: loss 1.0390, time 125.45ms, mfu 3.16%
iter 2960: loss 0.9953, time 123.96ms, mfu 3.15%
iter 2970: loss 1.0149, time 110.01ms, mfu 3.17%
iter 2980: loss 1.0225, time 124.67ms, mfu 3.15%
iter 2990: loss 0.9957, time 108.17ms, mfu 3.18%
step 3000: train loss 0.8731, val loss 1.5222
iter 3000: loss 1.0132, time 15745.18ms, mfu 2.87%
iter 3010: loss 0.9969, time 127.18ms, mfu 2.87%
iter 3020: loss 1.0120, time 109.03ms, mfu 2.93%
iter 3030: loss 1.0171, time 109.83ms, mfu 2.97%
iter 3040: loss 0.9905, time 123.04ms, mfu 2.98%
iter 3050: loss 1.0133, time 109.06ms, mfu 3.02%
iter 3060: loss 0.9955, time 125.86ms, mfu 3.02%
iter 3070: loss 0.9841, time 94.84ms, mfu 3.11%
iter 3080: loss 0.9811, time 110.69ms, mfu 3.13%
iter 3090: loss 0.9921, time 109.31ms, mfu 3.16%
iter 3100: loss 0.9832, time 125.11ms, mfu 3.14%
iter 3110: loss 0.9731, time 109.58ms, mfu 3.17%
iter 3120: loss 1.0044, time 109.94ms, mfu 3.19%
iter 3130: loss 0.9697, time 107.44ms, mfu 3.22%
iter 3140: loss 0.9820, time 109.80ms, mfu 3.24%
iter 3150: loss 1.0054, time 139.17ms, mfu 3.18%
iter 3160: loss 0.9823, time 124.88ms, mfu 3.16%
iter 3170: loss 0.9821, time 124.78ms, mfu 3.14%
iter 3180: loss 0.9986, time 110.91ms, mfu 3.16%
iter 3190: loss 0.9798, time 109.62ms, mfu 3.19%
iter 3200: loss 0.9629, time 96.32ms, mfu 3.26%
iter 3210: loss 0.9849, time 125.73ms, mfu 3.23%
iter 3220: loss 0.9705, time 110.08ms, mfu 3.24%
iter 3230: loss 0.9822, time 123.39ms, mfu 3.22%
iter 3240: loss 0.9754, time 124.52ms, mfu 3.20%
step 3250: train loss 0.8370, val loss 1.5458
iter 3250: loss 0.9630, time 15312.48ms, mfu 2.88%
iter 3260: loss 0.9691, time 108.44ms, mfu 2.94%
iter 3270: loss 0.9473, time 109.94ms, mfu 2.98%
iter 3280: loss 0.9725, time 125.13ms, mfu 2.98%
iter 3290: loss 0.9579, time 96.08ms, mfu 3.07%
iter 3300: loss 0.9621, time 125.07ms, mfu 3.06%
iter 3310: loss 0.9703, time 93.45ms, mfu 3.15%
iter 3320: loss 0.9774, time 121.86ms, mfu 3.14%
iter 3330: loss 0.9670, time 109.05ms, mfu 3.17%
iter 3340: loss 0.9564, time 109.65ms, mfu 3.19%
iter 3350: loss 0.9588, time 95.98ms, mfu 3.26%
iter 3360: loss 0.9490, time 109.19ms, mfu 3.28%
iter 3370: loss 0.9308, time 123.67ms, mfu 3.25%
iter 3380: loss 0.9699, time 94.54ms, mfu 3.32%
iter 3390: loss 0.9523, time 107.49ms, mfu 3.34%
iter 3400: loss 0.9515, time 109.12ms, mfu 3.34%
iter 3410: loss 0.9568, time 139.57ms, mfu 3.28%
iter 3420: loss 0.9676, time 108.93ms, mfu 3.29%
iter 3430: loss 0.9854, time 125.43ms, mfu 3.26%
iter 3440: loss 0.9454, time 125.08ms, mfu 3.23%
iter 3450: loss 0.9495, time 124.20ms, mfu 3.21%
iter 3460: loss 0.9432, time 109.34ms, mfu 3.23%
iter 3470: loss 0.9420, time 124.55ms, mfu 3.20%
iter 3480: loss 0.9396, time 124.33ms, mfu 3.18%
iter 3490: loss 0.9570, time 93.20ms, mfu 3.26%
step 3500: train loss 0.8011, val loss 1.5697
iter 3500: loss 0.9467, time 12454.33ms, mfu 2.94%
iter 3510: loss 0.9870, time 93.30ms, mfu 3.05%
iter 3520: loss 0.9515, time 109.00ms, mfu 3.08%
iter 3530: loss 0.9404, time 94.15ms, mfu 3.17%
iter 3540: loss 0.9590, time 93.76ms, mfu 3.25%
iter 3550: loss 0.9363, time 108.92ms, mfu 3.27%
iter 3560: loss 0.9759, time 122.68ms, mfu 3.25%
iter 3570: loss 0.9511, time 123.75ms, mfu 3.22%
iter 3580: loss 0.9408, time 108.14ms, mfu 3.24%
iter 3590: loss 0.9286, time 124.03ms, mfu 3.22%
iter 3600: loss 0.9346, time 122.66ms, mfu 3.20%
iter 3610: loss 0.9410, time 110.54ms, mfu 3.22%
iter 3620: loss 0.9354, time 93.47ms, mfu 3.30%
iter 3630: loss 0.9573, time 94.55ms, mfu 3.36%
iter 3640: loss 0.9354, time 81.10ms, mfu 3.48%
iter 3650: loss 0.9425, time 108.01ms, mfu 3.48%
iter 3660: loss 0.9360, time 124.06ms, mfu 3.43%
iter 3670: loss 0.9357, time 108.68ms, mfu 3.43%
iter 3680: loss 0.9369, time 124.36ms, mfu 3.39%
iter 3690: loss 0.9574, time 125.72ms, mfu 3.35%
iter 3700: loss 0.9433, time 137.69ms, mfu 3.28%
iter 3710: loss 0.9481, time 109.91ms, mfu 3.29%
iter 3720: loss 0.9387, time 109.29ms, mfu 3.30%
iter 3730: loss 0.9370, time 95.19ms, mfu 3.37%
iter 3740: loss 0.9307, time 123.65ms, mfu 3.33%
step 3750: train loss 0.7714, val loss 1.5724
iter 3750: loss 0.9375, time 14018.92ms, mfu 3.00%
iter 3760: loss 0.9145, time 94.88ms, mfu 3.09%
iter 3770: loss 0.9271, time 95.55ms, mfu 3.17%
iter 3780: loss 0.9178, time 93.60ms, mfu 3.25%
iter 3790: loss 0.9120, time 109.01ms, mfu 3.27%
iter 3800: loss 0.9323, time 95.31ms, mfu 3.33%
iter 3810: loss 0.9209, time 108.68ms, mfu 3.34%
iter 3820: loss 0.9113, time 109.51ms, mfu 3.35%
iter 3830: loss 0.9191, time 109.10ms, mfu 3.36%
iter 3840: loss 0.9287, time 123.37ms, mfu 3.32%
iter 3850: loss 0.9108, time 94.68ms, mfu 3.38%
iter 3860: loss 0.9100, time 94.71ms, mfu 3.44%
iter 3870: loss 0.9238, time 108.21ms, mfu 3.44%
iter 3880: loss 0.9290, time 94.19ms, mfu 3.49%
iter 3890: loss 0.9329, time 94.45ms, mfu 3.54%
iter 3900: loss 0.9247, time 109.79ms, mfu 3.52%
iter 3910: loss 0.9396, time 108.71ms, mfu 3.51%
iter 3920: loss 0.9018, time 96.56ms, mfu 3.55%
iter 3930: loss 0.9122, time 107.78ms, mfu 3.54%
iter 3940: loss 0.8827, time 124.49ms, mfu 3.48%
iter 3950: loss 0.9116, time 124.21ms, mfu 3.44%
iter 3960: loss 0.9206, time 108.58ms, mfu 3.44%
iter 3970: loss 0.9103, time 109.43ms, mfu 3.43%
iter 3980: loss 0.9234, time 109.39ms, mfu 3.43%
iter 3990: loss 0.8882, time 108.60ms, mfu 3.43%
step 4000: train loss 0.7444, val loss 1.5850
iter 4000: loss 0.9064, time 14082.65ms, mfu 3.09%
iter 4010: loss 0.9307, time 94.52ms, mfu 3.17%
iter 4020: loss 0.9241, time 94.75ms, mfu 3.25%
iter 4030: loss 0.9158, time 110.10ms, mfu 3.26%
iter 4040: loss 0.9105, time 95.31ms, mfu 3.33%
iter 4050: loss 0.8989, time 111.29ms, mfu 3.33%
iter 4060: loss 0.9054, time 123.55ms, mfu 3.30%
iter 4070: loss 0.9338, time 107.97ms, mfu 3.31%
iter 4080: loss 0.9060, time 122.21ms, mfu 3.29%
iter 4090: loss 0.9392, time 108.59ms, mfu 3.30%
iter 4100: loss 0.9008, time 123.36ms, mfu 3.27%
iter 4110: loss 0.8978, time 109.87ms, mfu 3.29%
iter 4120: loss 0.8838, time 106.94ms, mfu 3.31%
iter 4130: loss 0.8880, time 123.55ms, mfu 3.28%
iter 4140: loss 0.8907, time 93.36ms, mfu 3.35%
iter 4150: loss 0.9136, time 107.92ms, mfu 3.36%
iter 4160: loss 0.9117, time 123.09ms, mfu 3.33%
iter 4170: loss 0.8700, time 124.27ms, mfu 3.29%
iter 4180: loss 0.8912, time 124.45ms, mfu 3.26%
iter 4190: loss 0.9055, time 138.78ms, mfu 3.21%
iter 4200: loss 0.8951, time 121.76ms, mfu 3.19%
iter 4210: loss 0.9096, time 109.62ms, mfu 3.21%
iter 4220: loss 0.9015, time 108.83ms, mfu 3.23%
iter 4230: loss 0.8952, time 93.98ms, mfu 3.31%
iter 4240: loss 0.9159, time 108.89ms, mfu 3.32%
step 4250: train loss 0.7240, val loss 1.6066
iter 4250: loss 0.8995, time 14146.35ms, mfu 2.99%
iter 4260: loss 0.9002, time 108.27ms, mfu 3.03%
iter 4270: loss 0.8991, time 93.17ms, mfu 3.13%
iter 4280: loss 0.9150, time 93.54ms, mfu 3.22%
iter 4290: loss 0.9034, time 93.61ms, mfu 3.29%
iter 4300: loss 0.8985, time 92.78ms, mfu 3.36%
iter 4310: loss 0.8864, time 93.08ms, mfu 3.43%
iter 4320: loss 0.9009, time 108.92ms, mfu 3.43%
iter 4330: loss 0.8925, time 107.87ms, mfu 3.43%
iter 4340: loss 0.8904, time 108.81ms, mfu 3.43%
iter 4350: loss 0.8998, time 107.63ms, mfu 3.43%
iter 4360: loss 0.8907, time 109.55ms, mfu 3.43%
iter 4370: loss 0.8905, time 121.55ms, mfu 3.39%
iter 4380: loss 0.9002, time 109.48ms, mfu 3.39%
iter 4390: loss 0.8774, time 95.18ms, mfu 3.45%
iter 4400: loss 0.8828, time 108.26ms, mfu 3.45%
iter 4410: loss 0.9069, time 94.65ms, mfu 3.50%
iter 4420: loss 0.9001, time 124.84ms, mfu 3.44%
iter 4430: loss 0.8766, time 107.59ms, mfu 3.45%
iter 4440: loss 0.8988, time 111.20ms, mfu 3.44%
iter 4450: loss 0.9031, time 93.71ms, mfu 3.49%
iter 4460: loss 0.8932, time 94.25ms, mfu 3.54%
iter 4470: loss 0.8812, time 93.81ms, mfu 3.58%
iter 4480: loss 0.8848, time 111.18ms, mfu 3.56%
iter 4490: loss 0.8820, time 124.54ms, mfu 3.50%
step 4500: train loss 0.7027, val loss 1.6160
iter 4500: loss 0.9103, time 14640.78ms, mfu 3.15%
iter 4510: loss 0.8668, time 109.49ms, mfu 3.18%
iter 4520: loss 0.8619, time 93.77ms, mfu 3.26%
iter 4530: loss 0.8776, time 108.86ms, mfu 3.27%
iter 4540: loss 0.8802, time 110.67ms, mfu 3.28%
iter 4550: loss 0.8806, time 107.52ms, mfu 3.30%
iter 4560: loss 0.8872, time 109.46ms, mfu 3.31%
iter 4570: loss 0.8975, time 93.34ms, mfu 3.38%
iter 4580: loss 0.8924, time 109.46ms, mfu 3.38%
iter 4590: loss 0.8893, time 107.09ms, mfu 3.39%
iter 4600: loss 0.8818, time 110.38ms, mfu 3.39%
iter 4610: loss 0.8786, time 94.71ms, mfu 3.44%
iter 4620: loss 0.8726, time 95.54ms, mfu 3.49%
iter 4630: loss 0.8683, time 108.97ms, mfu 3.48%
iter 4640: loss 0.8720, time 109.30ms, mfu 3.48%
iter 4650: loss 0.8715, time 108.31ms, mfu 3.47%
iter 4660: loss 0.8866, time 107.88ms, mfu 3.47%
iter 4670: loss 0.8922, time 109.14ms, mfu 3.46%
iter 4680: loss 0.8643, time 124.57ms, mfu 3.42%
iter 4690: loss 0.8595, time 124.65ms, mfu 3.37%
iter 4700: loss 0.8881, time 124.90ms, mfu 3.34%
iter 4710: loss 0.8808, time 123.72ms, mfu 3.30%
iter 4720: loss 0.8763, time 108.23ms, mfu 3.32%
iter 4730: loss 0.8674, time 109.83ms, mfu 3.32%
iter 4740: loss 0.8593, time 94.74ms, mfu 3.39%
step 4750: train loss 0.6896, val loss 1.6175
iter 4750: loss 0.8840, time 14146.81ms, mfu 3.05%
iter 4760: loss 0.8844, time 110.43ms, mfu 3.08%
iter 4770: loss 0.8644, time 108.39ms, mfu 3.12%
iter 4780: loss 0.8915, time 94.31ms, mfu 3.20%
iter 4790: loss 0.8742, time 94.37ms, mfu 3.28%
iter 4800: loss 0.8867, time 108.98ms, mfu 3.29%
iter 4810: loss 0.8596, time 77.26ms, mfu 3.44%
iter 4820: loss 0.8741, time 63.77ms, mfu 3.68%
iter 4830: loss 0.8580, time 75.61ms, mfu 3.81%
iter 4840: loss 0.8568, time 123.48ms, mfu 3.73%
iter 4850: loss 0.8716, time 109.62ms, mfu 3.70%
iter 4860: loss 0.8641, time 109.43ms, mfu 3.67%
iter 4870: loss 0.8725, time 93.41ms, mfu 3.70%
iter 4880: loss 0.8580, time 107.00ms, mfu 3.68%
iter 4890: loss 0.8984, time 93.63ms, mfu 3.71%
iter 4900: loss 0.8816, time 109.80ms, mfu 3.68%
iter 4910: loss 0.8497, time 94.18ms, mfu 3.70%
iter 4920: loss 0.8631, time 126.22ms, mfu 3.63%
iter 4930: loss 0.8718, time 109.22ms, mfu 3.61%
iter 4940: loss 0.8786, time 94.35ms, mfu 3.64%
iter 4950: loss 0.8750, time 111.11ms, mfu 3.61%
iter 4960: loss 0.8551, time 123.55ms, mfu 3.55%
iter 4970: loss 0.8496, time 124.42ms, mfu 3.50%
iter 4980: loss 0.8770, time 124.82ms, mfu 3.45%
iter 4990: loss 0.8628, time 108.96ms, mfu 3.44%
step 5000: train loss 0.6786, val loss 1.6238
iter 5000: loss 0.8646, time 14738.47ms, mfu 3.10%
