Overriding config with config/train_shakespeare_char.py:
# train a miniature character-level shakespeare model
# good for debugging and playing on macbooks and such

out_dir = 'out-shakespeare-char'
eval_interval = 250 # keep frequent because we'll overfit
eval_iters = 200
log_interval = 10 # don't print too too often

# we expect to overfit on this small dataset, so only save when val improves
always_save_checkpoint = False

wandb_log = False # override via command line if you like
wandb_project = 'shakespeare-char'
wandb_run_name = 'mini-gpt'

dataset = 'shakespeare_char'
gradient_accumulation_steps = 1
batch_size = 64
block_size = 256 # context of up to 256 previous characters

# baby GPT model :)
n_layer = 6
n_head = 6
n_embd = 384
dropout = 0.2

learning_rate = 1e-3 # with baby networks can afford to go a bit higher
max_iters = 5000
lr_decay_iters = 5000 # make equal to max_iters usually
min_lr = 1e-4 # learning_rate / 10 usually
beta2 = 0.99 # make a bit bigger because number of tokens per iter is small

warmup_iters = 100 # not super necessary potentially

# on macbook also add
# device = 'cpu'  # run on cpu only
# compile = False # do not torch compile the model

Overriding: compile = False
Overriding: out_dir = runs\gqa_lr4e-3
Overriding: learning_rate = 0.004
Overriding: min_lr = 0.0004
Overriding: seed = 1337
Overriding: save_checkpoint = False
Overriding: n_kv_head = 3
tokens per iteration will be: 16,384
found vocab_size = 65 (inside data\shakespeare_char\meta.pkl)
Initializing a new model from scratch
number of parameters: 9.76M
C:\Users\86271\hw1work\nanoGPT\train.py:204: FutureWarning: `torch.cuda.amp.GradScaler(args...)` is deprecated. Please use `torch.amp.GradScaler('cuda', args...)` instead.
  scaler = torch.cuda.amp.GradScaler(enabled=(dtype == 'float16'))
num decayed parameter tensors: 26, with 9,855,360 parameters
num non-decayed parameter tensors: 13, with 4,992 parameters
using fused AdamW: True
step 0: train loss 4.2952, val loss 4.2869
iter 0: loss 4.2839, time 11946.50ms, mfu -100.00%
iter 10: loss 2.8862, time 94.68ms, mfu 3.64%
iter 20: loss 2.6319, time 93.38ms, mfu 3.65%
iter 30: loss 2.5570, time 108.22ms, mfu 3.60%
iter 40: loss 2.5493, time 94.39ms, mfu 3.61%
iter 50: loss 2.5120, time 93.56ms, mfu 3.61%
iter 60: loss 2.4902, time 108.89ms, mfu 3.57%
iter 70: loss 2.4808, time 78.55ms, mfu 3.65%
iter 80: loss 2.4878, time 95.41ms, mfu 3.65%
iter 90: loss 2.4696, time 94.69ms, mfu 3.65%
iter 100: loss 2.4678, time 94.00ms, mfu 3.65%
iter 110: loss 2.4544, time 93.81ms, mfu 3.65%
iter 120: loss 2.4345, time 79.70ms, mfu 3.72%
iter 130: loss 2.3934, time 94.40ms, mfu 3.71%
iter 140: loss 2.3331, time 93.39ms, mfu 3.71%
iter 150: loss 2.2901, time 92.97ms, mfu 3.71%
iter 160: loss 2.1644, time 92.67ms, mfu 3.71%
iter 170: loss 2.1517, time 92.72ms, mfu 3.71%
iter 180: loss 2.0992, time 109.09ms, mfu 3.66%
iter 190: loss 2.1019, time 93.53ms, mfu 3.66%
iter 200: loss 2.0434, time 93.23ms, mfu 3.66%
iter 210: loss 2.0415, time 94.44ms, mfu 3.66%
iter 220: loss 2.0288, time 93.96ms, mfu 3.66%
iter 230: loss 2.0186, time 94.05ms, mfu 3.66%
iter 240: loss 1.9633, time 93.81ms, mfu 3.66%
step 250: train loss 1.8297, val loss 1.9715
iter 250: loss 1.9308, time 9731.60ms, mfu 3.30%
iter 260: loss 1.8867, time 62.35ms, mfu 3.52%
iter 270: loss 1.8958, time 76.05ms, mfu 3.62%
iter 280: loss 1.8666, time 47.91ms, mfu 3.98%
iter 290: loss 1.8586, time 48.23ms, mfu 4.30%
iter 300: loss 1.8513, time 61.38ms, mfu 4.43%
iter 310: loss 1.8551, time 76.13ms, mfu 4.44%
iter 320: loss 1.8388, time 63.64ms, mfu 4.54%
iter 330: loss 1.8166, time 76.67ms, mfu 4.53%
iter 340: loss 1.8024, time 61.53ms, mfu 4.64%
iter 350: loss 1.7732, time 77.40ms, mfu 4.62%
iter 360: loss 1.7949, time 77.48ms, mfu 4.60%
iter 370: loss 1.7696, time 62.20ms, mfu 4.70%
iter 380: loss 1.7628, time 61.59ms, mfu 4.79%
iter 390: loss 1.7516, time 62.80ms, mfu 4.86%
iter 400: loss 1.7019, time 62.39ms, mfu 4.93%
iter 410: loss 1.7670, time 61.93ms, mfu 4.99%
iter 420: loss 1.7286, time 62.08ms, mfu 5.05%
iter 430: loss 1.7415, time 62.92ms, mfu 5.09%
iter 440: loss 1.7103, time 62.73ms, mfu 5.13%
iter 450: loss 1.7170, time 62.13ms, mfu 5.17%
iter 460: loss 1.7213, time 63.38ms, mfu 5.20%
iter 470: loss 1.7123, time 62.41ms, mfu 5.23%
iter 480: loss 1.6961, time 62.15ms, mfu 5.26%
iter 490: loss 1.6678, time 48.03ms, mfu 5.45%
step 500: train loss 1.5802, val loss 1.7636
iter 500: loss 1.6799, time 7791.01ms, mfu 4.91%
iter 510: loss 1.6680, time 63.62ms, mfu 4.96%
iter 520: loss 1.6954, time 77.08ms, mfu 4.91%
iter 530: loss 1.6603, time 60.89ms, mfu 4.99%
iter 540: loss 1.6634, time 62.35ms, mfu 5.04%
iter 550: loss 1.6869, time 48.66ms, mfu 5.25%
iter 560: loss 1.6485, time 61.75ms, mfu 5.28%
iter 570: loss 1.6540, time 63.11ms, mfu 5.30%
iter 580: loss 1.6200, time 77.36ms, mfu 5.21%
iter 590: loss 1.6460, time 61.96ms, mfu 5.25%
iter 600: loss 1.6606, time 63.26ms, mfu 5.27%
iter 610: loss 1.6440, time 47.63ms, mfu 5.47%
iter 620: loss 1.6784, time 63.15ms, mfu 5.47%
iter 630: loss 1.6210, time 62.22ms, mfu 5.47%
iter 640: loss 1.6219, time 48.02ms, mfu 5.64%
iter 650: loss 1.6130, time 29.41ms, mfu 6.25%
iter 660: loss 1.6389, time 20.98ms, mfu 7.27%
iter 670: loss 1.6075, time 28.56ms, mfu 7.75%
iter 680: loss 1.5594, time 30.42ms, mfu 8.11%
iter 690: loss 1.5859, time 30.71ms, mfu 8.42%
iter 700: loss 1.5739, time 31.02ms, mfu 8.69%
iter 710: loss 1.5719, time 26.59ms, mfu 9.12%
iter 720: loss 1.5882, time 31.21ms, mfu 9.31%
iter 730: loss 1.5700, time 30.46ms, mfu 9.51%
iter 740: loss 1.5668, time 30.98ms, mfu 9.67%
step 750: train loss 1.4658, val loss 1.6718
iter 750: loss 1.5995, time 4020.92ms, mfu 8.71%
iter 760: loss 1.5648, time 21.70ms, mfu 9.43%
iter 770: loss 1.5469, time 30.10ms, mfu 9.63%
iter 780: loss 1.5290, time 30.63ms, mfu 9.80%
iter 790: loss 1.5033, time 45.65ms, mfu 9.57%
iter 800: loss 1.5135, time 44.66ms, mfu 9.39%
iter 810: loss 1.5209, time 30.52ms, mfu 9.58%
iter 820: loss 1.5233, time 17.73ms, mfu 10.56%
iter 830: loss 1.5447, time 29.29ms, mfu 10.68%
iter 840: loss 1.5264, time 31.89ms, mfu 10.70%
iter 850: loss 1.5062, time 30.41ms, mfu 10.76%
iter 860: loss 1.5150, time 31.34ms, mfu 10.79%
iter 870: loss 1.5141, time 30.87ms, mfu 10.82%
iter 880: loss 1.4770, time 30.44ms, mfu 10.87%
iter 890: loss 1.5437, time 28.29ms, mfu 11.00%
iter 900: loss 1.5041, time 31.28ms, mfu 11.01%
iter 910: loss 1.4899, time 31.42ms, mfu 11.00%
iter 920: loss 1.5223, time 30.45ms, mfu 11.03%
iter 930: loss 1.4899, time 30.53ms, mfu 11.06%
iter 940: loss 1.4549, time 31.17ms, mfu 11.06%
iter 950: loss 1.4626, time 30.32ms, mfu 11.09%
iter 960: loss 1.4704, time 31.14ms, mfu 11.09%
iter 970: loss 1.4780, time 31.79ms, mfu 11.07%
iter 980: loss 1.4697, time 31.12ms, mfu 11.07%
iter 990: loss 1.4951, time 31.60ms, mfu 11.05%
step 1000: train loss 1.3674, val loss 1.5951
iter 1000: loss 1.4578, time 3984.11ms, mfu 9.95%
iter 1010: loss 1.4613, time 30.88ms, mfu 10.08%
iter 1020: loss 1.4237, time 42.49ms, mfu 9.88%
iter 1030: loss 1.4571, time 30.43ms, mfu 10.02%
iter 1040: loss 1.4359, time 30.47ms, mfu 10.15%
iter 1050: loss 1.4616, time 22.54ms, mfu 10.67%
iter 1060: loss 1.4209, time 20.54ms, mfu 11.28%
iter 1070: loss 1.4512, time 21.41ms, mfu 11.76%
iter 1080: loss 1.4391, time 31.53ms, mfu 11.68%
iter 1090: loss 1.4182, time 40.70ms, mfu 11.36%
iter 1100: loss 1.4171, time 42.04ms, mfu 11.04%
iter 1110: loss 1.4252, time 31.36ms, mfu 11.04%
iter 1120: loss 1.4610, time 28.21ms, mfu 11.16%
iter 1130: loss 1.4441, time 17.39ms, mfu 12.02%
iter 1140: loss 1.4323, time 30.83ms, mfu 11.94%
iter 1150: loss 1.4277, time 31.92ms, mfu 11.83%
iter 1160: loss 1.4237, time 31.28ms, mfu 11.74%
iter 1170: loss 1.4000, time 32.81ms, mfu 11.62%
iter 1180: loss 1.4073, time 30.46ms, mfu 11.59%
iter 1190: loss 1.4154, time 30.47ms, mfu 11.56%
iter 1200: loss 1.4091, time 20.58ms, mfu 12.08%
iter 1210: loss 1.3980, time 40.75ms, mfu 11.72%
iter 1220: loss 1.3923, time 27.79ms, mfu 11.79%
iter 1230: loss 1.3750, time 30.63ms, mfu 11.73%
iter 1240: loss 1.4014, time 29.98ms, mfu 11.71%
step 1250: train loss 1.2973, val loss 1.5384
iter 1250: loss 1.3524, time 4054.22ms, mfu 10.55%
iter 1260: loss 1.3947, time 30.99ms, mfu 10.61%
iter 1270: loss 1.3726, time 30.92ms, mfu 10.66%
iter 1280: loss 1.3835, time 21.37ms, mfu 11.21%
iter 1290: loss 1.4036, time 40.41ms, mfu 10.94%
iter 1300: loss 1.3935, time 30.79ms, mfu 10.97%
iter 1310: loss 1.3806, time 31.00ms, mfu 10.98%
iter 1320: loss 1.3357, time 31.28ms, mfu 10.99%
iter 1330: loss 1.3375, time 30.71ms, mfu 11.01%
iter 1340: loss 1.3727, time 31.04ms, mfu 11.02%
iter 1350: loss 1.3588, time 28.64ms, mfu 11.12%
iter 1360: loss 1.3525, time 31.51ms, mfu 11.10%
iter 1370: loss 1.3676, time 30.85ms, mfu 11.11%
iter 1380: loss 1.3335, time 30.28ms, mfu 11.14%
iter 1390: loss 1.3650, time 30.43ms, mfu 11.16%
iter 1400: loss 1.3605, time 32.06ms, mfu 11.12%
iter 1410: loss 1.3367, time 29.71ms, mfu 11.17%
iter 1420: loss 1.3315, time 28.03ms, mfu 11.28%
iter 1430: loss 1.3896, time 30.72ms, mfu 11.27%
iter 1440: loss 1.3373, time 30.96ms, mfu 11.26%
iter 1450: loss 1.3507, time 30.82ms, mfu 11.25%
iter 1460: loss 1.3242, time 29.16ms, mfu 11.31%
iter 1470: loss 1.3387, time 30.54ms, mfu 11.31%
iter 1480: loss 1.3175, time 29.74ms, mfu 11.34%
iter 1490: loss 1.3564, time 30.69ms, mfu 11.32%
step 1500: train loss 1.2367, val loss 1.4988
iter 1500: loss 1.3397, time 4007.66ms, mfu 10.20%
iter 1510: loss 1.3449, time 27.44ms, mfu 10.44%
iter 1520: loss 1.3334, time 30.93ms, mfu 10.51%
iter 1530: loss 1.2774, time 30.75ms, mfu 10.58%
iter 1540: loss 1.3215, time 21.08ms, mfu 11.16%
iter 1550: loss 1.2967, time 27.54ms, mfu 11.29%
iter 1560: loss 1.3250, time 31.51ms, mfu 11.26%
iter 1570: loss 1.2998, time 31.65ms, mfu 11.22%
iter 1580: loss 1.3027, time 31.22ms, mfu 11.20%
iter 1590: loss 1.3200, time 30.25ms, mfu 11.22%
iter 1600: loss 1.3135, time 21.21ms, mfu 11.73%
iter 1610: loss 1.2998, time 30.10ms, mfu 11.70%
iter 1620: loss 1.3007, time 31.05ms, mfu 11.64%
iter 1630: loss 1.2739, time 30.33ms, mfu 11.61%
iter 1640: loss 1.2873, time 28.15ms, mfu 11.67%
iter 1650: loss 1.3262, time 29.37ms, mfu 11.68%
iter 1660: loss 1.2852, time 30.91ms, mfu 11.63%
iter 1670: loss 1.3306, time 21.04ms, mfu 12.10%
iter 1680: loss 1.2957, time 29.42ms, mfu 12.07%
iter 1690: loss 1.2890, time 31.29ms, mfu 11.96%
iter 1700: loss 1.2662, time 30.75ms, mfu 11.89%
iter 1710: loss 1.2874, time 31.11ms, mfu 11.81%
iter 1720: loss 1.2982, time 28.68ms, mfu 11.83%
iter 1730: loss 1.2814, time 31.65ms, mfu 11.73%
iter 1740: loss 1.3315, time 31.57ms, mfu 11.65%
step 1750: train loss 1.1940, val loss 1.4963
iter 1750: loss 1.2980, time 3891.87ms, mfu 10.50%
iter 1760: loss 1.2993, time 31.80ms, mfu 10.53%
iter 1770: loss 1.2686, time 31.24ms, mfu 10.58%
iter 1780: loss 1.2786, time 31.35ms, mfu 10.62%
iter 1790: loss 1.2670, time 31.62ms, mfu 10.65%
iter 1800: loss 1.2797, time 31.12ms, mfu 10.69%
iter 1810: loss 1.2644, time 31.04ms, mfu 10.73%
iter 1820: loss 1.2707, time 28.85ms, mfu 10.86%
iter 1830: loss 1.2445, time 30.15ms, mfu 10.91%
iter 1840: loss 1.2759, time 30.88ms, mfu 10.94%
iter 1850: loss 1.2421, time 31.04ms, mfu 10.96%
iter 1860: loss 1.2664, time 31.06ms, mfu 10.97%
iter 1870: loss 1.2678, time 21.87ms, mfu 11.45%
iter 1880: loss 1.2383, time 30.39ms, mfu 11.44%
iter 1890: loss 1.2796, time 30.76ms, mfu 11.42%
iter 1900: loss 1.2527, time 30.50ms, mfu 11.40%
iter 1910: loss 1.2552, time 31.80ms, mfu 11.35%
iter 1920: loss 1.2522, time 21.22ms, mfu 11.84%
iter 1930: loss 1.2791, time 23.71ms, mfu 12.11%
iter 1940: loss 1.2409, time 30.45ms, mfu 12.03%
iter 1950: loss 1.2480, time 29.92ms, mfu 11.98%
iter 1960: loss 1.2266, time 31.60ms, mfu 11.87%
iter 1970: loss 1.2662, time 30.51ms, mfu 11.82%
iter 1980: loss 1.2077, time 31.32ms, mfu 11.73%
iter 1990: loss 1.2024, time 31.53ms, mfu 11.65%
step 2000: train loss 1.1501, val loss 1.4605
iter 2000: loss 1.2247, time 3987.83ms, mfu 10.50%
iter 2010: loss 1.2199, time 30.32ms, mfu 10.58%
iter 2020: loss 1.2478, time 30.65ms, mfu 10.65%
iter 2030: loss 1.2201, time 30.64ms, mfu 10.71%
iter 2040: loss 1.2196, time 30.31ms, mfu 10.78%
iter 2050: loss 1.2359, time 31.52ms, mfu 10.79%
iter 2060: loss 1.1891, time 21.97ms, mfu 11.28%
iter 2070: loss 1.2122, time 31.27ms, mfu 11.26%
iter 2080: loss 1.2171, time 21.50ms, mfu 11.74%
iter 2090: loss 1.2122, time 28.09ms, mfu 11.79%
iter 2100: loss 1.1873, time 30.27ms, mfu 11.75%
iter 2110: loss 1.2259, time 31.11ms, mfu 11.68%
iter 2120: loss 1.1915, time 31.05ms, mfu 11.62%
iter 2130: loss 1.2319, time 45.18ms, mfu 11.23%
iter 2140: loss 1.2484, time 31.90ms, mfu 11.18%
iter 2150: loss 1.2519, time 31.45ms, mfu 11.16%
iter 2160: loss 1.2172, time 31.37ms, mfu 11.14%
iter 2170: loss 1.1996, time 31.01ms, mfu 11.14%
iter 2180: loss 1.2122, time 29.25ms, mfu 11.21%
iter 2190: loss 1.2191, time 30.21ms, mfu 11.23%
iter 2200: loss 1.2173, time 30.86ms, mfu 11.22%
iter 2210: loss 1.2318, time 31.12ms, mfu 11.21%
iter 2220: loss 1.1840, time 30.57ms, mfu 11.21%
iter 2230: loss 1.1873, time 30.95ms, mfu 11.21%
iter 2240: loss 1.2266, time 30.81ms, mfu 11.20%
step 2250: train loss 1.1085, val loss 1.4650
iter 2250: loss 1.1950, time 4069.66ms, mfu 10.09%
iter 2260: loss 1.2137, time 22.22ms, mfu 10.63%
iter 2270: loss 1.2009, time 31.13ms, mfu 10.68%
iter 2280: loss 1.1864, time 30.03ms, mfu 10.76%
iter 2290: loss 1.1802, time 30.59ms, mfu 10.81%
iter 2300: loss 1.1724, time 30.46ms, mfu 10.86%
iter 2310: loss 1.1854, time 31.02ms, mfu 10.89%
iter 2320: loss 1.1882, time 29.48ms, mfu 10.97%
iter 2330: loss 1.2012, time 31.61ms, mfu 10.96%
iter 2340: loss 1.1894, time 31.37ms, mfu 10.96%
iter 2350: loss 1.2054, time 30.29ms, mfu 11.01%
iter 2360: loss 1.2109, time 32.15ms, mfu 10.98%
iter 2370: loss 1.2131, time 30.92ms, mfu 10.99%
iter 2380: loss 1.1732, time 30.74ms, mfu 11.02%
iter 2390: loss 1.2080, time 31.55ms, mfu 11.01%
iter 2400: loss 1.1549, time 31.35ms, mfu 11.01%
iter 2410: loss 1.1919, time 30.43ms, mfu 11.04%
iter 2420: loss 1.1781, time 31.23ms, mfu 11.04%
iter 2430: loss 1.1735, time 31.47ms, mfu 11.03%
iter 2440: loss 1.1678, time 30.20ms, mfu 11.07%
iter 2450: loss 1.1726, time 31.21ms, mfu 11.07%
iter 2460: loss 1.1499, time 31.11ms, mfu 11.07%
iter 2470: loss 1.1343, time 31.38ms, mfu 11.06%
iter 2480: loss 1.1735, time 30.37ms, mfu 11.09%
iter 2490: loss 1.1922, time 31.46ms, mfu 11.08%
step 2500: train loss 1.0680, val loss 1.4612
iter 2500: loss 1.1402, time 3954.45ms, mfu 9.98%
iter 2510: loss 1.1577, time 30.63ms, mfu 10.11%
iter 2520: loss 1.1656, time 30.66ms, mfu 10.22%
iter 2530: loss 1.1560, time 31.60ms, mfu 10.29%
iter 2540: loss 1.1487, time 31.67ms, mfu 10.35%
iter 2550: loss 1.1875, time 31.07ms, mfu 10.42%
iter 2560: loss 1.1627, time 30.00ms, mfu 10.53%
iter 2570: loss 1.1525, time 30.92ms, mfu 10.59%
iter 2580: loss 1.1413, time 30.05ms, mfu 10.68%
iter 2590: loss 1.1581, time 30.91ms, mfu 10.73%
iter 2600: loss 1.1650, time 29.45ms, mfu 10.82%
iter 2610: loss 1.1610, time 40.87ms, mfu 10.59%
iter 2620: loss 1.1197, time 28.14ms, mfu 10.75%
iter 2630: loss 1.1511, time 30.61ms, mfu 10.80%
iter 2640: loss 1.1279, time 28.90ms, mfu 10.92%
iter 2650: loss 1.1309, time 16.84ms, mfu 11.87%
iter 2660: loss 1.1330, time 29.49ms, mfu 11.85%
iter 2670: loss 1.1656, time 30.92ms, mfu 11.78%
iter 2680: loss 1.1543, time 31.04ms, mfu 11.72%
iter 2690: loss 1.1487, time 44.91ms, mfu 11.31%
iter 2700: loss 1.1164, time 30.97ms, mfu 11.29%
iter 2710: loss 1.1391, time 30.54ms, mfu 11.29%
iter 2720: loss 1.1221, time 31.10ms, mfu 11.27%
iter 2730: loss 1.1098, time 30.76ms, mfu 11.27%
iter 2740: loss 1.1449, time 31.27ms, mfu 11.24%
step 2750: train loss 1.0299, val loss 1.4753
iter 2750: loss 1.1041, time 3959.72ms, mfu 10.13%
iter 2760: loss 1.0924, time 30.96ms, mfu 10.23%
iter 2770: loss 1.1300, time 29.69ms, mfu 10.37%
iter 2780: loss 1.1238, time 30.59ms, mfu 10.46%
iter 2790: loss 1.1212, time 21.07ms, mfu 11.05%
iter 2800: loss 1.1363, time 16.88ms, mfu 11.98%
iter 2810: loss 1.1190, time 30.82ms, mfu 11.90%
iter 2820: loss 1.1421, time 30.80ms, mfu 11.83%
iter 2830: loss 1.1115, time 30.81ms, mfu 11.77%
iter 2840: loss 1.1124, time 31.53ms, mfu 11.69%
iter 2850: loss 1.1054, time 21.98ms, mfu 12.09%
iter 2860: loss 1.1117, time 28.48ms, mfu 12.09%
iter 2870: loss 1.0817, time 30.05ms, mfu 12.03%
iter 2880: loss 1.1131, time 31.06ms, mfu 11.93%
iter 2890: loss 1.1347, time 31.48ms, mfu 11.84%
iter 2900: loss 1.1047, time 31.70ms, mfu 11.74%
iter 2910: loss 1.0954, time 32.30ms, mfu 11.63%
iter 2920: loss 1.1327, time 31.37ms, mfu 11.57%
iter 2930: loss 1.0961, time 31.03ms, mfu 11.52%
iter 2940: loss 1.1051, time 31.15ms, mfu 11.48%
iter 2950: loss 1.1087, time 31.28ms, mfu 11.43%
iter 2960: loss 1.0961, time 21.14ms, mfu 11.92%
iter 2970: loss 1.0701, time 31.32ms, mfu 11.83%
iter 2980: loss 1.0973, time 29.48ms, mfu 11.82%
iter 2990: loss 1.1066, time 31.12ms, mfu 11.74%
step 3000: train loss 0.9871, val loss 1.4723
iter 3000: loss 1.0977, time 3987.50ms, mfu 10.58%
iter 3010: loss 1.0739, time 30.29ms, mfu 10.66%
iter 3020: loss 1.0890, time 30.62ms, mfu 10.72%
iter 3030: loss 1.0968, time 33.24ms, mfu 10.68%
iter 3040: loss 1.0952, time 17.02ms, mfu 11.64%
iter 3050: loss 1.1078, time 30.37ms, mfu 11.61%
iter 3060: loss 1.0756, time 31.67ms, mfu 11.54%
iter 3070: loss 1.0751, time 30.57ms, mfu 11.51%
iter 3080: loss 1.0957, time 29.89ms, mfu 11.51%
iter 3090: loss 1.1060, time 30.59ms, mfu 11.49%
iter 3100: loss 1.0791, time 30.68ms, mfu 11.46%
iter 3110: loss 1.1195, time 32.49ms, mfu 11.38%
iter 3120: loss 1.0516, time 31.85ms, mfu 11.32%
iter 3130: loss 1.0551, time 30.93ms, mfu 11.31%
iter 3140: loss 1.0467, time 31.02ms, mfu 11.29%
iter 3150: loss 1.1042, time 30.98ms, mfu 11.27%
iter 3160: loss 1.0988, time 20.41ms, mfu 11.83%
iter 3170: loss 1.0671, time 41.67ms, mfu 11.48%
iter 3180: loss 1.0540, time 30.33ms, mfu 11.47%
iter 3190: loss 1.0416, time 30.16ms, mfu 11.46%
iter 3200: loss 1.0708, time 31.03ms, mfu 11.43%
iter 3210: loss 1.0558, time 30.50ms, mfu 11.42%
iter 3220: loss 1.0589, time 30.70ms, mfu 11.40%
iter 3230: loss 1.0664, time 31.09ms, mfu 11.37%
iter 3240: loss 1.0659, time 30.05ms, mfu 11.38%
step 3250: train loss 0.9414, val loss 1.4873
iter 3250: loss 1.0664, time 3985.18ms, mfu 10.25%
iter 3260: loss 1.0456, time 30.90ms, mfu 10.34%
iter 3270: loss 1.0818, time 30.32ms, mfu 10.44%
iter 3280: loss 1.0610, time 30.60ms, mfu 10.52%
iter 3290: loss 1.0479, time 21.10ms, mfu 11.11%
iter 3300: loss 1.0890, time 41.21ms, mfu 10.83%
iter 3310: loss 1.0599, time 31.88ms, mfu 10.83%
iter 3320: loss 1.0611, time 31.09ms, mfu 10.86%
iter 3330: loss 1.0590, time 30.47ms, mfu 10.90%
iter 3340: loss 1.0509, time 17.82ms, mfu 11.75%
iter 3350: loss 1.0856, time 29.74ms, mfu 11.73%
iter 3360: loss 1.0244, time 30.32ms, mfu 11.69%
iter 3370: loss 1.0323, time 21.40ms, mfu 12.14%
iter 3380: loss 1.0681, time 28.32ms, mfu 12.14%
iter 3390: loss 1.0569, time 31.48ms, mfu 12.02%
iter 3400: loss 1.0377, time 31.61ms, mfu 11.91%
iter 3410: loss 1.0323, time 31.33ms, mfu 11.82%
iter 3420: loss 1.0279, time 30.76ms, mfu 11.76%
iter 3430: loss 1.0303, time 31.08ms, mfu 11.69%
iter 3440: loss 1.0611, time 30.32ms, mfu 11.66%
iter 3450: loss 1.0598, time 31.32ms, mfu 11.59%
iter 3460: loss 1.0269, time 32.07ms, mfu 11.51%
iter 3470: loss 1.0126, time 31.53ms, mfu 11.45%
iter 3480: loss 1.0220, time 45.35ms, mfu 11.07%
iter 3490: loss 1.0399, time 32.64ms, mfu 11.02%
step 3500: train loss 0.9061, val loss 1.5138
iter 3500: loss 1.0232, time 3870.51ms, mfu 9.92%
iter 3510: loss 1.0184, time 31.87ms, mfu 10.01%
iter 3520: loss 1.0353, time 31.67ms, mfu 10.10%
iter 3530: loss 1.0337, time 31.36ms, mfu 10.19%
iter 3540: loss 1.0235, time 30.87ms, mfu 10.29%
iter 3550: loss 1.0107, time 30.40ms, mfu 10.39%
iter 3560: loss 1.0127, time 28.16ms, mfu 10.58%
iter 3570: loss 1.0038, time 30.60ms, mfu 10.65%
iter 3580: loss 0.9997, time 30.93ms, mfu 10.70%
iter 3590: loss 1.0288, time 20.59ms, mfu 11.30%
iter 3600: loss 1.0006, time 17.81ms, mfu 12.11%
iter 3610: loss 0.9849, time 30.75ms, mfu 12.02%
iter 3620: loss 1.0270, time 30.52ms, mfu 11.95%
iter 3630: loss 1.0258, time 31.10ms, mfu 11.86%
iter 3640: loss 0.9800, time 29.40ms, mfu 11.85%
iter 3650: loss 1.0223, time 30.86ms, mfu 11.78%
iter 3660: loss 0.9670, time 31.60ms, mfu 11.69%
iter 3670: loss 1.0111, time 31.05ms, mfu 11.63%
iter 3680: loss 0.9855, time 32.37ms, mfu 11.53%
iter 3690: loss 1.0148, time 32.20ms, mfu 11.45%
iter 3700: loss 1.0077, time 31.52ms, mfu 11.40%
iter 3710: loss 1.0215, time 30.55ms, mfu 11.39%
iter 3720: loss 0.9948, time 30.61ms, mfu 11.38%
iter 3730: loss 0.9919, time 30.61ms, mfu 11.36%
iter 3740: loss 1.0017, time 31.16ms, mfu 11.33%
step 3750: train loss 0.8656, val loss 1.5188
iter 3750: loss 0.9961, time 3983.85ms, mfu 10.21%
iter 3760: loss 1.0088, time 30.29ms, mfu 10.33%
iter 3770: loss 1.0122, time 31.11ms, mfu 10.40%
iter 3780: loss 0.9999, time 21.38ms, mfu 10.97%
iter 3790: loss 0.9986, time 29.18ms, mfu 11.06%
iter 3800: loss 0.9824, time 29.87ms, mfu 11.11%
iter 3810: loss 1.0269, time 30.61ms, mfu 11.12%
iter 3820: loss 0.9824, time 30.34ms, mfu 11.15%
iter 3830: loss 0.9701, time 30.80ms, mfu 11.15%
iter 3840: loss 1.0040, time 22.13ms, mfu 11.59%
iter 3850: loss 0.9962, time 30.73ms, mfu 11.56%
iter 3860: loss 1.0141, time 30.98ms, mfu 11.51%
iter 3870: loss 0.9633, time 30.48ms, mfu 11.49%
iter 3880: loss 0.9870, time 31.41ms, mfu 11.44%
iter 3890: loss 0.9832, time 31.50ms, mfu 11.39%
iter 3900: loss 0.9673, time 30.93ms, mfu 11.37%
iter 3910: loss 0.9889, time 30.65ms, mfu 11.36%
iter 3920: loss 1.0137, time 31.10ms, mfu 11.33%
iter 3930: loss 0.9930, time 21.16ms, mfu 11.82%
iter 3940: loss 0.9691, time 28.66ms, mfu 11.85%
iter 3950: loss 0.9449, time 30.60ms, mfu 11.79%
iter 3960: loss 0.9596, time 30.97ms, mfu 11.72%
iter 3970: loss 0.9687, time 30.84ms, mfu 11.67%
iter 3980: loss 0.9785, time 31.15ms, mfu 11.61%
iter 3990: loss 0.9582, time 22.26ms, mfu 12.00%
step 4000: train loss 0.8259, val loss 1.5474
iter 4000: loss 0.9602, time 3981.95ms, mfu 10.80%
iter 4010: loss 0.9542, time 30.49ms, mfu 10.85%
iter 4020: loss 0.9557, time 31.12ms, mfu 10.88%
iter 4030: loss 0.9540, time 20.68ms, mfu 11.46%
iter 4040: loss 0.9738, time 27.73ms, mfu 11.55%
iter 4050: loss 0.9741, time 30.63ms, mfu 11.52%
iter 4060: loss 0.9941, time 30.26ms, mfu 11.51%
iter 4070: loss 0.9491, time 30.47ms, mfu 11.49%
iter 4080: loss 0.9409, time 44.79ms, mfu 11.11%
iter 4090: loss 0.9788, time 31.02ms, mfu 11.11%
iter 4100: loss 0.9616, time 32.05ms, mfu 11.08%
iter 4110: loss 0.9763, time 28.55ms, mfu 11.18%
iter 4120: loss 0.9703, time 30.88ms, mfu 11.17%
iter 4130: loss 0.9829, time 28.33ms, mfu 11.27%
iter 4140: loss 0.9565, time 30.38ms, mfu 11.28%
iter 4150: loss 0.9426, time 30.21ms, mfu 11.29%
iter 4160: loss 0.9671, time 31.10ms, mfu 11.27%
iter 4170: loss 0.9496, time 31.77ms, mfu 11.23%
iter 4180: loss 0.9641, time 23.27ms, mfu 11.59%
iter 4190: loss 0.9792, time 41.14ms, mfu 11.27%
iter 4200: loss 0.9300, time 27.89ms, mfu 11.38%
iter 4210: loss 0.9352, time 30.13ms, mfu 11.38%
iter 4220: loss 0.9352, time 31.31ms, mfu 11.35%
iter 4230: loss 0.9245, time 21.24ms, mfu 11.84%
iter 4240: loss 0.9423, time 40.11ms, mfu 11.51%
step 4250: train loss 0.7951, val loss 1.5706
iter 4250: loss 0.9701, time 3963.03ms, mfu 10.37%
iter 4260: loss 0.9206, time 30.07ms, mfu 10.48%
iter 4270: loss 0.9489, time 31.10ms, mfu 10.54%
iter 4280: loss 0.9127, time 30.97ms, mfu 10.60%
iter 4290: loss 0.9262, time 32.53ms, mfu 10.60%
iter 4300: loss 0.9231, time 31.79ms, mfu 10.62%
iter 4310: loss 0.9260, time 28.51ms, mfu 10.77%
iter 4320: loss 0.9049, time 30.10ms, mfu 10.84%
iter 4330: loss 0.9394, time 30.40ms, mfu 10.89%
iter 4340: loss 0.9220, time 30.44ms, mfu 10.93%
iter 4350: loss 0.9375, time 27.96ms, mfu 11.07%
iter 4360: loss 0.9521, time 30.39ms, mfu 11.10%
iter 4370: loss 0.9665, time 31.13ms, mfu 11.10%
iter 4380: loss 0.9259, time 30.52ms, mfu 11.12%
iter 4390: loss 0.9326, time 20.69ms, mfu 11.67%
iter 4400: loss 0.9115, time 27.72ms, mfu 11.75%
iter 4410: loss 0.9313, time 30.35ms, mfu 11.71%
iter 4420: loss 0.9470, time 30.95ms, mfu 11.65%
iter 4430: loss 0.9305, time 20.78ms, mfu 12.15%
iter 4440: loss 0.9634, time 31.16ms, mfu 12.04%
iter 4450: loss 0.9367, time 31.10ms, mfu 11.94%
iter 4460: loss 0.9281, time 45.80ms, mfu 11.50%
iter 4470: loss 0.9292, time 31.38ms, mfu 11.45%
iter 4480: loss 0.9309, time 31.51ms, mfu 11.40%
iter 4490: loss 0.9147, time 31.21ms, mfu 11.36%
step 4500: train loss 0.7650, val loss 1.5808
iter 4500: loss 0.9252, time 3977.38ms, mfu 10.24%
iter 4510: loss 0.9079, time 31.25ms, mfu 10.31%
iter 4520: loss 0.9311, time 30.90ms, mfu 10.40%
iter 4530: loss 0.8685, time 30.64ms, mfu 10.48%
iter 4540: loss 0.9208, time 17.37ms, mfu 11.42%
iter 4550: loss 0.9398, time 30.02ms, mfu 11.43%
iter 4560: loss 0.9140, time 27.74ms, mfu 11.53%
iter 4570: loss 0.9099, time 31.12ms, mfu 11.48%
iter 4580: loss 0.9359, time 30.29ms, mfu 11.47%
iter 4590: loss 0.9078, time 32.11ms, mfu 11.40%
iter 4600: loss 0.8885, time 30.97ms, mfu 11.37%
iter 4610: loss 0.9050, time 31.65ms, mfu 11.32%
iter 4620: loss 0.9063, time 31.75ms, mfu 11.28%
iter 4630: loss 0.9292, time 31.02ms, mfu 11.26%
iter 4640: loss 0.9380, time 30.55ms, mfu 11.26%
iter 4650: loss 0.9177, time 31.83ms, mfu 11.22%
iter 4660: loss 0.9180, time 32.69ms, mfu 11.15%
iter 4670: loss 0.8894, time 31.01ms, mfu 11.15%
iter 4680: loss 0.9064, time 31.29ms, mfu 11.14%
iter 4690: loss 0.9146, time 31.40ms, mfu 11.12%
iter 4700: loss 0.9075, time 32.18ms, mfu 11.08%
iter 4710: loss 0.8870, time 31.23ms, mfu 11.08%
iter 4720: loss 0.9048, time 31.75ms, mfu 11.05%
iter 4730: loss 0.9037, time 29.21ms, mfu 11.13%
iter 4740: loss 0.9068, time 31.45ms, mfu 11.11%
step 4750: train loss 0.7443, val loss 1.5989
iter 4750: loss 0.9150, time 4131.79ms, mfu 10.01%
iter 4760: loss 0.9337, time 30.66ms, mfu 10.13%
iter 4770: loss 0.8971, time 31.74ms, mfu 10.21%
iter 4780: loss 0.8900, time 30.43ms, mfu 10.32%
iter 4790: loss 0.9005, time 30.84ms, mfu 10.40%
iter 4800: loss 0.9091, time 17.08ms, mfu 11.38%
iter 4810: loss 0.9103, time 31.10ms, mfu 11.35%
iter 4820: loss 0.9181, time 20.75ms, mfu 11.88%
iter 4830: loss 0.8785, time 22.23ms, mfu 12.24%
iter 4840: loss 0.8913, time 22.99ms, mfu 12.52%
iter 4850: loss 0.9077, time 30.76ms, mfu 12.39%
iter 4860: loss 0.9118, time 32.79ms, mfu 12.20%
iter 4870: loss 0.8995, time 31.65ms, mfu 12.07%
iter 4880: loss 0.8818, time 31.20ms, mfu 11.97%
iter 4890: loss 0.8718, time 31.17ms, mfu 11.88%
iter 4900: loss 0.9020, time 30.94ms, mfu 11.80%
iter 4910: loss 0.9127, time 30.95ms, mfu 11.74%
iter 4920: loss 0.9051, time 31.93ms, mfu 11.64%
iter 4930: loss 0.8836, time 30.70ms, mfu 11.60%
iter 4940: loss 0.9047, time 30.34ms, mfu 11.58%
iter 4950: loss 0.8777, time 30.91ms, mfu 11.53%
iter 4960: loss 0.8920, time 30.58ms, mfu 11.51%
iter 4970: loss 0.9251, time 31.07ms, mfu 11.47%
iter 4980: loss 0.8886, time 30.85ms, mfu 11.44%
iter 4990: loss 0.9050, time 31.40ms, mfu 11.39%
step 5000: train loss 0.7262, val loss 1.6180
iter 5000: loss 0.9060, time 4104.52ms, mfu 10.26%
