Overriding config with config/train_shakespeare_char.py:
# train a miniature character-level shakespeare model
# good for debugging and playing on macbooks and such

out_dir = 'out-shakespeare-char'
eval_interval = 250 # keep frequent because we'll overfit
eval_iters = 200
log_interval = 10 # don't print too too often

# we expect to overfit on this small dataset, so only save when val improves
always_save_checkpoint = False

wandb_log = False # override via command line if you like
wandb_project = 'shakespeare-char'
wandb_run_name = 'mini-gpt'

dataset = 'shakespeare_char'
gradient_accumulation_steps = 1
batch_size = 64
block_size = 256 # context of up to 256 previous characters

# baby GPT model :)
n_layer = 6
n_head = 6
n_embd = 384
dropout = 0.2

learning_rate = 1e-3 # with baby networks can afford to go a bit higher
max_iters = 5000
lr_decay_iters = 5000 # make equal to max_iters usually
min_lr = 1e-4 # learning_rate / 10 usually
beta2 = 0.99 # make a bit bigger because number of tokens per iter is small

warmup_iters = 100 # not super necessary potentially

# on macbook also add
# device = 'cpu'  # run on cpu only
# compile = False # do not torch compile the model

Overriding: compile = False
Overriding: out_dir = runs\swiglu_lr3e-3
Overriding: learning_rate = 0.003
Overriding: min_lr = 0.00030000000000000003
Overriding: seed = 1337
Overriding: save_checkpoint = False
Overriding: mlp_type = swiglu
tokens per iteration will be: 16,384
found vocab_size = 65 (inside data\shakespeare_char\meta.pkl)
Initializing a new model from scratch
number of parameters: 10.65M
C:\Users\86271\hw1work\nanoGPT\train.py:204: FutureWarning: `torch.cuda.amp.GradScaler(args...)` is deprecated. Please use `torch.amp.GradScaler('cuda', args...)` instead.
  scaler = torch.cuda.amp.GradScaler(enabled=(dtype == 'float16'))
num decayed parameter tensors: 26, with 10,740,096 parameters
num non-decayed parameter tensors: 13, with 4,992 parameters
using fused AdamW: True
step 0: train loss 4.3300, val loss 4.3197
iter 0: loss 4.3273, time 13732.89ms, mfu -100.00%
iter 10: loss 3.2183, time 124.42ms, mfu 2.99%
iter 20: loss 2.6498, time 110.14ms, mfu 3.03%
iter 30: loss 2.5291, time 110.04ms, mfu 3.07%
iter 40: loss 2.4922, time 111.16ms, mfu 3.10%
iter 50: loss 2.4776, time 107.59ms, mfu 3.13%
iter 60: loss 2.4613, time 109.45ms, mfu 3.16%
iter 70: loss 2.4550, time 109.19ms, mfu 3.19%
iter 80: loss 2.4489, time 110.17ms, mfu 3.21%
iter 90: loss 2.4380, time 109.01ms, mfu 3.23%
iter 100: loss 2.4570, time 93.20ms, mfu 3.30%
iter 110: loss 2.4298, time 108.40ms, mfu 3.32%
iter 120: loss 2.4535, time 108.87ms, mfu 3.33%
iter 130: loss 2.4165, time 109.00ms, mfu 3.34%
iter 140: loss 2.3863, time 108.41ms, mfu 3.35%
iter 150: loss 2.3463, time 108.27ms, mfu 3.36%
iter 160: loss 2.2946, time 93.86ms, mfu 3.42%
iter 170: loss 2.2125, time 93.62ms, mfu 3.47%
iter 180: loss 2.1472, time 94.48ms, mfu 3.52%
iter 190: loss 2.1404, time 107.88ms, mfu 3.51%
iter 200: loss 2.0839, time 92.54ms, mfu 3.57%
iter 210: loss 2.0622, time 94.06ms, mfu 3.61%
iter 220: loss 2.0438, time 108.18ms, mfu 3.59%
iter 230: loss 2.0009, time 108.64ms, mfu 3.57%
iter 240: loss 1.9883, time 108.51ms, mfu 3.56%
step 250: train loss 1.9318, val loss 2.0577
iter 250: loss 2.0038, time 11692.04ms, mfu 3.21%
iter 260: loss 1.9962, time 108.40ms, mfu 3.23%
iter 270: loss 1.9577, time 94.50ms, mfu 3.30%
iter 280: loss 1.9486, time 108.81ms, mfu 3.31%
iter 290: loss 1.9662, time 76.88ms, mfu 3.47%
iter 300: loss 1.9617, time 108.97ms, mfu 3.46%
iter 310: loss 1.9288, time 94.55ms, mfu 3.51%
iter 320: loss 1.9208, time 109.42ms, mfu 3.50%
iter 330: loss 1.8912, time 93.97ms, mfu 3.55%
iter 340: loss 1.9132, time 108.28ms, mfu 3.54%
iter 350: loss 1.8323, time 109.46ms, mfu 3.52%
iter 360: loss 1.8376, time 109.01ms, mfu 3.51%
iter 370: loss 1.8428, time 108.64ms, mfu 3.50%
iter 380: loss 1.8299, time 123.39ms, mfu 3.46%
iter 390: loss 1.8217, time 93.66ms, mfu 3.51%
iter 400: loss 1.8075, time 93.48ms, mfu 3.56%
iter 410: loss 1.8122, time 93.94ms, mfu 3.60%
iter 420: loss 1.7706, time 109.12ms, mfu 3.58%
iter 430: loss 1.7798, time 94.12ms, mfu 3.62%
iter 440: loss 1.7779, time 93.25ms, mfu 3.65%
iter 450: loss 1.7775, time 108.49ms, mfu 3.63%
iter 460: loss 1.7289, time 94.13ms, mfu 3.67%
iter 470: loss 1.7721, time 108.54ms, mfu 3.64%
iter 480: loss 1.7607, time 93.61ms, mfu 3.68%
iter 490: loss 1.7299, time 109.34ms, mfu 3.65%
step 500: train loss 1.6208, val loss 1.8032
iter 500: loss 1.7391, time 12975.31ms, mfu 3.29%
iter 510: loss 1.7352, time 93.62ms, mfu 3.36%
iter 520: loss 1.7613, time 109.96ms, mfu 3.36%
iter 530: loss 1.7290, time 108.19ms, mfu 3.37%
iter 540: loss 1.7024, time 93.77ms, mfu 3.43%
iter 550: loss 1.7312, time 123.58ms, mfu 3.39%
iter 560: loss 1.6901, time 107.99ms, mfu 3.39%
iter 570: loss 1.6845, time 109.45ms, mfu 3.39%
iter 580: loss 1.6877, time 93.91ms, mfu 3.45%
iter 590: loss 1.7127, time 93.51ms, mfu 3.51%
iter 600: loss 1.6730, time 94.33ms, mfu 3.55%
iter 610: loss 1.6850, time 108.98ms, mfu 3.54%
iter 620: loss 1.6626, time 109.47ms, mfu 3.52%
iter 630: loss 1.7029, time 109.20ms, mfu 3.51%
iter 640: loss 1.6828, time 108.99ms, mfu 3.50%
iter 650: loss 1.6624, time 93.63ms, mfu 3.55%
iter 660: loss 1.6833, time 109.56ms, mfu 3.54%
iter 670: loss 1.6663, time 95.04ms, mfu 3.57%
iter 680: loss 1.6638, time 107.67ms, mfu 3.56%
iter 690: loss 1.6684, time 107.72ms, mfu 3.55%
iter 700: loss 1.6533, time 94.15ms, mfu 3.59%
iter 710: loss 1.6309, time 107.75ms, mfu 3.58%
iter 720: loss 1.6415, time 109.11ms, mfu 3.56%
iter 730: loss 1.6455, time 93.91ms, mfu 3.60%
iter 740: loss 1.6502, time 108.57ms, mfu 3.59%
step 750: train loss 1.5292, val loss 1.7340
iter 750: loss 1.6302, time 12921.32ms, mfu 3.23%
iter 760: loss 1.6341, time 94.11ms, mfu 3.30%
iter 770: loss 1.6349, time 109.92ms, mfu 3.31%
iter 780: loss 1.6124, time 108.11ms, mfu 3.33%
iter 790: loss 1.6196, time 124.14ms, mfu 3.29%
iter 800: loss 1.6406, time 109.37ms, mfu 3.30%
iter 810: loss 1.6015, time 108.31ms, mfu 3.32%
iter 820: loss 1.5974, time 94.26ms, mfu 3.38%
iter 830: loss 1.5812, time 109.02ms, mfu 3.39%
iter 840: loss 1.6269, time 93.67ms, mfu 3.44%
iter 850: loss 1.5958, time 107.82ms, mfu 3.45%
iter 860: loss 1.6105, time 94.32ms, mfu 3.50%
iter 870: loss 1.6137, time 108.67ms, mfu 3.49%
iter 880: loss 1.5704, time 93.18ms, mfu 3.54%
iter 890: loss 1.5932, time 93.65ms, mfu 3.58%
iter 900: loss 1.5554, time 109.71ms, mfu 3.57%
iter 910: loss 1.5620, time 109.53ms, mfu 3.55%
iter 920: loss 1.5851, time 124.28ms, mfu 3.49%
iter 930: loss 1.5490, time 93.92ms, mfu 3.54%
iter 940: loss 1.5725, time 107.98ms, mfu 3.53%
iter 950: loss 1.5907, time 92.73ms, mfu 3.58%
iter 960: loss 1.5629, time 94.85ms, mfu 3.62%
iter 970: loss 1.5612, time 108.14ms, mfu 3.60%
iter 980: loss 1.5496, time 109.31ms, mfu 3.58%
iter 990: loss 1.5373, time 109.55ms, mfu 3.56%
step 1000: train loss 1.4499, val loss 1.6562
iter 1000: loss 1.5491, time 12929.14ms, mfu 3.21%
iter 1010: loss 1.5499, time 94.22ms, mfu 3.28%
iter 1020: loss 1.4944, time 108.53ms, mfu 3.30%
iter 1030: loss 1.5430, time 108.99ms, mfu 3.31%
iter 1040: loss 1.5228, time 93.56ms, mfu 3.38%
iter 1050: loss 1.5489, time 109.28ms, mfu 3.38%
iter 1060: loss 1.5215, time 93.72ms, mfu 3.44%
iter 1070: loss 1.5253, time 108.28ms, mfu 3.44%
iter 1080: loss 1.4992, time 95.18ms, mfu 3.49%
iter 1090: loss 1.5299, time 107.96ms, mfu 3.48%
iter 1100: loss 1.5262, time 108.12ms, mfu 3.48%
iter 1110: loss 1.5264, time 94.62ms, mfu 3.53%
iter 1120: loss 1.4972, time 94.06ms, mfu 3.57%
iter 1130: loss 1.5089, time 93.99ms, mfu 3.61%
iter 1140: loss 1.4878, time 93.13ms, mfu 3.65%
iter 1150: loss 1.5584, time 93.94ms, mfu 3.68%
iter 1160: loss 1.5359, time 94.68ms, mfu 3.71%
iter 1170: loss 1.5283, time 108.12ms, mfu 3.68%
iter 1180: loss 1.5179, time 94.41ms, mfu 3.71%
iter 1190: loss 1.5126, time 94.47ms, mfu 3.73%
iter 1200: loss 1.4677, time 108.54ms, mfu 3.70%
iter 1210: loss 1.4838, time 109.11ms, mfu 3.67%
iter 1220: loss 1.4713, time 108.81ms, mfu 3.65%
iter 1230: loss 1.4903, time 94.39ms, mfu 3.68%
iter 1240: loss 1.5034, time 108.88ms, mfu 3.65%
step 1250: train loss 1.3684, val loss 1.5940
iter 1250: loss 1.4707, time 12799.20ms, mfu 3.29%
iter 1260: loss 1.4823, time 108.15ms, mfu 3.31%
iter 1270: loss 1.4686, time 93.67ms, mfu 3.37%
iter 1280: loss 1.4520, time 95.63ms, mfu 3.42%
iter 1290: loss 1.4717, time 94.08ms, mfu 3.48%
iter 1300: loss 1.4430, time 108.95ms, mfu 3.47%
iter 1310: loss 1.4822, time 108.02ms, mfu 3.47%
iter 1320: loss 1.4849, time 108.46ms, mfu 3.47%
iter 1330: loss 1.4757, time 93.23ms, mfu 3.52%
iter 1340: loss 1.4203, time 93.26ms, mfu 3.57%
iter 1350: loss 1.4650, time 93.59ms, mfu 3.61%
iter 1360: loss 1.4679, time 108.14ms, mfu 3.59%
iter 1370: loss 1.4300, time 123.36ms, mfu 3.54%
iter 1380: loss 1.4579, time 109.61ms, mfu 3.52%
iter 1390: loss 1.4623, time 93.91ms, mfu 3.57%
iter 1400: loss 1.4160, time 108.49ms, mfu 3.55%
iter 1410: loss 1.4425, time 93.71ms, mfu 3.60%
iter 1420: loss 1.4150, time 108.32ms, mfu 3.58%
iter 1430: loss 1.3915, time 93.30ms, mfu 3.62%
iter 1440: loss 1.3983, time 94.60ms, mfu 3.65%
iter 1450: loss 1.4349, time 93.99ms, mfu 3.68%
iter 1460: loss 1.3988, time 108.66ms, mfu 3.66%
iter 1470: loss 1.4126, time 93.87ms, mfu 3.69%
iter 1480: loss 1.4606, time 109.99ms, mfu 3.66%
iter 1490: loss 1.3975, time 93.61ms, mfu 3.69%
step 1500: train loss 1.3129, val loss 1.5628
iter 1500: loss 1.3820, time 12858.46ms, mfu 3.33%
iter 1510: loss 1.3970, time 93.91ms, mfu 3.39%
iter 1520: loss 1.4077, time 108.82ms, mfu 3.39%
iter 1530: loss 1.4246, time 109.62ms, mfu 3.39%
iter 1540: loss 1.4249, time 94.36ms, mfu 3.45%
iter 1550: loss 1.4002, time 107.53ms, mfu 3.45%
iter 1560: loss 1.3877, time 94.72ms, mfu 3.50%
iter 1570: loss 1.3699, time 109.05ms, mfu 3.49%
iter 1580: loss 1.3782, time 109.09ms, mfu 3.48%
iter 1590: loss 1.3928, time 94.31ms, mfu 3.53%
iter 1600: loss 1.3633, time 108.51ms, mfu 3.52%
iter 1610: loss 1.3768, time 109.02ms, mfu 3.51%
iter 1620: loss 1.4158, time 109.55ms, mfu 3.50%
iter 1630: loss 1.3696, time 93.77ms, mfu 3.55%
iter 1640: loss 1.3942, time 93.45ms, mfu 3.59%
iter 1650: loss 1.3631, time 93.51ms, mfu 3.63%
iter 1660: loss 1.3844, time 93.10ms, mfu 3.67%
iter 1670: loss 1.3827, time 108.82ms, mfu 3.64%
iter 1680: loss 1.3638, time 108.55ms, mfu 3.62%
iter 1690: loss 1.3901, time 93.59ms, mfu 3.66%
iter 1700: loss 1.3430, time 108.81ms, mfu 3.63%
iter 1710: loss 1.3560, time 109.95ms, mfu 3.61%
iter 1720: loss 1.3552, time 94.52ms, mfu 3.64%
iter 1730: loss 1.3731, time 108.92ms, mfu 3.62%
iter 1740: loss 1.3599, time 109.19ms, mfu 3.60%
step 1750: train loss 1.2612, val loss 1.5341
iter 1750: loss 1.3640, time 12788.68ms, mfu 3.24%
iter 1760: loss 1.3584, time 93.64ms, mfu 3.32%
iter 1770: loss 1.3561, time 93.94ms, mfu 3.38%
iter 1780: loss 1.3580, time 109.20ms, mfu 3.38%
iter 1790: loss 1.3787, time 110.12ms, mfu 3.38%
iter 1800: loss 1.3499, time 93.70ms, mfu 3.44%
iter 1810: loss 1.3593, time 109.01ms, mfu 3.44%
iter 1820: loss 1.3086, time 109.86ms, mfu 3.44%
iter 1830: loss 1.3246, time 108.93ms, mfu 3.43%
iter 1840: loss 1.3054, time 109.83ms, mfu 3.43%
iter 1850: loss 1.3456, time 108.22ms, mfu 3.43%
iter 1860: loss 1.3316, time 93.69ms, mfu 3.49%
iter 1870: loss 1.3557, time 94.99ms, mfu 3.53%
iter 1880: loss 1.3224, time 109.40ms, mfu 3.52%
iter 1890: loss 1.3342, time 123.47ms, mfu 3.47%
iter 1900: loss 1.3432, time 94.01ms, mfu 3.52%
iter 1910: loss 1.3296, time 109.24ms, mfu 3.51%
iter 1920: loss 1.3395, time 93.68ms, mfu 3.55%
iter 1930: loss 1.3389, time 93.84ms, mfu 3.60%
iter 1940: loss 1.3253, time 109.71ms, mfu 3.58%
iter 1950: loss 1.3455, time 108.53ms, mfu 3.56%
iter 1960: loss 1.3380, time 94.55ms, mfu 3.60%
iter 1970: loss 1.3306, time 124.70ms, mfu 3.54%
iter 1980: loss 1.3613, time 123.87ms, mfu 3.49%
iter 1990: loss 1.2966, time 108.73ms, mfu 3.48%
step 2000: train loss 1.2220, val loss 1.5113
iter 2000: loss 1.3624, time 12836.49ms, mfu 3.13%
iter 2010: loss 1.3341, time 94.11ms, mfu 3.22%
iter 2020: loss 1.3267, time 108.83ms, mfu 3.24%
iter 2030: loss 1.2982, time 94.45ms, mfu 3.31%
iter 2040: loss 1.3118, time 94.92ms, mfu 3.37%
iter 2050: loss 1.2926, time 93.56ms, mfu 3.43%
iter 2060: loss 1.2964, time 94.46ms, mfu 3.48%
iter 2070: loss 1.3112, time 94.11ms, mfu 3.53%
iter 2080: loss 1.3103, time 110.48ms, mfu 3.51%
iter 2090: loss 1.2795, time 108.82ms, mfu 3.51%
iter 2100: loss 1.3208, time 107.97ms, mfu 3.50%
iter 2110: loss 1.2760, time 109.01ms, mfu 3.49%
iter 2120: loss 1.2675, time 93.40ms, mfu 3.54%
iter 2130: loss 1.3163, time 93.99ms, mfu 3.58%
iter 2140: loss 1.3123, time 107.28ms, mfu 3.57%
iter 2150: loss 1.2737, time 108.51ms, mfu 3.56%
iter 2160: loss 1.2871, time 109.59ms, mfu 3.54%
iter 2170: loss 1.2828, time 94.10ms, mfu 3.58%
iter 2180: loss 1.3099, time 109.25ms, mfu 3.57%
iter 2190: loss 1.2965, time 109.88ms, mfu 3.55%
iter 2200: loss 1.3153, time 93.76ms, mfu 3.59%
iter 2210: loss 1.2894, time 108.62ms, mfu 3.58%
iter 2220: loss 1.2842, time 93.59ms, mfu 3.62%
iter 2230: loss 1.2919, time 108.56ms, mfu 3.60%
iter 2240: loss 1.3068, time 109.68ms, mfu 3.58%
step 2250: train loss 1.1862, val loss 1.5018
iter 2250: loss 1.2256, time 12870.19ms, mfu 3.22%
iter 2260: loss 1.2864, time 108.28ms, mfu 3.24%
iter 2270: loss 1.3004, time 109.17ms, mfu 3.26%
iter 2280: loss 1.2769, time 108.34ms, mfu 3.28%
iter 2290: loss 1.2887, time 109.28ms, mfu 3.29%
iter 2300: loss 1.2919, time 109.24ms, mfu 3.30%
iter 2310: loss 1.3010, time 109.19ms, mfu 3.32%
iter 2320: loss 1.2736, time 108.56ms, mfu 3.33%
iter 2330: loss 1.3172, time 94.00ms, mfu 3.39%
iter 2340: loss 1.2742, time 94.41ms, mfu 3.45%
iter 2350: loss 1.2565, time 108.62ms, mfu 3.44%
iter 2360: loss 1.2582, time 109.36ms, mfu 3.44%
iter 2370: loss 1.3342, time 95.19ms, mfu 3.49%
iter 2380: loss 1.2631, time 108.56ms, mfu 3.48%
iter 2390: loss 1.2616, time 93.78ms, mfu 3.53%
iter 2400: loss 1.2627, time 93.74ms, mfu 3.58%
iter 2410: loss 1.2560, time 109.07ms, mfu 3.56%
iter 2420: loss 1.2994, time 93.53ms, mfu 3.60%
iter 2430: loss 1.2763, time 109.12ms, mfu 3.58%
iter 2440: loss 1.2762, time 108.46ms, mfu 3.57%
iter 2450: loss 1.2606, time 94.12ms, mfu 3.61%
iter 2460: loss 1.2511, time 93.37ms, mfu 3.65%
iter 2470: loss 1.2302, time 108.76ms, mfu 3.62%
iter 2480: loss 1.2852, time 108.49ms, mfu 3.61%
iter 2490: loss 1.2780, time 109.33ms, mfu 3.59%
step 2500: train loss 1.1608, val loss 1.5014
iter 2500: loss 1.2770, time 12784.61ms, mfu 3.23%
iter 2510: loss 1.2744, time 110.69ms, mfu 3.24%
iter 2520: loss 1.2608, time 108.94ms, mfu 3.26%
iter 2530: loss 1.2549, time 93.72ms, mfu 3.33%
iter 2540: loss 1.2591, time 108.96ms, mfu 3.34%
iter 2550: loss 1.2705, time 93.58ms, mfu 3.41%
iter 2560: loss 1.2499, time 108.50ms, mfu 3.41%
iter 2570: loss 1.2478, time 93.48ms, mfu 3.47%
iter 2580: loss 1.2469, time 108.85ms, mfu 3.46%
iter 2590: loss 1.2221, time 108.21ms, mfu 3.46%
iter 2600: loss 1.2291, time 109.02ms, mfu 3.46%
iter 2610: loss 1.2387, time 108.68ms, mfu 3.45%
iter 2620: loss 1.2141, time 108.22ms, mfu 3.45%
iter 2630: loss 1.2415, time 109.37ms, mfu 3.45%
iter 2640: loss 1.2107, time 94.54ms, mfu 3.50%
iter 2650: loss 1.2377, time 93.79ms, mfu 3.54%
iter 2660: loss 1.2804, time 123.64ms, mfu 3.49%
iter 2670: loss 1.2297, time 108.75ms, mfu 3.49%
iter 2680: loss 1.2296, time 123.63ms, mfu 3.44%
iter 2690: loss 1.1836, time 94.03ms, mfu 3.49%
iter 2700: loss 1.2240, time 93.53ms, mfu 3.54%
iter 2710: loss 1.2152, time 108.65ms, mfu 3.53%
iter 2720: loss 1.1967, time 107.79ms, mfu 3.52%
iter 2730: loss 1.2404, time 109.56ms, mfu 3.51%
iter 2740: loss 1.2059, time 108.52ms, mfu 3.50%
step 2750: train loss 1.1286, val loss 1.4784
iter 2750: loss 1.2001, time 12872.23ms, mfu 3.15%
iter 2760: loss 1.2243, time 93.57ms, mfu 3.24%
iter 2770: loss 1.2344, time 94.42ms, mfu 3.31%
iter 2780: loss 1.2234, time 109.69ms, mfu 3.32%
iter 2790: loss 1.2107, time 109.20ms, mfu 3.33%
iter 2800: loss 1.2315, time 109.16ms, mfu 3.34%
iter 2810: loss 1.2164, time 93.75ms, mfu 3.40%
iter 2820: loss 1.2070, time 109.13ms, mfu 3.40%
iter 2830: loss 1.2471, time 109.99ms, mfu 3.40%
iter 2840: loss 1.2060, time 109.53ms, mfu 3.40%
iter 2850: loss 1.2065, time 93.98ms, mfu 3.46%
iter 2860: loss 1.1845, time 107.43ms, mfu 3.46%
iter 2870: loss 1.2030, time 108.99ms, mfu 3.45%
iter 2880: loss 1.2040, time 79.12ms, mfu 3.58%
iter 2890: loss 1.2197, time 108.46ms, mfu 3.56%
iter 2900: loss 1.1952, time 108.62ms, mfu 3.55%
iter 2910: loss 1.1865, time 93.47ms, mfu 3.59%
iter 2920: loss 1.2100, time 94.24ms, mfu 3.63%
iter 2930: loss 1.2083, time 108.59ms, mfu 3.61%
iter 2940: loss 1.1892, time 108.21ms, mfu 3.59%
iter 2950: loss 1.1870, time 108.61ms, mfu 3.58%
iter 2960: loss 1.2073, time 93.59ms, mfu 3.62%
iter 2970: loss 1.2011, time 108.67ms, mfu 3.60%
iter 2980: loss 1.2095, time 109.96ms, mfu 3.58%
iter 2990: loss 1.2267, time 109.35ms, mfu 3.56%
step 3000: train loss 1.0973, val loss 1.4825
iter 3000: loss 1.1680, time 12870.78ms, mfu 3.21%
iter 3010: loss 1.1956, time 93.99ms, mfu 3.28%
iter 3020: loss 1.2019, time 93.03ms, mfu 3.36%
iter 3030: loss 1.1895, time 93.51ms, mfu 3.42%
iter 3040: loss 1.2148, time 94.22ms, mfu 3.47%
iter 3050: loss 1.1799, time 110.10ms, mfu 3.46%
iter 3060: loss 1.1937, time 124.43ms, mfu 3.42%
iter 3070: loss 1.1929, time 108.97ms, mfu 3.42%
iter 3080: loss 1.1745, time 108.96ms, mfu 3.42%
iter 3090: loss 1.2007, time 94.70ms, mfu 3.47%
iter 3100: loss 1.1825, time 108.37ms, mfu 3.47%
iter 3110: loss 1.1667, time 109.07ms, mfu 3.46%
iter 3120: loss 1.2153, time 93.65ms, mfu 3.51%
iter 3130: loss 1.1713, time 108.40ms, mfu 3.51%
iter 3140: loss 1.2084, time 108.77ms, mfu 3.50%
iter 3150: loss 1.1909, time 93.15ms, mfu 3.55%
iter 3160: loss 1.2140, time 95.41ms, mfu 3.58%
iter 3170: loss 1.2172, time 93.70ms, mfu 3.62%
iter 3180: loss 1.1411, time 108.25ms, mfu 3.60%
iter 3190: loss 1.1798, time 93.49ms, mfu 3.64%
iter 3200: loss 1.1942, time 110.07ms, mfu 3.62%
iter 3210: loss 1.1442, time 94.33ms, mfu 3.65%
iter 3220: loss 1.2007, time 108.75ms, mfu 3.63%
iter 3230: loss 1.1589, time 94.15ms, mfu 3.66%
iter 3240: loss 1.1478, time 109.19ms, mfu 3.64%
step 3250: train loss 1.0700, val loss 1.4920
iter 3250: loss 1.1554, time 12809.82ms, mfu 3.28%
iter 3260: loss 1.1382, time 108.84ms, mfu 3.29%
iter 3270: loss 1.1966, time 108.83ms, mfu 3.30%
iter 3280: loss 1.1468, time 123.93ms, mfu 3.27%
iter 3290: loss 1.1800, time 124.40ms, mfu 3.25%
iter 3300: loss 1.1404, time 108.59ms, mfu 3.26%
iter 3310: loss 1.1913, time 94.64ms, mfu 3.33%
iter 3320: loss 1.1579, time 93.92ms, mfu 3.40%
iter 3330: loss 1.1843, time 108.60ms, mfu 3.40%
iter 3340: loss 1.1730, time 94.38ms, mfu 3.45%
iter 3350: loss 1.1445, time 108.33ms, mfu 3.45%
iter 3360: loss 1.1718, time 93.48ms, mfu 3.51%
iter 3370: loss 1.2020, time 93.71ms, mfu 3.55%
iter 3380: loss 1.1746, time 108.59ms, mfu 3.54%
iter 3390: loss 1.1609, time 108.05ms, mfu 3.53%
iter 3400: loss 1.1484, time 94.70ms, mfu 3.57%
iter 3410: loss 1.1322, time 108.77ms, mfu 3.56%
iter 3420: loss 1.1484, time 93.55ms, mfu 3.60%
iter 3430: loss 1.1846, time 94.22ms, mfu 3.64%
iter 3440: loss 1.1482, time 110.17ms, mfu 3.61%
iter 3450: loss 1.1676, time 108.80ms, mfu 3.59%
iter 3460: loss 1.1755, time 109.40ms, mfu 3.57%
iter 3470: loss 1.1328, time 94.69ms, mfu 3.61%
iter 3480: loss 1.1332, time 109.62ms, mfu 3.59%
iter 3490: loss 1.1282, time 109.90ms, mfu 3.57%
step 3500: train loss 1.0411, val loss 1.4858
iter 3500: loss 1.1602, time 12837.87ms, mfu 3.21%
iter 3510: loss 1.1229, time 109.00ms, mfu 3.23%
iter 3520: loss 1.1447, time 94.02ms, mfu 3.31%
iter 3530: loss 1.1433, time 95.01ms, mfu 3.37%
iter 3540: loss 1.1197, time 108.78ms, mfu 3.37%
iter 3550: loss 1.1468, time 109.20ms, mfu 3.38%
iter 3560: loss 1.1188, time 107.88ms, mfu 3.39%
iter 3570: loss 1.1601, time 109.39ms, mfu 3.39%
iter 3580: loss 1.1451, time 92.92ms, mfu 3.45%
iter 3590: loss 1.1092, time 109.26ms, mfu 3.45%
iter 3600: loss 1.1247, time 108.44ms, mfu 3.45%
iter 3610: loss 1.1684, time 93.87ms, mfu 3.50%
iter 3620: loss 1.1232, time 109.23ms, mfu 3.49%
iter 3630: loss 1.1300, time 93.87ms, mfu 3.54%
iter 3640: loss 1.1328, time 93.65ms, mfu 3.58%
iter 3650: loss 1.1505, time 108.81ms, mfu 3.57%
iter 3660: loss 1.1077, time 107.57ms, mfu 3.56%
iter 3670: loss 1.1527, time 109.10ms, mfu 3.54%
iter 3680: loss 1.1382, time 94.02ms, mfu 3.58%
iter 3690: loss 1.1283, time 109.30ms, mfu 3.57%
iter 3700: loss 1.1221, time 109.14ms, mfu 3.55%
iter 3710: loss 1.1407, time 94.44ms, mfu 3.59%
iter 3720: loss 1.0991, time 125.03ms, mfu 3.53%
iter 3730: loss 1.1002, time 93.46ms, mfu 3.58%
iter 3740: loss 1.0961, time 108.87ms, mfu 3.56%
step 3750: train loss 1.0137, val loss 1.4992
iter 3750: loss 1.1229, time 12842.37ms, mfu 3.21%
iter 3760: loss 1.0976, time 94.69ms, mfu 3.28%
iter 3770: loss 1.1349, time 108.56ms, mfu 3.29%
iter 3780: loss 1.1026, time 107.82ms, mfu 3.31%
iter 3790: loss 1.0889, time 109.53ms, mfu 3.32%
iter 3800: loss 1.1363, time 93.33ms, mfu 3.39%
iter 3810: loss 1.1313, time 107.57ms, mfu 3.40%
iter 3820: loss 1.1486, time 109.32ms, mfu 3.40%
iter 3830: loss 1.0992, time 93.73ms, mfu 3.45%
iter 3840: loss 1.1220, time 110.01ms, mfu 3.45%
iter 3850: loss 1.1052, time 108.58ms, mfu 3.45%
iter 3860: loss 1.1066, time 93.96ms, mfu 3.50%
iter 3870: loss 1.0944, time 109.89ms, mfu 3.49%
iter 3880: loss 1.1320, time 108.27ms, mfu 3.48%
iter 3890: loss 1.1283, time 109.14ms, mfu 3.48%
iter 3900: loss 1.1316, time 109.13ms, mfu 3.47%
iter 3910: loss 1.1279, time 108.95ms, mfu 3.46%
iter 3920: loss 1.1193, time 108.77ms, mfu 3.46%
iter 3930: loss 1.1146, time 109.46ms, mfu 3.46%
iter 3940: loss 1.1178, time 109.08ms, mfu 3.45%
iter 3950: loss 1.0820, time 109.49ms, mfu 3.45%
iter 3960: loss 1.1066, time 108.64ms, mfu 3.44%
iter 3970: loss 1.1058, time 94.44ms, mfu 3.49%
iter 3980: loss 1.1239, time 93.86ms, mfu 3.54%
iter 3990: loss 1.1163, time 124.06ms, mfu 3.49%
step 4000: train loss 0.9884, val loss 1.5000
iter 4000: loss 1.1100, time 12825.73ms, mfu 3.14%
iter 4010: loss 1.0959, time 123.93ms, mfu 3.13%
iter 4020: loss 1.0935, time 93.68ms, mfu 3.21%
iter 4030: loss 1.1143, time 94.47ms, mfu 3.29%
iter 4040: loss 1.1083, time 95.08ms, mfu 3.35%
iter 4050: loss 1.1095, time 125.45ms, mfu 3.31%
iter 4060: loss 1.1168, time 125.58ms, mfu 3.28%
iter 4070: loss 1.0937, time 93.88ms, mfu 3.35%
iter 4080: loss 1.0878, time 94.73ms, mfu 3.41%
iter 4090: loss 1.0604, time 109.14ms, mfu 3.41%
iter 4100: loss 1.0707, time 109.46ms, mfu 3.41%
iter 4110: loss 1.0964, time 93.67ms, mfu 3.46%
iter 4120: loss 1.0666, time 94.86ms, mfu 3.51%
iter 4130: loss 1.0868, time 108.56ms, mfu 3.50%
iter 4140: loss 1.1189, time 109.33ms, mfu 3.49%
iter 4150: loss 1.0766, time 93.83ms, mfu 3.54%
iter 4160: loss 1.0947, time 123.22ms, mfu 3.49%
iter 4170: loss 1.0793, time 94.89ms, mfu 3.53%
iter 4180: loss 1.0487, time 94.27ms, mfu 3.57%
iter 4190: loss 1.0887, time 108.36ms, mfu 3.56%
iter 4200: loss 1.0536, time 108.64ms, mfu 3.55%
iter 4210: loss 1.0772, time 109.15ms, mfu 3.53%
iter 4220: loss 1.0847, time 93.85ms, mfu 3.58%
iter 4230: loss 1.0834, time 109.05ms, mfu 3.56%
iter 4240: loss 1.0891, time 95.15ms, mfu 3.60%
step 4250: train loss 0.9669, val loss 1.5067
iter 4250: loss 1.0678, time 12835.85ms, mfu 3.24%
iter 4260: loss 1.1038, time 108.24ms, mfu 3.26%
iter 4270: loss 1.0819, time 108.02ms, mfu 3.28%
iter 4280: loss 1.0777, time 94.17ms, mfu 3.35%
iter 4290: loss 1.1163, time 93.46ms, mfu 3.41%
iter 4300: loss 1.0778, time 109.18ms, mfu 3.41%
iter 4310: loss 1.0773, time 109.03ms, mfu 3.41%
iter 4320: loss 1.0644, time 94.93ms, mfu 3.46%
iter 4330: loss 1.0874, time 108.18ms, mfu 3.46%
iter 4340: loss 1.0572, time 107.89ms, mfu 3.46%
iter 4350: loss 1.0772, time 107.68ms, mfu 3.46%
iter 4360: loss 1.0904, time 109.98ms, mfu 3.45%
iter 4370: loss 1.0775, time 108.73ms, mfu 3.45%
iter 4380: loss 1.0706, time 93.72ms, mfu 3.50%
iter 4390: loss 1.0854, time 109.05ms, mfu 3.49%
iter 4400: loss 1.0665, time 93.16ms, mfu 3.55%
iter 4410: loss 1.0700, time 93.81ms, mfu 3.59%
iter 4420: loss 1.0816, time 93.68ms, mfu 3.63%
iter 4430: loss 1.0702, time 109.72ms, mfu 3.60%
iter 4440: loss 1.0506, time 95.35ms, mfu 3.63%
iter 4450: loss 1.0427, time 94.40ms, mfu 3.67%
iter 4460: loss 1.0961, time 94.84ms, mfu 3.69%
iter 4470: loss 1.0794, time 94.21ms, mfu 3.72%
iter 4480: loss 1.0444, time 109.64ms, mfu 3.69%
iter 4490: loss 1.0738, time 93.74ms, mfu 3.72%
step 4500: train loss 0.9464, val loss 1.5127
iter 4500: loss 1.0822, time 12781.82ms, mfu 3.35%
iter 4510: loss 1.0665, time 108.53ms, mfu 3.36%
iter 4520: loss 1.0868, time 108.73ms, mfu 3.36%
iter 4530: loss 1.0652, time 109.46ms, mfu 3.37%
iter 4540: loss 1.0610, time 93.74ms, mfu 3.43%
iter 4550: loss 1.0799, time 123.62ms, mfu 3.39%
iter 4560: loss 1.0538, time 109.25ms, mfu 3.39%
iter 4570: loss 1.0695, time 109.45ms, mfu 3.39%
iter 4580: loss 1.0731, time 93.86ms, mfu 3.45%
iter 4590: loss 1.0865, time 94.27ms, mfu 3.50%
iter 4600: loss 1.0410, time 108.57ms, mfu 3.49%
iter 4610: loss 1.0495, time 108.42ms, mfu 3.49%
iter 4620: loss 1.0258, time 93.47ms, mfu 3.54%
iter 4630: loss 1.0533, time 108.74ms, mfu 3.53%
iter 4640: loss 1.0498, time 93.71ms, mfu 3.57%
iter 4650: loss 1.0743, time 94.68ms, mfu 3.61%
iter 4660: loss 1.0647, time 93.16ms, mfu 3.65%
iter 4670: loss 1.0660, time 109.62ms, mfu 3.62%
iter 4680: loss 1.0675, time 108.09ms, mfu 3.60%
iter 4690: loss 1.0650, time 108.51ms, mfu 3.59%
iter 4700: loss 1.0621, time 93.73ms, mfu 3.63%
iter 4710: loss 1.0616, time 93.48ms, mfu 3.66%
iter 4720: loss 1.0387, time 93.73ms, mfu 3.69%
iter 4730: loss 1.0726, time 108.93ms, mfu 3.67%
iter 4740: loss 1.0464, time 109.07ms, mfu 3.64%
step 4750: train loss 0.9299, val loss 1.5283
iter 4750: loss 1.0355, time 12842.69ms, mfu 3.28%
iter 4760: loss 1.0468, time 93.31ms, mfu 3.35%
iter 4770: loss 1.0722, time 108.15ms, mfu 3.36%
iter 4780: loss 1.0521, time 94.90ms, mfu 3.42%
iter 4790: loss 1.0343, time 108.30ms, mfu 3.42%
iter 4800: loss 1.0585, time 108.33ms, mfu 3.42%
iter 4810: loss 1.0548, time 110.01ms, mfu 3.42%
iter 4820: loss 1.0669, time 93.80ms, mfu 3.47%
iter 4830: loss 1.0342, time 93.77ms, mfu 3.52%
iter 4840: loss 1.0609, time 109.19ms, mfu 3.51%
iter 4850: loss 1.0490, time 92.88ms, mfu 3.56%
iter 4860: loss 1.0753, time 93.31ms, mfu 3.61%
iter 4870: loss 1.0570, time 93.74ms, mfu 3.64%
iter 4880: loss 1.0800, time 108.31ms, mfu 3.62%
iter 4890: loss 1.0586, time 93.50ms, mfu 3.66%
iter 4900: loss 1.0657, time 109.56ms, mfu 3.63%
iter 4910: loss 1.0496, time 94.23ms, mfu 3.66%
iter 4920: loss 1.0423, time 108.35ms, mfu 3.64%
iter 4930: loss 1.0266, time 123.71ms, mfu 3.58%
iter 4940: loss 1.0574, time 108.16ms, mfu 3.57%
iter 4950: loss 1.0404, time 94.61ms, mfu 3.60%
iter 4960: loss 1.0424, time 109.09ms, mfu 3.58%
iter 4970: loss 1.0378, time 93.49ms, mfu 3.62%
iter 4980: loss 1.0436, time 63.25ms, mfu 3.85%
iter 4990: loss 1.0408, time 62.86ms, mfu 4.06%
step 5000: train loss 0.9150, val loss 1.5268
iter 5000: loss 1.0499, time 11857.69ms, mfu 3.66%
