Overriding config with config/train_shakespeare_char.py:
# train a miniature character-level shakespeare model
# good for debugging and playing on macbooks and such

out_dir = 'out-shakespeare-char'
eval_interval = 250 # keep frequent because we'll overfit
eval_iters = 200
log_interval = 10 # don't print too too often

# we expect to overfit on this small dataset, so only save when val improves
always_save_checkpoint = False

wandb_log = False # override via command line if you like
wandb_project = 'shakespeare-char'
wandb_run_name = 'mini-gpt'

dataset = 'shakespeare_char'
gradient_accumulation_steps = 1
batch_size = 64
block_size = 256 # context of up to 256 previous characters

# baby GPT model :)
n_layer = 6
n_head = 6
n_embd = 384
dropout = 0.2

learning_rate = 1e-3 # with baby networks can afford to go a bit higher
max_iters = 5000
lr_decay_iters = 5000 # make equal to max_iters usually
min_lr = 1e-4 # learning_rate / 10 usually
beta2 = 0.99 # make a bit bigger because number of tokens per iter is small

warmup_iters = 100 # not super necessary potentially

# on macbook also add
# device = 'cpu'  # run on cpu only
# compile = False # do not torch compile the model

Overriding: compile = False
Overriding: out_dir = runs\gqa_lr2e-3
Overriding: learning_rate = 0.002
Overriding: min_lr = 0.0002
Overriding: seed = 1337
Overriding: save_checkpoint = False
Overriding: n_kv_head = 3
tokens per iteration will be: 16,384
found vocab_size = 65 (inside data\shakespeare_char\meta.pkl)
Initializing a new model from scratch
number of parameters: 9.76M
C:\Users\86271\hw1work\nanoGPT\train.py:204: FutureWarning: `torch.cuda.amp.GradScaler(args...)` is deprecated. Please use `torch.amp.GradScaler('cuda', args...)` instead.
  scaler = torch.cuda.amp.GradScaler(enabled=(dtype == 'float16'))
num decayed parameter tensors: 26, with 9,855,360 parameters
num non-decayed parameter tensors: 13, with 4,992 parameters
using fused AdamW: True
step 0: train loss 4.2952, val loss 4.2869
iter 0: loss 4.2839, time 7600.25ms, mfu -100.00%
iter 10: loss 3.0072, time 62.31ms, mfu 5.53%
iter 20: loss 2.6696, time 62.63ms, mfu 5.53%
iter 30: loss 2.5755, time 63.36ms, mfu 5.52%
iter 40: loss 2.5546, time 62.60ms, mfu 5.52%
iter 50: loss 2.5086, time 62.46ms, mfu 5.52%
iter 60: loss 2.4870, time 62.07ms, mfu 5.52%
iter 70: loss 2.4918, time 62.81ms, mfu 5.52%
iter 80: loss 2.4738, time 61.91ms, mfu 5.52%
iter 90: loss 2.4703, time 62.91ms, mfu 5.52%
iter 100: loss 2.4567, time 62.42ms, mfu 5.52%
iter 110: loss 2.4372, time 62.57ms, mfu 5.52%
iter 120: loss 2.4171, time 62.40ms, mfu 5.52%
iter 130: loss 2.3858, time 62.86ms, mfu 5.52%
iter 140: loss 2.3593, time 62.33ms, mfu 5.52%
iter 150: loss 2.3335, time 62.03ms, mfu 5.52%
iter 160: loss 2.2034, time 62.75ms, mfu 5.52%
iter 170: loss 2.1869, time 61.78ms, mfu 5.53%
iter 180: loss 2.1166, time 61.83ms, mfu 5.53%
iter 190: loss 2.1089, time 76.46ms, mfu 5.43%
iter 200: loss 2.0489, time 62.35ms, mfu 5.44%
iter 210: loss 2.0257, time 61.77ms, mfu 5.45%
iter 220: loss 1.9998, time 49.12ms, mfu 5.61%
iter 230: loss 2.0014, time 62.39ms, mfu 5.60%
iter 240: loss 1.9327, time 63.50ms, mfu 5.58%
step 250: train loss 1.8211, val loss 1.9574
iter 250: loss 1.8937, time 7167.69ms, mfu 5.03%
iter 260: loss 1.8617, time 62.54ms, mfu 5.08%
iter 270: loss 1.8616, time 61.47ms, mfu 5.13%
iter 280: loss 1.8114, time 63.46ms, mfu 5.16%
iter 290: loss 1.8150, time 63.84ms, mfu 5.19%
iter 300: loss 1.8046, time 75.85ms, mfu 5.12%
iter 310: loss 1.8112, time 62.12ms, mfu 5.16%
iter 320: loss 1.7919, time 47.18ms, mfu 5.38%
iter 330: loss 1.7635, time 77.54ms, mfu 5.29%
iter 340: loss 1.7405, time 62.56ms, mfu 5.31%
iter 350: loss 1.7106, time 63.29ms, mfu 5.32%
iter 360: loss 1.7376, time 61.77ms, mfu 5.35%
iter 370: loss 1.6851, time 62.53ms, mfu 5.36%
iter 380: loss 1.6866, time 62.86ms, mfu 5.38%
iter 390: loss 1.6797, time 61.66ms, mfu 5.40%
iter 400: loss 1.6259, time 63.01ms, mfu 5.40%
iter 410: loss 1.6833, time 63.42ms, mfu 5.41%
iter 420: loss 1.6397, time 62.41ms, mfu 5.42%
iter 430: loss 1.6506, time 63.71ms, mfu 5.42%
iter 440: loss 1.6176, time 62.41ms, mfu 5.43%
iter 450: loss 1.6235, time 64.07ms, mfu 5.42%
iter 460: loss 1.6338, time 62.30ms, mfu 5.44%
iter 470: loss 1.6052, time 76.94ms, mfu 5.34%
iter 480: loss 1.6024, time 61.63ms, mfu 5.37%
iter 490: loss 1.5685, time 62.54ms, mfu 5.38%
step 500: train loss 1.4978, val loss 1.6972
iter 500: loss 1.5889, time 7583.34ms, mfu 4.85%
iter 510: loss 1.5581, time 61.80ms, mfu 4.92%
iter 520: loss 1.5833, time 48.70ms, mfu 5.14%
iter 530: loss 1.5580, time 62.69ms, mfu 5.17%
iter 540: loss 1.5557, time 63.81ms, mfu 5.20%
iter 550: loss 1.5672, time 62.91ms, mfu 5.22%
iter 560: loss 1.5275, time 62.52ms, mfu 5.25%
iter 570: loss 1.5294, time 63.36ms, mfu 5.27%
iter 580: loss 1.5010, time 63.15ms, mfu 5.29%
iter 590: loss 1.5217, time 75.35ms, mfu 5.22%
iter 600: loss 1.5409, time 62.58ms, mfu 5.25%
iter 610: loss 1.5280, time 61.41ms, mfu 5.28%
iter 620: loss 1.5440, time 60.94ms, mfu 5.32%
iter 630: loss 1.4842, time 62.26ms, mfu 5.34%
iter 640: loss 1.4884, time 62.34ms, mfu 5.36%
iter 650: loss 1.4857, time 77.47ms, mfu 5.27%
iter 660: loss 1.5080, time 61.74ms, mfu 5.30%
iter 670: loss 1.4564, time 61.85ms, mfu 5.33%
iter 680: loss 1.4241, time 62.10ms, mfu 5.35%
iter 690: loss 1.4481, time 62.80ms, mfu 5.37%
iter 700: loss 1.4449, time 62.64ms, mfu 5.38%
iter 710: loss 1.4388, time 61.42ms, mfu 5.40%
iter 720: loss 1.4362, time 62.42ms, mfu 5.41%
iter 730: loss 1.4339, time 49.41ms, mfu 5.57%
iter 740: loss 1.4355, time 63.03ms, mfu 5.56%
step 750: train loss 1.3489, val loss 1.5810
iter 750: loss 1.4536, time 7262.17ms, mfu 5.01%
iter 760: loss 1.4323, time 62.03ms, mfu 5.06%
iter 770: loss 1.4088, time 62.99ms, mfu 5.11%
iter 780: loss 1.4076, time 62.22ms, mfu 5.15%
iter 790: loss 1.3711, time 62.00ms, mfu 5.19%
iter 800: loss 1.3724, time 61.58ms, mfu 5.23%
iter 810: loss 1.3947, time 47.82ms, mfu 5.43%
iter 820: loss 1.4022, time 62.28ms, mfu 5.44%
iter 830: loss 1.4160, time 62.52ms, mfu 5.45%
iter 840: loss 1.4046, time 48.23ms, mfu 5.62%
iter 850: loss 1.3705, time 63.30ms, mfu 5.60%
iter 860: loss 1.3795, time 62.65ms, mfu 5.59%
iter 870: loss 1.3847, time 61.97ms, mfu 5.59%
iter 880: loss 1.3566, time 62.42ms, mfu 5.58%
iter 890: loss 1.4147, time 62.14ms, mfu 5.58%
iter 900: loss 1.3744, time 63.74ms, mfu 5.56%
iter 910: loss 1.3546, time 62.90ms, mfu 5.55%
iter 920: loss 1.4036, time 62.53ms, mfu 5.55%
iter 930: loss 1.3686, time 76.64ms, mfu 5.44%
iter 940: loss 1.3328, time 76.52ms, mfu 5.35%
iter 950: loss 1.3375, time 63.24ms, mfu 5.36%
iter 960: loss 1.3411, time 62.13ms, mfu 5.38%
iter 970: loss 1.3507, time 62.41ms, mfu 5.39%
iter 980: loss 1.3444, time 63.53ms, mfu 5.40%
iter 990: loss 1.3776, time 62.01ms, mfu 5.41%
step 1000: train loss 1.2689, val loss 1.5185
iter 1000: loss 1.3424, time 7273.10ms, mfu 4.88%
iter 1010: loss 1.3478, time 61.64ms, mfu 4.95%
iter 1020: loss 1.3036, time 62.91ms, mfu 5.00%
iter 1030: loss 1.3425, time 62.54ms, mfu 5.05%
iter 1040: loss 1.3228, time 63.19ms, mfu 5.09%
iter 1050: loss 1.3385, time 62.10ms, mfu 5.14%
iter 1060: loss 1.3052, time 62.77ms, mfu 5.17%
iter 1070: loss 1.3317, time 63.46ms, mfu 5.20%
iter 1080: loss 1.3191, time 62.46ms, mfu 5.23%
iter 1090: loss 1.3047, time 62.51ms, mfu 5.26%
iter 1100: loss 1.3014, time 63.08ms, mfu 5.28%
iter 1110: loss 1.3077, time 77.42ms, mfu 5.20%
iter 1120: loss 1.3507, time 62.53ms, mfu 5.23%
iter 1130: loss 1.3310, time 76.91ms, mfu 5.15%
iter 1140: loss 1.3207, time 77.48ms, mfu 5.08%
iter 1150: loss 1.3116, time 62.23ms, mfu 5.13%
iter 1160: loss 1.3136, time 62.04ms, mfu 5.17%
iter 1170: loss 1.2944, time 47.99ms, mfu 5.37%
iter 1180: loss 1.3079, time 48.27ms, mfu 5.55%
iter 1190: loss 1.3030, time 62.70ms, mfu 5.55%
iter 1200: loss 1.3054, time 62.00ms, mfu 5.55%
iter 1210: loss 1.2963, time 77.43ms, mfu 5.44%
iter 1220: loss 1.2913, time 63.20ms, mfu 5.44%
iter 1230: loss 1.2695, time 75.68ms, mfu 5.35%
iter 1240: loss 1.2882, time 62.41ms, mfu 5.37%
step 1250: train loss 1.2066, val loss 1.4862
iter 1250: loss 1.2448, time 7203.54ms, mfu 4.84%
iter 1260: loss 1.2939, time 63.66ms, mfu 4.89%
iter 1270: loss 1.2680, time 62.94ms, mfu 4.95%
iter 1280: loss 1.2807, time 61.77ms, mfu 5.02%
iter 1290: loss 1.3098, time 63.61ms, mfu 5.06%
iter 1300: loss 1.2926, time 63.98ms, mfu 5.09%
iter 1310: loss 1.2823, time 61.79ms, mfu 5.14%
iter 1320: loss 1.2356, time 61.94ms, mfu 5.18%
iter 1330: loss 1.2302, time 62.52ms, mfu 5.21%
iter 1340: loss 1.2659, time 76.88ms, mfu 5.14%
iter 1350: loss 1.2592, time 62.62ms, mfu 5.18%
iter 1360: loss 1.2522, time 48.24ms, mfu 5.37%
iter 1370: loss 1.2625, time 62.92ms, mfu 5.38%
iter 1380: loss 1.2346, time 62.38ms, mfu 5.40%
iter 1390: loss 1.2642, time 62.37ms, mfu 5.41%
iter 1400: loss 1.2639, time 48.50ms, mfu 5.58%
iter 1410: loss 1.2310, time 63.35ms, mfu 5.57%
iter 1420: loss 1.2323, time 62.85ms, mfu 5.56%
iter 1430: loss 1.2852, time 62.29ms, mfu 5.56%
iter 1440: loss 1.2377, time 63.17ms, mfu 5.55%
iter 1450: loss 1.2622, time 77.84ms, mfu 5.44%
iter 1460: loss 1.2279, time 63.28ms, mfu 5.44%
iter 1470: loss 1.2502, time 63.13ms, mfu 5.44%
iter 1480: loss 1.2231, time 62.22ms, mfu 5.45%
iter 1490: loss 1.2558, time 62.87ms, mfu 5.45%
step 1500: train loss 1.1557, val loss 1.4689
iter 1500: loss 1.2523, time 7109.47ms, mfu 4.91%
iter 1510: loss 1.2515, time 62.69ms, mfu 4.97%
iter 1520: loss 1.2285, time 48.64ms, mfu 5.18%
iter 1530: loss 1.1776, time 61.26ms, mfu 5.23%
iter 1540: loss 1.2274, time 63.43ms, mfu 5.25%
iter 1550: loss 1.2086, time 61.91ms, mfu 5.28%
iter 1560: loss 1.2400, time 62.43ms, mfu 5.30%
iter 1570: loss 1.2084, time 62.48ms, mfu 5.33%
iter 1580: loss 1.2122, time 63.67ms, mfu 5.33%
iter 1590: loss 1.2273, time 62.44ms, mfu 5.35%
iter 1600: loss 1.2344, time 62.77ms, mfu 5.37%
iter 1610: loss 1.2080, time 61.62ms, mfu 5.39%
iter 1620: loss 1.2062, time 62.66ms, mfu 5.40%
iter 1630: loss 1.1930, time 61.95ms, mfu 5.42%
iter 1640: loss 1.1984, time 61.95ms, mfu 5.43%
iter 1650: loss 1.2358, time 47.53ms, mfu 5.61%
iter 1660: loss 1.2083, time 76.91ms, mfu 5.50%
iter 1670: loss 1.2271, time 62.29ms, mfu 5.50%
iter 1680: loss 1.2081, time 61.66ms, mfu 5.51%
iter 1690: loss 1.2030, time 63.90ms, mfu 5.50%
iter 1700: loss 1.1744, time 61.89ms, mfu 5.51%
iter 1710: loss 1.1979, time 61.37ms, mfu 5.52%
iter 1720: loss 1.2076, time 61.48ms, mfu 5.53%
iter 1730: loss 1.1799, time 77.54ms, mfu 5.42%
iter 1740: loss 1.2321, time 62.56ms, mfu 5.43%
step 1750: train loss 1.1121, val loss 1.4633
iter 1750: loss 1.2267, time 7264.64ms, mfu 4.89%
iter 1760: loss 1.2073, time 62.35ms, mfu 4.95%
iter 1770: loss 1.1898, time 49.09ms, mfu 5.16%
iter 1780: loss 1.1871, time 30.84ms, mfu 5.76%
iter 1790: loss 1.1897, time 30.53ms, mfu 6.32%
iter 1800: loss 1.1881, time 30.99ms, mfu 6.80%
iter 1810: loss 1.1631, time 30.68ms, mfu 7.24%
iter 1820: loss 1.1749, time 30.30ms, mfu 7.65%
iter 1830: loss 1.1669, time 27.95ms, mfu 8.12%
iter 1840: loss 1.1840, time 30.56ms, mfu 8.44%
iter 1850: loss 1.1658, time 30.80ms, mfu 8.71%
iter 1860: loss 1.1743, time 30.56ms, mfu 8.97%
iter 1870: loss 1.1721, time 41.16ms, mfu 8.91%
iter 1880: loss 1.1484, time 31.43ms, mfu 9.12%
iter 1890: loss 1.1883, time 32.94ms, mfu 9.25%
iter 1900: loss 1.1844, time 21.58ms, mfu 9.92%
iter 1910: loss 1.1653, time 30.10ms, mfu 10.08%
iter 1920: loss 1.1657, time 31.11ms, mfu 10.18%
iter 1930: loss 1.2005, time 21.63ms, mfu 10.75%
iter 1940: loss 1.1604, time 29.05ms, mfu 10.87%
iter 1950: loss 1.1540, time 30.81ms, mfu 10.90%
iter 1960: loss 1.1362, time 30.85ms, mfu 10.93%
iter 1970: loss 1.1851, time 30.16ms, mfu 10.98%
iter 1980: loss 1.1353, time 41.08ms, mfu 10.72%
iter 1990: loss 1.1151, time 31.01ms, mfu 10.76%
step 2000: train loss 1.0646, val loss 1.4635
iter 2000: loss 1.1365, time 3979.68ms, mfu 9.69%
iter 2010: loss 1.1387, time 30.47ms, mfu 9.85%
iter 2020: loss 1.1559, time 30.84ms, mfu 9.99%
iter 2030: loss 1.1356, time 30.91ms, mfu 10.10%
iter 2040: loss 1.1388, time 30.33ms, mfu 10.23%
iter 2050: loss 1.1543, time 30.71ms, mfu 10.33%
iter 2060: loss 1.1103, time 31.69ms, mfu 10.38%
iter 2070: loss 1.1124, time 21.56ms, mfu 10.94%
iter 2080: loss 1.1223, time 31.16ms, mfu 10.96%
iter 2090: loss 1.1251, time 29.50ms, mfu 11.03%
iter 2100: loss 1.0959, time 30.96ms, mfu 11.04%
iter 2110: loss 1.1412, time 30.47ms, mfu 11.07%
iter 2120: loss 1.1099, time 30.90ms, mfu 11.08%
iter 2130: loss 1.1421, time 27.34ms, mfu 11.23%
iter 2140: loss 1.1529, time 31.48ms, mfu 11.20%
iter 2150: loss 1.1547, time 31.03ms, mfu 11.19%
iter 2160: loss 1.1338, time 31.11ms, mfu 11.18%
iter 2170: loss 1.1169, time 31.21ms, mfu 11.17%
iter 2180: loss 1.1230, time 31.00ms, mfu 11.16%
iter 2190: loss 1.1388, time 21.23ms, mfu 11.67%
iter 2200: loss 1.1301, time 40.61ms, mfu 11.35%
iter 2210: loss 1.1420, time 17.23ms, mfu 12.22%
iter 2220: loss 1.0931, time 31.66ms, mfu 12.09%
iter 2230: loss 1.1059, time 30.76ms, mfu 12.00%
iter 2240: loss 1.1366, time 31.11ms, mfu 11.91%
step 2250: train loss 1.0201, val loss 1.4651
iter 2250: loss 1.1155, time 3948.84ms, mfu 10.72%
iter 2260: loss 1.1290, time 30.37ms, mfu 10.79%
iter 2270: loss 1.1225, time 30.17ms, mfu 10.85%
iter 2280: loss 1.1028, time 31.45ms, mfu 10.86%
iter 2290: loss 1.1011, time 30.66ms, mfu 10.90%
iter 2300: loss 1.0877, time 32.62ms, mfu 10.87%
iter 2310: loss 1.1034, time 18.23ms, mfu 11.67%
iter 2320: loss 1.0964, time 31.08ms, mfu 11.61%
iter 2330: loss 1.1079, time 30.85ms, mfu 11.57%
iter 2340: loss 1.1010, time 31.12ms, mfu 11.52%
iter 2350: loss 1.1175, time 30.75ms, mfu 11.49%
iter 2360: loss 1.1284, time 20.77ms, mfu 12.00%
iter 2370: loss 1.1325, time 31.22ms, mfu 11.91%
iter 2380: loss 1.0967, time 30.38ms, mfu 11.85%
iter 2390: loss 1.1089, time 31.00ms, mfu 11.78%
iter 2400: loss 1.0672, time 22.07ms, mfu 12.16%
iter 2410: loss 1.0953, time 41.50ms, mfu 11.78%
iter 2420: loss 1.0966, time 30.79ms, mfu 11.72%
iter 2430: loss 1.0798, time 30.67ms, mfu 11.67%
iter 2440: loss 1.0697, time 31.20ms, mfu 11.61%
iter 2450: loss 1.0920, time 31.44ms, mfu 11.54%
iter 2460: loss 1.0642, time 31.19ms, mfu 11.49%
iter 2470: loss 1.0516, time 31.06ms, mfu 11.46%
iter 2480: loss 1.0870, time 30.94ms, mfu 11.42%
iter 2490: loss 1.1013, time 31.09ms, mfu 11.39%
step 2500: train loss 0.9716, val loss 1.4804
iter 2500: loss 1.0636, time 3948.41ms, mfu 10.26%
iter 2510: loss 1.0597, time 30.22ms, mfu 10.37%
iter 2520: loss 1.0826, time 41.94ms, mfu 10.16%
iter 2530: loss 1.0640, time 18.36ms, mfu 11.02%
iter 2540: loss 1.0485, time 17.35ms, mfu 11.91%
iter 2550: loss 1.0902, time 31.28ms, mfu 11.82%
iter 2560: loss 1.0816, time 30.85ms, mfu 11.75%
iter 2570: loss 1.0651, time 30.92ms, mfu 11.69%
iter 2580: loss 1.0531, time 21.09ms, mfu 12.16%
iter 2590: loss 1.0741, time 28.94ms, mfu 12.13%
iter 2600: loss 1.0718, time 30.64ms, mfu 12.04%
iter 2610: loss 1.0640, time 31.40ms, mfu 11.94%
iter 2620: loss 1.0336, time 31.11ms, mfu 11.85%
iter 2630: loss 1.0516, time 27.54ms, mfu 11.92%
iter 2640: loss 1.0312, time 30.66ms, mfu 11.85%
iter 2650: loss 1.0482, time 30.65ms, mfu 11.79%
iter 2660: loss 1.0438, time 32.48ms, mfu 11.67%
iter 2670: loss 1.0670, time 31.77ms, mfu 11.59%
iter 2680: loss 1.0527, time 31.45ms, mfu 11.53%
iter 2690: loss 1.0559, time 31.52ms, mfu 11.47%
iter 2700: loss 1.0271, time 27.79ms, mfu 11.56%
iter 2710: loss 1.0533, time 30.69ms, mfu 11.53%
iter 2720: loss 1.0315, time 31.27ms, mfu 11.48%
iter 2730: loss 1.0220, time 31.59ms, mfu 11.42%
iter 2740: loss 1.0497, time 30.87ms, mfu 11.40%
step 2750: train loss 0.9256, val loss 1.5045
iter 2750: loss 1.0106, time 3976.45ms, mfu 10.27%
iter 2760: loss 1.0050, time 28.55ms, mfu 10.45%
iter 2770: loss 1.0331, time 30.64ms, mfu 10.53%
iter 2780: loss 1.0391, time 30.06ms, mfu 10.62%
iter 2790: loss 1.0388, time 30.76ms, mfu 10.68%
iter 2800: loss 1.0526, time 22.43ms, mfu 11.15%
iter 2810: loss 1.0304, time 20.99ms, mfu 11.68%
iter 2820: loss 1.0551, time 28.84ms, mfu 11.70%
iter 2830: loss 1.0264, time 30.28ms, mfu 11.67%
iter 2840: loss 1.0192, time 30.41ms, mfu 11.64%
iter 2850: loss 1.0092, time 29.52ms, mfu 11.64%
iter 2860: loss 1.0164, time 32.04ms, mfu 11.56%
iter 2870: loss 0.9938, time 45.11ms, mfu 11.16%
iter 2880: loss 1.0309, time 30.56ms, mfu 11.18%
iter 2890: loss 1.0450, time 21.67ms, mfu 11.65%
iter 2900: loss 1.0123, time 31.80ms, mfu 11.57%
iter 2910: loss 1.0172, time 31.14ms, mfu 11.52%
iter 2920: loss 1.0442, time 31.52ms, mfu 11.46%
iter 2930: loss 1.0026, time 21.77ms, mfu 11.90%
iter 2940: loss 1.0105, time 30.62ms, mfu 11.83%
iter 2950: loss 1.0172, time 31.03ms, mfu 11.76%
iter 2960: loss 1.0045, time 31.68ms, mfu 11.67%
iter 2970: loss 0.9848, time 31.36ms, mfu 11.61%
iter 2980: loss 1.0137, time 30.97ms, mfu 11.56%
iter 2990: loss 1.0179, time 41.59ms, mfu 11.23%
step 3000: train loss 0.8766, val loss 1.5308
iter 3000: loss 1.0023, time 4016.12ms, mfu 10.12%
iter 3010: loss 0.9943, time 30.83ms, mfu 10.22%
iter 3020: loss 1.0000, time 30.88ms, mfu 10.32%
iter 3030: loss 1.0098, time 20.14ms, mfu 11.00%
iter 3040: loss 0.9983, time 20.94ms, mfu 11.54%
iter 3050: loss 1.0140, time 31.64ms, mfu 11.48%
iter 3060: loss 0.9822, time 32.05ms, mfu 11.41%
iter 3070: loss 0.9798, time 32.26ms, mfu 11.34%
iter 3080: loss 0.9953, time 31.67ms, mfu 11.29%
iter 3090: loss 1.0091, time 40.79ms, mfu 11.01%
iter 3100: loss 0.9924, time 27.91ms, mfu 11.14%
iter 3110: loss 1.0113, time 31.16ms, mfu 11.13%
iter 3120: loss 0.9678, time 30.13ms, mfu 11.16%
iter 3130: loss 0.9526, time 30.26ms, mfu 11.19%
iter 3140: loss 0.9577, time 22.48ms, mfu 11.60%
iter 3150: loss 1.0113, time 30.70ms, mfu 11.56%
iter 3160: loss 1.0015, time 31.09ms, mfu 11.52%
iter 3170: loss 0.9714, time 30.97ms, mfu 11.48%
iter 3180: loss 0.9685, time 30.79ms, mfu 11.45%
iter 3190: loss 0.9639, time 30.70ms, mfu 11.43%
iter 3200: loss 0.9669, time 30.82ms, mfu 11.40%
iter 3210: loss 0.9674, time 31.25ms, mfu 11.37%
iter 3220: loss 0.9636, time 31.81ms, mfu 11.31%
iter 3230: loss 0.9765, time 32.20ms, mfu 11.25%
iter 3240: loss 0.9685, time 21.69ms, mfu 11.72%
step 3250: train loss 0.8303, val loss 1.5452
iter 3250: loss 0.9683, time 3901.93ms, mfu 10.55%
iter 3260: loss 0.9508, time 31.08ms, mfu 10.61%
iter 3270: loss 0.9885, time 32.68ms, mfu 10.60%
iter 3280: loss 0.9678, time 30.88ms, mfu 10.66%
iter 3290: loss 0.9578, time 30.93ms, mfu 10.71%
iter 3300: loss 0.9830, time 30.30ms, mfu 10.77%
iter 3310: loss 0.9702, time 31.48ms, mfu 10.79%
iter 3320: loss 0.9546, time 30.70ms, mfu 10.84%
iter 3330: loss 0.9659, time 30.74ms, mfu 10.87%
iter 3340: loss 0.9569, time 30.65ms, mfu 10.91%
iter 3350: loss 0.9890, time 21.04ms, mfu 11.46%
iter 3360: loss 0.9314, time 40.43ms, mfu 11.17%
iter 3370: loss 0.9478, time 40.44ms, mfu 10.90%
iter 3380: loss 0.9698, time 29.35ms, mfu 10.99%
iter 3390: loss 0.9574, time 28.61ms, mfu 11.09%
iter 3400: loss 0.9400, time 28.69ms, mfu 11.18%
iter 3410: loss 0.9447, time 31.00ms, mfu 11.18%
iter 3420: loss 0.9355, time 32.44ms, mfu 11.12%
iter 3430: loss 0.9407, time 31.61ms, mfu 11.10%
iter 3440: loss 0.9625, time 31.37ms, mfu 11.09%
iter 3450: loss 0.9665, time 17.19ms, mfu 11.99%
iter 3460: loss 0.9369, time 30.68ms, mfu 11.91%
iter 3470: loss 0.9267, time 25.18ms, mfu 12.09%
iter 3480: loss 0.9317, time 30.46ms, mfu 12.01%
iter 3490: loss 0.9468, time 30.25ms, mfu 11.95%
step 3500: train loss 0.7902, val loss 1.5687
iter 3500: loss 0.9250, time 4005.02ms, mfu 10.77%
iter 3510: loss 0.9200, time 17.85ms, mfu 11.62%
iter 3520: loss 0.9368, time 31.06ms, mfu 11.57%
iter 3530: loss 0.9338, time 30.80ms, mfu 11.53%
iter 3540: loss 0.9209, time 29.52ms, mfu 11.55%
iter 3550: loss 0.9153, time 17.18ms, mfu 12.40%
iter 3560: loss 0.9194, time 28.36ms, mfu 12.37%
iter 3570: loss 0.9137, time 17.71ms, mfu 13.08%
iter 3580: loss 0.9116, time 28.81ms, mfu 12.97%
iter 3590: loss 0.9336, time 27.67ms, mfu 12.92%
iter 3600: loss 0.9116, time 28.63ms, mfu 12.83%
iter 3610: loss 0.8943, time 42.03ms, mfu 12.37%
iter 3620: loss 0.9326, time 31.67ms, mfu 12.22%
iter 3630: loss 0.9319, time 46.52ms, mfu 11.74%
iter 3640: loss 0.9013, time 31.72ms, mfu 11.65%
iter 3650: loss 0.9349, time 30.94ms, mfu 11.60%
iter 3660: loss 0.8791, time 30.93ms, mfu 11.56%
iter 3670: loss 0.9164, time 30.69ms, mfu 11.52%
iter 3680: loss 0.9012, time 31.42ms, mfu 11.47%
iter 3690: loss 0.9203, time 30.97ms, mfu 11.43%
iter 3700: loss 0.9198, time 30.27ms, mfu 11.43%
iter 3710: loss 0.9297, time 31.26ms, mfu 11.39%
iter 3720: loss 0.9098, time 31.56ms, mfu 11.34%
iter 3730: loss 0.8990, time 31.44ms, mfu 11.31%
iter 3740: loss 0.9073, time 31.27ms, mfu 11.28%
step 3750: train loss 0.7473, val loss 1.5925
iter 3750: loss 0.8995, time 3991.01ms, mfu 10.16%
iter 3760: loss 0.9225, time 27.34ms, mfu 10.40%
iter 3770: loss 0.9142, time 31.09ms, mfu 10.47%
iter 3780: loss 0.9040, time 30.94ms, mfu 10.54%
iter 3790: loss 0.9110, time 30.84ms, mfu 10.60%
iter 3800: loss 0.8890, time 31.15ms, mfu 10.65%
iter 3810: loss 0.9301, time 31.29ms, mfu 10.69%
iter 3820: loss 0.8948, time 31.52ms, mfu 10.71%
iter 3830: loss 0.8786, time 31.66ms, mfu 10.73%
iter 3840: loss 0.8989, time 30.98ms, mfu 10.77%
iter 3850: loss 0.9060, time 31.25ms, mfu 10.80%
iter 3860: loss 0.9073, time 20.73ms, mfu 11.38%
iter 3870: loss 0.8863, time 21.26ms, mfu 11.86%
iter 3880: loss 0.9001, time 32.87ms, mfu 11.73%
iter 3890: loss 0.8886, time 17.40ms, mfu 12.53%
iter 3900: loss 0.8742, time 17.20ms, mfu 13.28%
iter 3910: loss 0.8870, time 30.89ms, mfu 13.07%
iter 3920: loss 0.9092, time 31.25ms, mfu 12.87%
iter 3930: loss 0.8946, time 30.31ms, mfu 12.72%
iter 3940: loss 0.8783, time 31.52ms, mfu 12.54%
iter 3950: loss 0.8686, time 21.97ms, mfu 12.86%
iter 3960: loss 0.8699, time 21.51ms, mfu 13.17%
iter 3970: loss 0.8762, time 28.44ms, mfu 13.07%
iter 3980: loss 0.8767, time 17.47ms, mfu 13.73%
iter 3990: loss 0.8694, time 31.62ms, mfu 13.45%
step 4000: train loss 0.7088, val loss 1.6286
iter 4000: loss 0.8791, time 3898.38ms, mfu 12.11%
iter 4010: loss 0.8602, time 29.03ms, mfu 12.09%
iter 4020: loss 0.8644, time 30.95ms, mfu 12.00%
iter 4030: loss 0.8672, time 31.83ms, mfu 11.88%
iter 4040: loss 0.8795, time 31.56ms, mfu 11.78%
iter 4050: loss 0.8779, time 31.87ms, mfu 11.69%
iter 4060: loss 0.8956, time 30.51ms, mfu 11.65%
iter 4070: loss 0.8597, time 30.67ms, mfu 11.61%
iter 4080: loss 0.8590, time 20.18ms, mfu 12.15%
iter 4090: loss 0.8790, time 17.80ms, mfu 12.88%
iter 4100: loss 0.8789, time 30.51ms, mfu 12.72%
iter 4110: loss 0.8804, time 30.74ms, mfu 12.57%
iter 4120: loss 0.8826, time 31.18ms, mfu 12.42%
iter 4130: loss 0.8822, time 20.57ms, mfu 12.85%
iter 4140: loss 0.8650, time 28.02ms, mfu 12.80%
iter 4150: loss 0.8593, time 31.01ms, mfu 12.63%
iter 4160: loss 0.8754, time 30.45ms, mfu 12.50%
iter 4170: loss 0.8573, time 31.24ms, mfu 12.35%
iter 4180: loss 0.8738, time 30.29ms, mfu 12.25%
iter 4190: loss 0.8857, time 31.88ms, mfu 12.11%
iter 4200: loss 0.8392, time 31.90ms, mfu 11.98%
iter 4210: loss 0.8425, time 31.70ms, mfu 11.87%
iter 4220: loss 0.8500, time 30.85ms, mfu 11.80%
iter 4230: loss 0.8465, time 31.70ms, mfu 11.71%
iter 4240: loss 0.8525, time 31.10ms, mfu 11.65%
step 4250: train loss 0.6808, val loss 1.6430
iter 4250: loss 0.8859, time 3946.17ms, mfu 10.49%
iter 4260: loss 0.8374, time 30.46ms, mfu 10.57%
iter 4270: loss 0.8574, time 30.94ms, mfu 10.63%
iter 4280: loss 0.8254, time 31.19ms, mfu 10.67%
iter 4290: loss 0.8489, time 40.83ms, mfu 10.45%
iter 4300: loss 0.8342, time 30.74ms, mfu 10.53%
iter 4310: loss 0.8366, time 31.10ms, mfu 10.58%
iter 4320: loss 0.8229, time 31.54ms, mfu 10.62%
iter 4330: loss 0.8555, time 21.54ms, mfu 11.15%
iter 4340: loss 0.8314, time 27.66ms, mfu 11.29%
iter 4350: loss 0.8471, time 31.59ms, mfu 11.25%
iter 4360: loss 0.8583, time 31.01ms, mfu 11.24%
iter 4370: loss 0.8585, time 32.07ms, mfu 11.19%
iter 4380: loss 0.8343, time 30.85ms, mfu 11.19%
iter 4390: loss 0.8451, time 30.31ms, mfu 11.20%
iter 4400: loss 0.8258, time 43.93ms, mfu 10.87%
iter 4410: loss 0.8380, time 44.38ms, mfu 10.56%
iter 4420: loss 0.8557, time 30.85ms, mfu 10.62%
iter 4430: loss 0.8439, time 31.44ms, mfu 10.65%
iter 4440: loss 0.8786, time 20.64ms, mfu 11.26%
iter 4450: loss 0.8568, time 27.82ms, mfu 11.37%
iter 4460: loss 0.8454, time 30.51ms, mfu 11.37%
iter 4470: loss 0.8411, time 30.75ms, mfu 11.35%
iter 4480: loss 0.8442, time 32.47ms, mfu 11.28%
iter 4490: loss 0.8206, time 21.87ms, mfu 11.73%
step 4500: train loss 0.6519, val loss 1.6622
iter 4500: loss 0.8515, time 3967.36ms, mfu 10.56%
iter 4510: loss 0.8323, time 29.01ms, mfu 10.69%
iter 4520: loss 0.8437, time 31.33ms, mfu 10.72%
iter 4530: loss 0.7920, time 31.82ms, mfu 10.74%
iter 4540: loss 0.8381, time 30.72ms, mfu 10.78%
iter 4550: loss 0.8546, time 23.51ms, mfu 11.17%
iter 4560: loss 0.8345, time 30.22ms, mfu 11.20%
iter 4570: loss 0.8269, time 28.91ms, mfu 11.27%
iter 4580: loss 0.8319, time 30.68ms, mfu 11.27%
iter 4590: loss 0.8293, time 31.29ms, mfu 11.24%
iter 4600: loss 0.8060, time 31.94ms, mfu 11.20%
iter 4610: loss 0.8302, time 45.08ms, mfu 10.84%
iter 4620: loss 0.8132, time 30.69ms, mfu 10.88%
iter 4630: loss 0.8305, time 19.17ms, mfu 11.59%
iter 4640: loss 0.8448, time 22.80ms, mfu 11.94%
iter 4650: loss 0.8385, time 28.67ms, mfu 11.95%
iter 4660: loss 0.8257, time 29.62ms, mfu 11.92%
iter 4670: loss 0.8107, time 30.64ms, mfu 11.85%
iter 4680: loss 0.8209, time 25.94ms, mfu 12.00%
iter 4690: loss 0.8430, time 30.57ms, mfu 11.93%
iter 4700: loss 0.8185, time 31.96ms, mfu 11.81%
iter 4710: loss 0.7992, time 30.73ms, mfu 11.75%
iter 4720: loss 0.8288, time 30.80ms, mfu 11.70%
iter 4730: loss 0.8096, time 29.88ms, mfu 11.68%
iter 4740: loss 0.8229, time 31.04ms, mfu 11.62%
step 4750: train loss 0.6330, val loss 1.6808
iter 4750: loss 0.8203, time 3968.08ms, mfu 10.47%
iter 4760: loss 0.8355, time 30.62ms, mfu 10.55%
iter 4770: loss 0.8191, time 30.45ms, mfu 10.63%
iter 4780: loss 0.8058, time 31.06ms, mfu 10.67%
iter 4790: loss 0.8101, time 21.58ms, mfu 11.20%
iter 4800: loss 0.8258, time 31.71ms, mfu 11.17%
iter 4810: loss 0.8322, time 44.66ms, mfu 10.83%
iter 4820: loss 0.8377, time 43.82ms, mfu 10.53%
iter 4830: loss 0.8043, time 30.88ms, mfu 10.59%
iter 4840: loss 0.8173, time 30.71ms, mfu 10.66%
iter 4850: loss 0.8092, time 28.21ms, mfu 10.81%
iter 4860: loss 0.8368, time 30.22ms, mfu 10.87%
iter 4870: loss 0.8227, time 30.68ms, mfu 10.91%
iter 4880: loss 0.7985, time 31.43ms, mfu 10.91%
iter 4890: loss 0.7872, time 30.89ms, mfu 10.94%
iter 4900: loss 0.8199, time 28.37ms, mfu 11.06%
iter 4910: loss 0.8336, time 21.70ms, mfu 11.54%
iter 4920: loss 0.8275, time 30.54ms, mfu 11.52%
iter 4930: loss 0.7998, time 30.45ms, mfu 11.50%
iter 4940: loss 0.8226, time 40.62ms, mfu 11.20%
iter 4950: loss 0.8004, time 28.60ms, mfu 11.28%
iter 4960: loss 0.8026, time 28.82ms, mfu 11.35%
iter 4970: loss 0.8341, time 31.47ms, mfu 11.31%
iter 4980: loss 0.7950, time 31.55ms, mfu 11.27%
iter 4990: loss 0.8258, time 44.84ms, mfu 10.91%
step 5000: train loss 0.6155, val loss 1.7007
iter 5000: loss 0.8257, time 4030.88ms, mfu 9.83%
