Overriding config with config/train_shakespeare_char.py:
# train a miniature character-level shakespeare model
# good for debugging and playing on macbooks and such

out_dir = 'out-shakespeare-char'
eval_interval = 250 # keep frequent because we'll overfit
eval_iters = 200
log_interval = 10 # don't print too too often

# we expect to overfit on this small dataset, so only save when val improves
always_save_checkpoint = False

wandb_log = False # override via command line if you like
wandb_project = 'shakespeare-char'
wandb_run_name = 'mini-gpt'

dataset = 'shakespeare_char'
gradient_accumulation_steps = 1
batch_size = 64
block_size = 256 # context of up to 256 previous characters

# baby GPT model :)
n_layer = 6
n_head = 6
n_embd = 384
dropout = 0.2

learning_rate = 1e-3 # with baby networks can afford to go a bit higher
max_iters = 5000
lr_decay_iters = 5000 # make equal to max_iters usually
min_lr = 1e-4 # learning_rate / 10 usually
beta2 = 0.99 # make a bit bigger because number of tokens per iter is small

warmup_iters = 100 # not super necessary potentially

# on macbook also add
# device = 'cpu'  # run on cpu only
# compile = False # do not torch compile the model

Overriding: compile = False
Overriding: out_dir = runs\baseline_lr4e-3_do0.3
Overriding: learning_rate = 0.004
Overriding: min_lr = 0.0004
Overriding: dropout = 0.3
Overriding: save_checkpoint = False
tokens per iteration will be: 16,384
found vocab_size = 65 (inside data\shakespeare_char\meta.pkl)
Initializing a new model from scratch
number of parameters: 10.65M
C:\Users\86271\hw1work\nanoGPT\train.py:204: FutureWarning: `torch.cuda.amp.GradScaler(args...)` is deprecated. Please use `torch.amp.GradScaler('cuda', args...)` instead.
  scaler = torch.cuda.amp.GradScaler(enabled=(dtype == 'float16'))
num decayed parameter tensors: 26, with 10,740,096 parameters
num non-decayed parameter tensors: 13, with 4,992 parameters
using fused AdamW: True
step 0: train loss 4.2874, val loss 4.2823
iter 0: loss 4.2633, time 10321.43ms, mfu -100.00%
iter 10: loss 2.9621, time 61.98ms, mfu 6.01%
iter 20: loss 2.6204, time 92.55ms, mfu 5.81%
iter 30: loss 2.5647, time 76.99ms, mfu 5.72%
iter 40: loss 2.5405, time 93.33ms, mfu 5.54%
iter 50: loss 2.5142, time 78.67ms, mfu 5.46%
iter 60: loss 2.4989, time 78.08ms, mfu 5.39%
iter 70: loss 2.5046, time 78.99ms, mfu 5.33%
iter 80: loss 2.5053, time 94.03ms, mfu 5.19%
iter 90: loss 2.4804, time 93.79ms, mfu 5.07%
iter 100: loss 2.4681, time 93.22ms, mfu 4.96%
iter 110: loss 2.4604, time 108.69ms, mfu 4.81%
iter 120: loss 2.4347, time 92.93ms, mfu 4.73%
iter 130: loss 2.4723, time 94.23ms, mfu 4.65%
iter 140: loss 2.4388, time 93.04ms, mfu 4.59%
iter 150: loss 2.4164, time 93.89ms, mfu 4.52%
iter 160: loss 2.3577, time 93.38ms, mfu 4.47%
iter 170: loss 2.3132, time 92.73ms, mfu 4.43%
iter 180: loss 2.2373, time 107.92ms, mfu 4.33%
iter 190: loss 2.1757, time 108.89ms, mfu 4.24%
iter 200: loss 2.1565, time 92.90ms, mfu 4.22%
iter 210: loss 2.1132, time 92.80ms, mfu 4.20%
iter 220: loss 2.1300, time 92.72ms, mfu 4.18%
iter 230: loss 2.0724, time 108.87ms, mfu 4.10%
iter 240: loss 2.1043, time 92.93ms, mfu 4.09%
step 250: train loss 1.9746, val loss 2.0795
iter 250: loss 2.0692, time 10999.04ms, mfu 3.69%
iter 260: loss 2.0244, time 92.71ms, mfu 3.72%
iter 270: loss 2.0398, time 91.86ms, mfu 3.75%
iter 280: loss 2.0564, time 93.07ms, mfu 3.78%
iter 290: loss 2.0031, time 93.41ms, mfu 3.80%
iter 300: loss 1.9897, time 93.74ms, mfu 3.82%
iter 310: loss 1.9690, time 94.21ms, mfu 3.83%
iter 320: loss 1.9610, time 92.80ms, mfu 3.85%
iter 330: loss 1.9356, time 93.52ms, mfu 3.86%
iter 340: loss 1.9136, time 93.94ms, mfu 3.87%
iter 350: loss 1.9509, time 109.43ms, mfu 3.83%
iter 360: loss 1.9140, time 94.67ms, mfu 3.84%
iter 370: loss 1.8923, time 92.93ms, mfu 3.85%
iter 380: loss 1.8718, time 107.70ms, mfu 3.82%
iter 390: loss 1.8869, time 108.35ms, mfu 3.78%
iter 400: loss 1.9169, time 92.78ms, mfu 3.80%
iter 410: loss 1.8540, time 94.17ms, mfu 3.82%
iter 420: loss 1.8941, time 109.17ms, mfu 3.78%
iter 430: loss 1.8700, time 92.89ms, mfu 3.80%
iter 440: loss 1.8290, time 94.00ms, mfu 3.82%
iter 450: loss 1.8347, time 78.34ms, mfu 3.91%
iter 460: loss 1.7851, time 108.74ms, mfu 3.86%
iter 470: loss 1.8512, time 92.95ms, mfu 3.88%
iter 480: loss 1.8138, time 94.81ms, mfu 3.88%
iter 490: loss 1.8097, time 94.20ms, mfu 3.89%
step 500: train loss 1.6833, val loss 1.8604
iter 500: loss 1.8169, time 11213.73ms, mfu 3.50%
iter 510: loss 1.8196, time 92.88ms, mfu 3.55%
iter 520: loss 1.8065, time 93.19ms, mfu 3.60%
iter 530: loss 1.7845, time 78.49ms, mfu 3.71%
iter 540: loss 1.8329, time 107.12ms, mfu 3.69%
iter 550: loss 1.7770, time 108.19ms, mfu 3.67%
iter 560: loss 1.7850, time 93.89ms, mfu 3.70%
iter 570: loss 1.7830, time 92.69ms, mfu 3.73%
iter 580: loss 1.7764, time 94.81ms, mfu 3.75%
iter 590: loss 1.7489, time 93.75ms, mfu 3.77%
iter 600: loss 1.7649, time 108.20ms, mfu 3.74%
iter 610: loss 1.7843, time 78.43ms, mfu 3.84%
iter 620: loss 1.7743, time 93.05ms, mfu 3.86%
iter 630: loss 1.7609, time 107.90ms, mfu 3.82%
iter 640: loss 1.7160, time 93.03ms, mfu 3.83%
iter 650: loss 1.7586, time 94.55ms, mfu 3.85%
iter 660: loss 1.7742, time 107.76ms, mfu 3.81%
iter 670: loss 1.7123, time 93.28ms, mfu 3.83%
iter 680: loss 1.7616, time 93.22ms, mfu 3.84%
iter 690: loss 1.7255, time 108.72ms, mfu 3.80%
iter 700: loss 1.7479, time 108.16ms, mfu 3.77%
iter 710: loss 1.7185, time 93.16ms, mfu 3.79%
iter 720: loss 1.6879, time 93.08ms, mfu 3.81%
iter 730: loss 1.6845, time 93.80ms, mfu 3.83%
iter 740: loss 1.6850, time 108.25ms, mfu 3.79%
step 750: train loss 1.5640, val loss 1.7794
iter 750: loss 1.6802, time 11224.14ms, mfu 3.41%
iter 760: loss 1.7017, time 78.11ms, mfu 3.55%
iter 770: loss 1.6901, time 93.28ms, mfu 3.59%
iter 780: loss 1.6832, time 93.46ms, mfu 3.63%
iter 790: loss 1.6779, time 78.67ms, mfu 3.74%
iter 800: loss 1.6810, time 78.86ms, mfu 3.84%
iter 810: loss 1.6682, time 93.58ms, mfu 3.86%
iter 820: loss 1.6718, time 92.70ms, mfu 3.87%
iter 830: loss 1.6433, time 108.07ms, mfu 3.83%
iter 840: loss 1.6627, time 107.66ms, mfu 3.79%
iter 850: loss 1.6376, time 108.17ms, mfu 3.76%
iter 860: loss 1.6381, time 92.69ms, mfu 3.78%
iter 870: loss 1.6421, time 93.71ms, mfu 3.80%
iter 880: loss 1.6347, time 93.49ms, mfu 3.82%
iter 890: loss 1.6399, time 94.33ms, mfu 3.83%
iter 900: loss 1.6284, time 93.27ms, mfu 3.85%
iter 910: loss 1.5768, time 93.92ms, mfu 3.86%
iter 920: loss 1.6116, time 93.98ms, mfu 3.87%
iter 930: loss 1.6023, time 108.41ms, mfu 3.83%
iter 940: loss 1.5919, time 93.38ms, mfu 3.84%
iter 950: loss 1.6094, time 94.59ms, mfu 3.85%
iter 960: loss 1.6032, time 92.84ms, mfu 3.87%
iter 970: loss 1.6120, time 107.87ms, mfu 3.83%
iter 980: loss 1.5824, time 93.30ms, mfu 3.85%
iter 990: loss 1.5978, time 78.92ms, mfu 3.93%
step 1000: train loss 1.4652, val loss 1.6708
iter 1000: loss 1.5771, time 11280.23ms, mfu 3.54%
iter 1010: loss 1.5770, time 78.14ms, mfu 3.67%
iter 1020: loss 1.5482, time 78.43ms, mfu 3.77%
iter 1030: loss 1.5730, time 78.40ms, mfu 3.87%
iter 1040: loss 1.6153, time 93.28ms, mfu 3.88%
iter 1050: loss 1.5237, time 109.04ms, mfu 3.84%
iter 1060: loss 1.5742, time 92.75ms, mfu 3.86%
iter 1070: loss 1.5753, time 92.34ms, mfu 3.87%
iter 1080: loss 1.5758, time 79.66ms, mfu 3.95%
iter 1090: loss 1.5864, time 92.89ms, mfu 3.96%
iter 1100: loss 1.5581, time 93.09ms, mfu 3.96%
iter 1110: loss 1.5313, time 94.18ms, mfu 3.96%
iter 1120: loss 1.5254, time 92.91ms, mfu 3.97%
iter 1130: loss 1.5310, time 93.00ms, mfu 3.97%
iter 1140: loss 1.5276, time 93.82ms, mfu 3.97%
iter 1150: loss 1.5281, time 93.82ms, mfu 3.97%
iter 1160: loss 1.5581, time 93.69ms, mfu 3.97%
iter 1170: loss 1.5334, time 79.02ms, mfu 4.05%
iter 1180: loss 1.5389, time 94.25ms, mfu 4.04%
iter 1190: loss 1.5052, time 92.93ms, mfu 4.03%
iter 1200: loss 1.5175, time 93.98ms, mfu 4.03%
iter 1210: loss 1.4944, time 94.47ms, mfu 4.02%
iter 1220: loss 1.5262, time 93.69ms, mfu 4.02%
iter 1230: loss 1.5248, time 93.09ms, mfu 4.01%
iter 1240: loss 1.5170, time 108.91ms, mfu 3.95%
step 1250: train loss 1.3787, val loss 1.6110
iter 1250: loss 1.5010, time 11295.50ms, mfu 3.56%
iter 1260: loss 1.4934, time 78.33ms, mfu 3.68%
iter 1270: loss 1.4842, time 92.60ms, mfu 3.72%
iter 1280: loss 1.4742, time 78.99ms, mfu 3.82%
iter 1290: loss 1.4943, time 93.20ms, mfu 3.83%
iter 1300: loss 1.5274, time 93.04ms, mfu 3.85%
iter 1310: loss 1.4519, time 78.38ms, mfu 3.94%
iter 1320: loss 1.5184, time 94.90ms, mfu 3.94%
iter 1330: loss 1.4808, time 92.94ms, mfu 3.95%
iter 1340: loss 1.5078, time 94.10ms, mfu 3.95%
iter 1350: loss 1.4607, time 94.25ms, mfu 3.95%
iter 1360: loss 1.4856, time 93.90ms, mfu 3.95%
iter 1370: loss 1.4644, time 93.22ms, mfu 3.96%
iter 1380: loss 1.4754, time 93.65ms, mfu 3.96%
iter 1390: loss 1.4659, time 108.55ms, mfu 3.91%
iter 1400: loss 1.4676, time 93.56ms, mfu 3.91%
iter 1410: loss 1.4491, time 107.19ms, mfu 3.87%
iter 1420: loss 1.4805, time 94.01ms, mfu 3.88%
iter 1430: loss 1.4559, time 93.86ms, mfu 3.89%
iter 1440: loss 1.4593, time 78.21ms, mfu 3.98%
iter 1450: loss 1.4282, time 93.16ms, mfu 3.98%
iter 1460: loss 1.4537, time 93.80ms, mfu 3.98%
iter 1470: loss 1.4317, time 107.41ms, mfu 3.93%
iter 1480: loss 1.4234, time 93.55ms, mfu 3.93%
iter 1490: loss 1.4441, time 94.15ms, mfu 3.93%
step 1500: train loss 1.3155, val loss 1.5596
iter 1500: loss 1.3971, time 11337.39ms, mfu 3.54%
iter 1510: loss 1.4443, time 92.31ms, mfu 3.59%
iter 1520: loss 1.4193, time 92.80ms, mfu 3.64%
iter 1530: loss 1.4476, time 94.94ms, mfu 3.66%
iter 1540: loss 1.3864, time 109.03ms, mfu 3.64%
iter 1550: loss 1.4302, time 108.68ms, mfu 3.62%
iter 1560: loss 1.4174, time 107.35ms, mfu 3.60%
iter 1570: loss 1.4390, time 92.25ms, mfu 3.65%
iter 1580: loss 1.4064, time 79.28ms, mfu 3.75%
iter 1590: loss 1.3918, time 94.02ms, mfu 3.77%
iter 1600: loss 1.3917, time 79.05ms, mfu 3.87%
iter 1610: loss 1.4331, time 94.33ms, mfu 3.88%
iter 1620: loss 1.3792, time 93.10ms, mfu 3.89%
iter 1630: loss 1.4059, time 93.56ms, mfu 3.90%
iter 1640: loss 1.4014, time 93.34ms, mfu 3.91%
iter 1650: loss 1.3733, time 108.58ms, mfu 3.86%
iter 1660: loss 1.4141, time 108.76ms, mfu 3.82%
iter 1670: loss 1.3977, time 93.45ms, mfu 3.83%
iter 1680: loss 1.3927, time 94.03ms, mfu 3.85%
iter 1690: loss 1.4024, time 79.23ms, mfu 3.93%
iter 1700: loss 1.3752, time 108.19ms, mfu 3.88%
iter 1710: loss 1.3744, time 125.20ms, mfu 3.79%
iter 1720: loss 1.3798, time 78.86ms, mfu 3.89%
iter 1730: loss 1.3933, time 78.05ms, mfu 3.97%
iter 1740: loss 1.3492, time 94.10ms, mfu 3.97%
step 1750: train loss 1.2609, val loss 1.5165
iter 1750: loss 1.3813, time 11319.97ms, mfu 3.58%
iter 1760: loss 1.3893, time 79.84ms, mfu 3.69%
iter 1770: loss 1.3859, time 78.59ms, mfu 3.79%
iter 1780: loss 1.3762, time 94.43ms, mfu 3.81%
iter 1790: loss 1.3830, time 93.93ms, mfu 3.82%
iter 1800: loss 1.3731, time 93.03ms, mfu 3.84%
iter 1810: loss 1.3474, time 108.23ms, mfu 3.80%
iter 1820: loss 1.3609, time 78.52ms, mfu 3.90%
iter 1830: loss 1.3674, time 92.79ms, mfu 3.91%
iter 1840: loss 1.3476, time 93.01ms, mfu 3.92%
iter 1850: loss 1.3566, time 93.89ms, mfu 3.92%
iter 1860: loss 1.3679, time 108.53ms, mfu 3.87%
iter 1870: loss 1.3213, time 93.53ms, mfu 3.89%
iter 1880: loss 1.3608, time 106.97ms, mfu 3.85%
iter 1890: loss 1.3730, time 92.79ms, mfu 3.86%
iter 1900: loss 1.3187, time 92.16ms, mfu 3.88%
iter 1910: loss 1.3601, time 93.79ms, mfu 3.89%
iter 1920: loss 1.3556, time 94.64ms, mfu 3.89%
iter 1930: loss 1.3384, time 93.70ms, mfu 3.90%
iter 1940: loss 1.3174, time 93.04ms, mfu 3.91%
iter 1950: loss 1.3243, time 78.69ms, mfu 4.00%
iter 1960: loss 1.3481, time 94.45ms, mfu 3.99%
iter 1970: loss 1.3348, time 93.14ms, mfu 3.99%
iter 1980: loss 1.3374, time 108.83ms, mfu 3.93%
iter 1990: loss 1.3338, time 93.96ms, mfu 3.94%
step 2000: train loss 1.2221, val loss 1.4951
iter 2000: loss 1.3303, time 11355.68ms, mfu 3.55%
iter 2010: loss 1.3187, time 107.81ms, mfu 3.54%
iter 2020: loss 1.3123, time 93.82ms, mfu 3.58%
iter 2030: loss 1.3485, time 107.57ms, mfu 3.57%
iter 2040: loss 1.3252, time 109.10ms, mfu 3.55%
iter 2050: loss 1.2946, time 93.61ms, mfu 3.60%
iter 2060: loss 1.2888, time 94.16ms, mfu 3.63%
iter 2070: loss 1.3153, time 109.01ms, mfu 3.61%
iter 2080: loss 1.3074, time 93.52ms, mfu 3.65%
iter 2090: loss 1.3307, time 108.79ms, mfu 3.63%
iter 2100: loss 1.3139, time 78.82ms, mfu 3.74%
iter 2110: loss 1.3103, time 93.83ms, mfu 3.76%
iter 2120: loss 1.3128, time 92.79ms, mfu 3.79%
iter 2130: loss 1.3241, time 94.84ms, mfu 3.80%
iter 2140: loss 1.3285, time 92.98ms, mfu 3.82%
iter 2150: loss 1.3162, time 93.22ms, mfu 3.84%
iter 2160: loss 1.3436, time 93.37ms, mfu 3.85%
iter 2170: loss 1.3283, time 107.24ms, mfu 3.82%
iter 2180: loss 1.3047, time 78.81ms, mfu 3.91%
iter 2190: loss 1.3024, time 94.36ms, mfu 3.91%
iter 2200: loss 1.3175, time 107.19ms, mfu 3.87%
iter 2210: loss 1.2963, time 93.43ms, mfu 3.88%
iter 2220: loss 1.3095, time 92.51ms, mfu 3.89%
iter 2230: loss 1.2922, time 94.09ms, mfu 3.90%
iter 2240: loss 1.3272, time 94.29ms, mfu 3.91%
step 2250: train loss 1.1851, val loss 1.4726
iter 2250: loss 1.3052, time 11312.55ms, mfu 3.52%
iter 2260: loss 1.2900, time 94.17ms, mfu 3.56%
iter 2270: loss 1.3350, time 93.39ms, mfu 3.61%
iter 2280: loss 1.2854, time 93.02ms, mfu 3.65%
iter 2290: loss 1.3243, time 78.06ms, mfu 3.76%
iter 2300: loss 1.3137, time 93.16ms, mfu 3.78%
iter 2310: loss 1.2902, time 92.90ms, mfu 3.81%
iter 2320: loss 1.2892, time 108.54ms, mfu 3.77%
iter 2330: loss 1.2916, time 93.54ms, mfu 3.79%
iter 2340: loss 1.3069, time 93.24ms, mfu 3.81%
iter 2350: loss 1.2956, time 93.50ms, mfu 3.83%
iter 2360: loss 1.2894, time 94.81ms, mfu 3.84%
iter 2370: loss 1.2818, time 93.66ms, mfu 3.85%
iter 2380: loss 1.2745, time 77.95ms, mfu 3.94%
iter 2390: loss 1.2591, time 78.26ms, mfu 4.03%
iter 2400: loss 1.2719, time 92.44ms, mfu 4.03%
iter 2410: loss 1.2596, time 93.35ms, mfu 4.02%
iter 2420: loss 1.2740, time 92.73ms, mfu 4.02%
iter 2430: loss 1.2496, time 92.96ms, mfu 4.02%
iter 2440: loss 1.2550, time 92.53ms, mfu 4.02%
iter 2450: loss 1.2648, time 108.64ms, mfu 3.96%
iter 2460: loss 1.2733, time 93.50ms, mfu 3.97%
iter 2470: loss 1.2712, time 78.03ms, mfu 4.05%
iter 2480: loss 1.2773, time 78.67ms, mfu 4.12%
iter 2490: loss 1.2554, time 109.28ms, mfu 4.04%
step 2500: train loss 1.1544, val loss 1.4588
iter 2500: loss 1.2783, time 11381.33ms, mfu 3.64%
iter 2510: loss 1.2765, time 78.27ms, mfu 3.76%
iter 2520: loss 1.2686, time 107.61ms, mfu 3.73%
iter 2530: loss 1.2472, time 77.73ms, mfu 3.83%
iter 2540: loss 1.2470, time 91.79ms, mfu 3.86%
iter 2550: loss 1.2649, time 94.12ms, mfu 3.87%
iter 2560: loss 1.2420, time 93.90ms, mfu 3.88%
iter 2570: loss 1.2756, time 93.70ms, mfu 3.89%
iter 2580: loss 1.2780, time 93.84ms, mfu 3.89%
iter 2590: loss 1.2693, time 93.39ms, mfu 3.90%
iter 2600: loss 1.2518, time 92.89ms, mfu 3.91%
iter 2610: loss 1.2401, time 107.68ms, mfu 3.87%
iter 2620: loss 1.2333, time 109.55ms, mfu 3.82%
iter 2630: loss 1.2092, time 93.81ms, mfu 3.84%
iter 2640: loss 1.2398, time 92.90ms, mfu 3.85%
iter 2650: loss 1.2777, time 93.73ms, mfu 3.87%
iter 2660: loss 1.2439, time 92.74ms, mfu 3.88%
iter 2670: loss 1.2224, time 78.45ms, mfu 3.97%
iter 2680: loss 1.2453, time 93.79ms, mfu 3.97%
iter 2690: loss 1.2416, time 78.19ms, mfu 4.05%
iter 2700: loss 1.2318, time 94.75ms, mfu 4.04%
iter 2710: loss 1.2402, time 94.12ms, mfu 4.03%
iter 2720: loss 1.2403, time 93.95ms, mfu 4.02%
iter 2730: loss 1.2565, time 107.60ms, mfu 3.97%
iter 2740: loss 1.2301, time 93.96ms, mfu 3.97%
step 2750: train loss 1.1254, val loss 1.4537
iter 2750: loss 1.2327, time 11231.04ms, mfu 3.57%
iter 2760: loss 1.2255, time 93.55ms, mfu 3.61%
iter 2770: loss 1.2189, time 93.78ms, mfu 3.65%
iter 2780: loss 1.2240, time 108.63ms, mfu 3.63%
iter 2790: loss 1.2386, time 93.25ms, mfu 3.67%
iter 2800: loss 1.2172, time 94.12ms, mfu 3.69%
iter 2810: loss 1.2389, time 78.47ms, mfu 3.80%
iter 2820: loss 1.2326, time 93.18ms, mfu 3.82%
iter 2830: loss 1.2410, time 93.01ms, mfu 3.84%
iter 2840: loss 1.1803, time 93.13ms, mfu 3.85%
iter 2850: loss 1.2328, time 93.54ms, mfu 3.87%
iter 2860: loss 1.2274, time 78.19ms, mfu 3.96%
iter 2870: loss 1.2161, time 93.13ms, mfu 3.96%
iter 2880: loss 1.2479, time 92.96ms, mfu 3.97%
iter 2890: loss 1.2162, time 92.40ms, mfu 3.97%
iter 2900: loss 1.1915, time 78.56ms, mfu 4.05%
iter 2910: loss 1.2463, time 77.50ms, mfu 4.13%
iter 2920: loss 1.2226, time 93.78ms, mfu 4.11%
iter 2930: loss 1.2065, time 109.28ms, mfu 4.04%
iter 2940: loss 1.1958, time 93.84ms, mfu 4.03%
iter 2950: loss 1.2259, time 93.14ms, mfu 4.03%
iter 2960: loss 1.2079, time 93.42ms, mfu 4.03%
iter 2970: loss 1.1882, time 78.24ms, mfu 4.10%
iter 2980: loss 1.1958, time 80.64ms, mfu 4.15%
iter 2990: loss 1.1962, time 94.15ms, mfu 4.13%
step 3000: train loss 1.0976, val loss 1.4351
iter 3000: loss 1.1915, time 11363.56ms, mfu 3.72%
iter 3010: loss 1.2048, time 93.92ms, mfu 3.75%
iter 3020: loss 1.2146, time 77.88ms, mfu 3.85%
iter 3030: loss 1.2035, time 108.91ms, mfu 3.81%
iter 3040: loss 1.2444, time 93.36ms, mfu 3.83%
iter 3050: loss 1.1933, time 94.74ms, mfu 3.84%
iter 3060: loss 1.2038, time 92.68ms, mfu 3.86%
iter 3070: loss 1.2294, time 108.26ms, mfu 3.81%
iter 3080: loss 1.2117, time 107.97ms, mfu 3.78%
iter 3090: loss 1.2006, time 109.51ms, mfu 3.74%
iter 3100: loss 1.2114, time 93.94ms, mfu 3.76%
iter 3110: loss 1.1744, time 92.71ms, mfu 3.79%
iter 3120: loss 1.2166, time 92.82ms, mfu 3.81%
iter 3130: loss 1.2020, time 93.86ms, mfu 3.83%
iter 3140: loss 1.1910, time 92.62ms, mfu 3.85%
iter 3150: loss 1.2083, time 94.29ms, mfu 3.86%
iter 3160: loss 1.2418, time 80.29ms, mfu 3.94%
iter 3170: loss 1.1656, time 94.01ms, mfu 3.94%
iter 3180: loss 1.1743, time 78.44ms, mfu 4.02%
iter 3190: loss 1.1958, time 94.70ms, mfu 4.01%
iter 3200: loss 1.1824, time 93.38ms, mfu 4.01%
iter 3210: loss 1.1808, time 110.09ms, mfu 3.95%
iter 3220: loss 1.1752, time 79.21ms, mfu 4.02%
iter 3230: loss 1.1728, time 93.93ms, mfu 4.02%
iter 3240: loss 1.1677, time 93.35ms, mfu 4.01%
step 3250: train loss 1.0717, val loss 1.4456
iter 3250: loss 1.1949, time 11193.59ms, mfu 3.62%
iter 3260: loss 1.1775, time 79.70ms, mfu 3.72%
iter 3270: loss 1.1906, time 78.96ms, mfu 3.82%
iter 3280: loss 1.1633, time 108.78ms, mfu 3.78%
iter 3290: loss 1.1557, time 92.88ms, mfu 3.81%
iter 3300: loss 1.1682, time 107.53ms, mfu 3.77%
iter 3310: loss 1.1736, time 94.33ms, mfu 3.79%
iter 3320: loss 1.1824, time 93.12ms, mfu 3.81%
iter 3330: loss 1.1681, time 108.40ms, mfu 3.77%
iter 3340: loss 1.1689, time 94.08ms, mfu 3.79%
iter 3350: loss 1.1771, time 93.89ms, mfu 3.81%
iter 3360: loss 1.1419, time 94.09ms, mfu 3.82%
iter 3370: loss 1.1806, time 93.36ms, mfu 3.84%
iter 3380: loss 1.1539, time 107.73ms, mfu 3.80%
iter 3390: loss 1.1741, time 92.55ms, mfu 3.83%
iter 3400: loss 1.1706, time 79.51ms, mfu 3.91%
iter 3410: loss 1.1703, time 92.71ms, mfu 3.92%
iter 3420: loss 1.1792, time 93.04ms, mfu 3.93%
iter 3430: loss 1.1817, time 94.31ms, mfu 3.93%
iter 3440: loss 1.2009, time 92.82ms, mfu 3.94%
iter 3450: loss 1.1744, time 108.69ms, mfu 3.89%
iter 3460: loss 1.1703, time 108.10ms, mfu 3.85%
iter 3470: loss 1.1586, time 93.30ms, mfu 3.86%
iter 3480: loss 1.1722, time 93.57ms, mfu 3.87%
iter 3490: loss 1.1520, time 108.06ms, mfu 3.83%
step 3500: train loss 1.0452, val loss 1.4370
iter 3500: loss 1.1356, time 11177.12ms, mfu 3.45%
iter 3510: loss 1.1273, time 93.29ms, mfu 3.50%
iter 3520: loss 1.1577, time 79.56ms, mfu 3.62%
iter 3530: loss 1.1773, time 108.79ms, mfu 3.60%
iter 3540: loss 1.1619, time 79.03ms, mfu 3.71%
iter 3550: loss 1.1499, time 77.86ms, mfu 3.82%
iter 3560: loss 1.1787, time 94.19ms, mfu 3.83%
iter 3570: loss 1.1683, time 95.46ms, mfu 3.84%
iter 3580: loss 1.1682, time 77.65ms, mfu 3.94%
iter 3590: loss 1.1560, time 93.75ms, mfu 3.94%
iter 3600: loss 1.1599, time 93.52ms, mfu 3.95%
iter 3610: loss 1.1569, time 93.81ms, mfu 3.95%
iter 3620: loss 1.1376, time 93.52ms, mfu 3.95%
iter 3630: loss 1.1414, time 78.82ms, mfu 4.03%
iter 3640: loss 1.1371, time 94.10ms, mfu 4.02%
iter 3650: loss 1.1419, time 94.36ms, mfu 4.02%
iter 3660: loss 1.1756, time 94.31ms, mfu 4.01%
iter 3670: loss 1.1656, time 78.97ms, mfu 4.08%
iter 3680: loss 1.1311, time 107.68ms, mfu 4.02%
iter 3690: loss 1.1744, time 107.85ms, mfu 3.96%
iter 3700: loss 1.1120, time 93.42ms, mfu 3.96%
iter 3710: loss 1.1190, time 93.10ms, mfu 3.97%
iter 3720: loss 1.1533, time 78.67ms, mfu 4.04%
iter 3730: loss 1.1331, time 93.57ms, mfu 4.04%
iter 3740: loss 1.1476, time 92.97ms, mfu 4.04%
step 3750: train loss 1.0199, val loss 1.4368
iter 3750: loss 1.1278, time 11109.16ms, mfu 3.64%
iter 3760: loss 1.1689, time 93.29ms, mfu 3.67%
iter 3770: loss 1.1731, time 93.90ms, mfu 3.70%
iter 3780: loss 1.1608, time 77.55ms, mfu 3.81%
iter 3790: loss 1.1214, time 94.17ms, mfu 3.83%
iter 3800: loss 1.1399, time 93.56ms, mfu 3.84%
iter 3810: loss 1.1552, time 93.25ms, mfu 3.86%
iter 3820: loss 1.1208, time 108.46ms, mfu 3.81%
iter 3830: loss 1.1262, time 94.06ms, mfu 3.83%
iter 3840: loss 1.1157, time 93.40ms, mfu 3.85%
iter 3850: loss 1.1148, time 93.59ms, mfu 3.86%
iter 3860: loss 1.1047, time 93.51ms, mfu 3.87%
iter 3870: loss 1.1257, time 108.63ms, mfu 3.83%
iter 3880: loss 1.1241, time 93.72ms, mfu 3.84%
iter 3890: loss 1.1202, time 93.08ms, mfu 3.86%
iter 3900: loss 1.1379, time 95.13ms, mfu 3.86%
iter 3910: loss 1.1311, time 93.13ms, mfu 3.88%
iter 3920: loss 1.1018, time 78.15ms, mfu 3.97%
iter 3930: loss 1.1145, time 78.66ms, mfu 4.04%
iter 3940: loss 1.1025, time 78.70ms, mfu 4.11%
iter 3950: loss 1.1314, time 108.54ms, mfu 4.05%
iter 3960: loss 1.1449, time 92.96ms, mfu 4.04%
iter 3970: loss 1.1403, time 77.75ms, mfu 4.12%
iter 3980: loss 1.1394, time 78.51ms, mfu 4.18%
iter 3990: loss 1.1168, time 77.96ms, mfu 4.24%
step 4000: train loss 1.0004, val loss 1.4438
iter 4000: loss 1.1080, time 10950.59ms, mfu 3.82%
iter 4010: loss 1.1133, time 93.23ms, mfu 3.84%
iter 4020: loss 1.1283, time 79.71ms, mfu 3.92%
iter 4030: loss 1.1171, time 93.61ms, mfu 3.93%
iter 4040: loss 1.1191, time 95.07ms, mfu 3.93%
iter 4050: loss 1.1027, time 93.87ms, mfu 3.93%
iter 4060: loss 1.1055, time 93.80ms, mfu 3.93%
iter 4070: loss 1.0948, time 108.33ms, mfu 3.88%
iter 4080: loss 1.1230, time 108.11ms, mfu 3.84%
iter 4090: loss 1.0806, time 108.82ms, mfu 3.80%
iter 4100: loss 1.1378, time 108.46ms, mfu 3.76%
iter 4110: loss 1.1191, time 93.45ms, mfu 3.79%
iter 4120: loss 1.1098, time 93.94ms, mfu 3.80%
iter 4130: loss 1.1032, time 108.41ms, mfu 3.77%
iter 4140: loss 1.1119, time 79.32ms, mfu 3.86%
iter 4150: loss 1.1133, time 106.91ms, mfu 3.82%
iter 4160: loss 1.1037, time 109.36ms, mfu 3.78%
iter 4170: loss 1.1124, time 93.72ms, mfu 3.80%
iter 4180: loss 1.1044, time 92.64ms, mfu 3.82%
iter 4190: loss 1.1170, time 107.11ms, mfu 3.79%
iter 4200: loss 1.1025, time 109.16ms, mfu 3.75%
iter 4210: loss 1.1203, time 107.68ms, mfu 3.72%
iter 4220: loss 1.0944, time 77.89ms, mfu 3.83%
iter 4230: loss 1.1176, time 107.86ms, mfu 3.79%
iter 4240: loss 1.1181, time 93.01ms, mfu 3.81%
step 4250: train loss 0.9767, val loss 1.4536
iter 4250: loss 1.1105, time 10866.94ms, mfu 3.43%
iter 4260: loss 1.1113, time 92.73ms, mfu 3.49%
iter 4270: loss 1.1077, time 93.07ms, mfu 3.54%
iter 4280: loss 1.1036, time 91.76ms, mfu 3.60%
iter 4290: loss 1.0635, time 92.78ms, mfu 3.64%
iter 4300: loss 1.0595, time 93.81ms, mfu 3.67%
iter 4310: loss 1.1003, time 94.49ms, mfu 3.70%
iter 4320: loss 1.0701, time 93.29ms, mfu 3.73%
iter 4330: loss 1.1013, time 93.31ms, mfu 3.75%
iter 4340: loss 1.0898, time 108.69ms, mfu 3.72%
iter 4350: loss 1.0844, time 93.41ms, mfu 3.75%
iter 4360: loss 1.0889, time 93.47ms, mfu 3.77%
iter 4370: loss 1.0981, time 92.65ms, mfu 3.80%
iter 4380: loss 1.0661, time 93.79ms, mfu 3.81%
iter 4390: loss 1.1103, time 93.41ms, mfu 3.83%
iter 4400: loss 1.0891, time 92.92ms, mfu 3.85%
iter 4410: loss 1.1246, time 108.96ms, mfu 3.81%
iter 4420: loss 1.0931, time 93.15ms, mfu 3.83%
iter 4430: loss 1.0785, time 93.85ms, mfu 3.84%
iter 4440: loss 1.0848, time 94.04ms, mfu 3.85%
iter 4450: loss 1.0871, time 94.21ms, mfu 3.86%
iter 4460: loss 1.0792, time 94.03ms, mfu 3.87%
iter 4470: loss 1.1030, time 77.75ms, mfu 3.97%
iter 4480: loss 1.0648, time 93.73ms, mfu 3.97%
iter 4490: loss 1.0847, time 79.45ms, mfu 4.04%
step 4500: train loss 0.9573, val loss 1.4604
iter 4500: loss 1.1141, time 10799.73ms, mfu 3.64%
iter 4510: loss 1.0973, time 93.27ms, mfu 3.67%
iter 4520: loss 1.0753, time 93.03ms, mfu 3.71%
iter 4530: loss 1.0976, time 79.28ms, mfu 3.81%
iter 4540: loss 1.0843, time 108.56ms, mfu 3.77%
iter 4550: loss 1.1322, time 77.81ms, mfu 3.87%
iter 4560: loss 1.1007, time 107.94ms, mfu 3.83%
iter 4570: loss 1.0837, time 107.28ms, mfu 3.79%
iter 4580: loss 1.1029, time 93.85ms, mfu 3.81%
iter 4590: loss 1.0982, time 92.87ms, mfu 3.83%
iter 4600: loss 1.0691, time 107.71ms, mfu 3.79%
iter 4610: loss 1.1287, time 107.44ms, mfu 3.76%
iter 4620: loss 1.0903, time 94.17ms, mfu 3.78%
iter 4630: loss 1.0597, time 93.49ms, mfu 3.80%
iter 4640: loss 1.0809, time 93.60ms, mfu 3.82%
iter 4650: loss 1.1017, time 108.68ms, mfu 3.78%
iter 4660: loss 1.1089, time 93.97ms, mfu 3.80%
iter 4670: loss 1.0858, time 94.64ms, mfu 3.81%
iter 4680: loss 1.0951, time 93.65ms, mfu 3.83%
iter 4690: loss 1.0765, time 108.54ms, mfu 3.79%
iter 4700: loss 1.0578, time 93.29ms, mfu 3.81%
iter 4710: loss 1.0369, time 93.01ms, mfu 3.83%
iter 4720: loss 1.0844, time 93.68ms, mfu 3.84%
iter 4730: loss 1.0780, time 108.01ms, mfu 3.81%
iter 4740: loss 1.0802, time 93.43ms, mfu 3.82%
step 4750: train loss 0.9461, val loss 1.4626
iter 4750: loss 1.0426, time 11009.83ms, mfu 3.44%
iter 4760: loss 1.0681, time 77.31ms, mfu 3.58%
iter 4770: loss 1.0418, time 78.84ms, mfu 3.70%
iter 4780: loss 1.0513, time 92.56ms, mfu 3.73%
iter 4790: loss 1.0889, time 93.45ms, mfu 3.76%
iter 4800: loss 1.0632, time 93.62ms, mfu 3.78%
iter 4810: loss 1.0961, time 93.12ms, mfu 3.80%
iter 4820: loss 1.0553, time 93.19ms, mfu 3.82%
iter 4830: loss 1.0746, time 93.02ms, mfu 3.84%
iter 4840: loss 1.0820, time 94.09ms, mfu 3.85%
iter 4850: loss 1.0759, time 93.47ms, mfu 3.86%
iter 4860: loss 1.0688, time 109.12ms, mfu 3.82%
iter 4870: loss 1.0496, time 108.61ms, mfu 3.78%
iter 4880: loss 1.0731, time 93.88ms, mfu 3.80%
iter 4890: loss 1.0651, time 93.31ms, mfu 3.82%
iter 4900: loss 1.0444, time 94.38ms, mfu 3.83%
iter 4910: loss 1.0821, time 92.90ms, mfu 3.85%
iter 4920: loss 1.0517, time 108.75ms, mfu 3.81%
iter 4930: loss 1.0612, time 108.71ms, mfu 3.77%
iter 4940: loss 1.0420, time 95.46ms, mfu 3.78%
iter 4950: loss 1.0780, time 108.93ms, mfu 3.75%
iter 4960: loss 1.0864, time 93.26ms, mfu 3.77%
iter 4970: loss 1.0324, time 94.12ms, mfu 3.79%
iter 4980: loss 1.0396, time 78.60ms, mfu 3.89%
iter 4990: loss 1.0764, time 93.92ms, mfu 3.89%
step 5000: train loss 0.9349, val loss 1.4726
iter 5000: loss 1.0650, time 11090.32ms, mfu 3.51%
