Overriding config with config/train_shakespeare_char.py:
# train a miniature character-level shakespeare model
# good for debugging and playing on macbooks and such

out_dir = 'out-shakespeare-char'
eval_interval = 250 # keep frequent because we'll overfit
eval_iters = 200
log_interval = 10 # don't print too too often

# we expect to overfit on this small dataset, so only save when val improves
always_save_checkpoint = False

wandb_log = False # override via command line if you like
wandb_project = 'shakespeare-char'
wandb_run_name = 'mini-gpt'

dataset = 'shakespeare_char'
gradient_accumulation_steps = 1
batch_size = 64
block_size = 256 # context of up to 256 previous characters

# baby GPT model :)
n_layer = 6
n_head = 6
n_embd = 384
dropout = 0.2

learning_rate = 1e-3 # with baby networks can afford to go a bit higher
max_iters = 5000
lr_decay_iters = 5000 # make equal to max_iters usually
min_lr = 1e-4 # learning_rate / 10 usually
beta2 = 0.99 # make a bit bigger because number of tokens per iter is small

warmup_iters = 100 # not super necessary potentially

# on macbook also add
# device = 'cpu'  # run on cpu only
# compile = False # do not torch compile the model

Overriding: compile = False
Overriding: out_dir = runs\baseline_lr5e-3
Overriding: learning_rate = 0.005
Overriding: min_lr = 0.0005
Overriding: seed = 1337
Overriding: save_checkpoint = False
tokens per iteration will be: 16,384
found vocab_size = 65 (inside data\shakespeare_char\meta.pkl)
Initializing a new model from scratch
number of parameters: 10.65M
C:\Users\86271\hw1work\nanoGPT\train.py:204: FutureWarning: `torch.cuda.amp.GradScaler(args...)` is deprecated. Please use `torch.amp.GradScaler('cuda', args...)` instead.
  scaler = torch.cuda.amp.GradScaler(enabled=(dtype == 'float16'))
num decayed parameter tensors: 26, with 10,740,096 parameters
num non-decayed parameter tensors: 13, with 4,992 parameters
using fused AdamW: True
step 0: train loss 4.2874, val loss 4.2823
iter 0: loss 4.2670, time 11046.53ms, mfu -100.00%
iter 10: loss 2.9791, time 93.63ms, mfu 3.98%
iter 20: loss 2.6165, time 123.69ms, mfu 3.88%
iter 30: loss 2.5611, time 107.40ms, mfu 3.84%
iter 40: loss 2.5288, time 108.19ms, mfu 3.80%
iter 50: loss 2.4979, time 78.74ms, mfu 3.89%
iter 60: loss 2.4930, time 108.79ms, mfu 3.85%
iter 70: loss 2.5185, time 93.01ms, mfu 3.86%
iter 80: loss 2.5111, time 93.67ms, mfu 3.88%
iter 90: loss 2.4772, time 108.47ms, mfu 3.83%
iter 100: loss 2.4710, time 121.91ms, mfu 3.75%
iter 110: loss 2.4777, time 108.18ms, mfu 3.72%
iter 120: loss 2.4309, time 93.58ms, mfu 3.75%
iter 130: loss 2.4291, time 93.06ms, mfu 3.77%
iter 140: loss 2.3908, time 108.91ms, mfu 3.74%
iter 150: loss 2.3056, time 108.16ms, mfu 3.71%
iter 160: loss 2.2254, time 93.65ms, mfu 3.74%
iter 170: loss 2.1764, time 93.50ms, mfu 3.76%
iter 180: loss 2.1361, time 92.86ms, mfu 3.79%
iter 190: loss 2.0793, time 93.13ms, mfu 3.81%
iter 200: loss 2.0520, time 78.16ms, mfu 3.90%
iter 210: loss 1.9981, time 78.11ms, mfu 3.99%
iter 220: loss 2.0052, time 93.74ms, mfu 3.99%
iter 230: loss 1.9598, time 93.75ms, mfu 3.99%
iter 240: loss 1.9756, time 92.94ms, mfu 3.99%
step 250: train loss 1.8387, val loss 1.9826
iter 250: loss 1.9425, time 11068.06ms, mfu 3.59%
iter 260: loss 1.8853, time 92.40ms, mfu 3.64%
iter 270: loss 1.9088, time 93.47ms, mfu 3.67%
iter 280: loss 1.9088, time 93.09ms, mfu 3.71%
iter 290: loss 1.8568, time 79.13ms, mfu 3.81%
iter 300: loss 1.8565, time 93.66ms, mfu 3.82%
iter 310: loss 1.8372, time 93.27ms, mfu 3.84%
iter 320: loss 1.8412, time 93.42ms, mfu 3.86%
iter 330: loss 1.8120, time 93.49ms, mfu 3.87%
iter 340: loss 1.7939, time 94.19ms, mfu 3.88%
iter 350: loss 1.8309, time 77.04ms, mfu 3.97%
iter 360: loss 1.7821, time 94.19ms, mfu 3.97%
iter 370: loss 1.7670, time 93.01ms, mfu 3.97%
iter 380: loss 1.7602, time 108.83ms, mfu 3.92%
iter 390: loss 1.7814, time 93.61ms, mfu 3.93%
iter 400: loss 1.8213, time 108.71ms, mfu 3.88%
iter 410: loss 1.7501, time 93.62ms, mfu 3.89%
iter 420: loss 1.7844, time 92.85ms, mfu 3.90%
iter 430: loss 1.7736, time 108.20ms, mfu 3.85%
iter 440: loss 1.7326, time 93.37ms, mfu 3.87%
iter 450: loss 1.7408, time 93.18ms, mfu 3.88%
iter 460: loss 1.6967, time 93.70ms, mfu 3.89%
iter 470: loss 1.7521, time 109.33ms, mfu 3.84%
iter 480: loss 1.7286, time 79.12ms, mfu 3.93%
iter 490: loss 1.7072, time 79.14ms, mfu 4.01%
step 500: train loss 1.6221, val loss 1.8217
iter 500: loss 1.7109, time 11054.53ms, mfu 3.61%
iter 510: loss 1.7310, time 92.46ms, mfu 3.65%
iter 520: loss 1.7222, time 94.01ms, mfu 3.68%
iter 530: loss 1.6944, time 107.98ms, mfu 3.66%
iter 540: loss 1.7403, time 78.87ms, mfu 3.77%
iter 550: loss 1.7073, time 93.63ms, mfu 3.79%
iter 560: loss 1.7095, time 108.61ms, mfu 3.75%
iter 570: loss 1.7128, time 94.07ms, mfu 3.77%
iter 580: loss 1.6928, time 93.20ms, mfu 3.80%
iter 590: loss 1.6594, time 79.44ms, mfu 3.88%
iter 600: loss 1.6769, time 94.04ms, mfu 3.89%
iter 610: loss 1.7110, time 94.00ms, mfu 3.90%
iter 620: loss 1.7011, time 78.69ms, mfu 3.98%
iter 630: loss 1.6738, time 93.61ms, mfu 3.98%
iter 640: loss 1.6449, time 93.02ms, mfu 3.99%
iter 650: loss 1.6791, time 93.59ms, mfu 3.98%
iter 660: loss 1.6990, time 94.36ms, mfu 3.98%
iter 670: loss 1.6253, time 93.26ms, mfu 3.98%
iter 680: loss 1.6888, time 93.93ms, mfu 3.98%
iter 690: loss 1.6656, time 93.12ms, mfu 3.98%
iter 700: loss 1.6831, time 93.12ms, mfu 3.99%
iter 710: loss 1.6441, time 108.87ms, mfu 3.93%
iter 720: loss 1.6294, time 108.63ms, mfu 3.88%
iter 730: loss 1.6199, time 92.61ms, mfu 3.89%
iter 740: loss 1.6183, time 79.61ms, mfu 3.97%
step 750: train loss 1.5296, val loss 1.7430
iter 750: loss 1.6219, time 10981.02ms, mfu 3.58%
iter 760: loss 1.6397, time 78.20ms, mfu 3.70%
iter 770: loss 1.6284, time 93.29ms, mfu 3.73%
iter 780: loss 1.6348, time 93.11ms, mfu 3.75%
iter 790: loss 1.6261, time 78.02ms, mfu 3.86%
iter 800: loss 1.6347, time 93.48ms, mfu 3.87%
iter 810: loss 1.6095, time 93.68ms, mfu 3.88%
iter 820: loss 1.6144, time 92.55ms, mfu 3.89%
iter 830: loss 1.5990, time 78.86ms, mfu 3.98%
iter 840: loss 1.6136, time 79.25ms, mfu 4.05%
iter 850: loss 1.5895, time 93.42ms, mfu 4.04%
iter 860: loss 1.5977, time 78.61ms, mfu 4.11%
iter 870: loss 1.6053, time 93.31ms, mfu 4.10%
iter 880: loss 1.5828, time 93.93ms, mfu 4.09%
iter 890: loss 1.5950, time 107.75ms, mfu 4.03%
iter 900: loss 1.5894, time 94.58ms, mfu 4.02%
iter 910: loss 1.5307, time 92.59ms, mfu 4.02%
iter 920: loss 1.5656, time 93.97ms, mfu 4.01%
iter 930: loss 1.5581, time 94.60ms, mfu 4.00%
iter 940: loss 1.5478, time 93.55ms, mfu 4.00%
iter 950: loss 1.5555, time 77.62ms, mfu 4.08%
iter 960: loss 1.5580, time 108.81ms, mfu 4.02%
iter 970: loss 1.5599, time 92.77ms, mfu 4.02%
iter 980: loss 1.5447, time 93.18ms, mfu 4.01%
iter 990: loss 1.5388, time 78.16ms, mfu 4.09%
step 1000: train loss 1.4357, val loss 1.6609
iter 1000: loss 1.5356, time 11111.96ms, mfu 3.68%
iter 1010: loss 1.5187, time 93.38ms, mfu 3.72%
iter 1020: loss 1.4920, time 94.00ms, mfu 3.74%
iter 1030: loss 1.5322, time 92.98ms, mfu 3.77%
iter 1040: loss 1.5473, time 78.89ms, mfu 3.86%
iter 1050: loss 1.4775, time 93.61ms, mfu 3.87%
iter 1060: loss 1.5368, time 92.84ms, mfu 3.89%
iter 1070: loss 1.5252, time 78.61ms, mfu 3.97%
iter 1080: loss 1.5131, time 79.66ms, mfu 4.04%
iter 1090: loss 1.5239, time 93.00ms, mfu 4.04%
iter 1100: loss 1.5099, time 93.59ms, mfu 4.03%
iter 1110: loss 1.4882, time 94.04ms, mfu 4.03%
iter 1120: loss 1.4725, time 93.12ms, mfu 4.02%
iter 1130: loss 1.4778, time 79.04ms, mfu 4.09%
iter 1140: loss 1.4824, time 92.93ms, mfu 4.09%
iter 1150: loss 1.4891, time 93.68ms, mfu 4.07%
iter 1160: loss 1.5196, time 94.78ms, mfu 4.06%
iter 1170: loss 1.4864, time 78.50ms, mfu 4.13%
iter 1180: loss 1.4956, time 109.27ms, mfu 4.06%
iter 1190: loss 1.4528, time 94.00ms, mfu 4.05%
iter 1200: loss 1.4582, time 93.06ms, mfu 4.04%
iter 1210: loss 1.4419, time 79.56ms, mfu 4.11%
iter 1220: loss 1.4818, time 92.91ms, mfu 4.10%
iter 1230: loss 1.4858, time 94.71ms, mfu 4.08%
iter 1240: loss 1.4764, time 78.78ms, mfu 4.15%
step 1250: train loss 1.3478, val loss 1.5848
iter 1250: loss 1.4480, time 11089.61ms, mfu 3.73%
iter 1260: loss 1.4512, time 93.59ms, mfu 3.76%
iter 1270: loss 1.4281, time 93.71ms, mfu 3.78%
iter 1280: loss 1.4265, time 108.00ms, mfu 3.75%
iter 1290: loss 1.4576, time 93.84ms, mfu 3.77%
iter 1300: loss 1.4820, time 108.51ms, mfu 3.74%
iter 1310: loss 1.4035, time 108.84ms, mfu 3.71%
iter 1320: loss 1.4752, time 93.30ms, mfu 3.73%
iter 1330: loss 1.4375, time 95.32ms, mfu 3.75%
iter 1340: loss 1.4624, time 108.31ms, mfu 3.72%
iter 1350: loss 1.4174, time 79.47ms, mfu 3.82%
iter 1360: loss 1.4398, time 93.78ms, mfu 3.83%
iter 1370: loss 1.4173, time 93.00ms, mfu 3.85%
iter 1380: loss 1.4256, time 107.98ms, mfu 3.81%
iter 1390: loss 1.4157, time 93.31ms, mfu 3.83%
iter 1400: loss 1.4232, time 107.83ms, mfu 3.79%
iter 1410: loss 1.4126, time 92.77ms, mfu 3.81%
iter 1420: loss 1.4305, time 93.23ms, mfu 3.83%
iter 1430: loss 1.4053, time 93.04ms, mfu 3.85%
iter 1440: loss 1.4227, time 94.20ms, mfu 3.86%
iter 1450: loss 1.3835, time 78.47ms, mfu 3.95%
iter 1460: loss 1.3977, time 92.98ms, mfu 3.95%
iter 1470: loss 1.3810, time 93.50ms, mfu 3.96%
iter 1480: loss 1.3783, time 92.74ms, mfu 3.96%
iter 1490: loss 1.3961, time 109.64ms, mfu 3.91%
step 1500: train loss 1.2905, val loss 1.5318
iter 1500: loss 1.3481, time 11285.24ms, mfu 3.52%
iter 1510: loss 1.4036, time 93.01ms, mfu 3.57%
iter 1520: loss 1.3896, time 108.18ms, mfu 3.56%
iter 1530: loss 1.4083, time 108.81ms, mfu 3.54%
iter 1540: loss 1.3496, time 93.33ms, mfu 3.59%
iter 1550: loss 1.3871, time 93.23ms, mfu 3.63%
iter 1560: loss 1.3749, time 77.71ms, mfu 3.75%
iter 1570: loss 1.4012, time 108.33ms, mfu 3.71%
iter 1580: loss 1.3661, time 93.52ms, mfu 3.74%
iter 1590: loss 1.3489, time 109.00ms, mfu 3.71%
iter 1600: loss 1.3526, time 92.85ms, mfu 3.74%
iter 1610: loss 1.3890, time 78.33ms, mfu 3.84%
iter 1620: loss 1.3371, time 78.19ms, mfu 3.93%
iter 1630: loss 1.3518, time 92.93ms, mfu 3.94%
iter 1640: loss 1.3523, time 109.24ms, mfu 3.89%
iter 1650: loss 1.3352, time 93.39ms, mfu 3.90%
iter 1660: loss 1.3704, time 94.20ms, mfu 3.90%
iter 1670: loss 1.3454, time 93.69ms, mfu 3.91%
iter 1680: loss 1.3539, time 93.81ms, mfu 3.92%
iter 1690: loss 1.3551, time 108.28ms, mfu 3.87%
iter 1700: loss 1.3377, time 108.60ms, mfu 3.83%
iter 1710: loss 1.3331, time 92.63ms, mfu 3.85%
iter 1720: loss 1.3344, time 93.14ms, mfu 3.86%
iter 1730: loss 1.3504, time 93.88ms, mfu 3.87%
iter 1740: loss 1.3099, time 79.66ms, mfu 3.95%
step 1750: train loss 1.2369, val loss 1.4999
iter 1750: loss 1.3332, time 11276.48ms, mfu 3.56%
iter 1760: loss 1.3431, time 93.48ms, mfu 3.60%
iter 1770: loss 1.3358, time 94.26ms, mfu 3.64%
iter 1780: loss 1.3477, time 93.07ms, mfu 3.67%
iter 1790: loss 1.3364, time 78.75ms, mfu 3.78%
iter 1800: loss 1.3307, time 93.66ms, mfu 3.80%
iter 1810: loss 1.3046, time 92.95ms, mfu 3.82%
iter 1820: loss 1.3136, time 93.11ms, mfu 3.84%
iter 1830: loss 1.3133, time 92.88ms, mfu 3.86%
iter 1840: loss 1.3028, time 92.39ms, mfu 3.87%
iter 1850: loss 1.3077, time 94.09ms, mfu 3.88%
iter 1860: loss 1.3275, time 92.61ms, mfu 3.90%
iter 1870: loss 1.2844, time 108.37ms, mfu 3.85%
iter 1880: loss 1.3185, time 93.90ms, mfu 3.86%
iter 1890: loss 1.3290, time 92.68ms, mfu 3.88%
iter 1900: loss 1.2732, time 93.02ms, mfu 3.89%
iter 1910: loss 1.3172, time 93.58ms, mfu 3.90%
iter 1920: loss 1.3092, time 94.22ms, mfu 3.91%
iter 1930: loss 1.2935, time 94.77ms, mfu 3.91%
iter 1940: loss 1.2778, time 108.48ms, mfu 3.86%
iter 1950: loss 1.2810, time 108.55ms, mfu 3.82%
iter 1960: loss 1.2944, time 107.90ms, mfu 3.78%
iter 1970: loss 1.2877, time 93.80ms, mfu 3.80%
iter 1980: loss 1.2947, time 93.82ms, mfu 3.82%
iter 1990: loss 1.2894, time 93.40ms, mfu 3.84%
step 2000: train loss 1.1964, val loss 1.4863
iter 2000: loss 1.2906, time 11269.86ms, mfu 3.45%
iter 2010: loss 1.2697, time 95.21ms, mfu 3.50%
iter 2020: loss 1.2619, time 93.72ms, mfu 3.55%
iter 2030: loss 1.3052, time 93.98ms, mfu 3.59%
iter 2040: loss 1.2817, time 94.12ms, mfu 3.63%
iter 2050: loss 1.2547, time 108.48ms, mfu 3.61%
iter 2060: loss 1.2513, time 93.14ms, mfu 3.65%
iter 2070: loss 1.2700, time 93.27ms, mfu 3.68%
iter 2080: loss 1.2621, time 94.11ms, mfu 3.71%
iter 2090: loss 1.2827, time 92.58ms, mfu 3.74%
iter 2100: loss 1.2764, time 92.86ms, mfu 3.77%
iter 2110: loss 1.2578, time 93.86ms, mfu 3.79%
iter 2120: loss 1.2722, time 93.43ms, mfu 3.81%
iter 2130: loss 1.2714, time 93.86ms, mfu 3.82%
iter 2140: loss 1.2840, time 93.00ms, mfu 3.84%
iter 2150: loss 1.2623, time 78.72ms, mfu 3.93%
iter 2160: loss 1.2897, time 77.52ms, mfu 4.02%
iter 2170: loss 1.2760, time 93.83ms, mfu 4.01%
iter 2180: loss 1.2552, time 92.82ms, mfu 4.01%
iter 2190: loss 1.2532, time 78.37ms, mfu 4.09%
iter 2200: loss 1.2689, time 94.16ms, mfu 4.08%
iter 2210: loss 1.2459, time 107.87ms, mfu 4.01%
iter 2220: loss 1.2533, time 107.87ms, mfu 3.96%
iter 2230: loss 1.2599, time 108.10ms, mfu 3.91%
iter 2240: loss 1.2801, time 93.85ms, mfu 3.91%
step 2250: train loss 1.1558, val loss 1.4679
iter 2250: loss 1.2513, time 11325.53ms, mfu 3.52%
iter 2260: loss 1.2520, time 108.37ms, mfu 3.52%
iter 2270: loss 1.2803, time 108.29ms, mfu 3.51%
iter 2280: loss 1.2335, time 93.23ms, mfu 3.56%
iter 2290: loss 1.2849, time 78.30ms, mfu 3.68%
iter 2300: loss 1.2660, time 94.33ms, mfu 3.70%
iter 2310: loss 1.2310, time 94.55ms, mfu 3.73%
iter 2320: loss 1.2419, time 92.45ms, mfu 3.76%
iter 2330: loss 1.2424, time 93.69ms, mfu 3.78%
iter 2340: loss 1.2535, time 93.41ms, mfu 3.80%
iter 2350: loss 1.2459, time 93.20ms, mfu 3.82%
iter 2360: loss 1.2434, time 78.34ms, mfu 3.91%
iter 2370: loss 1.2348, time 93.11ms, mfu 3.92%
iter 2380: loss 1.2282, time 92.94ms, mfu 3.93%
iter 2390: loss 1.2190, time 93.98ms, mfu 3.94%
iter 2400: loss 1.2198, time 91.93ms, mfu 3.95%
iter 2410: loss 1.2037, time 93.38ms, mfu 3.95%
iter 2420: loss 1.2213, time 93.18ms, mfu 3.96%
iter 2430: loss 1.2009, time 78.34ms, mfu 4.04%
iter 2440: loss 1.2000, time 93.16ms, mfu 4.03%
iter 2450: loss 1.2200, time 91.74ms, mfu 4.04%
iter 2460: loss 1.2217, time 93.61ms, mfu 4.03%
iter 2470: loss 1.2278, time 93.86ms, mfu 4.02%
iter 2480: loss 1.2300, time 92.59ms, mfu 4.02%
iter 2490: loss 1.1995, time 93.51ms, mfu 4.02%
step 2500: train loss 1.1198, val loss 1.4591
iter 2500: loss 1.2245, time 11247.24ms, mfu 3.62%
iter 2510: loss 1.2118, time 92.99ms, mfu 3.66%
iter 2520: loss 1.1974, time 94.26ms, mfu 3.69%
iter 2530: loss 1.2013, time 92.76ms, mfu 3.72%
iter 2540: loss 1.1877, time 93.59ms, mfu 3.75%
iter 2550: loss 1.2059, time 78.09ms, mfu 3.85%
iter 2560: loss 1.1973, time 93.21ms, mfu 3.87%
iter 2570: loss 1.2182, time 93.79ms, mfu 3.88%
iter 2580: loss 1.2229, time 94.05ms, mfu 3.88%
iter 2590: loss 1.2119, time 78.32ms, mfu 3.97%
iter 2600: loss 1.2009, time 92.96ms, mfu 3.98%
iter 2610: loss 1.1845, time 93.05ms, mfu 3.98%
iter 2620: loss 1.1824, time 93.96ms, mfu 3.98%
iter 2630: loss 1.1635, time 93.17ms, mfu 3.98%
iter 2640: loss 1.1844, time 108.85ms, mfu 3.92%
iter 2650: loss 1.2169, time 93.76ms, mfu 3.93%
iter 2660: loss 1.1857, time 108.69ms, mfu 3.88%
iter 2670: loss 1.1609, time 94.39ms, mfu 3.89%
iter 2680: loss 1.1888, time 95.50ms, mfu 3.89%
iter 2690: loss 1.1826, time 78.93ms, mfu 3.97%
iter 2700: loss 1.1697, time 92.43ms, mfu 3.98%
iter 2710: loss 1.2002, time 94.24ms, mfu 3.97%
iter 2720: loss 1.1842, time 93.38ms, mfu 3.98%
iter 2730: loss 1.2054, time 93.54ms, mfu 3.98%
iter 2740: loss 1.1710, time 77.72ms, mfu 4.06%
step 2750: train loss 1.0782, val loss 1.4630
iter 2750: loss 1.1779, time 11218.82ms, mfu 3.66%
iter 2760: loss 1.1732, time 92.57ms, mfu 3.69%
iter 2770: loss 1.1642, time 107.86ms, mfu 3.67%
iter 2780: loss 1.1659, time 92.92ms, mfu 3.70%
iter 2790: loss 1.1776, time 78.55ms, mfu 3.81%
iter 2800: loss 1.1591, time 93.10ms, mfu 3.83%
iter 2810: loss 1.1835, time 93.41ms, mfu 3.84%
iter 2820: loss 1.1692, time 93.92ms, mfu 3.86%
iter 2830: loss 1.1764, time 80.26ms, mfu 3.93%
iter 2840: loss 1.1294, time 108.78ms, mfu 3.88%
iter 2850: loss 1.1745, time 108.08ms, mfu 3.84%
iter 2860: loss 1.1641, time 93.44ms, mfu 3.85%
iter 2870: loss 1.1584, time 63.85ms, mfu 4.05%
iter 2880: loss 1.1782, time 93.28ms, mfu 4.05%
iter 2890: loss 1.1468, time 79.67ms, mfu 4.11%
iter 2900: loss 1.1363, time 108.95ms, mfu 4.04%
iter 2910: loss 1.1858, time 93.77ms, mfu 4.03%
iter 2920: loss 1.1558, time 93.24ms, mfu 4.03%
iter 2930: loss 1.1449, time 93.43ms, mfu 4.03%
iter 2940: loss 1.1393, time 94.37ms, mfu 4.02%
iter 2950: loss 1.1607, time 93.81ms, mfu 4.01%
iter 2960: loss 1.1416, time 78.10ms, mfu 4.09%
iter 2970: loss 1.1276, time 109.01ms, mfu 4.02%
iter 2980: loss 1.1435, time 94.31ms, mfu 4.02%
iter 2990: loss 1.1382, time 79.04ms, mfu 4.09%
step 3000: train loss 1.0424, val loss 1.4556
iter 3000: loss 1.1221, time 11125.31ms, mfu 3.68%
iter 3010: loss 1.1411, time 108.72ms, mfu 3.65%
iter 3020: loss 1.1441, time 92.85ms, mfu 3.69%
iter 3030: loss 1.1457, time 94.19ms, mfu 3.72%
iter 3040: loss 1.1722, time 92.77ms, mfu 3.75%
iter 3050: loss 1.1267, time 93.23ms, mfu 3.77%
iter 3060: loss 1.1406, time 93.25ms, mfu 3.79%
iter 3070: loss 1.1636, time 92.95ms, mfu 3.82%
iter 3080: loss 1.1524, time 95.05ms, mfu 3.83%
iter 3090: loss 1.1345, time 78.88ms, mfu 3.92%
iter 3100: loss 1.1389, time 93.32ms, mfu 3.92%
iter 3110: loss 1.1067, time 108.40ms, mfu 3.88%
iter 3120: loss 1.1518, time 109.49ms, mfu 3.83%
iter 3130: loss 1.1288, time 79.13ms, mfu 3.92%
iter 3140: loss 1.1271, time 108.22ms, mfu 3.87%
iter 3150: loss 1.1369, time 77.50ms, mfu 3.96%
iter 3160: loss 1.1691, time 94.57ms, mfu 3.96%
iter 3170: loss 1.1009, time 92.58ms, mfu 3.97%
iter 3180: loss 1.1106, time 93.64ms, mfu 3.97%
iter 3190: loss 1.1380, time 93.87ms, mfu 3.97%
iter 3200: loss 1.1067, time 93.90ms, mfu 3.97%
iter 3210: loss 1.1101, time 108.48ms, mfu 3.91%
iter 3220: loss 1.0999, time 78.59ms, mfu 4.00%
iter 3230: loss 1.1001, time 95.15ms, mfu 3.99%
iter 3240: loss 1.0964, time 109.16ms, mfu 3.93%
step 3250: train loss 1.0061, val loss 1.4701
iter 3250: loss 1.1194, time 11230.89ms, mfu 3.54%
iter 3260: loss 1.1081, time 94.88ms, mfu 3.58%
iter 3270: loss 1.1253, time 78.35ms, mfu 3.70%
iter 3280: loss 1.0959, time 94.03ms, mfu 3.72%
iter 3290: loss 1.0807, time 94.12ms, mfu 3.75%
iter 3300: loss 1.0893, time 108.31ms, mfu 3.72%
iter 3310: loss 1.0994, time 78.25ms, mfu 3.82%
iter 3320: loss 1.1127, time 92.89ms, mfu 3.84%
iter 3330: loss 1.0979, time 78.34ms, mfu 3.93%
iter 3340: loss 1.1030, time 93.48ms, mfu 3.94%
iter 3350: loss 1.1062, time 93.30ms, mfu 3.94%
iter 3360: loss 1.0675, time 108.26ms, mfu 3.89%
iter 3370: loss 1.1049, time 93.79ms, mfu 3.90%
iter 3380: loss 1.0860, time 93.97ms, mfu 3.91%
iter 3390: loss 1.1015, time 77.99ms, mfu 3.99%
iter 3400: loss 1.0986, time 92.88ms, mfu 4.00%
iter 3410: loss 1.0886, time 92.75ms, mfu 4.00%
iter 3420: loss 1.1096, time 78.75ms, mfu 4.07%
iter 3430: loss 1.0996, time 93.35ms, mfu 4.06%
iter 3440: loss 1.1264, time 78.26ms, mfu 4.13%
iter 3450: loss 1.0973, time 93.80ms, mfu 4.12%
iter 3460: loss 1.0951, time 78.97ms, mfu 4.18%
iter 3470: loss 1.0853, time 93.49ms, mfu 4.16%
iter 3480: loss 1.1023, time 93.49ms, mfu 4.14%
iter 3490: loss 1.0755, time 79.33ms, mfu 4.20%
step 3500: train loss 0.9682, val loss 1.4807
iter 3500: loss 1.0501, time 11028.45ms, mfu 3.78%
iter 3510: loss 1.0547, time 92.97ms, mfu 3.80%
iter 3520: loss 1.0726, time 107.42ms, mfu 3.77%
iter 3530: loss 1.0988, time 93.67ms, mfu 3.79%
iter 3540: loss 1.0762, time 95.10ms, mfu 3.80%
iter 3550: loss 1.0708, time 93.09ms, mfu 3.82%
iter 3560: loss 1.1035, time 107.75ms, mfu 3.79%
iter 3570: loss 1.0826, time 92.14ms, mfu 3.81%
iter 3580: loss 1.0750, time 94.18ms, mfu 3.83%
iter 3590: loss 1.0672, time 107.44ms, mfu 3.79%
iter 3600: loss 1.0695, time 93.53ms, mfu 3.81%
iter 3610: loss 1.0688, time 78.51ms, mfu 3.90%
iter 3620: loss 1.0575, time 93.27ms, mfu 3.91%
iter 3630: loss 1.0677, time 93.77ms, mfu 3.92%
iter 3640: loss 1.0569, time 93.68ms, mfu 3.92%
iter 3650: loss 1.0620, time 92.65ms, mfu 3.93%
iter 3660: loss 1.0862, time 93.31ms, mfu 3.94%
iter 3670: loss 1.0830, time 78.36ms, mfu 4.02%
iter 3680: loss 1.0480, time 94.32ms, mfu 4.01%
iter 3690: loss 1.0857, time 106.69ms, mfu 3.96%
iter 3700: loss 1.0207, time 108.57ms, mfu 3.91%
iter 3710: loss 1.0186, time 93.09ms, mfu 3.92%
iter 3720: loss 1.0710, time 93.89ms, mfu 3.92%
iter 3730: loss 1.0494, time 108.96ms, mfu 3.87%
iter 3740: loss 1.0495, time 77.41ms, mfu 3.97%
step 3750: train loss 0.9299, val loss 1.4910
iter 3750: loss 1.0411, time 11094.55ms, mfu 3.57%
iter 3760: loss 1.0825, time 92.92ms, mfu 3.62%
iter 3770: loss 1.0726, time 107.97ms, mfu 3.60%
iter 3780: loss 1.0713, time 108.51ms, mfu 3.58%
iter 3790: loss 1.0394, time 94.77ms, mfu 3.62%
iter 3800: loss 1.0567, time 79.54ms, mfu 3.73%
iter 3810: loss 1.0726, time 108.38ms, mfu 3.70%
iter 3820: loss 1.0370, time 79.50ms, mfu 3.80%
iter 3830: loss 1.0423, time 108.67ms, mfu 3.76%
iter 3840: loss 1.0315, time 93.13ms, mfu 3.78%
iter 3850: loss 1.0330, time 94.07ms, mfu 3.80%
iter 3860: loss 1.0165, time 93.06ms, mfu 3.82%
iter 3870: loss 1.0439, time 94.30ms, mfu 3.83%
iter 3880: loss 1.0270, time 108.68ms, mfu 3.79%
iter 3890: loss 1.0364, time 108.08ms, mfu 3.76%
iter 3900: loss 1.0423, time 109.67ms, mfu 3.72%
iter 3910: loss 1.0335, time 77.63ms, mfu 3.83%
iter 3920: loss 1.0061, time 93.83ms, mfu 3.84%
iter 3930: loss 1.0380, time 95.15ms, mfu 3.85%
iter 3940: loss 1.0188, time 92.60ms, mfu 3.87%
iter 3950: loss 1.0389, time 93.11ms, mfu 3.88%
iter 3960: loss 1.0467, time 93.27ms, mfu 3.89%
iter 3970: loss 1.0415, time 93.46ms, mfu 3.90%
iter 3980: loss 1.0402, time 92.47ms, mfu 3.92%
iter 3990: loss 1.0161, time 93.48ms, mfu 3.92%
step 4000: train loss 0.8954, val loss 1.5046
iter 4000: loss 0.9952, time 11046.08ms, mfu 3.53%
iter 4010: loss 1.0252, time 93.01ms, mfu 3.58%
iter 4020: loss 1.0284, time 93.53ms, mfu 3.62%
iter 4030: loss 1.0151, time 108.09ms, mfu 3.60%
iter 4040: loss 1.0247, time 93.68ms, mfu 3.64%
iter 4050: loss 1.0188, time 92.60ms, mfu 3.68%
iter 4060: loss 1.0108, time 93.35ms, mfu 3.71%
iter 4070: loss 1.0051, time 93.01ms, mfu 3.74%
iter 4080: loss 1.0280, time 108.05ms, mfu 3.71%
iter 4090: loss 0.9860, time 93.38ms, mfu 3.74%
iter 4100: loss 1.0451, time 93.26ms, mfu 3.76%
iter 4110: loss 1.0146, time 78.33ms, mfu 3.86%
iter 4120: loss 1.0110, time 94.29ms, mfu 3.87%
iter 4130: loss 0.9964, time 107.20ms, mfu 3.83%
iter 4140: loss 1.0265, time 92.77ms, mfu 3.85%
iter 4150: loss 1.0165, time 93.62ms, mfu 3.86%
iter 4160: loss 1.0085, time 93.00ms, mfu 3.88%
iter 4170: loss 1.0098, time 93.24ms, mfu 3.89%
iter 4180: loss 1.0049, time 108.08ms, mfu 3.85%
iter 4190: loss 1.0116, time 93.60ms, mfu 3.86%
iter 4200: loss 1.0020, time 93.69ms, mfu 3.87%
iter 4210: loss 1.0143, time 94.05ms, mfu 3.88%
iter 4220: loss 1.0008, time 93.23ms, mfu 3.89%
iter 4230: loss 1.0248, time 78.71ms, mfu 3.98%
iter 4240: loss 1.0099, time 93.23ms, mfu 3.98%
step 4250: train loss 0.8623, val loss 1.5274
iter 4250: loss 1.0086, time 10996.81ms, mfu 3.58%
iter 4260: loss 1.0000, time 92.96ms, mfu 3.63%
iter 4270: loss 1.0018, time 107.65ms, mfu 3.61%
iter 4280: loss 0.9943, time 93.40ms, mfu 3.65%
iter 4290: loss 0.9554, time 95.14ms, mfu 3.67%
iter 4300: loss 0.9701, time 93.26ms, mfu 3.71%
iter 4310: loss 0.9960, time 79.36ms, mfu 3.81%
iter 4320: loss 0.9685, time 93.30ms, mfu 3.82%
iter 4330: loss 1.0008, time 108.74ms, mfu 3.78%
iter 4340: loss 0.9771, time 78.23ms, mfu 3.88%
iter 4350: loss 0.9802, time 92.44ms, mfu 3.90%
iter 4360: loss 1.0036, time 109.96ms, mfu 3.85%
iter 4370: loss 0.9910, time 108.38ms, mfu 3.81%
iter 4380: loss 0.9648, time 94.05ms, mfu 3.82%
iter 4390: loss 1.0027, time 108.05ms, mfu 3.78%
iter 4400: loss 0.9779, time 108.57ms, mfu 3.75%
iter 4410: loss 1.0081, time 77.37ms, mfu 3.86%
iter 4420: loss 0.9973, time 93.74ms, mfu 3.87%
iter 4430: loss 0.9731, time 93.26ms, mfu 3.88%
iter 4440: loss 0.9786, time 93.96ms, mfu 3.89%
iter 4450: loss 0.9862, time 93.61ms, mfu 3.90%
iter 4460: loss 0.9783, time 78.54ms, mfu 3.98%
iter 4470: loss 0.9849, time 94.84ms, mfu 3.98%
iter 4480: loss 0.9575, time 79.00ms, mfu 4.05%
iter 4490: loss 0.9733, time 93.84ms, mfu 4.04%
step 4500: train loss 0.8327, val loss 1.5492
iter 4500: loss 1.0008, time 10933.27ms, mfu 3.64%
iter 4510: loss 0.9888, time 108.25ms, mfu 3.62%
iter 4520: loss 0.9665, time 109.14ms, mfu 3.60%
iter 4530: loss 0.9817, time 93.71ms, mfu 3.64%
iter 4540: loss 0.9899, time 108.31ms, mfu 3.62%
iter 4550: loss 1.0225, time 108.14ms, mfu 3.60%
iter 4560: loss 0.9831, time 77.83ms, mfu 3.72%
iter 4570: loss 0.9801, time 93.04ms, mfu 3.75%
iter 4580: loss 0.9925, time 94.07ms, mfu 3.77%
iter 4590: loss 0.9906, time 93.76ms, mfu 3.79%
iter 4600: loss 0.9620, time 109.20ms, mfu 3.75%
iter 4610: loss 1.0094, time 93.56ms, mfu 3.78%
iter 4620: loss 0.9701, time 92.92ms, mfu 3.80%
iter 4630: loss 0.9520, time 77.89ms, mfu 3.90%
iter 4640: loss 0.9783, time 110.04ms, mfu 3.85%
iter 4650: loss 0.9946, time 107.93ms, mfu 3.81%
iter 4660: loss 0.9845, time 92.28ms, mfu 3.83%
iter 4670: loss 0.9713, time 107.65ms, mfu 3.79%
iter 4680: loss 0.9822, time 92.21ms, mfu 3.82%
iter 4690: loss 0.9697, time 93.05ms, mfu 3.84%
iter 4700: loss 0.9539, time 109.44ms, mfu 3.79%
iter 4710: loss 0.9132, time 107.76ms, mfu 3.76%
iter 4720: loss 0.9664, time 93.98ms, mfu 3.78%
iter 4730: loss 0.9518, time 93.01ms, mfu 3.80%
iter 4740: loss 0.9536, time 93.16ms, mfu 3.82%
step 4750: train loss 0.8120, val loss 1.5604
iter 4750: loss 0.9327, time 11003.40ms, mfu 3.44%
iter 4760: loss 0.9535, time 93.34ms, mfu 3.50%
iter 4770: loss 0.9271, time 108.09ms, mfu 3.49%
iter 4780: loss 0.9323, time 94.28ms, mfu 3.54%
iter 4790: loss 0.9706, time 93.67ms, mfu 3.58%
iter 4800: loss 0.9488, time 93.23ms, mfu 3.62%
iter 4810: loss 0.9703, time 93.21ms, mfu 3.66%
iter 4820: loss 0.9476, time 94.14ms, mfu 3.69%
iter 4830: loss 0.9515, time 93.69ms, mfu 3.72%
iter 4840: loss 0.9651, time 94.57ms, mfu 3.74%
iter 4850: loss 0.9538, time 107.34ms, mfu 3.72%
iter 4860: loss 0.9420, time 92.81ms, mfu 3.75%
iter 4870: loss 0.9329, time 108.26ms, mfu 3.71%
iter 4880: loss 0.9624, time 108.75ms, mfu 3.69%
iter 4890: loss 0.9400, time 93.55ms, mfu 3.72%
iter 4900: loss 0.9269, time 110.27ms, mfu 3.68%
iter 4910: loss 0.9688, time 108.27ms, mfu 3.66%
iter 4920: loss 0.9475, time 107.73ms, mfu 3.64%
iter 4930: loss 0.9292, time 94.82ms, mfu 3.67%
iter 4940: loss 0.9216, time 93.78ms, mfu 3.70%
iter 4950: loss 0.9584, time 94.02ms, mfu 3.72%
iter 4960: loss 0.9648, time 93.72ms, mfu 3.75%
iter 4970: loss 0.9141, time 93.29ms, mfu 3.77%
iter 4980: loss 0.9125, time 109.60ms, mfu 3.74%
iter 4990: loss 0.9532, time 93.26ms, mfu 3.76%
step 5000: train loss 0.7936, val loss 1.5809
iter 5000: loss 0.9494, time 10418.19ms, mfu 3.39%
