Overriding config with config/train_shakespeare_char.py:
# train a miniature character-level shakespeare model
# good for debugging and playing on macbooks and such

out_dir = 'out-shakespeare-char'
eval_interval = 250 # keep frequent because we'll overfit
eval_iters = 200
log_interval = 10 # don't print too too often

# we expect to overfit on this small dataset, so only save when val improves
always_save_checkpoint = False

wandb_log = False # override via command line if you like
wandb_project = 'shakespeare-char'
wandb_run_name = 'mini-gpt'

dataset = 'shakespeare_char'
gradient_accumulation_steps = 1
batch_size = 64
block_size = 256 # context of up to 256 previous characters

# baby GPT model :)
n_layer = 6
n_head = 6
n_embd = 384
dropout = 0.2

learning_rate = 1e-3 # with baby networks can afford to go a bit higher
max_iters = 5000
lr_decay_iters = 5000 # make equal to max_iters usually
min_lr = 1e-4 # learning_rate / 10 usually
beta2 = 0.99 # make a bit bigger because number of tokens per iter is small

warmup_iters = 100 # not super necessary potentially

# on macbook also add
# device = 'cpu'  # run on cpu only
# compile = False # do not torch compile the model

Overriding: compile = False
Overriding: out_dir = runs\gqa_lr5e-4
Overriding: learning_rate = 0.0005
Overriding: min_lr = 5e-05
Overriding: seed = 1337
Overriding: save_checkpoint = False
Overriding: n_kv_head = 3
tokens per iteration will be: 16,384
found vocab_size = 65 (inside data\shakespeare_char\meta.pkl)
Initializing a new model from scratch
number of parameters: 9.76M
C:\Users\86271\hw1work\nanoGPT\train.py:204: FutureWarning: `torch.cuda.amp.GradScaler(args...)` is deprecated. Please use `torch.amp.GradScaler('cuda', args...)` instead.
  scaler = torch.cuda.amp.GradScaler(enabled=(dtype == 'float16'))
num decayed parameter tensors: 26, with 9,855,360 parameters
num non-decayed parameter tensors: 13, with 4,992 parameters
using fused AdamW: True
step 0: train loss 4.2952, val loss 4.2869
iter 0: loss 4.2839, time 11589.94ms, mfu -100.00%
iter 10: loss 3.2949, time 93.77ms, mfu 3.68%
iter 20: loss 2.8945, time 78.60ms, mfu 3.75%
iter 30: loss 2.6861, time 93.42ms, mfu 3.74%
iter 40: loss 2.6207, time 78.40ms, mfu 3.81%
iter 50: loss 2.5616, time 79.28ms, mfu 3.86%
iter 60: loss 2.5177, time 93.71ms, mfu 3.84%
iter 70: loss 2.5135, time 79.21ms, mfu 3.89%
iter 80: loss 2.5021, time 93.88ms, mfu 3.87%
iter 90: loss 2.4729, time 79.93ms, mfu 3.92%
iter 100: loss 2.4790, time 92.76ms, mfu 3.90%
iter 110: loss 2.4644, time 76.93ms, mfu 3.95%
iter 120: loss 2.4619, time 60.65ms, mfu 4.13%
iter 130: loss 2.4371, time 62.70ms, mfu 4.26%
iter 140: loss 2.4209, time 63.26ms, mfu 4.38%
iter 150: loss 2.4350, time 61.54ms, mfu 4.51%
iter 160: loss 2.3893, time 61.79ms, mfu 4.61%
iter 170: loss 2.4009, time 63.10ms, mfu 4.70%
iter 180: loss 2.3523, time 61.51ms, mfu 4.79%
iter 190: loss 2.3862, time 59.99ms, mfu 4.88%
iter 200: loss 2.3467, time 62.60ms, mfu 4.95%
iter 210: loss 2.3132, time 62.04ms, mfu 5.01%
iter 220: loss 2.3019, time 61.34ms, mfu 5.07%
iter 230: loss 2.2997, time 61.50ms, mfu 5.12%
iter 240: loss 2.2591, time 62.57ms, mfu 5.16%
step 250: train loss 2.1580, val loss 2.2142
iter 250: loss 2.2307, time 7359.58ms, mfu 4.65%
iter 260: loss 2.1942, time 63.21ms, mfu 4.73%
iter 270: loss 2.1925, time 62.98ms, mfu 4.80%
iter 280: loss 2.1509, time 47.63ms, mfu 5.05%
iter 290: loss 2.1457, time 61.47ms, mfu 5.10%
iter 300: loss 2.1230, time 61.87ms, mfu 5.15%
iter 310: loss 2.1255, time 62.22ms, mfu 5.19%
iter 320: loss 2.0918, time 63.28ms, mfu 5.22%
iter 330: loss 2.0692, time 47.31ms, mfu 5.42%
iter 340: loss 2.0420, time 76.28ms, mfu 5.33%
iter 350: loss 2.0064, time 62.53ms, mfu 5.35%
iter 360: loss 2.0198, time 76.63ms, mfu 5.27%
iter 370: loss 1.9684, time 62.23ms, mfu 5.29%
iter 380: loss 1.9594, time 63.06ms, mfu 5.31%
iter 390: loss 1.9529, time 62.81ms, mfu 5.33%
iter 400: loss 1.8873, time 63.19ms, mfu 5.34%
iter 410: loss 1.9551, time 62.59ms, mfu 5.36%
iter 420: loss 1.8859, time 62.76ms, mfu 5.37%
iter 430: loss 1.8955, time 62.95ms, mfu 5.38%
iter 440: loss 1.8631, time 63.20ms, mfu 5.39%
iter 450: loss 1.8646, time 63.31ms, mfu 5.39%
iter 460: loss 1.8646, time 63.11ms, mfu 5.40%
iter 470: loss 1.8373, time 62.89ms, mfu 5.41%
iter 480: loss 1.8273, time 47.14ms, mfu 5.60%
iter 490: loss 1.7910, time 63.18ms, mfu 5.59%
step 500: train loss 1.6931, val loss 1.8647
iter 500: loss 1.7805, time 7117.00ms, mfu 5.03%
iter 510: loss 1.7714, time 61.87ms, mfu 5.09%
iter 520: loss 1.7934, time 75.96ms, mfu 5.03%
iter 530: loss 1.7561, time 47.86ms, mfu 5.25%
iter 540: loss 1.7437, time 62.83ms, mfu 5.27%
iter 550: loss 1.7600, time 47.80ms, mfu 5.47%
iter 560: loss 1.7104, time 62.80ms, mfu 5.47%
iter 570: loss 1.7090, time 63.82ms, mfu 5.46%
iter 580: loss 1.6830, time 61.85ms, mfu 5.47%
iter 590: loss 1.7067, time 62.27ms, mfu 5.48%
iter 600: loss 1.7075, time 62.60ms, mfu 5.48%
iter 610: loss 1.6974, time 61.77ms, mfu 5.49%
iter 620: loss 1.7277, time 62.84ms, mfu 5.49%
iter 630: loss 1.6658, time 61.95ms, mfu 5.50%
iter 640: loss 1.6673, time 47.80ms, mfu 5.67%
iter 650: loss 1.6409, time 61.99ms, mfu 5.66%
iter 660: loss 1.6768, time 63.99ms, mfu 5.63%
iter 670: loss 1.6250, time 61.68ms, mfu 5.63%
iter 680: loss 1.5947, time 62.55ms, mfu 5.62%
iter 690: loss 1.5954, time 61.79ms, mfu 5.61%
iter 700: loss 1.6034, time 61.21ms, mfu 5.61%
iter 710: loss 1.5925, time 62.26ms, mfu 5.61%
iter 720: loss 1.6024, time 62.13ms, mfu 5.60%
iter 730: loss 1.5774, time 62.82ms, mfu 5.59%
iter 740: loss 1.5785, time 63.03ms, mfu 5.58%
step 750: train loss 1.4932, val loss 1.6972
iter 750: loss 1.6045, time 7294.65ms, mfu 5.02%
iter 760: loss 1.5669, time 61.22ms, mfu 5.09%
iter 770: loss 1.5437, time 60.89ms, mfu 5.14%
iter 780: loss 1.5389, time 62.59ms, mfu 5.18%
iter 790: loss 1.5117, time 62.08ms, mfu 5.22%
iter 800: loss 1.5248, time 61.80ms, mfu 5.25%
iter 810: loss 1.5277, time 47.35ms, mfu 5.46%
iter 820: loss 1.5325, time 47.24ms, mfu 5.64%
iter 830: loss 1.5452, time 63.13ms, mfu 5.62%
iter 840: loss 1.5339, time 62.25ms, mfu 5.61%
iter 850: loss 1.5011, time 61.73ms, mfu 5.61%
iter 860: loss 1.5166, time 61.61ms, mfu 5.61%
iter 870: loss 1.5105, time 77.66ms, mfu 5.49%
iter 880: loss 1.4809, time 62.28ms, mfu 5.50%
iter 890: loss 1.5406, time 61.86ms, mfu 5.50%
iter 900: loss 1.5025, time 62.95ms, mfu 5.50%
iter 910: loss 1.4794, time 63.30ms, mfu 5.50%
iter 920: loss 1.5188, time 76.90ms, mfu 5.39%
iter 930: loss 1.4868, time 63.06ms, mfu 5.40%
iter 940: loss 1.4516, time 62.85ms, mfu 5.41%
iter 950: loss 1.4503, time 61.66ms, mfu 5.43%
iter 960: loss 1.4632, time 61.57ms, mfu 5.45%
iter 970: loss 1.4687, time 62.46ms, mfu 5.45%
iter 980: loss 1.4534, time 62.64ms, mfu 5.46%
iter 990: loss 1.4918, time 47.86ms, mfu 5.63%
step 1000: train loss 1.3826, val loss 1.6050
iter 1000: loss 1.4491, time 7697.35ms, mfu 5.07%
iter 1010: loss 1.4554, time 63.85ms, mfu 5.11%
iter 1020: loss 1.4152, time 61.88ms, mfu 5.15%
iter 1030: loss 1.4551, time 62.45ms, mfu 5.19%
iter 1040: loss 1.4419, time 61.43ms, mfu 5.23%
iter 1050: loss 1.4471, time 46.90ms, mfu 5.44%
iter 1060: loss 1.4107, time 46.57ms, mfu 5.64%
iter 1070: loss 1.4410, time 61.48ms, mfu 5.64%
iter 1080: loss 1.4236, time 48.39ms, mfu 5.79%
iter 1090: loss 1.4092, time 62.74ms, mfu 5.76%
iter 1100: loss 1.4091, time 62.80ms, mfu 5.73%
iter 1110: loss 1.4157, time 61.26ms, mfu 5.72%
iter 1120: loss 1.4472, time 48.14ms, mfu 5.86%
iter 1130: loss 1.4264, time 47.14ms, mfu 6.01%
iter 1140: loss 1.4252, time 61.84ms, mfu 5.97%
iter 1150: loss 1.4141, time 62.68ms, mfu 5.92%
iter 1160: loss 1.4097, time 61.61ms, mfu 5.89%
iter 1170: loss 1.3893, time 48.48ms, mfu 6.01%
iter 1180: loss 1.4060, time 61.69ms, mfu 5.97%
iter 1190: loss 1.4002, time 61.81ms, mfu 5.93%
iter 1200: loss 1.3872, time 47.65ms, mfu 6.06%
iter 1210: loss 1.3828, time 61.62ms, mfu 6.01%
iter 1220: loss 1.3818, time 49.21ms, mfu 6.11%
iter 1230: loss 1.3592, time 47.93ms, mfu 6.22%
iter 1240: loss 1.3894, time 47.47ms, mfu 6.32%
step 1250: train loss 1.3050, val loss 1.5526
iter 1250: loss 1.3374, time 7492.50ms, mfu 5.70%
iter 1260: loss 1.3882, time 46.77ms, mfu 5.86%
iter 1270: loss 1.3658, time 62.19ms, mfu 5.83%
iter 1280: loss 1.3690, time 62.74ms, mfu 5.80%
iter 1290: loss 1.3923, time 76.29ms, mfu 5.67%
iter 1300: loss 1.3805, time 62.96ms, mfu 5.65%
iter 1310: loss 1.3693, time 61.08ms, mfu 5.65%
iter 1320: loss 1.3300, time 61.69ms, mfu 5.64%
iter 1330: loss 1.3333, time 63.03ms, mfu 5.63%
iter 1340: loss 1.3589, time 62.37ms, mfu 5.62%
iter 1350: loss 1.3538, time 76.05ms, mfu 5.51%
iter 1360: loss 1.3378, time 48.12ms, mfu 5.67%
iter 1370: loss 1.3609, time 63.17ms, mfu 5.65%
iter 1380: loss 1.3318, time 62.69ms, mfu 5.64%
iter 1390: loss 1.3562, time 62.31ms, mfu 5.63%
iter 1400: loss 1.3471, time 47.96ms, mfu 5.78%
iter 1410: loss 1.3267, time 60.91ms, mfu 5.77%
iter 1420: loss 1.3239, time 61.69ms, mfu 5.75%
iter 1430: loss 1.3816, time 62.25ms, mfu 5.73%
iter 1440: loss 1.3286, time 62.77ms, mfu 5.71%
iter 1450: loss 1.3581, time 61.72ms, mfu 5.69%
iter 1460: loss 1.3177, time 61.34ms, mfu 5.69%
iter 1470: loss 1.3295, time 61.47ms, mfu 5.68%
iter 1480: loss 1.3159, time 62.08ms, mfu 5.67%
iter 1490: loss 1.3402, time 48.66ms, mfu 5.81%
step 1500: train loss 1.2475, val loss 1.5172
iter 1500: loss 1.3356, time 7367.06ms, mfu 5.23%
iter 1510: loss 1.3338, time 48.49ms, mfu 5.42%
iter 1520: loss 1.3215, time 61.82ms, mfu 5.44%
iter 1530: loss 1.2701, time 62.44ms, mfu 5.44%
iter 1540: loss 1.3065, time 61.98ms, mfu 5.46%
iter 1550: loss 1.2966, time 49.72ms, mfu 5.60%
iter 1560: loss 1.3218, time 63.17ms, mfu 5.59%
iter 1570: loss 1.2969, time 62.16ms, mfu 5.59%
iter 1580: loss 1.2920, time 62.24ms, mfu 5.58%
iter 1590: loss 1.3252, time 62.57ms, mfu 5.57%
iter 1600: loss 1.3240, time 48.24ms, mfu 5.73%
iter 1610: loss 1.2932, time 63.33ms, mfu 5.70%
iter 1620: loss 1.2874, time 61.27ms, mfu 5.69%
iter 1630: loss 1.2716, time 62.76ms, mfu 5.67%
iter 1640: loss 1.2926, time 60.82ms, mfu 5.67%
iter 1650: loss 1.3180, time 61.77ms, mfu 5.66%
iter 1660: loss 1.2867, time 63.21ms, mfu 5.64%
iter 1670: loss 1.3127, time 48.50ms, mfu 5.79%
iter 1680: loss 1.2950, time 62.30ms, mfu 5.76%
iter 1690: loss 1.2794, time 47.83ms, mfu 5.91%
iter 1700: loss 1.2635, time 76.74ms, mfu 5.77%
iter 1710: loss 1.2933, time 62.40ms, mfu 5.74%
iter 1720: loss 1.3030, time 61.67ms, mfu 5.73%
iter 1730: loss 1.2688, time 62.09ms, mfu 5.71%
iter 1740: loss 1.3260, time 47.68ms, mfu 5.86%
step 1750: train loss 1.2009, val loss 1.4914
iter 1750: loss 1.2887, time 7231.38ms, mfu 5.28%
iter 1760: loss 1.2958, time 62.20ms, mfu 5.31%
iter 1770: loss 1.2701, time 61.55ms, mfu 5.34%
iter 1780: loss 1.2723, time 31.19ms, mfu 5.91%
iter 1790: loss 1.2784, time 30.90ms, mfu 6.43%
iter 1800: loss 1.2707, time 31.35ms, mfu 6.89%
iter 1810: loss 1.2552, time 31.13ms, mfu 7.31%
iter 1820: loss 1.2606, time 30.31ms, mfu 7.71%
iter 1830: loss 1.2450, time 31.57ms, mfu 8.04%
iter 1840: loss 1.2775, time 29.27ms, mfu 8.41%
iter 1850: loss 1.2388, time 31.88ms, mfu 8.65%
iter 1860: loss 1.2701, time 48.19ms, mfu 8.50%
iter 1870: loss 1.2609, time 63.20ms, mfu 8.20%
iter 1880: loss 1.2377, time 47.78ms, mfu 8.10%
iter 1890: loss 1.2816, time 47.58ms, mfu 8.01%
iter 1900: loss 1.2520, time 61.79ms, mfu 7.77%
iter 1910: loss 1.2456, time 62.74ms, mfu 7.54%
iter 1920: loss 1.2623, time 61.69ms, mfu 7.35%
iter 1930: loss 1.2713, time 61.62ms, mfu 7.17%
iter 1940: loss 1.2364, time 62.51ms, mfu 7.01%
iter 1950: loss 1.2501, time 62.13ms, mfu 6.86%
iter 1960: loss 1.2222, time 63.13ms, mfu 6.72%
iter 1970: loss 1.2668, time 62.05ms, mfu 6.60%
iter 1980: loss 1.2094, time 62.30ms, mfu 6.50%
iter 1990: loss 1.2111, time 62.15ms, mfu 6.40%
step 2000: train loss 1.1630, val loss 1.4853
iter 2000: loss 1.2307, time 7978.43ms, mfu 5.77%
iter 2010: loss 1.2140, time 62.64ms, mfu 5.74%
iter 2020: loss 1.2574, time 63.00ms, mfu 5.71%
iter 2030: loss 1.2208, time 62.94ms, mfu 5.69%
iter 2040: loss 1.2263, time 60.83ms, mfu 5.69%
iter 2050: loss 1.2361, time 76.57ms, mfu 5.57%
iter 2060: loss 1.1956, time 61.89ms, mfu 5.57%
iter 2070: loss 1.2137, time 62.30ms, mfu 5.57%
iter 2080: loss 1.2103, time 62.08ms, mfu 5.56%
iter 2090: loss 1.2055, time 63.48ms, mfu 5.55%
iter 2100: loss 1.1990, time 62.66ms, mfu 5.55%
iter 2110: loss 1.2201, time 75.83ms, mfu 5.45%
iter 2120: loss 1.2035, time 62.00ms, mfu 5.46%
iter 2130: loss 1.2280, time 48.30ms, mfu 5.63%
iter 2140: loss 1.2469, time 61.33ms, mfu 5.62%
iter 2150: loss 1.2463, time 63.18ms, mfu 5.61%
iter 2160: loss 1.2158, time 62.20ms, mfu 5.60%
iter 2170: loss 1.2069, time 47.74ms, mfu 5.76%
iter 2180: loss 1.2050, time 62.05ms, mfu 5.74%
iter 2190: loss 1.2217, time 62.29ms, mfu 5.72%
iter 2200: loss 1.2226, time 62.14ms, mfu 5.70%
iter 2210: loss 1.2256, time 62.10ms, mfu 5.69%
iter 2220: loss 1.1777, time 48.70ms, mfu 5.83%
iter 2230: loss 1.2019, time 63.10ms, mfu 5.79%
iter 2240: loss 1.2218, time 61.97ms, mfu 5.77%
step 2250: train loss 1.1221, val loss 1.4803
iter 2250: loss 1.1984, time 7742.32ms, mfu 5.20%
iter 2260: loss 1.2214, time 63.19ms, mfu 5.22%
iter 2270: loss 1.2047, time 61.87ms, mfu 5.26%
iter 2280: loss 1.1971, time 62.85ms, mfu 5.28%
iter 2290: loss 1.1850, time 61.84ms, mfu 5.31%
iter 2300: loss 1.1820, time 62.85ms, mfu 5.33%
iter 2310: loss 1.1975, time 63.12ms, mfu 5.34%
iter 2320: loss 1.1929, time 62.05ms, mfu 5.36%
iter 2330: loss 1.1999, time 62.44ms, mfu 5.38%
iter 2340: loss 1.1875, time 62.76ms, mfu 5.39%
iter 2350: loss 1.2087, time 77.32ms, mfu 5.30%
iter 2360: loss 1.2252, time 62.74ms, mfu 5.32%
iter 2370: loss 1.2141, time 62.48ms, mfu 5.34%
iter 2380: loss 1.1903, time 61.23ms, mfu 5.37%
iter 2390: loss 1.2149, time 61.84ms, mfu 5.39%
iter 2400: loss 1.1633, time 76.16ms, mfu 5.30%
iter 2410: loss 1.1867, time 62.05ms, mfu 5.33%
iter 2420: loss 1.1866, time 61.28ms, mfu 5.36%
iter 2430: loss 1.1823, time 62.91ms, mfu 5.37%
iter 2440: loss 1.1680, time 62.00ms, mfu 5.39%
iter 2450: loss 1.1814, time 48.23ms, mfu 5.56%
iter 2460: loss 1.1602, time 61.84ms, mfu 5.56%
iter 2470: loss 1.1420, time 47.91ms, mfu 5.73%
iter 2480: loss 1.1822, time 61.17ms, mfu 5.72%
iter 2490: loss 1.1985, time 62.50ms, mfu 5.70%
step 2500: train loss 1.0860, val loss 1.4817
iter 2500: loss 1.1568, time 7936.08ms, mfu 5.13%
iter 2510: loss 1.1634, time 61.14ms, mfu 5.18%
iter 2520: loss 1.1756, time 63.22ms, mfu 5.21%
iter 2530: loss 1.1655, time 48.19ms, mfu 5.41%
iter 2540: loss 1.1548, time 48.33ms, mfu 5.58%
iter 2550: loss 1.1947, time 61.58ms, mfu 5.58%
iter 2560: loss 1.1692, time 62.16ms, mfu 5.58%
iter 2570: loss 1.1613, time 62.34ms, mfu 5.57%
iter 2580: loss 1.1555, time 76.64ms, mfu 5.46%
iter 2590: loss 1.1767, time 64.50ms, mfu 5.45%
iter 2600: loss 1.1780, time 62.09ms, mfu 5.46%
iter 2610: loss 1.1594, time 60.40ms, mfu 5.49%
iter 2620: loss 1.1391, time 62.25ms, mfu 5.49%
iter 2630: loss 1.1701, time 62.21ms, mfu 5.50%
iter 2640: loss 1.1320, time 62.25ms, mfu 5.50%
iter 2650: loss 1.1424, time 62.11ms, mfu 5.51%
iter 2660: loss 1.1511, time 62.42ms, mfu 5.51%
iter 2670: loss 1.1769, time 61.93ms, mfu 5.51%
iter 2680: loss 1.1545, time 63.01ms, mfu 5.51%
iter 2690: loss 1.1532, time 61.19ms, mfu 5.52%
iter 2700: loss 1.1157, time 62.75ms, mfu 5.52%
iter 2710: loss 1.1555, time 61.80ms, mfu 5.53%
iter 2720: loss 1.1326, time 62.13ms, mfu 5.53%
iter 2730: loss 1.1228, time 48.57ms, mfu 5.68%
iter 2740: loss 1.1605, time 76.44ms, mfu 5.57%
step 2750: train loss 1.0542, val loss 1.4869
iter 2750: loss 1.1169, time 7913.02ms, mfu 5.01%
iter 2760: loss 1.1261, time 62.86ms, mfu 5.06%
iter 2770: loss 1.1433, time 63.04ms, mfu 5.10%
iter 2780: loss 1.1449, time 62.95ms, mfu 5.14%
iter 2790: loss 1.1398, time 63.01ms, mfu 5.17%
iter 2800: loss 1.1539, time 77.01ms, mfu 5.10%
iter 2810: loss 1.1297, time 62.78ms, mfu 5.14%
iter 2820: loss 1.1572, time 76.84ms, mfu 5.08%
iter 2830: loss 1.1333, time 77.08ms, mfu 5.02%
iter 2840: loss 1.1331, time 62.42ms, mfu 5.07%
iter 2850: loss 1.1232, time 62.42ms, mfu 5.11%
iter 2860: loss 1.1254, time 61.65ms, mfu 5.16%
iter 2870: loss 1.0908, time 62.56ms, mfu 5.20%
iter 2880: loss 1.1281, time 63.13ms, mfu 5.22%
iter 2890: loss 1.1481, time 61.85ms, mfu 5.26%
iter 2900: loss 1.1177, time 61.07ms, mfu 5.30%
iter 2910: loss 1.1149, time 61.93ms, mfu 5.32%
iter 2920: loss 1.1507, time 47.95ms, mfu 5.51%
iter 2930: loss 1.1165, time 47.99ms, mfu 5.68%
iter 2940: loss 1.1202, time 63.05ms, mfu 5.66%
iter 2950: loss 1.1253, time 62.27ms, mfu 5.64%
iter 2960: loss 1.1170, time 47.66ms, mfu 5.80%
iter 2970: loss 1.0943, time 61.78ms, mfu 5.78%
iter 2980: loss 1.1193, time 62.62ms, mfu 5.75%
iter 2990: loss 1.1261, time 77.71ms, mfu 5.62%
step 3000: train loss 1.0164, val loss 1.4943
iter 3000: loss 1.1085, time 7905.62ms, mfu 5.06%
iter 3010: loss 1.0991, time 77.95ms, mfu 5.00%
iter 3020: loss 1.1046, time 77.48ms, mfu 4.94%
iter 3030: loss 1.1259, time 62.93ms, mfu 5.00%
iter 3040: loss 1.1177, time 62.84ms, mfu 5.05%
iter 3050: loss 1.1164, time 77.86ms, mfu 4.98%
iter 3060: loss 1.0990, time 62.52ms, mfu 5.04%
iter 3070: loss 1.0961, time 62.09ms, mfu 5.09%
iter 3080: loss 1.1157, time 61.92ms, mfu 5.14%
iter 3090: loss 1.1238, time 62.23ms, mfu 5.18%
iter 3100: loss 1.0959, time 62.53ms, mfu 5.21%
iter 3110: loss 1.1330, time 61.17ms, mfu 5.25%
iter 3120: loss 1.0759, time 62.31ms, mfu 5.28%
iter 3130: loss 1.0816, time 62.68ms, mfu 5.30%
iter 3140: loss 1.0672, time 62.81ms, mfu 5.32%
iter 3150: loss 1.1183, time 62.54ms, mfu 5.34%
iter 3160: loss 1.1289, time 48.18ms, mfu 5.52%
iter 3170: loss 1.0974, time 62.70ms, mfu 5.52%
iter 3180: loss 1.0962, time 62.50ms, mfu 5.52%
iter 3190: loss 1.0808, time 62.54ms, mfu 5.52%
iter 3200: loss 1.1003, time 61.92ms, mfu 5.52%
iter 3210: loss 1.0934, time 61.91ms, mfu 5.53%
iter 3220: loss 1.0877, time 61.34ms, mfu 5.54%
iter 3230: loss 1.0946, time 61.81ms, mfu 5.54%
iter 3240: loss 1.0824, time 62.14ms, mfu 5.54%
step 3250: train loss 0.9853, val loss 1.4998
iter 3250: loss 1.0922, time 8102.56ms, mfu 4.99%
iter 3260: loss 1.0740, time 63.25ms, mfu 5.04%
iter 3270: loss 1.1146, time 77.90ms, mfu 4.98%
iter 3280: loss 1.0996, time 62.56ms, mfu 5.03%
iter 3290: loss 1.0815, time 63.52ms, mfu 5.07%
iter 3300: loss 1.1144, time 63.67ms, mfu 5.10%
iter 3310: loss 1.0928, time 76.73ms, mfu 5.04%
iter 3320: loss 1.0961, time 61.71ms, mfu 5.10%
iter 3330: loss 1.0948, time 62.59ms, mfu 5.14%
iter 3340: loss 1.0866, time 62.90ms, mfu 5.17%
iter 3350: loss 1.1185, time 63.74ms, mfu 5.20%
iter 3360: loss 1.0611, time 61.08ms, mfu 5.24%
iter 3370: loss 1.0676, time 63.08ms, mfu 5.26%
iter 3380: loss 1.1020, time 61.79ms, mfu 5.30%
iter 3390: loss 1.0889, time 61.75ms, mfu 5.32%
iter 3400: loss 1.0661, time 62.55ms, mfu 5.34%
iter 3410: loss 1.0626, time 62.22ms, mfu 5.36%
iter 3420: loss 1.0661, time 62.83ms, mfu 5.37%
iter 3430: loss 1.0616, time 61.82ms, mfu 5.40%
iter 3440: loss 1.0967, time 61.36ms, mfu 5.42%
iter 3450: loss 1.0918, time 61.37ms, mfu 5.44%
iter 3460: loss 1.0664, time 61.86ms, mfu 5.45%
iter 3470: loss 1.0596, time 62.43ms, mfu 5.46%
iter 3480: loss 1.0610, time 62.48ms, mfu 5.46%
iter 3490: loss 1.0731, time 77.48ms, mfu 5.36%
step 3500: train loss 0.9591, val loss 1.5133
iter 3500: loss 1.0527, time 7919.34ms, mfu 4.83%
iter 3510: loss 1.0568, time 63.21ms, mfu 4.89%
iter 3520: loss 1.0681, time 63.05ms, mfu 4.95%
iter 3530: loss 1.0729, time 62.69ms, mfu 5.01%
iter 3540: loss 1.0591, time 76.62ms, mfu 4.95%
iter 3550: loss 1.0563, time 62.67ms, mfu 5.01%
iter 3560: loss 1.0534, time 62.08ms, mfu 5.06%
iter 3570: loss 1.0430, time 63.45ms, mfu 5.10%
iter 3580: loss 1.0462, time 62.49ms, mfu 5.14%
iter 3590: loss 1.0635, time 48.35ms, mfu 5.34%
iter 3600: loss 1.0450, time 63.73ms, mfu 5.35%
iter 3610: loss 1.0405, time 62.13ms, mfu 5.37%
iter 3620: loss 1.0752, time 61.92ms, mfu 5.39%
iter 3630: loss 1.0700, time 61.67ms, mfu 5.41%
iter 3640: loss 1.0340, time 60.48ms, mfu 5.44%
iter 3650: loss 1.0728, time 60.98ms, mfu 5.46%
iter 3660: loss 1.0211, time 61.57ms, mfu 5.47%
iter 3670: loss 1.0617, time 47.38ms, mfu 5.65%
iter 3680: loss 1.0337, time 60.91ms, mfu 5.65%
iter 3690: loss 1.0501, time 47.99ms, mfu 5.81%
iter 3700: loss 1.0683, time 62.07ms, mfu 5.78%
iter 3710: loss 1.0606, time 47.77ms, mfu 5.93%
iter 3720: loss 1.0460, time 61.61ms, mfu 5.89%
iter 3730: loss 1.0506, time 48.62ms, mfu 6.01%
iter 3740: loss 1.0583, time 63.38ms, mfu 5.95%
step 3750: train loss 0.9313, val loss 1.5160
iter 3750: loss 1.0487, time 7936.02ms, mfu 5.36%
iter 3760: loss 1.0511, time 77.82ms, mfu 5.27%
iter 3770: loss 1.0476, time 62.17ms, mfu 5.30%
iter 3780: loss 1.0495, time 63.38ms, mfu 5.31%
iter 3790: loss 1.0516, time 62.48ms, mfu 5.33%
iter 3800: loss 1.0335, time 48.58ms, mfu 5.51%
iter 3810: loss 1.0745, time 62.78ms, mfu 5.51%
iter 3820: loss 1.0396, time 63.95ms, mfu 5.50%
iter 3830: loss 1.0309, time 63.18ms, mfu 5.49%
iter 3840: loss 1.0589, time 62.12ms, mfu 5.50%
iter 3850: loss 1.0615, time 61.86ms, mfu 5.51%
iter 3860: loss 1.0584, time 62.47ms, mfu 5.51%
iter 3870: loss 1.0218, time 48.04ms, mfu 5.67%
iter 3880: loss 1.0512, time 48.30ms, mfu 5.82%
iter 3890: loss 1.0266, time 48.24ms, mfu 5.95%
iter 3900: loss 1.0168, time 60.88ms, mfu 5.92%
iter 3910: loss 1.0379, time 60.69ms, mfu 5.90%
iter 3920: loss 1.0721, time 61.93ms, mfu 5.87%
iter 3930: loss 1.0473, time 48.12ms, mfu 6.00%
iter 3940: loss 1.0298, time 75.40ms, mfu 5.85%
iter 3950: loss 1.0186, time 62.98ms, mfu 5.82%
iter 3960: loss 1.0227, time 62.81ms, mfu 5.78%
iter 3970: loss 1.0311, time 61.80ms, mfu 5.76%
iter 3980: loss 1.0360, time 62.50ms, mfu 5.74%
iter 3990: loss 1.0225, time 62.59ms, mfu 5.71%
step 4000: train loss 0.9079, val loss 1.5226
iter 4000: loss 1.0215, time 7946.99ms, mfu 5.15%
iter 4010: loss 1.0118, time 77.09ms, mfu 5.08%
iter 4020: loss 1.0167, time 63.00ms, mfu 5.12%
iter 4030: loss 1.0303, time 62.96ms, mfu 5.15%
iter 4040: loss 1.0286, time 76.29ms, mfu 5.09%
iter 4050: loss 1.0316, time 75.96ms, mfu 5.04%
iter 4060: loss 1.0383, time 63.39ms, mfu 5.08%
iter 4070: loss 1.0271, time 75.53ms, mfu 5.03%
iter 4080: loss 1.0069, time 62.10ms, mfu 5.08%
iter 4090: loss 1.0423, time 63.64ms, mfu 5.11%
iter 4100: loss 1.0262, time 62.19ms, mfu 5.15%
iter 4110: loss 1.0413, time 47.80ms, mfu 5.36%
iter 4120: loss 1.0323, time 61.89ms, mfu 5.38%
iter 4130: loss 1.0381, time 48.40ms, mfu 5.56%
iter 4140: loss 1.0223, time 62.14ms, mfu 5.55%
iter 4150: loss 1.0172, time 62.66ms, mfu 5.55%
iter 4160: loss 1.0349, time 62.28ms, mfu 5.55%
iter 4170: loss 1.0202, time 48.19ms, mfu 5.71%
iter 4180: loss 1.0298, time 62.14ms, mfu 5.69%
iter 4190: loss 1.0414, time 62.52ms, mfu 5.67%
iter 4200: loss 0.9993, time 49.15ms, mfu 5.81%
iter 4210: loss 1.0055, time 63.13ms, mfu 5.77%
iter 4220: loss 1.0055, time 76.49ms, mfu 5.65%
iter 4230: loss 0.9987, time 62.40ms, mfu 5.64%
iter 4240: loss 1.0079, time 62.70ms, mfu 5.62%
step 4250: train loss 0.8884, val loss 1.5356
iter 4250: loss 1.0388, time 7943.94ms, mfu 5.06%
iter 4260: loss 0.9994, time 62.43ms, mfu 5.11%
iter 4270: loss 1.0150, time 62.00ms, mfu 5.15%
iter 4280: loss 0.9872, time 49.61ms, mfu 5.33%
iter 4290: loss 0.9860, time 63.63ms, mfu 5.34%
iter 4300: loss 1.0023, time 62.80ms, mfu 5.36%
iter 4310: loss 1.0099, time 62.53ms, mfu 5.37%
iter 4320: loss 0.9844, time 76.21ms, mfu 5.29%
iter 4330: loss 1.0262, time 63.19ms, mfu 5.30%
iter 4340: loss 0.9979, time 62.48ms, mfu 5.33%
iter 4350: loss 1.0185, time 62.45ms, mfu 5.35%
iter 4360: loss 1.0168, time 48.16ms, mfu 5.53%
iter 4370: loss 1.0337, time 61.57ms, mfu 5.53%
iter 4380: loss 1.0038, time 61.11ms, mfu 5.54%
iter 4390: loss 1.0012, time 49.14ms, mfu 5.69%
iter 4400: loss 0.9987, time 61.60ms, mfu 5.68%
iter 4410: loss 1.0025, time 62.72ms, mfu 5.66%
iter 4420: loss 1.0309, time 62.61ms, mfu 5.65%
iter 4430: loss 1.0095, time 48.05ms, mfu 5.80%
iter 4440: loss 1.0316, time 62.62ms, mfu 5.77%
iter 4450: loss 1.0141, time 63.29ms, mfu 5.74%
iter 4460: loss 1.0076, time 47.82ms, mfu 5.89%
iter 4470: loss 1.0101, time 47.19ms, mfu 6.03%
iter 4480: loss 0.9925, time 62.15ms, mfu 5.98%
iter 4490: loss 0.9872, time 63.19ms, mfu 5.93%
step 4500: train loss 0.8701, val loss 1.5397
iter 4500: loss 1.0056, time 7831.64ms, mfu 5.34%
iter 4510: loss 0.9909, time 62.23ms, mfu 5.36%
iter 4520: loss 1.0137, time 62.22ms, mfu 5.38%
iter 4530: loss 0.9608, time 61.71ms, mfu 5.40%
iter 4540: loss 1.0007, time 62.35ms, mfu 5.41%
iter 4550: loss 1.0104, time 62.19ms, mfu 5.42%
iter 4560: loss 0.9896, time 47.95ms, mfu 5.60%
iter 4570: loss 0.9949, time 62.92ms, mfu 5.59%
iter 4580: loss 1.0106, time 61.76ms, mfu 5.59%
iter 4590: loss 0.9951, time 62.21ms, mfu 5.58%
iter 4600: loss 0.9846, time 63.01ms, mfu 5.57%
iter 4610: loss 0.9968, time 48.59ms, mfu 5.72%
iter 4620: loss 0.9770, time 48.61ms, mfu 5.86%
iter 4630: loss 1.0158, time 62.50ms, mfu 5.83%
iter 4640: loss 1.0178, time 60.38ms, mfu 5.82%
iter 4650: loss 1.0049, time 48.10ms, mfu 5.95%
iter 4660: loss 0.9934, time 62.73ms, mfu 5.90%
iter 4670: loss 0.9869, time 61.73ms, mfu 5.87%
iter 4680: loss 0.9934, time 48.92ms, mfu 5.99%
iter 4690: loss 1.0021, time 47.80ms, mfu 6.11%
iter 4700: loss 0.9883, time 47.51ms, mfu 6.23%
iter 4710: loss 0.9687, time 47.00ms, mfu 6.34%
iter 4720: loss 0.9888, time 62.65ms, mfu 6.25%
iter 4730: loss 0.9794, time 61.74ms, mfu 6.19%
iter 4740: loss 0.9862, time 61.83ms, mfu 6.13%
step 4750: train loss 0.8595, val loss 1.5459
iter 4750: loss 0.9986, time 7837.53ms, mfu 5.52%
iter 4760: loss 0.9993, time 63.18ms, mfu 5.51%
iter 4770: loss 0.9839, time 47.04ms, mfu 5.69%
iter 4780: loss 0.9857, time 63.02ms, mfu 5.67%
iter 4790: loss 0.9864, time 61.83ms, mfu 5.66%
iter 4800: loss 1.0009, time 62.68ms, mfu 5.65%
iter 4810: loss 0.9998, time 62.73ms, mfu 5.63%
iter 4820: loss 1.0059, time 62.21ms, mfu 5.62%
iter 4830: loss 0.9854, time 62.69ms, mfu 5.61%
iter 4840: loss 0.9841, time 64.01ms, mfu 5.59%
iter 4850: loss 0.9915, time 62.19ms, mfu 5.58%
iter 4860: loss 1.0004, time 63.16ms, mfu 5.57%
iter 4870: loss 0.9931, time 62.51ms, mfu 5.56%
iter 4880: loss 0.9564, time 62.52ms, mfu 5.56%
iter 4890: loss 0.9620, time 62.16ms, mfu 5.56%
iter 4900: loss 0.9966, time 48.13ms, mfu 5.72%
iter 4910: loss 1.0087, time 48.00ms, mfu 5.87%
iter 4920: loss 1.0031, time 61.99ms, mfu 5.83%
iter 4930: loss 0.9793, time 61.62ms, mfu 5.81%
iter 4940: loss 0.9990, time 62.57ms, mfu 5.78%
iter 4950: loss 0.9738, time 61.89ms, mfu 5.76%
iter 4960: loss 0.9690, time 62.16ms, mfu 5.74%
iter 4970: loss 1.0112, time 61.41ms, mfu 5.73%
iter 4980: loss 0.9732, time 77.96ms, mfu 5.60%
iter 4990: loss 1.0001, time 77.47ms, mfu 5.48%
step 5000: train loss 0.8475, val loss 1.5594
iter 5000: loss 0.9974, time 8079.47ms, mfu 4.94%
