Overriding config with config/train_shakespeare_char.py:
# train a miniature character-level shakespeare model
# good for debugging and playing on macbooks and such

out_dir = 'out-shakespeare-char'
eval_interval = 250 # keep frequent because we'll overfit
eval_iters = 200
log_interval = 10 # don't print too too often

# we expect to overfit on this small dataset, so only save when val improves
always_save_checkpoint = False

wandb_log = False # override via command line if you like
wandb_project = 'shakespeare-char'
wandb_run_name = 'mini-gpt'

dataset = 'shakespeare_char'
gradient_accumulation_steps = 1
batch_size = 64
block_size = 256 # context of up to 256 previous characters

# baby GPT model :)
n_layer = 6
n_head = 6
n_embd = 384
dropout = 0.2

learning_rate = 1e-3 # with baby networks can afford to go a bit higher
max_iters = 5000
lr_decay_iters = 5000 # make equal to max_iters usually
min_lr = 1e-4 # learning_rate / 10 usually
beta2 = 0.99 # make a bit bigger because number of tokens per iter is small

warmup_iters = 100 # not super necessary potentially

# on macbook also add
# device = 'cpu'  # run on cpu only
# compile = False # do not torch compile the model

Overriding: compile = False
Overriding: out_dir = runs\swiglu_lr3e-3_s1339
Overriding: learning_rate = 0.003
Overriding: min_lr = 0.00030000000000000003
Overriding: seed = 1339
Overriding: save_checkpoint = False
Overriding: mlp_type = swiglu
tokens per iteration will be: 16,384
found vocab_size = 65 (inside data\shakespeare_char\meta.pkl)
Initializing a new model from scratch
number of parameters: 10.65M
C:\Users\86271\hw1work\nanoGPT\train.py:204: FutureWarning: `torch.cuda.amp.GradScaler(args...)` is deprecated. Please use `torch.amp.GradScaler('cuda', args...)` instead.
  scaler = torch.cuda.amp.GradScaler(enabled=(dtype == 'float16'))
num decayed parameter tensors: 26, with 10,740,096 parameters
num non-decayed parameter tensors: 13, with 4,992 parameters
using fused AdamW: True
step 0: train loss 4.3041, val loss 4.3019
iter 0: loss 4.3055, time 13912.86ms, mfu -100.00%
iter 10: loss 3.6519, time 124.11ms, mfu 3.00%
iter 20: loss 2.6633, time 109.42ms, mfu 3.04%
iter 30: loss 2.5297, time 109.31ms, mfu 3.08%
iter 40: loss 2.5015, time 125.63ms, mfu 3.07%
iter 50: loss 2.4900, time 108.82ms, mfu 3.10%
iter 60: loss 2.4737, time 108.76ms, mfu 3.14%
iter 70: loss 2.4692, time 108.49ms, mfu 3.17%
iter 80: loss 2.5672, time 93.78ms, mfu 3.25%
iter 90: loss 2.5053, time 108.61ms, mfu 3.26%
iter 100: loss 2.4653, time 79.57ms, mfu 3.41%
iter 110: loss 2.4794, time 109.55ms, mfu 3.41%
iter 120: loss 2.4616, time 108.77ms, mfu 3.41%
iter 130: loss 2.4193, time 109.31ms, mfu 3.41%
iter 140: loss 2.4049, time 93.78ms, mfu 3.46%
iter 150: loss 2.3905, time 94.89ms, mfu 3.51%
iter 160: loss 2.3879, time 93.28ms, mfu 3.56%
iter 170: loss 2.3523, time 93.57ms, mfu 3.60%
iter 180: loss 2.3822, time 93.28ms, mfu 3.64%
iter 190: loss 2.2923, time 94.22ms, mfu 3.67%
iter 200: loss 2.2551, time 108.81ms, mfu 3.65%
iter 210: loss 2.2026, time 94.56ms, mfu 3.68%
iter 220: loss 2.1556, time 109.79ms, mfu 3.65%
iter 230: loss 2.1293, time 93.33ms, mfu 3.68%
iter 240: loss 2.0992, time 94.83ms, mfu 3.71%
step 250: train loss 2.0091, val loss 2.1258
iter 250: loss 2.0798, time 13106.09ms, mfu 3.34%
iter 260: loss 2.0597, time 94.50ms, mfu 3.40%
iter 270: loss 2.0189, time 109.27ms, mfu 3.40%
iter 280: loss 2.0215, time 109.72ms, mfu 3.40%
iter 290: loss 1.9868, time 93.12ms, mfu 3.46%
iter 300: loss 1.9431, time 109.60ms, mfu 3.45%
iter 310: loss 1.9435, time 93.67ms, mfu 3.51%
iter 320: loss 1.9499, time 94.83ms, mfu 3.55%
iter 330: loss 1.8950, time 109.28ms, mfu 3.54%
iter 340: loss 1.8566, time 94.24ms, mfu 3.58%
iter 350: loss 1.8643, time 109.02ms, mfu 3.56%
iter 360: loss 1.8310, time 93.15ms, mfu 3.61%
iter 370: loss 1.8300, time 109.21ms, mfu 3.59%
iter 380: loss 1.8311, time 94.08ms, mfu 3.62%
iter 390: loss 1.7890, time 93.24ms, mfu 3.66%
iter 400: loss 1.8007, time 108.39ms, mfu 3.64%
iter 410: loss 1.7686, time 109.28ms, mfu 3.62%
iter 420: loss 1.7998, time 94.48ms, mfu 3.65%
iter 430: loss 1.7567, time 94.06ms, mfu 3.68%
iter 440: loss 1.7848, time 109.07ms, mfu 3.65%
iter 450: loss 1.7702, time 93.47ms, mfu 3.69%
iter 460: loss 1.7875, time 93.32ms, mfu 3.72%
iter 470: loss 1.7484, time 108.52ms, mfu 3.69%
iter 480: loss 1.7345, time 109.97ms, mfu 3.66%
iter 490: loss 1.7325, time 109.17ms, mfu 3.63%
step 500: train loss 1.6300, val loss 1.8144
iter 500: loss 1.7570, time 12906.11ms, mfu 3.27%
iter 510: loss 1.7180, time 110.48ms, mfu 3.28%
iter 520: loss 1.7057, time 93.63ms, mfu 3.35%
iter 530: loss 1.7436, time 93.95ms, mfu 3.41%
iter 540: loss 1.7390, time 108.57ms, mfu 3.42%
iter 550: loss 1.7185, time 93.39ms, mfu 3.47%
iter 560: loss 1.7072, time 93.87ms, mfu 3.52%
iter 570: loss 1.7356, time 108.48ms, mfu 3.51%
iter 580: loss 1.7279, time 108.02ms, mfu 3.51%
iter 590: loss 1.6752, time 109.79ms, mfu 3.50%
iter 600: loss 1.7321, time 94.43ms, mfu 3.54%
iter 610: loss 1.7133, time 94.55ms, mfu 3.58%
iter 620: loss 1.7258, time 93.40ms, mfu 3.62%
iter 630: loss 1.7262, time 94.15ms, mfu 3.66%
iter 640: loss 1.7039, time 110.18ms, mfu 3.63%
iter 650: loss 1.7277, time 108.07ms, mfu 3.61%
iter 660: loss 1.7434, time 108.37ms, mfu 3.59%
iter 670: loss 1.6938, time 93.42ms, mfu 3.63%
iter 680: loss 1.6991, time 110.30ms, mfu 3.61%
iter 690: loss 1.7189, time 108.31ms, mfu 3.59%
iter 700: loss 1.7066, time 110.00ms, mfu 3.57%
iter 710: loss 1.7033, time 93.21ms, mfu 3.61%
iter 720: loss 1.7083, time 94.93ms, mfu 3.64%
iter 730: loss 1.7021, time 108.48ms, mfu 3.62%
iter 740: loss 1.6594, time 108.90ms, mfu 3.60%
step 750: train loss 1.5729, val loss 1.7715
iter 750: loss 1.6943, time 12689.44ms, mfu 3.25%
iter 760: loss 1.6929, time 93.20ms, mfu 3.32%
iter 770: loss 1.7105, time 109.87ms, mfu 3.33%
iter 780: loss 1.7236, time 92.95ms, mfu 3.40%
iter 790: loss 1.6642, time 124.58ms, mfu 3.36%
iter 800: loss 1.7138, time 108.37ms, mfu 3.36%
iter 810: loss 1.6860, time 108.33ms, mfu 3.37%
iter 820: loss 1.6832, time 93.09ms, mfu 3.43%
iter 830: loss 1.6906, time 78.22ms, mfu 3.57%
iter 840: loss 1.6881, time 93.77ms, mfu 3.61%
iter 850: loss 1.6400, time 108.64ms, mfu 3.59%
iter 860: loss 1.6868, time 109.20ms, mfu 3.57%
iter 870: loss 1.6684, time 92.41ms, mfu 3.62%
iter 880: loss 1.6907, time 93.21ms, mfu 3.66%
iter 890: loss 1.6684, time 94.16ms, mfu 3.69%
iter 900: loss 1.6969, time 92.99ms, mfu 3.72%
iter 910: loss 1.6883, time 108.97ms, mfu 3.69%
iter 920: loss 1.6581, time 92.93ms, mfu 3.72%
iter 930: loss 1.6813, time 109.49ms, mfu 3.69%
iter 940: loss 1.6675, time 109.56ms, mfu 3.66%
iter 950: loss 1.6661, time 123.34ms, mfu 3.60%
iter 960: loss 1.6483, time 122.75ms, mfu 3.54%
iter 970: loss 1.6544, time 108.77ms, mfu 3.53%
iter 980: loss 1.6489, time 93.31ms, mfu 3.58%
iter 990: loss 1.6906, time 94.59ms, mfu 3.61%
step 1000: train loss 1.5279, val loss 1.7349
iter 1000: loss 1.6490, time 12477.35ms, mfu 3.25%
iter 1010: loss 1.6677, time 109.34ms, mfu 3.27%
iter 1020: loss 1.6734, time 108.28ms, mfu 3.29%
iter 1030: loss 1.6758, time 108.40ms, mfu 3.30%
iter 1040: loss 1.6575, time 109.46ms, mfu 3.31%
iter 1050: loss 1.6887, time 108.18ms, mfu 3.32%
iter 1060: loss 1.6755, time 92.82ms, mfu 3.39%
iter 1070: loss 1.6831, time 108.63ms, mfu 3.40%
iter 1080: loss 1.6419, time 108.73ms, mfu 3.40%
iter 1090: loss 1.6661, time 109.73ms, mfu 3.40%
iter 1100: loss 1.6541, time 108.40ms, mfu 3.40%
iter 1110: loss 1.6616, time 108.42ms, mfu 3.41%
iter 1120: loss 1.6650, time 109.44ms, mfu 3.41%
iter 1130: loss 1.6082, time 93.99ms, mfu 3.46%
iter 1140: loss 1.6442, time 93.51ms, mfu 3.51%
iter 1150: loss 1.6540, time 93.64ms, mfu 3.56%
iter 1160: loss 1.6479, time 93.55ms, mfu 3.60%
iter 1170: loss 1.6632, time 93.09ms, mfu 3.64%
iter 1180: loss 1.6106, time 107.81ms, mfu 3.62%
iter 1190: loss 1.6522, time 93.13ms, mfu 3.66%
iter 1200: loss 1.6659, time 93.50ms, mfu 3.69%
iter 1210: loss 1.6222, time 94.14ms, mfu 3.72%
iter 1220: loss 1.6215, time 93.74ms, mfu 3.75%
iter 1230: loss 1.6415, time 109.15ms, mfu 3.71%
iter 1240: loss 1.5942, time 94.43ms, mfu 3.74%
step 1250: train loss 1.4953, val loss 1.7211
iter 1250: loss 1.6301, time 12256.91ms, mfu 3.37%
iter 1260: loss 1.6588, time 95.76ms, mfu 3.42%
iter 1270: loss 1.6345, time 93.71ms, mfu 3.47%
iter 1280: loss 1.6467, time 108.34ms, mfu 3.47%
iter 1290: loss 1.6326, time 109.20ms, mfu 3.46%
iter 1300: loss 1.6133, time 95.05ms, mfu 3.51%
iter 1310: loss 1.5950, time 108.99ms, mfu 3.50%
iter 1320: loss 1.5799, time 108.10ms, mfu 3.50%
iter 1330: loss 1.5952, time 94.04ms, mfu 3.54%
iter 1340: loss 1.5839, time 93.69ms, mfu 3.59%
iter 1350: loss 1.5703, time 93.36ms, mfu 3.63%
iter 1360: loss 1.5912, time 108.70ms, mfu 3.61%
iter 1370: loss 1.6132, time 92.63ms, mfu 3.65%
iter 1380: loss 1.6161, time 107.94ms, mfu 3.63%
iter 1390: loss 1.6262, time 108.51ms, mfu 3.61%
iter 1400: loss 1.6074, time 108.96ms, mfu 3.59%
iter 1410: loss 1.5926, time 108.54ms, mfu 3.57%
iter 1420: loss 1.6164, time 107.49ms, mfu 3.56%
iter 1430: loss 1.5753, time 93.53ms, mfu 3.61%
iter 1440: loss 1.5422, time 108.40ms, mfu 3.59%
iter 1450: loss 1.5839, time 109.09ms, mfu 3.57%
iter 1460: loss 1.5539, time 108.89ms, mfu 3.56%
iter 1470: loss 1.5197, time 108.05ms, mfu 3.55%
iter 1480: loss 1.5823, time 108.82ms, mfu 3.53%
iter 1490: loss 1.5620, time 109.20ms, mfu 3.52%
step 1500: train loss 1.4384, val loss 1.6642
iter 1500: loss 1.5915, time 12448.55ms, mfu 3.17%
iter 1510: loss 1.5291, time 93.81ms, mfu 3.25%
iter 1520: loss 1.5668, time 94.25ms, mfu 3.32%
iter 1530: loss 1.5726, time 109.16ms, mfu 3.33%
iter 1540: loss 1.5812, time 108.26ms, mfu 3.34%
iter 1550: loss 1.5943, time 109.42ms, mfu 3.35%
iter 1560: loss 1.5805, time 93.29ms, mfu 3.41%
iter 1570: loss 1.5249, time 93.48ms, mfu 3.47%
iter 1580: loss 1.5385, time 93.13ms, mfu 3.52%
iter 1590: loss 1.5259, time 108.38ms, mfu 3.52%
iter 1600: loss 1.5467, time 93.64ms, mfu 3.56%
iter 1610: loss 1.5160, time 94.53ms, mfu 3.60%
iter 1620: loss 1.5333, time 93.43ms, mfu 3.64%
iter 1630: loss 1.5452, time 123.09ms, mfu 3.58%
iter 1640: loss 1.5337, time 92.25ms, mfu 3.62%
iter 1650: loss 1.4960, time 94.42ms, mfu 3.66%
iter 1660: loss 1.5384, time 93.74ms, mfu 3.69%
iter 1670: loss 1.5474, time 93.01ms, mfu 3.72%
iter 1680: loss 1.5349, time 108.38ms, mfu 3.69%
iter 1690: loss 1.5465, time 109.43ms, mfu 3.66%
iter 1700: loss 1.5013, time 109.29ms, mfu 3.64%
iter 1710: loss 1.5748, time 108.45ms, mfu 3.62%
iter 1720: loss 1.5692, time 79.00ms, mfu 3.73%
iter 1730: loss 1.5180, time 93.94ms, mfu 3.75%
iter 1740: loss 1.5602, time 95.03ms, mfu 3.77%
step 1750: train loss 1.4023, val loss 1.6320
iter 1750: loss 1.5244, time 12515.85ms, mfu 3.39%
iter 1760: loss 1.5392, time 110.14ms, mfu 3.39%
iter 1770: loss 1.5377, time 94.22ms, mfu 3.45%
iter 1780: loss 1.5318, time 93.74ms, mfu 3.50%
iter 1790: loss 1.5157, time 123.25ms, mfu 3.45%
iter 1800: loss 1.5025, time 94.20ms, mfu 3.50%
iter 1810: loss 1.5254, time 108.62ms, mfu 3.50%
iter 1820: loss 1.4963, time 92.72ms, mfu 3.55%
iter 1830: loss 1.5081, time 92.97ms, mfu 3.59%
iter 1840: loss 1.5449, time 94.04ms, mfu 3.63%
iter 1850: loss 1.5402, time 93.40ms, mfu 3.67%
iter 1860: loss 1.5248, time 95.11ms, mfu 3.69%
iter 1870: loss 1.5354, time 109.45ms, mfu 3.66%
iter 1880: loss 1.4992, time 93.12ms, mfu 3.70%
iter 1890: loss 1.4885, time 108.65ms, mfu 3.67%
iter 1900: loss 1.5312, time 92.97ms, mfu 3.70%
iter 1910: loss 1.5302, time 109.69ms, mfu 3.67%
iter 1920: loss 1.5146, time 109.86ms, mfu 3.65%
iter 1930: loss 1.5118, time 92.41ms, mfu 3.68%
iter 1940: loss 1.4767, time 109.37ms, mfu 3.66%
iter 1950: loss 1.4944, time 109.47ms, mfu 3.63%
iter 1960: loss 1.4937, time 109.34ms, mfu 3.61%
iter 1970: loss 1.4521, time 93.90ms, mfu 3.64%
iter 1980: loss 1.5049, time 93.86ms, mfu 3.68%
iter 1990: loss 1.5270, time 93.72ms, mfu 3.71%
step 2000: train loss 1.3618, val loss 1.6000
iter 2000: loss 1.5214, time 12804.90ms, mfu 3.34%
iter 2010: loss 1.4919, time 94.40ms, mfu 3.40%
iter 2020: loss 1.4508, time 93.89ms, mfu 3.46%
iter 2030: loss 1.5158, time 92.78ms, mfu 3.51%
iter 2040: loss 1.4883, time 108.27ms, mfu 3.51%
iter 2050: loss 1.5125, time 93.06ms, mfu 3.56%
iter 2060: loss 1.4976, time 93.79ms, mfu 3.60%
iter 2070: loss 1.4832, time 93.98ms, mfu 3.63%
iter 2080: loss 1.4579, time 109.65ms, mfu 3.61%
iter 2090: loss 1.4817, time 109.02ms, mfu 3.59%
iter 2100: loss 1.4609, time 93.54ms, mfu 3.63%
iter 2110: loss 1.4947, time 93.01ms, mfu 3.67%
iter 2120: loss 1.5081, time 93.13ms, mfu 3.70%
iter 2130: loss 1.4883, time 109.29ms, mfu 3.67%
iter 2140: loss 1.4884, time 107.68ms, mfu 3.65%
iter 2150: loss 1.5089, time 93.38ms, mfu 3.68%
iter 2160: loss 1.4687, time 93.41ms, mfu 3.72%
iter 2170: loss 1.4881, time 94.31ms, mfu 3.74%
iter 2180: loss 1.4470, time 108.34ms, mfu 3.71%
iter 2190: loss 1.4965, time 94.52ms, mfu 3.73%
iter 2200: loss 1.4479, time 93.40ms, mfu 3.76%
iter 2210: loss 1.4726, time 108.63ms, mfu 3.73%
iter 2220: loss 1.4557, time 123.96ms, mfu 3.65%
iter 2230: loss 1.4682, time 108.58ms, mfu 3.63%
iter 2240: loss 1.4591, time 108.48ms, mfu 3.61%
step 2250: train loss 1.3331, val loss 1.5733
iter 2250: loss 1.4700, time 12683.56ms, mfu 3.25%
iter 2260: loss 1.4456, time 108.64ms, mfu 3.27%
iter 2270: loss 1.4631, time 93.77ms, mfu 3.34%
iter 2280: loss 1.4284, time 93.40ms, mfu 3.41%
iter 2290: loss 1.4264, time 94.22ms, mfu 3.46%
iter 2300: loss 1.4053, time 109.20ms, mfu 3.46%
iter 2310: loss 1.4316, time 93.66ms, mfu 3.51%
iter 2320: loss 1.4054, time 93.84ms, mfu 3.55%
iter 2330: loss 1.4508, time 92.27ms, mfu 3.60%
iter 2340: loss 1.4492, time 93.55ms, mfu 3.64%
iter 2350: loss 1.3953, time 107.88ms, mfu 3.62%
iter 2360: loss 1.4414, time 93.25ms, mfu 3.66%
iter 2370: loss 1.4346, time 108.79ms, mfu 3.64%
iter 2380: loss 1.4719, time 94.38ms, mfu 3.67%
iter 2390: loss 1.4419, time 94.23ms, mfu 3.70%
iter 2400: loss 1.4327, time 93.52ms, mfu 3.72%
iter 2410: loss 1.4522, time 109.00ms, mfu 3.69%
iter 2420: loss 1.3929, time 93.61ms, mfu 3.72%
iter 2430: loss 1.3930, time 94.66ms, mfu 3.74%
iter 2440: loss 1.4194, time 94.96ms, mfu 3.76%
iter 2450: loss 1.4160, time 93.57ms, mfu 3.78%
iter 2460: loss 1.4233, time 109.51ms, mfu 3.75%
iter 2470: loss 1.4310, time 108.65ms, mfu 3.71%
iter 2480: loss 1.4249, time 93.68ms, mfu 3.74%
iter 2490: loss 1.4014, time 108.82ms, mfu 3.71%
step 2500: train loss 1.2981, val loss 1.5592
iter 2500: loss 1.3992, time 12988.03ms, mfu 3.34%
iter 2510: loss 1.4032, time 93.45ms, mfu 3.41%
iter 2520: loss 1.3960, time 93.06ms, mfu 3.47%
iter 2530: loss 1.3893, time 108.72ms, mfu 3.46%
iter 2540: loss 1.4098, time 93.81ms, mfu 3.51%
iter 2550: loss 1.4059, time 93.11ms, mfu 3.56%
iter 2560: loss 1.3838, time 108.60ms, mfu 3.55%
iter 2570: loss 1.4102, time 93.22ms, mfu 3.59%
iter 2580: loss 1.4206, time 108.11ms, mfu 3.58%
iter 2590: loss 1.4056, time 79.53ms, mfu 3.69%
iter 2600: loss 1.4228, time 93.30ms, mfu 3.72%
iter 2610: loss 1.3847, time 107.75ms, mfu 3.69%
iter 2620: loss 1.3952, time 93.73ms, mfu 3.72%
iter 2630: loss 1.3916, time 93.68ms, mfu 3.75%
iter 2640: loss 1.4025, time 93.65ms, mfu 3.77%
iter 2650: loss 1.3903, time 108.65ms, mfu 3.74%
iter 2660: loss 1.3582, time 108.77ms, mfu 3.71%
iter 2670: loss 1.4020, time 108.49ms, mfu 3.68%
iter 2680: loss 1.3756, time 109.11ms, mfu 3.65%
iter 2690: loss 1.3886, time 93.59ms, mfu 3.68%
iter 2700: loss 1.3919, time 108.15ms, mfu 3.66%
iter 2710: loss 1.4149, time 108.91ms, mfu 3.64%
iter 2720: loss 1.4058, time 108.73ms, mfu 3.62%
iter 2730: loss 1.3564, time 93.26ms, mfu 3.65%
iter 2740: loss 1.3848, time 79.00ms, mfu 3.76%
step 2750: train loss 1.2648, val loss 1.5449
iter 2750: loss 1.3549, time 12962.95ms, mfu 3.39%
iter 2760: loss 1.3401, time 108.70ms, mfu 3.39%
iter 2770: loss 1.3481, time 108.67ms, mfu 3.39%
iter 2780: loss 1.3716, time 93.28ms, mfu 3.45%
iter 2790: loss 1.3624, time 93.33ms, mfu 3.51%
iter 2800: loss 1.4026, time 93.68ms, mfu 3.56%
iter 2810: loss 1.3603, time 92.98ms, mfu 3.60%
iter 2820: loss 1.3716, time 92.65ms, mfu 3.64%
iter 2830: loss 1.3844, time 78.58ms, mfu 3.75%
iter 2840: loss 1.3608, time 108.02ms, mfu 3.72%
iter 2850: loss 1.3748, time 78.99ms, mfu 3.82%
iter 2860: loss 1.3704, time 93.72ms, mfu 3.84%
iter 2870: loss 1.3514, time 78.35ms, mfu 3.93%
iter 2880: loss 1.3678, time 93.11ms, mfu 3.94%
iter 2890: loss 1.3470, time 93.48ms, mfu 3.94%
iter 2900: loss 1.3545, time 93.86ms, mfu 3.94%
iter 2910: loss 1.3436, time 94.45ms, mfu 3.94%
iter 2920: loss 1.3537, time 93.16ms, mfu 3.95%
iter 2930: loss 1.3715, time 108.68ms, mfu 3.90%
iter 2940: loss 1.3635, time 108.62ms, mfu 3.85%
iter 2950: loss 1.3560, time 92.47ms, mfu 3.87%
iter 2960: loss 1.3429, time 94.13ms, mfu 3.88%
iter 2970: loss 1.3277, time 93.27ms, mfu 3.89%
iter 2980: loss 1.3504, time 108.99ms, mfu 3.84%
iter 2990: loss 1.3569, time 107.46ms, mfu 3.81%
step 3000: train loss 1.2358, val loss 1.5243
iter 3000: loss 1.3179, time 12787.92ms, mfu 3.43%
iter 3010: loss 1.3636, time 108.13ms, mfu 3.43%
iter 3020: loss 1.3461, time 108.46ms, mfu 3.43%
iter 3030: loss 1.3747, time 109.51ms, mfu 3.43%
iter 3040: loss 1.3468, time 94.23ms, mfu 3.48%
iter 3050: loss 1.2984, time 108.77ms, mfu 3.47%
iter 3060: loss 1.3731, time 94.09ms, mfu 3.52%
iter 3070: loss 1.3489, time 93.61ms, mfu 3.57%
iter 3080: loss 1.3251, time 92.40ms, mfu 3.62%
iter 3090: loss 1.3389, time 109.32ms, mfu 3.59%
iter 3100: loss 1.3157, time 92.97ms, mfu 3.64%
iter 3110: loss 1.3039, time 93.00ms, mfu 3.67%
iter 3120: loss 1.3222, time 108.01ms, mfu 3.65%
iter 3130: loss 1.3476, time 92.55ms, mfu 3.69%
iter 3140: loss 1.3859, time 94.31ms, mfu 3.71%
iter 3150: loss 1.3268, time 108.32ms, mfu 3.69%
iter 3160: loss 1.3169, time 93.64ms, mfu 3.72%
iter 3170: loss 1.2860, time 108.22ms, mfu 3.69%
iter 3180: loss 1.2701, time 93.65ms, mfu 3.72%
iter 3190: loss 1.2983, time 108.12ms, mfu 3.69%
iter 3200: loss 1.2789, time 124.32ms, mfu 3.62%
iter 3210: loss 1.2997, time 109.65ms, mfu 3.60%
iter 3220: loss 1.3147, time 93.33ms, mfu 3.64%
iter 3230: loss 1.3176, time 108.83ms, mfu 3.62%
iter 3240: loss 1.3324, time 92.68ms, mfu 3.66%
step 3250: train loss 1.2107, val loss 1.5105
iter 3250: loss 1.3131, time 12904.54ms, mfu 3.29%
iter 3260: loss 1.3003, time 93.82ms, mfu 3.36%
iter 3270: loss 1.3136, time 92.80ms, mfu 3.43%
iter 3280: loss 1.3027, time 107.84ms, mfu 3.43%
iter 3290: loss 1.3030, time 108.51ms, mfu 3.43%
iter 3300: loss 1.3215, time 108.85ms, mfu 3.43%
iter 3310: loss 1.3371, time 108.81ms, mfu 3.43%
iter 3320: loss 1.2894, time 93.96ms, mfu 3.48%
iter 3330: loss 1.2887, time 109.06ms, mfu 3.48%
iter 3340: loss 1.3197, time 93.91ms, mfu 3.53%
iter 3350: loss 1.3086, time 94.39ms, mfu 3.57%
iter 3360: loss 1.3319, time 78.38ms, mfu 3.69%
iter 3370: loss 1.2704, time 79.07ms, mfu 3.79%
iter 3380: loss 1.3107, time 93.77ms, mfu 3.81%
iter 3390: loss 1.3134, time 94.30ms, mfu 3.82%
iter 3400: loss 1.3046, time 93.74ms, mfu 3.84%
iter 3410: loss 1.2785, time 109.15ms, mfu 3.79%
iter 3420: loss 1.2913, time 93.00ms, mfu 3.82%
iter 3430: loss 1.3172, time 93.40ms, mfu 3.83%
iter 3440: loss 1.2900, time 94.55ms, mfu 3.84%
iter 3450: loss 1.3101, time 93.44ms, mfu 3.86%
iter 3460: loss 1.3229, time 95.42ms, mfu 3.86%
iter 3470: loss 1.2862, time 93.03ms, mfu 3.88%
iter 3480: loss 1.2564, time 108.11ms, mfu 3.83%
iter 3490: loss 1.2745, time 108.72ms, mfu 3.79%
step 3500: train loss 1.1854, val loss 1.4965
iter 3500: loss 1.2904, time 12792.87ms, mfu 3.42%
iter 3510: loss 1.2989, time 93.90ms, mfu 3.47%
iter 3520: loss 1.2887, time 94.71ms, mfu 3.52%
iter 3530: loss 1.3192, time 109.52ms, mfu 3.51%
iter 3540: loss 1.3037, time 108.25ms, mfu 3.50%
iter 3550: loss 1.2789, time 93.88ms, mfu 3.55%
iter 3560: loss 1.2911, time 109.04ms, mfu 3.53%
iter 3570: loss 1.3053, time 93.85ms, mfu 3.58%
iter 3580: loss 1.3222, time 108.40ms, mfu 3.56%
iter 3590: loss 1.2837, time 109.05ms, mfu 3.55%
iter 3600: loss 1.2904, time 93.69ms, mfu 3.59%
iter 3610: loss 1.2805, time 94.40ms, mfu 3.63%
iter 3620: loss 1.2942, time 93.21ms, mfu 3.66%
iter 3630: loss 1.2824, time 94.13ms, mfu 3.69%
iter 3640: loss 1.2941, time 92.99ms, mfu 3.73%
iter 3650: loss 1.2577, time 108.15ms, mfu 3.70%
iter 3660: loss 1.2930, time 93.48ms, mfu 3.73%
iter 3670: loss 1.2790, time 108.43ms, mfu 3.70%
iter 3680: loss 1.2453, time 93.92ms, mfu 3.72%
iter 3690: loss 1.2900, time 78.69ms, mfu 3.83%
iter 3700: loss 1.2774, time 108.53ms, mfu 3.79%
iter 3710: loss 1.2755, time 94.54ms, mfu 3.80%
iter 3720: loss 1.2892, time 92.91ms, mfu 3.82%
iter 3730: loss 1.2828, time 109.06ms, mfu 3.78%
iter 3740: loss 1.2782, time 108.74ms, mfu 3.75%
step 3750: train loss 1.1660, val loss 1.4980
iter 3750: loss 1.2852, time 12711.38ms, mfu 3.37%
iter 3760: loss 1.2811, time 93.56ms, mfu 3.44%
iter 3770: loss 1.2734, time 109.48ms, mfu 3.43%
iter 3780: loss 1.2928, time 108.51ms, mfu 3.43%
iter 3790: loss 1.2431, time 93.95ms, mfu 3.49%
iter 3800: loss 1.2729, time 93.22ms, mfu 3.54%
iter 3810: loss 1.2772, time 109.24ms, mfu 3.52%
iter 3820: loss 1.2855, time 93.76ms, mfu 3.57%
iter 3830: loss 1.2663, time 94.14ms, mfu 3.61%
iter 3840: loss 1.2737, time 94.62ms, mfu 3.64%
iter 3850: loss 1.2608, time 94.55ms, mfu 3.67%
iter 3860: loss 1.2546, time 92.86ms, mfu 3.71%
iter 3870: loss 1.2712, time 107.39ms, mfu 3.68%
iter 3880: loss 1.2644, time 93.40ms, mfu 3.71%
iter 3890: loss 1.2468, time 108.77ms, mfu 3.68%
iter 3900: loss 1.2360, time 94.66ms, mfu 3.71%
iter 3910: loss 1.2670, time 93.72ms, mfu 3.74%
iter 3920: loss 1.2667, time 93.38ms, mfu 3.76%
iter 3930: loss 1.2838, time 93.55ms, mfu 3.78%
iter 3940: loss 1.2532, time 93.44ms, mfu 3.80%
iter 3950: loss 1.2765, time 93.08ms, mfu 3.82%
iter 3960: loss 1.2815, time 92.92ms, mfu 3.84%
iter 3970: loss 1.2735, time 93.85ms, mfu 3.86%
iter 3980: loss 1.2397, time 93.53ms, mfu 3.87%
iter 3990: loss 1.2325, time 108.49ms, mfu 3.82%
step 4000: train loss 1.1448, val loss 1.5025
iter 4000: loss 1.2096, time 12787.68ms, mfu 3.45%
iter 4010: loss 1.2699, time 108.60ms, mfu 3.44%
iter 4020: loss 1.2855, time 93.32ms, mfu 3.50%
iter 4030: loss 1.2673, time 93.72ms, mfu 3.55%
iter 4040: loss 1.2314, time 93.66ms, mfu 3.59%
iter 4050: loss 1.2508, time 93.50ms, mfu 3.63%
iter 4060: loss 1.2343, time 93.68ms, mfu 3.66%
iter 4070: loss 1.2250, time 109.01ms, mfu 3.64%
iter 4080: loss 1.2411, time 108.80ms, mfu 3.62%
iter 4090: loss 1.2653, time 93.99ms, mfu 3.65%
iter 4100: loss 1.2566, time 108.63ms, mfu 3.63%
iter 4110: loss 1.2581, time 93.88ms, mfu 3.66%
iter 4120: loss 1.2742, time 93.70ms, mfu 3.70%
iter 4130: loss 1.2534, time 93.92ms, mfu 3.72%
iter 4140: loss 1.2462, time 94.14ms, mfu 3.75%
iter 4150: loss 1.2531, time 78.92ms, mfu 3.84%
iter 4160: loss 1.2528, time 93.53ms, mfu 3.86%
iter 4170: loss 1.2336, time 93.00ms, mfu 3.87%
iter 4180: loss 1.2248, time 94.28ms, mfu 3.88%
iter 4190: loss 1.2292, time 93.31ms, mfu 3.89%
iter 4200: loss 1.2416, time 93.70ms, mfu 3.90%
iter 4210: loss 1.2385, time 93.02ms, mfu 3.91%
iter 4220: loss 1.2460, time 109.01ms, mfu 3.86%
iter 4230: loss 1.2050, time 108.67ms, mfu 3.82%
iter 4240: loss 1.2499, time 94.82ms, mfu 3.83%
step 4250: train loss 1.1300, val loss 1.5066
iter 4250: loss 1.2157, time 12625.14ms, mfu 3.45%
iter 4260: loss 1.2798, time 108.43ms, mfu 3.45%
iter 4270: loss 1.2648, time 93.36ms, mfu 3.50%
iter 4280: loss 1.2170, time 108.30ms, mfu 3.50%
iter 4290: loss 1.2523, time 109.00ms, mfu 3.49%
iter 4300: loss 1.2330, time 109.75ms, mfu 3.48%
iter 4310: loss 1.2250, time 108.81ms, mfu 3.47%
iter 4320: loss 1.2426, time 107.79ms, mfu 3.47%
iter 4330: loss 1.2182, time 93.05ms, mfu 3.53%
iter 4340: loss 1.2375, time 93.77ms, mfu 3.57%
iter 4350: loss 1.2297, time 94.06ms, mfu 3.61%
iter 4360: loss 1.2728, time 93.60ms, mfu 3.65%
iter 4370: loss 1.2575, time 108.51ms, mfu 3.63%
iter 4380: loss 1.2241, time 94.41ms, mfu 3.66%
iter 4390: loss 1.2420, time 108.19ms, mfu 3.64%
iter 4400: loss 1.1894, time 108.86ms, mfu 3.61%
iter 4410: loss 1.2478, time 108.51ms, mfu 3.60%
iter 4420: loss 1.2340, time 109.06ms, mfu 3.58%
iter 4430: loss 1.2320, time 108.11ms, mfu 3.57%
iter 4440: loss 1.2337, time 109.53ms, mfu 3.55%
iter 4450: loss 1.2223, time 76.68ms, mfu 3.68%
iter 4460: loss 1.1972, time 61.95ms, mfu 3.91%
iter 4470: loss 1.2106, time 63.65ms, mfu 4.11%
iter 4480: loss 1.2095, time 62.01ms, mfu 4.30%
iter 4490: loss 1.2072, time 91.74ms, mfu 4.27%
step 4500: train loss 1.1188, val loss 1.4923
iter 4500: loss 1.2259, time 11914.01ms, mfu 3.85%
iter 4510: loss 1.2397, time 108.37ms, mfu 3.81%
iter 4520: loss 1.2531, time 94.11ms, mfu 3.82%
iter 4530: loss 1.1903, time 109.66ms, mfu 3.78%
iter 4540: loss 1.2244, time 93.39ms, mfu 3.80%
iter 4550: loss 1.2230, time 110.07ms, mfu 3.76%
iter 4560: loss 1.2466, time 109.22ms, mfu 3.73%
iter 4570: loss 1.2465, time 94.57ms, mfu 3.75%
iter 4580: loss 1.2060, time 108.51ms, mfu 3.72%
iter 4590: loss 1.2542, time 109.30ms, mfu 3.69%
iter 4600: loss 1.2351, time 93.99ms, mfu 3.71%
iter 4610: loss 1.2381, time 109.20ms, mfu 3.68%
iter 4620: loss 1.2295, time 108.90ms, mfu 3.66%
iter 4630: loss 1.2023, time 94.18ms, mfu 3.69%
iter 4640: loss 1.2330, time 94.33ms, mfu 3.71%
iter 4650: loss 1.2393, time 109.33ms, mfu 3.68%
iter 4660: loss 1.2322, time 93.92ms, mfu 3.71%
iter 4670: loss 1.2416, time 94.42ms, mfu 3.73%
iter 4680: loss 1.2139, time 108.58ms, mfu 3.70%
iter 4690: loss 1.2145, time 93.80ms, mfu 3.73%
iter 4700: loss 1.2227, time 109.14ms, mfu 3.70%
iter 4710: loss 1.2388, time 93.69ms, mfu 3.73%
iter 4720: loss 1.2015, time 94.64ms, mfu 3.75%
iter 4730: loss 1.2236, time 93.32ms, mfu 3.77%
iter 4740: loss 1.2459, time 92.93ms, mfu 3.80%
step 4750: train loss 1.1077, val loss 1.4970
iter 4750: loss 1.2322, time 11348.22ms, mfu 3.42%
iter 4760: loss 1.1900, time 76.39ms, mfu 3.57%
iter 4770: loss 1.2305, time 61.53ms, mfu 3.81%
iter 4780: loss 1.2310, time 77.70ms, mfu 3.91%
iter 4790: loss 1.2310, time 94.37ms, mfu 3.92%
iter 4800: loss 1.2185, time 94.27ms, mfu 3.92%
iter 4810: loss 1.2228, time 93.25ms, mfu 3.93%
iter 4820: loss 1.1951, time 94.55ms, mfu 3.93%
iter 4830: loss 1.2045, time 109.41ms, mfu 3.88%
iter 4840: loss 1.2171, time 93.73ms, mfu 3.89%
iter 4850: loss 1.1998, time 108.64ms, mfu 3.84%
iter 4860: loss 1.2157, time 93.08ms, mfu 3.86%
iter 4870: loss 1.2216, time 93.53ms, mfu 3.87%
iter 4880: loss 1.2197, time 93.09ms, mfu 3.88%
iter 4890: loss 1.1925, time 76.86ms, mfu 3.98%
iter 4900: loss 1.2306, time 109.21ms, mfu 3.92%
iter 4910: loss 1.2262, time 108.67ms, mfu 3.87%
iter 4920: loss 1.1923, time 93.62ms, mfu 3.88%
iter 4930: loss 1.2092, time 94.27ms, mfu 3.89%
iter 4940: loss 1.2205, time 108.45ms, mfu 3.85%
iter 4950: loss 1.1882, time 109.18ms, mfu 3.80%
iter 4960: loss 1.1981, time 93.38ms, mfu 3.82%
iter 4970: loss 1.2054, time 93.21ms, mfu 3.84%
iter 4980: loss 1.1958, time 93.37ms, mfu 3.85%
iter 4990: loss 1.1929, time 93.63ms, mfu 3.87%
step 5000: train loss 1.0987, val loss 1.5016
iter 5000: loss 1.1988, time 12530.41ms, mfu 3.48%
