Overriding config with config/train_shakespeare_char.py:
# train a miniature character-level shakespeare model
# good for debugging and playing on macbooks and such

out_dir = 'out-shakespeare-char'
eval_interval = 250 # keep frequent because we'll overfit
eval_iters = 200
log_interval = 10 # don't print too too often

# we expect to overfit on this small dataset, so only save when val improves
always_save_checkpoint = False

wandb_log = False # override via command line if you like
wandb_project = 'shakespeare-char'
wandb_run_name = 'mini-gpt'

dataset = 'shakespeare_char'
gradient_accumulation_steps = 1
batch_size = 64
block_size = 256 # context of up to 256 previous characters

# baby GPT model :)
n_layer = 6
n_head = 6
n_embd = 384
dropout = 0.2

learning_rate = 1e-3 # with baby networks can afford to go a bit higher
max_iters = 5000
lr_decay_iters = 5000 # make equal to max_iters usually
min_lr = 1e-4 # learning_rate / 10 usually
beta2 = 0.99 # make a bit bigger because number of tokens per iter is small

warmup_iters = 100 # not super necessary potentially

# on macbook also add
# device = 'cpu'  # run on cpu only
# compile = False # do not torch compile the model

Overriding: compile = False
Overriding: out_dir = runs\gqa_lr1e-3
Overriding: learning_rate = 0.001
Overriding: min_lr = 0.0001
Overriding: seed = 1337
Overriding: save_checkpoint = False
Overriding: n_kv_head = 3
tokens per iteration will be: 16,384
found vocab_size = 65 (inside data\shakespeare_char\meta.pkl)
Initializing a new model from scratch
number of parameters: 9.76M
C:\Users\86271\hw1work\nanoGPT\train.py:204: FutureWarning: `torch.cuda.amp.GradScaler(args...)` is deprecated. Please use `torch.amp.GradScaler('cuda', args...)` instead.
  scaler = torch.cuda.amp.GradScaler(enabled=(dtype == 'float16'))
num decayed parameter tensors: 26, with 9,855,360 parameters
num non-decayed parameter tensors: 13, with 4,992 parameters
using fused AdamW: True
step 0: train loss 4.2952, val loss 4.2869
iter 0: loss 4.2839, time 8189.63ms, mfu -100.00%
iter 10: loss 3.1150, time 62.65ms, mfu 5.50%
iter 20: loss 2.7501, time 61.77ms, mfu 5.51%
iter 30: loss 2.6106, time 61.57ms, mfu 5.52%
iter 40: loss 2.5765, time 62.12ms, mfu 5.52%
iter 50: loss 2.5316, time 62.11ms, mfu 5.53%
iter 60: loss 2.4998, time 47.52ms, mfu 5.70%
iter 70: loss 2.4948, time 48.02ms, mfu 5.85%
iter 80: loss 2.4874, time 48.78ms, mfu 5.97%
iter 90: loss 2.4518, time 63.35ms, mfu 5.92%
iter 100: loss 2.4526, time 62.25ms, mfu 5.88%
iter 110: loss 2.4425, time 77.60ms, mfu 5.73%
iter 120: loss 2.4362, time 62.60ms, mfu 5.71%
iter 130: loss 2.4197, time 61.31ms, mfu 5.70%
iter 140: loss 2.3966, time 62.02ms, mfu 5.69%
iter 150: loss 2.4033, time 77.12ms, mfu 5.57%
iter 160: loss 2.3558, time 62.48ms, mfu 5.56%
iter 170: loss 2.3679, time 62.17ms, mfu 5.56%
iter 180: loss 2.3090, time 61.23ms, mfu 5.57%
iter 190: loss 2.2937, time 63.19ms, mfu 5.56%
iter 200: loss 2.2376, time 62.86ms, mfu 5.55%
iter 210: loss 2.1963, time 63.66ms, mfu 5.54%
iter 220: loss 2.1613, time 62.49ms, mfu 5.53%
iter 230: loss 2.1398, time 62.27ms, mfu 5.53%
iter 240: loss 2.0782, time 62.25ms, mfu 5.53%
step 250: train loss 1.9882, val loss 2.0872
iter 250: loss 2.0465, time 7816.90ms, mfu 4.99%
iter 260: loss 1.9950, time 62.16ms, mfu 5.04%
iter 270: loss 1.9925, time 62.61ms, mfu 5.09%
iter 280: loss 1.9373, time 48.79ms, mfu 5.29%
iter 290: loss 1.9329, time 61.43ms, mfu 5.32%
iter 300: loss 1.9183, time 63.21ms, mfu 5.33%
iter 310: loss 1.9172, time 62.35ms, mfu 5.35%
iter 320: loss 1.8871, time 62.28ms, mfu 5.37%
iter 330: loss 1.8573, time 63.24ms, mfu 5.38%
iter 340: loss 1.8298, time 47.73ms, mfu 5.56%
iter 350: loss 1.7932, time 47.71ms, mfu 5.73%
iter 360: loss 1.8167, time 62.34ms, mfu 5.71%
iter 370: loss 1.7691, time 62.41ms, mfu 5.69%
iter 380: loss 1.7555, time 61.68ms, mfu 5.68%
iter 390: loss 1.7472, time 61.79ms, mfu 5.67%
iter 400: loss 1.6809, time 78.25ms, mfu 5.54%
iter 410: loss 1.7472, time 62.33ms, mfu 5.54%
iter 420: loss 1.7003, time 63.41ms, mfu 5.53%
iter 430: loss 1.6974, time 62.01ms, mfu 5.53%
iter 440: loss 1.6594, time 62.26ms, mfu 5.54%
iter 450: loss 1.6705, time 62.52ms, mfu 5.53%
iter 460: loss 1.6732, time 61.63ms, mfu 5.54%
iter 470: loss 1.6513, time 62.66ms, mfu 5.54%
iter 480: loss 1.6503, time 62.57ms, mfu 5.53%
iter 490: loss 1.6019, time 62.55ms, mfu 5.53%
step 500: train loss 1.5338, val loss 1.7344
iter 500: loss 1.6124, time 7796.46ms, mfu 4.98%
iter 510: loss 1.5961, time 48.10ms, mfu 5.20%
iter 520: loss 1.6105, time 61.99ms, mfu 5.24%
iter 530: loss 1.5777, time 48.60ms, mfu 5.42%
iter 540: loss 1.5771, time 63.07ms, mfu 5.43%
iter 550: loss 1.6024, time 61.85ms, mfu 5.44%
iter 560: loss 1.5474, time 62.14ms, mfu 5.45%
iter 570: loss 1.5519, time 61.10ms, mfu 5.47%
iter 580: loss 1.5277, time 48.19ms, mfu 5.64%
iter 590: loss 1.5411, time 60.53ms, mfu 5.65%
iter 600: loss 1.5501, time 61.54ms, mfu 5.64%
iter 610: loss 1.5342, time 48.34ms, mfu 5.79%
iter 620: loss 1.5683, time 62.03ms, mfu 5.77%
iter 630: loss 1.5083, time 75.84ms, mfu 5.64%
iter 640: loss 1.5111, time 62.31ms, mfu 5.63%
iter 650: loss 1.4929, time 63.30ms, mfu 5.61%
iter 660: loss 1.5176, time 62.65ms, mfu 5.60%
iter 670: loss 1.4745, time 63.26ms, mfu 5.59%
iter 680: loss 1.4354, time 62.90ms, mfu 5.58%
iter 690: loss 1.4603, time 61.70ms, mfu 5.58%
iter 700: loss 1.4490, time 62.42ms, mfu 5.57%
iter 710: loss 1.4510, time 63.08ms, mfu 5.56%
iter 720: loss 1.4480, time 61.81ms, mfu 5.56%
iter 730: loss 1.4395, time 62.62ms, mfu 5.56%
iter 740: loss 1.4361, time 75.99ms, mfu 5.46%
step 750: train loss 1.3634, val loss 1.5863
iter 750: loss 1.4560, time 7713.45ms, mfu 4.91%
iter 760: loss 1.4331, time 63.06ms, mfu 4.97%
iter 770: loss 1.4121, time 61.36ms, mfu 5.03%
iter 780: loss 1.4067, time 49.14ms, mfu 5.23%
iter 790: loss 1.3736, time 63.24ms, mfu 5.25%
iter 800: loss 1.3788, time 48.86ms, mfu 5.43%
iter 810: loss 1.3919, time 62.94ms, mfu 5.44%
iter 820: loss 1.4079, time 62.73ms, mfu 5.44%
iter 830: loss 1.4153, time 49.31ms, mfu 5.60%
iter 840: loss 1.4021, time 62.77ms, mfu 5.59%
iter 850: loss 1.3774, time 62.62ms, mfu 5.58%
iter 860: loss 1.3892, time 61.67ms, mfu 5.58%
iter 870: loss 1.3982, time 61.83ms, mfu 5.58%
iter 880: loss 1.3555, time 62.78ms, mfu 5.57%
iter 890: loss 1.4230, time 76.00ms, mfu 5.47%
iter 900: loss 1.3796, time 48.41ms, mfu 5.63%
iter 910: loss 1.3628, time 61.74ms, mfu 5.63%
iter 920: loss 1.3988, time 76.06ms, mfu 5.52%
iter 930: loss 1.3691, time 63.71ms, mfu 5.51%
iter 940: loss 1.3291, time 77.86ms, mfu 5.40%
iter 950: loss 1.3410, time 61.74ms, mfu 5.42%
iter 960: loss 1.3420, time 61.39ms, mfu 5.44%
iter 970: loss 1.3593, time 76.34ms, mfu 5.35%
iter 980: loss 1.3486, time 75.81ms, mfu 5.27%
iter 990: loss 1.3841, time 62.09ms, mfu 5.29%
step 1000: train loss 1.2738, val loss 1.5234
iter 1000: loss 1.3355, time 7738.23ms, mfu 4.77%
iter 1010: loss 1.3419, time 62.99ms, mfu 4.84%
iter 1020: loss 1.3049, time 62.38ms, mfu 4.91%
iter 1030: loss 1.3426, time 62.64ms, mfu 4.97%
iter 1040: loss 1.3263, time 62.82ms, mfu 5.02%
iter 1050: loss 1.3393, time 48.22ms, mfu 5.23%
iter 1060: loss 1.3061, time 62.69ms, mfu 5.26%
iter 1070: loss 1.3232, time 61.74ms, mfu 5.29%
iter 1080: loss 1.3197, time 61.04ms, mfu 5.33%
iter 1090: loss 1.3057, time 60.73ms, mfu 5.36%
iter 1100: loss 1.2968, time 62.19ms, mfu 5.38%
iter 1110: loss 1.3068, time 61.96ms, mfu 5.40%
iter 1120: loss 1.3498, time 62.92ms, mfu 5.41%
iter 1130: loss 1.3289, time 47.15ms, mfu 5.60%
iter 1140: loss 1.3138, time 62.81ms, mfu 5.59%
iter 1150: loss 1.3073, time 63.78ms, mfu 5.57%
iter 1160: loss 1.3060, time 62.81ms, mfu 5.56%
iter 1170: loss 1.2889, time 61.95ms, mfu 5.56%
iter 1180: loss 1.3019, time 77.95ms, mfu 5.45%
iter 1190: loss 1.3000, time 77.07ms, mfu 5.35%
iter 1200: loss 1.2896, time 63.01ms, mfu 5.36%
iter 1210: loss 1.2902, time 62.56ms, mfu 5.38%
iter 1220: loss 1.2805, time 61.81ms, mfu 5.40%
iter 1230: loss 1.2612, time 76.32ms, mfu 5.31%
iter 1240: loss 1.2809, time 48.55ms, mfu 5.49%
step 1250: train loss 1.2073, val loss 1.5001
iter 1250: loss 1.2410, time 7794.79ms, mfu 4.94%
iter 1260: loss 1.2915, time 62.28ms, mfu 5.00%
iter 1270: loss 1.2621, time 48.19ms, mfu 5.22%
iter 1280: loss 1.2764, time 61.39ms, mfu 5.26%
iter 1290: loss 1.2951, time 63.23ms, mfu 5.28%
iter 1300: loss 1.2850, time 48.08ms, mfu 5.47%
iter 1310: loss 1.2681, time 61.82ms, mfu 5.48%
iter 1320: loss 1.2349, time 48.04ms, mfu 5.65%
iter 1330: loss 1.2398, time 62.91ms, mfu 5.63%
iter 1340: loss 1.2645, time 62.47ms, mfu 5.62%
iter 1350: loss 1.2543, time 48.43ms, mfu 5.77%
iter 1360: loss 1.2431, time 62.63ms, mfu 5.74%
iter 1370: loss 1.2675, time 62.39ms, mfu 5.72%
iter 1380: loss 1.2425, time 76.45ms, mfu 5.60%
iter 1390: loss 1.2613, time 61.85ms, mfu 5.60%
iter 1400: loss 1.2504, time 61.94ms, mfu 5.59%
iter 1410: loss 1.2296, time 76.73ms, mfu 5.48%
iter 1420: loss 1.2288, time 63.45ms, mfu 5.48%
iter 1430: loss 1.2843, time 61.92ms, mfu 5.49%
iter 1440: loss 1.2324, time 62.05ms, mfu 5.49%
iter 1450: loss 1.2626, time 63.51ms, mfu 5.49%
iter 1460: loss 1.2233, time 47.42ms, mfu 5.67%
iter 1470: loss 1.2390, time 62.30ms, mfu 5.65%
iter 1480: loss 1.2136, time 62.96ms, mfu 5.64%
iter 1490: loss 1.2555, time 77.97ms, mfu 5.51%
step 1500: train loss 1.1522, val loss 1.4770
iter 1500: loss 1.2362, time 8061.44ms, mfu 4.97%
iter 1510: loss 1.2386, time 62.50ms, mfu 5.02%
iter 1520: loss 1.2293, time 77.71ms, mfu 4.96%
iter 1530: loss 1.1781, time 76.59ms, mfu 4.92%
iter 1540: loss 1.2227, time 61.97ms, mfu 4.98%
iter 1550: loss 1.2033, time 46.88ms, mfu 5.22%
iter 1560: loss 1.2360, time 62.99ms, mfu 5.24%
iter 1570: loss 1.2037, time 62.64ms, mfu 5.27%
iter 1580: loss 1.2031, time 48.31ms, mfu 5.46%
iter 1590: loss 1.2281, time 48.82ms, mfu 5.62%
iter 1600: loss 1.2205, time 46.83ms, mfu 5.79%
iter 1610: loss 1.2083, time 62.77ms, mfu 5.76%
iter 1620: loss 1.2044, time 61.82ms, mfu 5.74%
iter 1630: loss 1.1858, time 61.82ms, mfu 5.73%
iter 1640: loss 1.1947, time 62.81ms, mfu 5.70%
iter 1650: loss 1.2281, time 62.20ms, mfu 5.69%
iter 1660: loss 1.2011, time 63.12ms, mfu 5.66%
iter 1670: loss 1.2231, time 63.11ms, mfu 5.64%
iter 1680: loss 1.2021, time 63.64ms, mfu 5.62%
iter 1690: loss 1.1896, time 62.69ms, mfu 5.61%
iter 1700: loss 1.1777, time 76.06ms, mfu 5.50%
iter 1710: loss 1.1989, time 62.91ms, mfu 5.50%
iter 1720: loss 1.2052, time 64.20ms, mfu 5.49%
iter 1730: loss 1.1750, time 77.52ms, mfu 5.38%
iter 1740: loss 1.2303, time 76.61ms, mfu 5.29%
step 1750: train loss 1.1052, val loss 1.4687
iter 1750: loss 1.2044, time 7832.12ms, mfu 4.77%
iter 1760: loss 1.1997, time 75.73ms, mfu 4.75%
iter 1770: loss 1.1785, time 62.18ms, mfu 4.83%
iter 1780: loss 1.1819, time 62.02ms, mfu 4.90%
iter 1790: loss 1.1809, time 61.88ms, mfu 4.97%
iter 1800: loss 1.1785, time 48.53ms, mfu 5.18%
iter 1810: loss 1.1702, time 48.45ms, mfu 5.37%
iter 1820: loss 1.1746, time 47.11ms, mfu 5.57%
iter 1830: loss 1.1517, time 62.68ms, mfu 5.56%
iter 1840: loss 1.1785, time 48.20ms, mfu 5.72%
iter 1850: loss 1.1587, time 62.58ms, mfu 5.70%
iter 1860: loss 1.1717, time 61.36ms, mfu 5.69%
iter 1870: loss 1.1737, time 63.21ms, mfu 5.67%
iter 1880: loss 1.1424, time 47.41ms, mfu 5.83%
iter 1890: loss 1.1854, time 63.31ms, mfu 5.79%
iter 1900: loss 1.1597, time 62.10ms, mfu 5.77%
iter 1910: loss 1.1617, time 62.32ms, mfu 5.74%
iter 1920: loss 1.1620, time 75.75ms, mfu 5.62%
iter 1930: loss 1.1807, time 76.91ms, mfu 5.51%
iter 1940: loss 1.1401, time 62.41ms, mfu 5.51%
iter 1950: loss 1.1496, time 48.23ms, mfu 5.67%
iter 1960: loss 1.1268, time 62.35ms, mfu 5.66%
iter 1970: loss 1.1798, time 61.81ms, mfu 5.65%
iter 1980: loss 1.1193, time 62.50ms, mfu 5.64%
iter 1990: loss 1.1102, time 61.94ms, mfu 5.63%
step 2000: train loss 1.0586, val loss 1.4636
iter 2000: loss 1.1331, time 7793.79ms, mfu 5.07%
iter 2010: loss 1.1283, time 62.42ms, mfu 5.12%
iter 2020: loss 1.1467, time 62.42ms, mfu 5.16%
iter 2030: loss 1.1250, time 62.60ms, mfu 5.19%
iter 2040: loss 1.1375, time 62.92ms, mfu 5.22%
iter 2050: loss 1.1441, time 49.45ms, mfu 5.40%
iter 2060: loss 1.1047, time 61.94ms, mfu 5.41%
iter 2070: loss 1.1180, time 62.09ms, mfu 5.43%
iter 2080: loss 1.1151, time 61.46ms, mfu 5.45%
iter 2090: loss 1.1143, time 61.83ms, mfu 5.46%
iter 2100: loss 1.0807, time 61.65ms, mfu 5.47%
iter 2110: loss 1.1262, time 47.57ms, mfu 5.65%
iter 2120: loss 1.1043, time 61.36ms, mfu 5.65%
iter 2130: loss 1.1328, time 62.06ms, mfu 5.64%
iter 2140: loss 1.1485, time 62.28ms, mfu 5.63%
iter 2150: loss 1.1579, time 61.80ms, mfu 5.62%
iter 2160: loss 1.1230, time 62.24ms, mfu 5.61%
iter 2170: loss 1.1111, time 63.16ms, mfu 5.60%
iter 2180: loss 1.1172, time 62.00ms, mfu 5.59%
iter 2190: loss 1.1283, time 62.22ms, mfu 5.59%
iter 2200: loss 1.1296, time 63.18ms, mfu 5.58%
iter 2210: loss 1.1265, time 61.97ms, mfu 5.57%
iter 2220: loss 1.0822, time 62.62ms, mfu 5.57%
iter 2230: loss 1.1010, time 76.75ms, mfu 5.46%
iter 2240: loss 1.1265, time 63.56ms, mfu 5.46%
step 2250: train loss 1.0072, val loss 1.4755
iter 2250: loss 1.0986, time 8027.96ms, mfu 4.92%
iter 2260: loss 1.1184, time 62.84ms, mfu 4.97%
iter 2270: loss 1.1094, time 62.73ms, mfu 5.02%
iter 2280: loss 1.0976, time 61.36ms, mfu 5.08%
iter 2290: loss 1.0945, time 62.55ms, mfu 5.13%
iter 2300: loss 1.0752, time 61.77ms, mfu 5.17%
iter 2310: loss 1.0963, time 48.52ms, mfu 5.37%
iter 2320: loss 1.0957, time 61.83ms, mfu 5.39%
iter 2330: loss 1.1026, time 62.26ms, mfu 5.40%
iter 2340: loss 1.0981, time 61.90ms, mfu 5.42%
iter 2350: loss 1.1072, time 48.65ms, mfu 5.59%
iter 2360: loss 1.1180, time 61.88ms, mfu 5.58%
iter 2370: loss 1.1157, time 62.64ms, mfu 5.58%
iter 2380: loss 1.0849, time 63.00ms, mfu 5.57%
iter 2390: loss 1.1066, time 49.43ms, mfu 5.71%
iter 2400: loss 1.0594, time 61.54ms, mfu 5.70%
iter 2410: loss 1.0955, time 61.75ms, mfu 5.68%
iter 2420: loss 1.0820, time 62.44ms, mfu 5.67%
iter 2430: loss 1.0777, time 62.91ms, mfu 5.65%
iter 2440: loss 1.0582, time 63.19ms, mfu 5.63%
iter 2450: loss 1.0828, time 61.13ms, mfu 5.63%
iter 2460: loss 1.0565, time 63.67ms, mfu 5.61%
iter 2470: loss 1.0371, time 61.73ms, mfu 5.61%
iter 2480: loss 1.0822, time 61.95ms, mfu 5.60%
iter 2490: loss 1.0937, time 63.87ms, mfu 5.58%
step 2500: train loss 0.9595, val loss 1.4957
iter 2500: loss 1.0567, time 7713.95ms, mfu 5.03%
iter 2510: loss 1.0536, time 48.88ms, mfu 5.23%
iter 2520: loss 1.0740, time 76.67ms, mfu 5.16%
iter 2530: loss 1.0639, time 62.21ms, mfu 5.20%
iter 2540: loss 1.0386, time 48.52ms, mfu 5.39%
iter 2550: loss 1.0875, time 61.87ms, mfu 5.41%
iter 2560: loss 1.0721, time 64.24ms, mfu 5.40%
iter 2570: loss 1.0562, time 48.62ms, mfu 5.57%
iter 2580: loss 1.0513, time 62.29ms, mfu 5.57%
iter 2590: loss 1.0640, time 62.51ms, mfu 5.56%
iter 2600: loss 1.0652, time 61.76ms, mfu 5.56%
iter 2610: loss 1.0591, time 62.73ms, mfu 5.56%
iter 2620: loss 1.0381, time 62.03ms, mfu 5.56%
iter 2630: loss 1.0519, time 62.41ms, mfu 5.55%
iter 2640: loss 1.0301, time 63.07ms, mfu 5.54%
iter 2650: loss 1.0427, time 49.70ms, mfu 5.68%
iter 2660: loss 1.0389, time 62.35ms, mfu 5.67%
iter 2670: loss 1.0652, time 63.08ms, mfu 5.65%
iter 2680: loss 1.0449, time 62.34ms, mfu 5.64%
iter 2690: loss 1.0475, time 77.76ms, mfu 5.52%
iter 2700: loss 1.0191, time 62.16ms, mfu 5.52%
iter 2710: loss 1.0494, time 63.01ms, mfu 5.51%
iter 2720: loss 1.0324, time 64.04ms, mfu 5.50%
iter 2730: loss 1.0202, time 62.67ms, mfu 5.50%
iter 2740: loss 1.0370, time 61.92ms, mfu 5.51%
step 2750: train loss 0.9132, val loss 1.5233
iter 2750: loss 1.0042, time 7836.61ms, mfu 4.96%
iter 2760: loss 0.9979, time 63.23ms, mfu 5.01%
iter 2770: loss 1.0247, time 61.84ms, mfu 5.07%
iter 2780: loss 1.0245, time 48.29ms, mfu 5.27%
iter 2790: loss 1.0279, time 61.86ms, mfu 5.30%
iter 2800: loss 1.0466, time 48.45ms, mfu 5.49%
iter 2810: loss 1.0213, time 60.93ms, mfu 5.50%
iter 2820: loss 1.0494, time 61.59ms, mfu 5.51%
iter 2830: loss 1.0132, time 61.29ms, mfu 5.52%
iter 2840: loss 1.0122, time 61.64ms, mfu 5.53%
iter 2850: loss 1.0022, time 61.94ms, mfu 5.53%
iter 2860: loss 1.0210, time 61.91ms, mfu 5.54%
iter 2870: loss 0.9746, time 62.56ms, mfu 5.53%
iter 2880: loss 1.0164, time 61.50ms, mfu 5.54%
iter 2890: loss 1.0325, time 63.24ms, mfu 5.53%
iter 2900: loss 1.0012, time 62.27ms, mfu 5.53%
iter 2910: loss 1.0041, time 76.92ms, mfu 5.43%
iter 2920: loss 1.0356, time 62.04ms, mfu 5.44%
iter 2930: loss 0.9856, time 62.14ms, mfu 5.45%
iter 2940: loss 0.9999, time 62.54ms, mfu 5.46%
iter 2950: loss 1.0030, time 62.78ms, mfu 5.46%
iter 2960: loss 1.0032, time 62.77ms, mfu 5.46%
iter 2970: loss 0.9812, time 62.87ms, mfu 5.47%
iter 2980: loss 1.0027, time 62.16ms, mfu 5.47%
iter 2990: loss 1.0154, time 62.80ms, mfu 5.48%
step 3000: train loss 0.8656, val loss 1.5346
iter 3000: loss 0.9947, time 8120.32ms, mfu 4.93%
iter 3010: loss 0.9837, time 62.59ms, mfu 4.99%
iter 3020: loss 0.9856, time 63.11ms, mfu 5.04%
iter 3030: loss 1.0072, time 62.81ms, mfu 5.08%
iter 3040: loss 0.9962, time 47.27ms, mfu 5.30%
iter 3050: loss 1.0120, time 62.29ms, mfu 5.33%
iter 3060: loss 0.9777, time 61.66ms, mfu 5.35%
iter 3070: loss 0.9848, time 63.28ms, mfu 5.36%
iter 3080: loss 0.9932, time 61.94ms, mfu 5.38%
iter 3090: loss 0.9977, time 48.60ms, mfu 5.55%
iter 3100: loss 0.9760, time 61.86ms, mfu 5.56%
iter 3110: loss 1.0168, time 61.72ms, mfu 5.56%
iter 3120: loss 0.9614, time 61.73ms, mfu 5.56%
iter 3130: loss 0.9534, time 61.51ms, mfu 5.57%
iter 3140: loss 0.9504, time 62.44ms, mfu 5.56%
iter 3150: loss 1.0104, time 63.29ms, mfu 5.55%
iter 3160: loss 0.9952, time 44.25ms, mfu 5.77%
iter 3170: loss 0.9712, time 31.61ms, mfu 6.29%
iter 3180: loss 0.9651, time 31.56ms, mfu 6.75%
iter 3190: loss 0.9515, time 31.65ms, mfu 7.16%
iter 3200: loss 0.9672, time 30.05ms, mfu 7.60%
iter 3210: loss 0.9667, time 31.18ms, mfu 7.94%
iter 3220: loss 0.9630, time 40.00ms, mfu 8.01%
iter 3230: loss 0.9693, time 31.42ms, mfu 8.31%
iter 3240: loss 0.9595, time 60.81ms, mfu 8.04%
step 3250: train loss 0.8198, val loss 1.5576
iter 3250: loss 0.9576, time 7369.48ms, mfu 7.24%
iter 3260: loss 0.9493, time 61.64ms, mfu 7.08%
iter 3270: loss 0.9846, time 49.03ms, mfu 7.07%
iter 3280: loss 0.9659, time 63.03ms, mfu 6.91%
iter 3290: loss 0.9496, time 48.90ms, mfu 6.93%
iter 3300: loss 0.9849, time 63.14ms, mfu 6.78%
iter 3310: loss 0.9710, time 62.62ms, mfu 6.65%
iter 3320: loss 0.9608, time 62.93ms, mfu 6.53%
iter 3330: loss 0.9623, time 62.95ms, mfu 6.43%
iter 3340: loss 0.9459, time 62.03ms, mfu 6.34%
iter 3350: loss 0.9849, time 62.78ms, mfu 6.26%
iter 3360: loss 0.9275, time 62.95ms, mfu 6.18%
iter 3370: loss 0.9324, time 61.97ms, mfu 6.12%
iter 3380: loss 0.9784, time 48.14ms, mfu 6.22%
iter 3390: loss 0.9513, time 62.00ms, mfu 6.16%
iter 3400: loss 0.9413, time 62.88ms, mfu 6.09%
iter 3410: loss 0.9244, time 62.68ms, mfu 6.03%
iter 3420: loss 0.9338, time 63.22ms, mfu 5.97%
iter 3430: loss 0.9358, time 62.08ms, mfu 5.93%
iter 3440: loss 0.9572, time 63.46ms, mfu 5.88%
iter 3450: loss 0.9606, time 47.70ms, mfu 6.01%
iter 3460: loss 0.9317, time 62.29ms, mfu 5.97%
iter 3470: loss 0.9226, time 62.38ms, mfu 5.92%
iter 3480: loss 0.9257, time 62.47ms, mfu 5.88%
iter 3490: loss 0.9448, time 61.89ms, mfu 5.85%
step 3500: train loss 0.7837, val loss 1.5855
iter 3500: loss 0.9224, time 7182.85ms, mfu 5.27%
iter 3510: loss 0.9197, time 63.27ms, mfu 5.29%
iter 3520: loss 0.9215, time 62.12ms, mfu 5.31%
iter 3530: loss 0.9393, time 77.26ms, mfu 5.23%
iter 3540: loss 0.9142, time 62.05ms, mfu 5.26%
iter 3550: loss 0.9164, time 76.00ms, mfu 5.19%
iter 3560: loss 0.9234, time 62.36ms, mfu 5.22%
iter 3570: loss 0.9090, time 47.33ms, mfu 5.43%
iter 3580: loss 0.9023, time 76.37ms, mfu 5.34%
iter 3590: loss 0.9297, time 60.95ms, mfu 5.37%
iter 3600: loss 0.9042, time 62.71ms, mfu 5.38%
iter 3610: loss 0.8955, time 76.74ms, mfu 5.29%
iter 3620: loss 0.9327, time 62.59ms, mfu 5.32%
iter 3630: loss 0.9342, time 63.34ms, mfu 5.33%
iter 3640: loss 0.8936, time 62.16ms, mfu 5.35%
iter 3650: loss 0.9354, time 62.25ms, mfu 5.37%
iter 3660: loss 0.8840, time 49.29ms, mfu 5.53%
iter 3670: loss 0.9185, time 62.10ms, mfu 5.53%
iter 3680: loss 0.9090, time 48.15ms, mfu 5.70%
iter 3690: loss 0.9080, time 63.35ms, mfu 5.67%
iter 3700: loss 0.9251, time 77.66ms, mfu 5.55%
iter 3710: loss 0.9258, time 62.42ms, mfu 5.54%
iter 3720: loss 0.9101, time 63.21ms, mfu 5.54%
iter 3730: loss 0.9075, time 63.60ms, mfu 5.52%
iter 3740: loss 0.9071, time 61.56ms, mfu 5.53%
step 3750: train loss 0.7439, val loss 1.6002
iter 3750: loss 0.9041, time 7536.43ms, mfu 4.98%
iter 3760: loss 0.9203, time 62.99ms, mfu 5.03%
iter 3770: loss 0.9087, time 62.57ms, mfu 5.08%
iter 3780: loss 0.9102, time 61.96ms, mfu 5.13%
iter 3790: loss 0.9123, time 62.78ms, mfu 5.16%
iter 3800: loss 0.8867, time 63.02ms, mfu 5.20%
iter 3810: loss 0.9295, time 62.13ms, mfu 5.23%
iter 3820: loss 0.8836, time 76.83ms, mfu 5.16%
iter 3830: loss 0.8779, time 62.11ms, mfu 5.20%
iter 3840: loss 0.8935, time 75.94ms, mfu 5.13%
iter 3850: loss 0.8971, time 62.65ms, mfu 5.17%
iter 3860: loss 0.9134, time 63.26ms, mfu 5.20%
iter 3870: loss 0.8807, time 63.34ms, mfu 5.22%
iter 3880: loss 0.8964, time 63.12ms, mfu 5.24%
iter 3890: loss 0.8918, time 77.15ms, mfu 5.17%
iter 3900: loss 0.8741, time 63.38ms, mfu 5.19%
iter 3910: loss 0.9017, time 78.09ms, mfu 5.12%
iter 3920: loss 0.9186, time 62.47ms, mfu 5.16%
iter 3930: loss 0.8942, time 62.96ms, mfu 5.19%
iter 3940: loss 0.8714, time 62.74ms, mfu 5.22%
iter 3950: loss 0.8627, time 61.12ms, mfu 5.26%
iter 3960: loss 0.8731, time 63.45ms, mfu 5.28%
iter 3970: loss 0.8784, time 62.90ms, mfu 5.30%
iter 3980: loss 0.8687, time 76.47ms, mfu 5.22%
iter 3990: loss 0.8724, time 62.61ms, mfu 5.25%
step 4000: train loss 0.7073, val loss 1.6368
iter 4000: loss 0.8694, time 7240.49ms, mfu 4.73%
iter 4010: loss 0.8701, time 62.88ms, mfu 4.80%
iter 4020: loss 0.8703, time 47.67ms, mfu 5.05%
iter 4030: loss 0.8744, time 63.52ms, mfu 5.08%
iter 4040: loss 0.8802, time 62.03ms, mfu 5.13%
iter 4050: loss 0.8899, time 63.61ms, mfu 5.16%
iter 4060: loss 0.9041, time 77.30ms, mfu 5.09%
iter 4070: loss 0.8690, time 62.20ms, mfu 5.14%
iter 4080: loss 0.8589, time 63.30ms, mfu 5.17%
iter 4090: loss 0.8865, time 62.99ms, mfu 5.20%
iter 4100: loss 0.8752, time 61.93ms, mfu 5.23%
iter 4110: loss 0.8852, time 62.09ms, mfu 5.27%
iter 4120: loss 0.8780, time 62.30ms, mfu 5.29%
iter 4130: loss 0.8865, time 63.14ms, mfu 5.31%
iter 4140: loss 0.8708, time 62.43ms, mfu 5.33%
iter 4150: loss 0.8678, time 62.32ms, mfu 5.35%
iter 4160: loss 0.8756, time 62.75ms, mfu 5.37%
iter 4170: loss 0.8607, time 77.86ms, mfu 5.27%
iter 4180: loss 0.8726, time 62.31ms, mfu 5.30%
iter 4190: loss 0.8855, time 61.95ms, mfu 5.32%
iter 4200: loss 0.8508, time 77.26ms, mfu 5.24%
iter 4210: loss 0.8487, time 47.96ms, mfu 5.43%
iter 4220: loss 0.8544, time 62.87ms, mfu 5.44%
iter 4230: loss 0.8445, time 62.58ms, mfu 5.45%
iter 4240: loss 0.8643, time 63.31ms, mfu 5.45%
step 4250: train loss 0.6830, val loss 1.6474
iter 4250: loss 0.8824, time 7250.25ms, mfu 4.91%
iter 4260: loss 0.8382, time 61.66ms, mfu 4.97%
iter 4270: loss 0.8613, time 77.27ms, mfu 4.92%
iter 4280: loss 0.8302, time 62.52ms, mfu 4.98%
iter 4290: loss 0.8436, time 63.53ms, mfu 5.03%
iter 4300: loss 0.8418, time 48.27ms, mfu 5.24%
iter 4310: loss 0.8516, time 62.33ms, mfu 5.27%
iter 4320: loss 0.8274, time 62.36ms, mfu 5.29%
iter 4330: loss 0.8580, time 62.22ms, mfu 5.32%
iter 4340: loss 0.8371, time 77.00ms, mfu 5.23%
iter 4350: loss 0.8574, time 62.98ms, mfu 5.26%
iter 4360: loss 0.8695, time 62.24ms, mfu 5.29%
iter 4370: loss 0.8677, time 63.24ms, mfu 5.30%
iter 4380: loss 0.8444, time 61.84ms, mfu 5.33%
iter 4390: loss 0.8445, time 61.55ms, mfu 5.36%
iter 4400: loss 0.8290, time 62.19ms, mfu 5.38%
iter 4410: loss 0.8463, time 47.88ms, mfu 5.56%
iter 4420: loss 0.8638, time 62.39ms, mfu 5.55%
iter 4430: loss 0.8533, time 63.17ms, mfu 5.55%
iter 4440: loss 0.8691, time 62.35ms, mfu 5.54%
iter 4450: loss 0.8528, time 63.19ms, mfu 5.53%
iter 4460: loss 0.8392, time 61.98ms, mfu 5.54%
iter 4470: loss 0.8446, time 62.41ms, mfu 5.54%
iter 4480: loss 0.8472, time 63.03ms, mfu 5.53%
iter 4490: loss 0.8371, time 62.98ms, mfu 5.52%
step 4500: train loss 0.6566, val loss 1.6643
iter 4500: loss 0.8470, time 7325.61ms, mfu 4.98%
iter 4510: loss 0.8326, time 62.31ms, mfu 5.03%
iter 4520: loss 0.8580, time 61.82ms, mfu 5.09%
iter 4530: loss 0.8007, time 61.83ms, mfu 5.14%
iter 4540: loss 0.8359, time 62.62ms, mfu 5.17%
iter 4550: loss 0.8451, time 63.62ms, mfu 5.20%
iter 4560: loss 0.8228, time 76.25ms, mfu 5.13%
iter 4570: loss 0.8399, time 64.20ms, mfu 5.15%
iter 4580: loss 0.8513, time 62.44ms, mfu 5.19%
iter 4590: loss 0.8465, time 75.84ms, mfu 5.13%
iter 4600: loss 0.8226, time 77.38ms, mfu 5.06%
iter 4610: loss 0.8376, time 48.67ms, mfu 5.26%
iter 4620: loss 0.8229, time 62.51ms, mfu 5.29%
iter 4630: loss 0.8484, time 62.79ms, mfu 5.31%
iter 4640: loss 0.8530, time 77.54ms, mfu 5.22%
iter 4650: loss 0.8395, time 62.55ms, mfu 5.25%
iter 4660: loss 0.8322, time 63.08ms, mfu 5.27%
iter 4670: loss 0.8295, time 62.34ms, mfu 5.30%
iter 4680: loss 0.8209, time 48.47ms, mfu 5.48%
iter 4690: loss 0.8353, time 62.13ms, mfu 5.49%
iter 4700: loss 0.8256, time 61.00ms, mfu 5.50%
iter 4710: loss 0.8082, time 62.37ms, mfu 5.50%
iter 4720: loss 0.8297, time 63.10ms, mfu 5.50%
iter 4730: loss 0.8081, time 75.33ms, mfu 5.41%
iter 4740: loss 0.8241, time 61.67ms, mfu 5.43%
step 4750: train loss 0.6392, val loss 1.6801
iter 4750: loss 0.8229, time 7305.38ms, mfu 4.89%
iter 4760: loss 0.8348, time 62.60ms, mfu 4.95%
iter 4770: loss 0.8217, time 76.41ms, mfu 4.91%
iter 4780: loss 0.8231, time 62.21ms, mfu 4.97%
iter 4790: loss 0.8226, time 48.20ms, mfu 5.19%
iter 4800: loss 0.8319, time 77.12ms, mfu 5.12%
iter 4810: loss 0.8290, time 63.63ms, mfu 5.15%
iter 4820: loss 0.8423, time 78.29ms, mfu 5.07%
iter 4830: loss 0.8109, time 63.43ms, mfu 5.11%
iter 4840: loss 0.8127, time 77.31ms, mfu 5.04%
iter 4850: loss 0.8195, time 62.03ms, mfu 5.10%
iter 4860: loss 0.8351, time 47.58ms, mfu 5.31%
iter 4870: loss 0.8254, time 62.72ms, mfu 5.33%
iter 4880: loss 0.8012, time 63.50ms, mfu 5.34%
iter 4890: loss 0.8017, time 62.54ms, mfu 5.36%
iter 4900: loss 0.8336, time 61.78ms, mfu 5.38%
iter 4910: loss 0.8323, time 62.97ms, mfu 5.39%
iter 4920: loss 0.8396, time 62.81ms, mfu 5.40%
iter 4930: loss 0.8084, time 61.86ms, mfu 5.42%
iter 4940: loss 0.8336, time 62.70ms, mfu 5.42%
iter 4950: loss 0.8173, time 63.11ms, mfu 5.43%
iter 4960: loss 0.8098, time 62.96ms, mfu 5.43%
iter 4970: loss 0.8503, time 62.83ms, mfu 5.44%
iter 4980: loss 0.8083, time 62.59ms, mfu 5.45%
iter 4990: loss 0.8389, time 61.25ms, mfu 5.46%
step 5000: train loss 0.6263, val loss 1.6932
iter 5000: loss 0.8304, time 7327.62ms, mfu 4.92%
