Overriding config with config/train_shakespeare_char.py:
# train a miniature character-level shakespeare model
# good for debugging and playing on macbooks and such

out_dir = 'out-shakespeare-char'
eval_interval = 250 # keep frequent because we'll overfit
eval_iters = 200
log_interval = 10 # don't print too too often

# we expect to overfit on this small dataset, so only save when val improves
always_save_checkpoint = False

wandb_log = False # override via command line if you like
wandb_project = 'shakespeare-char'
wandb_run_name = 'mini-gpt'

dataset = 'shakespeare_char'
gradient_accumulation_steps = 1
batch_size = 64
block_size = 256 # context of up to 256 previous characters

# baby GPT model :)
n_layer = 6
n_head = 6
n_embd = 384
dropout = 0.2

learning_rate = 1e-3 # with baby networks can afford to go a bit higher
max_iters = 5000
lr_decay_iters = 5000 # make equal to max_iters usually
min_lr = 1e-4 # learning_rate / 10 usually
beta2 = 0.99 # make a bit bigger because number of tokens per iter is small

warmup_iters = 100 # not super necessary potentially

# on macbook also add
# device = 'cpu'  # run on cpu only
# compile = False # do not torch compile the model

Overriding: compile = False
Overriding: out_dir = runs\nope_lr5e-4_s1338
Overriding: learning_rate = 0.0005
Overriding: min_lr = 5e-05
Overriding: seed = 1338
Overriding: save_checkpoint = False
Overriding: pos_type = none
tokens per iteration will be: 16,384
found vocab_size = 65 (inside data\shakespeare_char\meta.pkl)
Initializing a new model from scratch
number of parameters: 10.65M
C:\Users\86271\hw1work\nanoGPT\train.py:204: FutureWarning: `torch.cuda.amp.GradScaler(args...)` is deprecated. Please use `torch.amp.GradScaler('cuda', args...)` instead.
  scaler = torch.cuda.amp.GradScaler(enabled=(dtype == 'float16'))
num decayed parameter tensors: 25, with 10,641,792 parameters
num non-decayed parameter tensors: 13, with 4,992 parameters
using fused AdamW: True
step 0: train loss 4.1546, val loss 4.1576
iter 0: loss 4.1864, time 11318.39ms, mfu -100.00%
iter 10: loss 3.2346, time 94.11ms, mfu 3.96%
iter 20: loss 2.8001, time 77.35ms, mfu 4.05%
iter 30: loss 2.6501, time 95.28ms, mfu 4.03%
iter 40: loss 2.5676, time 92.97ms, mfu 4.03%
iter 50: loss 2.5483, time 79.49ms, mfu 4.10%
iter 60: loss 2.5099, time 93.27ms, mfu 4.09%
iter 70: loss 2.5146, time 109.26ms, mfu 4.02%
iter 80: loss 2.4924, time 92.40ms, mfu 4.02%
iter 90: loss 2.4884, time 93.28ms, mfu 4.02%
iter 100: loss 2.4781, time 107.88ms, mfu 3.96%
iter 110: loss 2.4629, time 94.03ms, mfu 3.96%
iter 120: loss 2.4575, time 92.76ms, mfu 3.97%
iter 130: loss 2.4365, time 93.10ms, mfu 3.97%
iter 140: loss 2.4401, time 94.54ms, mfu 3.97%
iter 150: loss 2.4435, time 122.95ms, mfu 3.87%
iter 160: loss 2.4214, time 93.03ms, mfu 3.89%
iter 170: loss 2.4085, time 93.09ms, mfu 3.90%
iter 180: loss 2.3772, time 108.38ms, mfu 3.85%
iter 190: loss 2.3976, time 93.43ms, mfu 3.87%
iter 200: loss 2.4073, time 93.32ms, mfu 3.88%
iter 210: loss 2.4122, time 93.97ms, mfu 3.89%
iter 220: loss 2.3848, time 93.91ms, mfu 3.90%
iter 230: loss 2.3592, time 107.98ms, mfu 3.85%
iter 240: loss 2.3763, time 108.37ms, mfu 3.81%
step 250: train loss 2.3246, val loss 2.3766
iter 250: loss 2.3634, time 11167.11ms, mfu 3.43%
iter 260: loss 2.3490, time 93.17ms, mfu 3.49%
iter 270: loss 2.3322, time 78.84ms, mfu 3.61%
iter 280: loss 2.3432, time 93.17ms, mfu 3.65%
iter 290: loss 2.3224, time 62.26ms, mfu 3.88%
iter 300: loss 2.3501, time 63.16ms, mfu 4.09%
iter 310: loss 2.3158, time 62.17ms, mfu 4.28%
iter 320: loss 2.2772, time 61.89ms, mfu 4.45%
iter 330: loss 2.3262, time 92.98ms, mfu 4.41%
iter 340: loss 2.2933, time 92.93ms, mfu 4.37%
iter 350: loss 2.2466, time 78.27ms, mfu 4.41%
iter 360: loss 2.2416, time 78.85ms, mfu 4.44%
iter 370: loss 2.2349, time 78.06ms, mfu 4.47%
iter 380: loss 2.1925, time 92.59ms, mfu 4.43%
iter 390: loss 2.2235, time 78.39ms, mfu 4.46%
iter 400: loss 2.1929, time 77.96ms, mfu 4.49%
iter 410: loss 2.1371, time 78.21ms, mfu 4.52%
iter 420: loss 2.1568, time 93.18ms, mfu 4.47%
iter 430: loss 2.1411, time 78.10ms, mfu 4.50%
iter 440: loss 2.1136, time 78.21ms, mfu 4.52%
iter 450: loss 2.1028, time 92.62ms, mfu 4.47%
iter 460: loss 2.0913, time 61.97ms, mfu 4.63%
iter 470: loss 2.0780, time 94.41ms, mfu 4.56%
iter 480: loss 2.1020, time 93.41ms, mfu 4.50%
iter 490: loss 2.0322, time 108.63ms, mfu 4.40%
step 500: train loss 1.9328, val loss 2.0593
iter 500: loss 2.0308, time 11476.30ms, mfu 3.96%
iter 510: loss 2.0185, time 108.97ms, mfu 3.91%
iter 520: loss 2.0060, time 94.40ms, mfu 3.91%
iter 530: loss 1.9493, time 93.47ms, mfu 3.92%
iter 540: loss 1.9801, time 93.39ms, mfu 3.92%
iter 550: loss 1.9361, time 92.87ms, mfu 3.93%
iter 560: loss 1.9602, time 79.73ms, mfu 4.01%
iter 570: loss 1.9548, time 106.94ms, mfu 3.96%
iter 580: loss 1.9126, time 93.47ms, mfu 3.96%
iter 590: loss 1.8918, time 60.54ms, mfu 4.18%
iter 600: loss 1.8792, time 48.79ms, mfu 4.52%
iter 610: loss 1.9019, time 47.54ms, mfu 4.86%
iter 620: loss 1.8377, time 62.05ms, mfu 4.97%
iter 630: loss 1.8428, time 48.33ms, mfu 5.24%
iter 640: loss 1.8456, time 93.09ms, mfu 5.12%
iter 650: loss 1.8268, time 79.01ms, mfu 5.08%
iter 660: loss 1.8464, time 91.65ms, mfu 4.98%
iter 670: loss 1.8376, time 77.88ms, mfu 4.96%
iter 680: loss 1.7979, time 79.24ms, mfu 4.93%
iter 690: loss 1.7834, time 92.62ms, mfu 4.84%
iter 700: loss 1.8184, time 92.42ms, mfu 4.76%
iter 710: loss 1.7826, time 92.75ms, mfu 4.69%
iter 720: loss 1.8199, time 79.00ms, mfu 4.69%
iter 730: loss 1.8018, time 93.35ms, mfu 4.62%
iter 740: loss 1.7370, time 77.05ms, mfu 4.64%
step 750: train loss 1.6496, val loss 1.8431
iter 750: loss 1.7474, time 10911.86ms, mfu 4.18%
iter 760: loss 1.7042, time 94.13ms, mfu 4.16%
iter 770: loss 1.7131, time 108.04ms, mfu 4.09%
iter 780: loss 1.7433, time 93.59ms, mfu 4.08%
iter 790: loss 1.7124, time 108.28ms, mfu 4.01%
iter 800: loss 1.7269, time 93.09ms, mfu 4.01%
iter 810: loss 1.7125, time 94.18ms, mfu 4.01%
iter 820: loss 1.6836, time 79.70ms, mfu 4.07%
iter 830: loss 1.6499, time 108.29ms, mfu 4.01%
iter 840: loss 1.6660, time 92.67ms, mfu 4.01%
iter 850: loss 1.6583, time 77.92ms, mfu 4.09%
iter 860: loss 1.6609, time 93.64ms, mfu 4.08%
iter 870: loss 1.6703, time 77.56ms, mfu 4.15%
iter 880: loss 1.6547, time 93.50ms, mfu 4.13%
iter 890: loss 1.6625, time 78.95ms, mfu 4.19%
iter 900: loss 1.6705, time 78.08ms, mfu 4.25%
iter 910: loss 1.6290, time 78.46ms, mfu 4.30%
iter 920: loss 1.6503, time 92.72ms, mfu 4.27%
iter 930: loss 1.6219, time 78.92ms, mfu 4.32%
iter 940: loss 1.6211, time 91.79ms, mfu 4.29%
iter 950: loss 1.6419, time 78.92ms, mfu 4.33%
iter 960: loss 1.6296, time 93.54ms, mfu 4.30%
iter 970: loss 1.6240, time 93.68ms, mfu 4.27%
iter 980: loss 1.6031, time 92.64ms, mfu 4.24%
iter 990: loss 1.6111, time 77.83ms, mfu 4.30%
step 1000: train loss 1.5219, val loss 1.7361
iter 1000: loss 1.5891, time 10598.84ms, mfu 3.87%
iter 1010: loss 1.5857, time 93.29ms, mfu 3.88%
iter 1020: loss 1.6168, time 94.44ms, mfu 3.89%
iter 1030: loss 1.6301, time 93.16ms, mfu 3.90%
iter 1040: loss 1.5939, time 91.97ms, mfu 3.92%
iter 1050: loss 1.5765, time 77.82ms, mfu 4.00%
iter 1060: loss 1.6045, time 93.68ms, mfu 4.00%
iter 1070: loss 1.5478, time 78.42ms, mfu 4.08%
iter 1080: loss 1.5974, time 93.32ms, mfu 4.07%
iter 1090: loss 1.5751, time 78.79ms, mfu 4.13%
iter 1100: loss 1.5586, time 92.45ms, mfu 4.12%
iter 1110: loss 1.5817, time 79.09ms, mfu 4.18%
iter 1120: loss 1.5150, time 78.77ms, mfu 4.24%
iter 1130: loss 1.5504, time 93.46ms, mfu 4.21%
iter 1140: loss 1.5706, time 76.72ms, mfu 4.28%
iter 1150: loss 1.5169, time 78.27ms, mfu 4.32%
iter 1160: loss 1.5589, time 77.71ms, mfu 4.37%
iter 1170: loss 1.5512, time 93.01ms, mfu 4.34%
iter 1180: loss 1.5427, time 63.52ms, mfu 4.49%
iter 1190: loss 1.5644, time 93.31ms, mfu 4.44%
iter 1200: loss 1.5296, time 92.55ms, mfu 4.40%
iter 1210: loss 1.5051, time 92.81ms, mfu 4.36%
iter 1220: loss 1.5250, time 93.79ms, mfu 4.32%
iter 1230: loss 1.5425, time 78.74ms, mfu 4.36%
iter 1240: loss 1.5154, time 93.90ms, mfu 4.32%
step 1250: train loss 1.4248, val loss 1.6541
iter 1250: loss 1.4938, time 11142.07ms, mfu 3.89%
iter 1260: loss 1.5041, time 92.45ms, mfu 3.91%
iter 1270: loss 1.5351, time 92.84ms, mfu 3.92%
iter 1280: loss 1.4917, time 108.31ms, mfu 3.87%
iter 1290: loss 1.5287, time 92.49ms, mfu 3.89%
iter 1300: loss 1.5288, time 93.29ms, mfu 3.90%
iter 1310: loss 1.5169, time 77.67ms, mfu 3.99%
iter 1320: loss 1.4692, time 92.62ms, mfu 3.99%
iter 1330: loss 1.5207, time 93.53ms, mfu 3.99%
iter 1340: loss 1.4946, time 77.84ms, mfu 4.07%
iter 1350: loss 1.4847, time 93.60ms, mfu 4.06%
iter 1360: loss 1.5025, time 78.39ms, mfu 4.13%
iter 1370: loss 1.5026, time 77.64ms, mfu 4.20%
iter 1380: loss 1.5057, time 77.87ms, mfu 4.26%
iter 1390: loss 1.4789, time 78.75ms, mfu 4.30%
iter 1400: loss 1.4541, time 77.74ms, mfu 4.35%
iter 1410: loss 1.4772, time 78.60ms, mfu 4.39%
iter 1420: loss 1.4384, time 78.40ms, mfu 4.43%
iter 1430: loss 1.4822, time 92.48ms, mfu 4.39%
iter 1440: loss 1.5060, time 92.76ms, mfu 4.35%
iter 1450: loss 1.4898, time 94.51ms, mfu 4.31%
iter 1460: loss 1.4923, time 92.79ms, mfu 4.28%
iter 1470: loss 1.4758, time 77.92ms, mfu 4.33%
iter 1480: loss 1.4271, time 92.86ms, mfu 4.30%
iter 1490: loss 1.5012, time 80.03ms, mfu 4.33%
step 1500: train loss 1.3720, val loss 1.6220
iter 1500: loss 1.4220, time 11048.96ms, mfu 3.90%
iter 1510: loss 1.4575, time 109.78ms, mfu 3.85%
iter 1520: loss 1.4256, time 79.77ms, mfu 3.94%
iter 1530: loss 1.4478, time 93.68ms, mfu 3.94%
iter 1540: loss 1.4666, time 91.51ms, mfu 3.95%
iter 1550: loss 1.4304, time 92.15ms, mfu 3.96%
iter 1560: loss 1.4580, time 92.61ms, mfu 3.97%
iter 1570: loss 1.4389, time 108.32ms, mfu 3.92%
iter 1580: loss 1.4540, time 94.71ms, mfu 3.92%
iter 1590: loss 1.4219, time 93.01ms, mfu 3.93%
iter 1600: loss 1.4339, time 93.05ms, mfu 3.93%
iter 1610: loss 1.4912, time 78.26ms, mfu 4.02%
iter 1620: loss 1.4539, time 93.52ms, mfu 4.01%
iter 1630: loss 1.4400, time 78.02ms, mfu 4.09%
iter 1640: loss 1.4326, time 78.11ms, mfu 4.16%
iter 1650: loss 1.4238, time 79.88ms, mfu 4.21%
iter 1660: loss 1.4420, time 64.03ms, mfu 4.37%
iter 1670: loss 1.4614, time 77.87ms, mfu 4.41%
iter 1680: loss 1.4288, time 77.97ms, mfu 4.45%
iter 1690: loss 1.4323, time 77.42ms, mfu 4.48%
iter 1700: loss 1.4010, time 79.52ms, mfu 4.50%
iter 1710: loss 1.4367, time 78.01ms, mfu 4.53%
iter 1720: loss 1.3881, time 92.22ms, mfu 4.48%
iter 1730: loss 1.4370, time 77.31ms, mfu 4.52%
iter 1740: loss 1.3822, time 93.72ms, mfu 4.46%
step 1750: train loss 1.3180, val loss 1.5751
iter 1750: loss 1.3923, time 10696.27ms, mfu 4.02%
iter 1760: loss 1.4304, time 93.77ms, mfu 4.02%
iter 1770: loss 1.4178, time 92.31ms, mfu 4.02%
iter 1780: loss 1.4167, time 79.57ms, mfu 4.08%
iter 1790: loss 1.3826, time 93.35ms, mfu 4.07%
iter 1800: loss 1.3939, time 93.62ms, mfu 4.07%
iter 1810: loss 1.3929, time 108.73ms, mfu 4.00%
iter 1820: loss 1.3717, time 93.69ms, mfu 4.00%
iter 1830: loss 1.3679, time 77.81ms, mfu 4.08%
iter 1840: loss 1.4152, time 92.23ms, mfu 4.07%
iter 1850: loss 1.3894, time 92.81ms, mfu 4.07%
iter 1860: loss 1.3817, time 79.02ms, mfu 4.13%
iter 1870: loss 1.3924, time 92.55ms, mfu 4.12%
iter 1880: loss 1.3988, time 92.94ms, mfu 4.11%
iter 1890: loss 1.3745, time 92.74ms, mfu 4.10%
iter 1900: loss 1.3565, time 93.31ms, mfu 4.09%
iter 1910: loss 1.4050, time 92.87ms, mfu 4.08%
iter 1920: loss 1.3425, time 94.23ms, mfu 4.07%
iter 1930: loss 1.4017, time 78.96ms, mfu 4.13%
iter 1940: loss 1.4013, time 78.56ms, mfu 4.20%
iter 1950: loss 1.3972, time 77.54ms, mfu 4.26%
iter 1960: loss 1.3930, time 79.00ms, mfu 4.30%
iter 1970: loss 1.3844, time 92.96ms, mfu 4.27%
iter 1980: loss 1.3784, time 93.98ms, mfu 4.24%
iter 1990: loss 1.3961, time 91.99ms, mfu 4.22%
step 2000: train loss 1.2814, val loss 1.5570
iter 2000: loss 1.3504, time 10719.04ms, mfu 3.80%
iter 2010: loss 1.3627, time 77.71ms, mfu 3.90%
iter 2020: loss 1.3665, time 77.88ms, mfu 3.99%
iter 2030: loss 1.3332, time 77.44ms, mfu 4.07%
iter 2040: loss 1.3727, time 78.10ms, mfu 4.14%
iter 2050: loss 1.3471, time 92.12ms, mfu 4.13%
iter 2060: loss 1.3527, time 77.97ms, mfu 4.20%
iter 2070: loss 1.3350, time 79.40ms, mfu 4.25%
iter 2080: loss 1.3675, time 77.20ms, mfu 4.31%
iter 2090: loss 1.3593, time 64.06ms, mfu 4.46%
iter 2100: loss 1.3332, time 77.79ms, mfu 4.49%
iter 2110: loss 1.3399, time 77.66ms, mfu 4.52%
iter 2120: loss 1.3044, time 78.38ms, mfu 4.54%
iter 2130: loss 1.3622, time 93.90ms, mfu 4.49%
iter 2140: loss 1.3739, time 93.60ms, mfu 4.44%
iter 2150: loss 1.3364, time 92.78ms, mfu 4.39%
iter 2160: loss 1.3336, time 93.72ms, mfu 4.35%
iter 2170: loss 1.3554, time 78.82ms, mfu 4.39%
iter 2180: loss 1.3667, time 79.07ms, mfu 4.42%
iter 2190: loss 1.3406, time 79.23ms, mfu 4.45%
iter 2200: loss 1.3625, time 77.24ms, mfu 4.49%
iter 2210: loss 1.3500, time 92.38ms, mfu 4.44%
iter 2220: loss 1.3197, time 78.36ms, mfu 4.47%
iter 2230: loss 1.3464, time 93.07ms, mfu 4.43%
iter 2240: loss 1.3007, time 92.95ms, mfu 4.38%
step 2250: train loss 1.2507, val loss 1.5433
iter 2250: loss 1.3624, time 11264.67ms, mfu 3.95%
iter 2260: loss 1.3317, time 93.65ms, mfu 3.95%
iter 2270: loss 1.3289, time 93.32ms, mfu 3.96%
iter 2280: loss 1.3442, time 93.61ms, mfu 3.96%
iter 2290: loss 1.3485, time 78.47ms, mfu 4.04%
iter 2300: loss 1.3527, time 78.55ms, mfu 4.11%
iter 2310: loss 1.3212, time 93.94ms, mfu 4.09%
iter 2320: loss 1.3360, time 77.90ms, mfu 4.16%
iter 2330: loss 1.3443, time 92.27ms, mfu 4.15%
iter 2340: loss 1.3510, time 77.32ms, mfu 4.22%
iter 2350: loss 1.3447, time 93.21ms, mfu 4.20%
iter 2360: loss 1.3475, time 78.50ms, mfu 4.25%
iter 2370: loss 1.3081, time 78.78ms, mfu 4.30%
iter 2380: loss 1.3515, time 92.70ms, mfu 4.27%
iter 2390: loss 1.3562, time 78.10ms, mfu 4.32%
iter 2400: loss 1.3489, time 77.58ms, mfu 4.37%
iter 2410: loss 1.3078, time 78.39ms, mfu 4.41%
iter 2420: loss 1.3347, time 78.07ms, mfu 4.44%
iter 2430: loss 1.3164, time 92.71ms, mfu 4.40%
iter 2440: loss 1.3506, time 64.47ms, mfu 4.54%
iter 2450: loss 1.3267, time 77.67ms, mfu 4.57%
iter 2460: loss 1.3108, time 78.20ms, mfu 4.59%
iter 2470: loss 1.3392, time 77.94ms, mfu 4.60%
iter 2480: loss 1.2983, time 78.03ms, mfu 4.62%
iter 2490: loss 1.3099, time 92.68ms, mfu 4.56%
step 2500: train loss 1.2386, val loss 1.5469
iter 2500: loss 1.3061, time 11235.58ms, mfu 4.11%
iter 2510: loss 1.3165, time 92.57ms, mfu 4.10%
iter 2520: loss 1.3139, time 108.13ms, mfu 4.03%
iter 2530: loss 1.3312, time 93.14ms, mfu 4.03%
iter 2540: loss 1.3057, time 78.50ms, mfu 4.10%
iter 2550: loss 1.3573, time 92.91ms, mfu 4.09%
iter 2560: loss 1.2761, time 79.11ms, mfu 4.16%
iter 2570: loss 1.2860, time 78.38ms, mfu 4.22%
iter 2580: loss 1.3115, time 92.93ms, mfu 4.19%
iter 2590: loss 1.3044, time 93.79ms, mfu 4.17%
iter 2600: loss 1.3348, time 93.83ms, mfu 4.15%
iter 2610: loss 1.3008, time 93.14ms, mfu 4.14%
iter 2620: loss 1.3255, time 94.20ms, mfu 4.12%
iter 2630: loss 1.2857, time 77.97ms, mfu 4.19%
iter 2640: loss 1.3197, time 93.11ms, mfu 4.17%
iter 2650: loss 1.2986, time 78.10ms, mfu 4.23%
iter 2660: loss 1.3196, time 78.12ms, mfu 4.28%
iter 2670: loss 1.2967, time 78.23ms, mfu 4.33%
iter 2680: loss 1.2624, time 92.21ms, mfu 4.30%
iter 2690: loss 1.3039, time 94.71ms, mfu 4.26%
iter 2700: loss 1.2908, time 92.93ms, mfu 4.24%
iter 2710: loss 1.2882, time 78.72ms, mfu 4.29%
iter 2720: loss 1.2934, time 78.42ms, mfu 4.33%
iter 2730: loss 1.2753, time 93.06ms, mfu 4.30%
iter 2740: loss 1.2656, time 92.44ms, mfu 4.27%
step 2750: train loss 1.2036, val loss 1.5438
iter 2750: loss 1.2655, time 10731.85ms, mfu 3.85%
iter 2760: loss 1.2873, time 94.19ms, mfu 3.86%
iter 2770: loss 1.2913, time 93.56ms, mfu 3.87%
iter 2780: loss 1.2541, time 92.98ms, mfu 3.89%
iter 2790: loss 1.2876, time 78.35ms, mfu 3.97%
iter 2800: loss 1.2410, time 93.34ms, mfu 3.98%
iter 2810: loss 1.3357, time 93.22ms, mfu 3.98%
iter 2820: loss 1.3037, time 94.34ms, mfu 3.97%
iter 2830: loss 1.2862, time 109.04ms, mfu 3.92%
iter 2840: loss 1.3239, time 93.39ms, mfu 3.93%
iter 2850: loss 1.2546, time 78.66ms, mfu 4.01%
iter 2860: loss 1.3163, time 77.29ms, mfu 4.09%
iter 2870: loss 1.2841, time 93.54ms, mfu 4.08%
iter 2880: loss 1.2587, time 92.44ms, mfu 4.07%
iter 2890: loss 1.2839, time 93.42ms, mfu 4.07%
iter 2900: loss 1.3032, time 78.03ms, mfu 4.14%
iter 2910: loss 1.2608, time 78.70ms, mfu 4.20%
iter 2920: loss 1.2512, time 92.14ms, mfu 4.18%
iter 2930: loss 1.2817, time 94.37ms, mfu 4.16%
iter 2940: loss 1.2804, time 93.03ms, mfu 4.14%
iter 2950: loss 1.2686, time 77.86ms, mfu 4.21%
iter 2960: loss 1.2740, time 78.11ms, mfu 4.26%
iter 2970: loss 1.2681, time 93.35ms, mfu 4.24%
iter 2980: loss 1.2949, time 78.76ms, mfu 4.29%
iter 2990: loss 1.2893, time 78.69ms, mfu 4.33%
step 3000: train loss 1.1967, val loss 1.5453
iter 3000: loss 1.2633, time 10943.85ms, mfu 3.90%
iter 3010: loss 1.2780, time 77.71ms, mfu 3.99%
iter 3020: loss 1.2842, time 79.29ms, mfu 4.06%
iter 3030: loss 1.2897, time 92.24ms, mfu 4.06%
iter 3040: loss 1.2709, time 92.95ms, mfu 4.05%
iter 3050: loss 1.2734, time 78.56ms, mfu 4.12%
iter 3060: loss 1.2565, time 92.77ms, mfu 4.11%
iter 3070: loss 1.2734, time 92.57ms, mfu 4.10%
iter 3080: loss 1.2622, time 93.00ms, mfu 4.09%
iter 3090: loss 1.2518, time 78.51ms, mfu 4.16%
iter 3100: loss 1.2690, time 78.02ms, mfu 4.22%
iter 3110: loss 1.2574, time 78.20ms, mfu 4.28%
iter 3120: loss 1.2520, time 78.27ms, mfu 4.32%
iter 3130: loss 1.2728, time 78.37ms, mfu 4.37%
iter 3140: loss 1.2569, time 91.92ms, mfu 4.34%
iter 3150: loss 1.2493, time 93.03ms, mfu 4.30%
iter 3160: loss 1.2427, time 78.85ms, mfu 4.34%
iter 3170: loss 1.2395, time 78.84ms, mfu 4.38%
iter 3180: loss 1.2635, time 94.21ms, mfu 4.34%
iter 3190: loss 1.2501, time 93.39ms, mfu 4.31%
iter 3200: loss 1.2663, time 77.60ms, mfu 4.35%
iter 3210: loss 1.2307, time 93.85ms, mfu 4.32%
iter 3220: loss 1.2469, time 92.97ms, mfu 4.29%
iter 3230: loss 1.2435, time 92.80ms, mfu 4.26%
iter 3240: loss 1.2088, time 93.96ms, mfu 4.23%
step 3250: train loss 1.1656, val loss 1.5266
iter 3250: loss 1.2417, time 11202.52ms, mfu 3.81%
iter 3260: loss 1.2518, time 93.66ms, mfu 3.83%
iter 3270: loss 1.2408, time 78.52ms, mfu 3.92%
iter 3280: loss 1.2346, time 93.13ms, mfu 3.93%
iter 3290: loss 1.2497, time 92.76ms, mfu 3.94%
iter 3300: loss 1.2319, time 78.50ms, mfu 4.02%
iter 3310: loss 1.2435, time 92.96ms, mfu 4.02%
iter 3320: loss 1.2538, time 79.36ms, mfu 4.08%
iter 3330: loss 1.2296, time 78.01ms, mfu 4.15%
iter 3340: loss 1.2509, time 78.54ms, mfu 4.21%
iter 3350: loss 1.2275, time 93.09ms, mfu 4.19%
iter 3360: loss 1.2384, time 92.24ms, mfu 4.18%
iter 3370: loss 1.2140, time 78.70ms, mfu 4.23%
iter 3380: loss 1.2347, time 77.71ms, mfu 4.29%
iter 3390: loss 1.2529, time 92.90ms, mfu 4.26%
iter 3400: loss 1.1876, time 63.34ms, mfu 4.42%
iter 3410: loss 1.2485, time 77.71ms, mfu 4.46%
iter 3420: loss 1.2645, time 78.24ms, mfu 4.49%
iter 3430: loss 1.2335, time 64.05ms, mfu 4.62%
iter 3440: loss 1.2240, time 78.32ms, mfu 4.64%
iter 3450: loss 1.2283, time 78.30ms, mfu 4.65%
iter 3460: loss 1.2110, time 93.21ms, mfu 4.58%
iter 3470: loss 1.2398, time 78.42ms, mfu 4.60%
iter 3480: loss 1.2489, time 92.57ms, mfu 4.54%
iter 3490: loss 1.2418, time 93.22ms, mfu 4.49%
step 3500: train loss 1.1723, val loss 1.5455
iter 3500: loss 1.2370, time 10993.87ms, mfu 4.04%
iter 3510: loss 1.2269, time 93.41ms, mfu 4.04%
iter 3520: loss 1.2506, time 92.72ms, mfu 4.04%
iter 3530: loss 1.2353, time 93.90ms, mfu 4.03%
iter 3540: loss 1.2522, time 93.91ms, mfu 4.02%
iter 3550: loss 1.2465, time 93.57ms, mfu 4.02%
iter 3560: loss 1.2327, time 93.17ms, mfu 4.02%
iter 3570: loss 1.2283, time 93.07ms, mfu 4.02%
iter 3580: loss 1.2287, time 77.64ms, mfu 4.09%
iter 3590: loss 1.2325, time 78.64ms, mfu 4.16%
iter 3600: loss 1.2182, time 92.13ms, mfu 4.15%
iter 3610: loss 1.2188, time 79.01ms, mfu 4.20%
iter 3620: loss 1.2076, time 77.97ms, mfu 4.26%
iter 3630: loss 1.2212, time 93.74ms, mfu 4.23%
iter 3640: loss 1.2372, time 93.73ms, mfu 4.21%
iter 3650: loss 1.2165, time 92.75ms, mfu 4.19%
iter 3660: loss 1.2106, time 93.57ms, mfu 4.17%
iter 3670: loss 1.2421, time 92.28ms, mfu 4.15%
iter 3680: loss 1.2061, time 91.86ms, mfu 4.14%
iter 3690: loss 1.2081, time 77.23ms, mfu 4.21%
iter 3700: loss 1.2358, time 78.22ms, mfu 4.27%
iter 3710: loss 1.2165, time 93.76ms, mfu 4.24%
iter 3720: loss 1.2404, time 94.43ms, mfu 4.21%
iter 3730: loss 1.2096, time 79.13ms, mfu 4.26%
iter 3740: loss 1.2174, time 77.80ms, mfu 4.31%
step 3750: train loss 1.1616, val loss 1.5530
iter 3750: loss 1.2003, time 10497.25ms, mfu 3.88%
iter 3760: loss 1.2115, time 79.26ms, mfu 3.97%
iter 3770: loss 1.2056, time 78.40ms, mfu 4.04%
iter 3780: loss 1.2093, time 93.01ms, mfu 4.04%
iter 3790: loss 1.1932, time 92.72ms, mfu 4.04%
iter 3800: loss 1.2220, time 91.04ms, mfu 4.04%
iter 3810: loss 1.2034, time 94.26ms, mfu 4.04%
iter 3820: loss 1.2012, time 93.08ms, mfu 4.03%
iter 3830: loss 1.2126, time 92.31ms, mfu 4.03%
iter 3840: loss 1.2174, time 79.30ms, mfu 4.10%
iter 3850: loss 1.2140, time 78.36ms, mfu 4.16%
iter 3860: loss 1.2031, time 78.37ms, mfu 4.22%
iter 3870: loss 1.2057, time 107.04ms, mfu 4.15%
iter 3880: loss 1.2149, time 78.96ms, mfu 4.21%
iter 3890: loss 1.2147, time 78.24ms, mfu 4.26%
iter 3900: loss 1.1963, time 93.54ms, mfu 4.23%
iter 3910: loss 1.2139, time 78.41ms, mfu 4.29%
iter 3920: loss 1.2116, time 93.04ms, mfu 4.26%
iter 3930: loss 1.2211, time 92.63ms, mfu 4.23%
iter 3940: loss 1.1913, time 94.20ms, mfu 4.21%
iter 3950: loss 1.1993, time 92.36ms, mfu 4.19%
iter 3960: loss 1.1833, time 107.02ms, mfu 4.12%
iter 3970: loss 1.2064, time 78.44ms, mfu 4.18%
iter 3980: loss 1.1988, time 108.11ms, mfu 4.11%
iter 3990: loss 1.2017, time 78.54ms, mfu 4.17%
step 4000: train loss 1.1467, val loss 1.5511
iter 4000: loss 1.2216, time 11157.23ms, mfu 3.76%
iter 4010: loss 1.2119, time 92.66ms, mfu 3.78%
iter 4020: loss 1.2252, time 93.17ms, mfu 3.81%
iter 4030: loss 1.2192, time 78.70ms, mfu 3.90%
iter 4040: loss 1.1905, time 77.64ms, mfu 3.99%
iter 4050: loss 1.2102, time 77.97ms, mfu 4.07%
iter 4060: loss 1.2102, time 79.40ms, mfu 4.13%
iter 4070: loss 1.1683, time 93.08ms, mfu 4.12%
iter 4080: loss 1.2189, time 78.29ms, mfu 4.18%
iter 4090: loss 1.2093, time 93.41ms, mfu 4.16%
iter 4100: loss 1.2236, time 78.87ms, mfu 4.22%
iter 4110: loss 1.1871, time 78.38ms, mfu 4.27%
iter 4120: loss 1.2273, time 78.23ms, mfu 4.32%
iter 4130: loss 1.1740, time 78.51ms, mfu 4.36%
iter 4140: loss 1.1734, time 77.96ms, mfu 4.41%
iter 4150: loss 1.1905, time 93.35ms, mfu 4.36%
iter 4160: loss 1.2138, time 79.34ms, mfu 4.40%
iter 4170: loss 1.2069, time 78.46ms, mfu 4.43%
iter 4180: loss 1.1892, time 93.96ms, mfu 4.39%
iter 4190: loss 1.1717, time 108.76ms, mfu 4.29%
iter 4200: loss 1.2168, time 93.12ms, mfu 4.26%
iter 4210: loss 1.2081, time 78.55ms, mfu 4.31%
iter 4220: loss 1.2202, time 92.70ms, mfu 4.28%
iter 4230: loss 1.1810, time 93.78ms, mfu 4.25%
iter 4240: loss 1.2050, time 79.13ms, mfu 4.30%
step 4250: train loss 1.1324, val loss 1.5516
iter 4250: loss 1.1866, time 11227.63ms, mfu 3.87%
iter 4260: loss 1.2238, time 93.87ms, mfu 3.88%
iter 4270: loss 1.1951, time 93.49ms, mfu 3.89%
iter 4280: loss 1.1689, time 77.45ms, mfu 3.98%
iter 4290: loss 1.1996, time 92.10ms, mfu 3.99%
iter 4300: loss 1.1791, time 93.73ms, mfu 3.99%
iter 4310: loss 1.1804, time 92.92ms, mfu 3.99%
iter 4320: loss 1.1996, time 93.42ms, mfu 3.99%
iter 4330: loss 1.2016, time 78.54ms, mfu 4.06%
iter 4340: loss 1.2086, time 77.79ms, mfu 4.14%
iter 4350: loss 1.1841, time 78.01ms, mfu 4.20%
iter 4360: loss 1.1999, time 78.46ms, mfu 4.26%
iter 4370: loss 1.1966, time 92.65ms, mfu 4.23%
iter 4380: loss 1.1887, time 63.50ms, mfu 4.40%
iter 4390: loss 1.2131, time 77.89ms, mfu 4.43%
iter 4400: loss 1.1749, time 77.57ms, mfu 4.47%
iter 4410: loss 1.2150, time 77.35ms, mfu 4.51%
iter 4420: loss 1.1575, time 92.57ms, mfu 4.46%
iter 4430: loss 1.2092, time 93.17ms, mfu 4.41%
iter 4440: loss 1.2003, time 79.49ms, mfu 4.44%
iter 4450: loss 1.2130, time 78.10ms, mfu 4.47%
iter 4460: loss 1.1969, time 77.66ms, mfu 4.51%
iter 4470: loss 1.1959, time 92.75ms, mfu 4.46%
iter 4480: loss 1.1718, time 78.26ms, mfu 4.49%
iter 4490: loss 1.1535, time 92.34ms, mfu 4.44%
step 4500: train loss 1.1205, val loss 1.5515
iter 4500: loss 1.1974, time 11199.57ms, mfu 4.00%
iter 4510: loss 1.1694, time 93.49ms, mfu 4.00%
iter 4520: loss 1.1726, time 79.59ms, mfu 4.07%
iter 4530: loss 1.1794, time 93.45ms, mfu 4.06%
iter 4540: loss 1.1995, time 78.55ms, mfu 4.13%
iter 4550: loss 1.1954, time 77.26ms, mfu 4.20%
iter 4560: loss 1.1844, time 93.45ms, mfu 4.18%
iter 4570: loss 1.1810, time 78.22ms, mfu 4.24%
iter 4580: loss 1.1621, time 94.64ms, mfu 4.21%
iter 4590: loss 1.1866, time 93.29ms, mfu 4.18%
iter 4600: loss 1.1881, time 78.53ms, mfu 4.24%
iter 4610: loss 1.1924, time 78.48ms, mfu 4.29%
iter 4620: loss 1.1326, time 93.61ms, mfu 4.26%
iter 4630: loss 1.1992, time 93.87ms, mfu 4.23%
iter 4640: loss 1.1951, time 78.17ms, mfu 4.28%
iter 4650: loss 1.1667, time 93.98ms, mfu 4.25%
iter 4660: loss 1.2052, time 92.70ms, mfu 4.23%
iter 4670: loss 1.1716, time 107.05ms, mfu 4.15%
iter 4680: loss 1.2042, time 78.76ms, mfu 4.21%
iter 4690: loss 1.1776, time 78.82ms, mfu 4.26%
iter 4700: loss 1.1731, time 79.10ms, mfu 4.31%
iter 4710: loss 1.1769, time 78.82ms, mfu 4.35%
iter 4720: loss 1.1601, time 78.63ms, mfu 4.39%
iter 4730: loss 1.1773, time 92.49ms, mfu 4.35%
iter 4740: loss 1.1934, time 93.47ms, mfu 4.32%
step 4750: train loss 1.1133, val loss 1.5486
iter 4750: loss 1.1937, time 10717.34ms, mfu 3.89%
iter 4760: loss 1.1634, time 77.86ms, mfu 3.98%
iter 4770: loss 1.1591, time 108.58ms, mfu 3.92%
iter 4780: loss 1.1694, time 93.54ms, mfu 3.93%
iter 4790: loss 1.1509, time 108.17ms, mfu 3.88%
iter 4800: loss 1.1824, time 79.07ms, mfu 3.96%
iter 4810: loss 1.1934, time 91.72ms, mfu 3.97%
iter 4820: loss 1.1723, time 92.81ms, mfu 3.98%
iter 4830: loss 1.1660, time 93.80ms, mfu 3.98%
iter 4840: loss 1.1510, time 91.98ms, mfu 3.98%
iter 4850: loss 1.1501, time 93.87ms, mfu 3.98%
iter 4860: loss 1.1956, time 93.07ms, mfu 3.99%
iter 4870: loss 1.1640, time 78.90ms, mfu 4.06%
iter 4880: loss 1.1607, time 78.97ms, mfu 4.13%
iter 4890: loss 1.1798, time 78.03ms, mfu 4.19%
iter 4900: loss 1.1572, time 78.69ms, mfu 4.24%
iter 4910: loss 1.1835, time 79.13ms, mfu 4.29%
iter 4920: loss 1.1565, time 78.32ms, mfu 4.34%
iter 4930: loss 1.1577, time 79.24ms, mfu 4.37%
iter 4940: loss 1.1771, time 79.12ms, mfu 4.41%
iter 4950: loss 1.1430, time 92.16ms, mfu 4.37%
iter 4960: loss 1.1782, time 78.53ms, mfu 4.41%
iter 4970: loss 1.1710, time 93.43ms, mfu 4.37%
iter 4980: loss 1.1678, time 93.18ms, mfu 4.33%
iter 4990: loss 1.1848, time 91.88ms, mfu 4.30%
step 5000: train loss 1.1301, val loss 1.5700
iter 5000: loss 1.1455, time 10925.34ms, mfu 3.88%
