Overriding config with config/train_shakespeare_char.py:
# train a miniature character-level shakespeare model
# good for debugging and playing on macbooks and such

out_dir = 'out-shakespeare-char'
eval_interval = 250 # keep frequent because we'll overfit
eval_iters = 200
log_interval = 10 # don't print too too often

# we expect to overfit on this small dataset, so only save when val improves
always_save_checkpoint = False

wandb_log = False # override via command line if you like
wandb_project = 'shakespeare-char'
wandb_run_name = 'mini-gpt'

dataset = 'shakespeare_char'
gradient_accumulation_steps = 1
batch_size = 64
block_size = 256 # context of up to 256 previous characters

# baby GPT model :)
n_layer = 6
n_head = 6
n_embd = 384
dropout = 0.2

learning_rate = 1e-3 # with baby networks can afford to go a bit higher
max_iters = 5000
lr_decay_iters = 5000 # make equal to max_iters usually
min_lr = 1e-4 # learning_rate / 10 usually
beta2 = 0.99 # make a bit bigger because number of tokens per iter is small

warmup_iters = 100 # not super necessary potentially

# on macbook also add
# device = 'cpu'  # run on cpu only
# compile = False # do not torch compile the model

Overriding: compile = False
Overriding: out_dir = runs\nope_lr5e-4_s1339
Overriding: learning_rate = 0.0005
Overriding: min_lr = 5e-05
Overriding: seed = 1339
Overriding: save_checkpoint = False
Overriding: pos_type = none
tokens per iteration will be: 16,384
found vocab_size = 65 (inside data\shakespeare_char\meta.pkl)
Initializing a new model from scratch
number of parameters: 10.65M
C:\Users\86271\hw1work\nanoGPT\train.py:204: FutureWarning: `torch.cuda.amp.GradScaler(args...)` is deprecated. Please use `torch.amp.GradScaler('cuda', args...)` instead.
  scaler = torch.cuda.amp.GradScaler(enabled=(dtype == 'float16'))
num decayed parameter tensors: 25, with 10,641,792 parameters
num non-decayed parameter tensors: 13, with 4,992 parameters
using fused AdamW: True
step 0: train loss 4.2164, val loss 4.2246
iter 0: loss 4.2229, time 12100.83ms, mfu -100.00%
iter 10: loss 3.2104, time 108.15ms, mfu 3.45%
iter 20: loss 2.7598, time 78.45ms, mfu 3.58%
iter 30: loss 2.6304, time 93.03ms, mfu 3.62%
iter 40: loss 2.5847, time 93.94ms, mfu 3.65%
iter 50: loss 2.5339, time 78.42ms, mfu 3.76%
iter 60: loss 2.5002, time 93.54ms, mfu 3.79%
iter 70: loss 2.5119, time 78.71ms, mfu 3.88%
iter 80: loss 2.4935, time 93.32ms, mfu 3.89%
iter 90: loss 2.4737, time 93.63ms, mfu 3.90%
iter 100: loss 2.4678, time 77.47ms, mfu 3.99%
iter 110: loss 2.4634, time 92.30ms, mfu 4.00%
iter 120: loss 2.4655, time 94.36ms, mfu 3.99%
iter 130: loss 2.4480, time 92.74ms, mfu 3.99%
iter 140: loss 2.4339, time 78.23ms, mfu 4.07%
iter 150: loss 2.4286, time 93.81ms, mfu 4.06%
iter 160: loss 2.4408, time 93.05ms, mfu 4.06%
iter 170: loss 2.4107, time 93.73ms, mfu 4.05%
iter 180: loss 2.3950, time 93.66ms, mfu 4.04%
iter 190: loss 2.3933, time 78.65ms, mfu 4.11%
iter 200: loss 2.3752, time 77.97ms, mfu 4.18%
iter 210: loss 2.3823, time 77.62ms, mfu 4.24%
iter 220: loss 2.3807, time 93.30ms, mfu 4.21%
iter 230: loss 2.3712, time 93.81ms, mfu 4.19%
iter 240: loss 2.3716, time 93.53ms, mfu 4.17%
step 250: train loss 2.3178, val loss 2.3788
iter 250: loss 2.3527, time 9695.11ms, mfu 3.76%
iter 260: loss 2.3616, time 93.57ms, mfu 3.78%
iter 270: loss 2.3372, time 78.97ms, mfu 3.87%
iter 280: loss 2.3172, time 78.53ms, mfu 3.96%
iter 290: loss 2.3149, time 78.73ms, mfu 4.04%
iter 300: loss 2.3178, time 78.00ms, mfu 4.11%
iter 310: loss 2.3258, time 77.69ms, mfu 4.18%
iter 320: loss 2.2976, time 78.05ms, mfu 4.24%
iter 330: loss 2.2882, time 93.34ms, mfu 4.21%
iter 340: loss 2.2879, time 77.41ms, mfu 4.27%
iter 350: loss 2.2772, time 77.36ms, mfu 4.33%
iter 360: loss 2.2568, time 92.42ms, mfu 4.30%
iter 370: loss 2.2619, time 92.38ms, mfu 4.27%
iter 380: loss 2.2203, time 92.90ms, mfu 4.25%
iter 390: loss 2.2398, time 92.57ms, mfu 4.22%
iter 400: loss 2.1972, time 77.66ms, mfu 4.28%
iter 410: loss 2.1672, time 63.83ms, mfu 4.44%
iter 420: loss 2.1718, time 78.13ms, mfu 4.47%
iter 430: loss 2.1494, time 78.62ms, mfu 4.50%
iter 440: loss 2.1280, time 77.86ms, mfu 4.53%
iter 450: loss 2.1290, time 94.45ms, mfu 4.47%
iter 460: loss 2.1107, time 93.70ms, mfu 4.42%
iter 470: loss 2.0751, time 93.44ms, mfu 4.38%
iter 480: loss 2.0487, time 93.67ms, mfu 4.34%
iter 490: loss 2.0578, time 92.61ms, mfu 4.30%
step 500: train loss 1.9217, val loss 2.0443
iter 500: loss 2.0381, time 11101.37ms, mfu 3.88%
iter 510: loss 2.0243, time 92.95ms, mfu 3.89%
iter 520: loss 1.9966, time 92.46ms, mfu 3.90%
iter 530: loss 1.9820, time 93.26ms, mfu 3.91%
iter 540: loss 1.9723, time 108.69ms, mfu 3.87%
iter 550: loss 1.9421, time 78.36ms, mfu 3.95%
iter 560: loss 1.9736, time 78.00ms, mfu 4.04%
iter 570: loss 1.9273, time 77.88ms, mfu 4.11%
iter 580: loss 1.9215, time 62.83ms, mfu 4.29%
iter 590: loss 1.8980, time 77.60ms, mfu 4.34%
iter 600: loss 1.8929, time 78.06ms, mfu 4.39%
iter 610: loss 1.8994, time 77.56ms, mfu 4.43%
iter 620: loss 1.8861, time 79.12ms, mfu 4.46%
iter 630: loss 1.8965, time 63.74ms, mfu 4.60%
iter 640: loss 1.8607, time 92.85ms, mfu 4.54%
iter 650: loss 1.8376, time 78.26ms, mfu 4.56%
iter 660: loss 1.8236, time 78.41ms, mfu 4.58%
iter 670: loss 1.8365, time 78.33ms, mfu 4.60%
iter 680: loss 1.8466, time 93.21ms, mfu 4.54%
iter 690: loss 1.8120, time 94.09ms, mfu 4.48%
iter 700: loss 1.7861, time 93.88ms, mfu 4.43%
iter 710: loss 1.7764, time 78.10ms, mfu 4.46%
iter 720: loss 1.7867, time 78.19ms, mfu 4.49%
iter 730: loss 1.7655, time 78.14ms, mfu 4.52%
iter 740: loss 1.7840, time 78.33ms, mfu 4.54%
step 750: train loss 1.6453, val loss 1.8282
iter 750: loss 1.7721, time 11181.79ms, mfu 4.09%
iter 760: loss 1.7079, time 78.19ms, mfu 4.16%
iter 770: loss 1.7255, time 94.21ms, mfu 4.14%
iter 780: loss 1.7297, time 94.62ms, mfu 4.12%
iter 790: loss 1.7554, time 93.21ms, mfu 4.11%
iter 800: loss 1.6860, time 91.88ms, mfu 4.10%
iter 810: loss 1.7327, time 79.55ms, mfu 4.16%
iter 820: loss 1.7057, time 93.28ms, mfu 4.14%
iter 830: loss 1.6736, time 93.01ms, mfu 4.13%
iter 840: loss 1.6947, time 92.92ms, mfu 4.12%
iter 850: loss 1.6647, time 77.90ms, mfu 4.18%
iter 860: loss 1.6987, time 77.56ms, mfu 4.25%
iter 870: loss 1.6904, time 78.51ms, mfu 4.30%
iter 880: loss 1.7134, time 93.77ms, mfu 4.26%
iter 890: loss 1.6544, time 77.71ms, mfu 4.32%
iter 900: loss 1.6999, time 92.83ms, mfu 4.29%
iter 910: loss 1.7043, time 93.05ms, mfu 4.26%
iter 920: loss 1.6370, time 93.37ms, mfu 4.23%
iter 930: loss 1.6184, time 79.26ms, mfu 4.28%
iter 940: loss 1.6421, time 77.61ms, mfu 4.33%
iter 950: loss 1.6225, time 93.29ms, mfu 4.30%
iter 960: loss 1.6169, time 77.82ms, mfu 4.35%
iter 970: loss 1.5991, time 78.55ms, mfu 4.39%
iter 980: loss 1.6353, time 93.23ms, mfu 4.35%
iter 990: loss 1.6249, time 78.45ms, mfu 4.39%
step 1000: train loss 1.5107, val loss 1.7157
iter 1000: loss 1.6082, time 10620.29ms, mfu 3.95%
iter 1010: loss 1.5677, time 93.41ms, mfu 3.96%
iter 1020: loss 1.5969, time 94.34ms, mfu 3.96%
iter 1030: loss 1.5964, time 79.40ms, mfu 4.03%
iter 1040: loss 1.5744, time 93.28ms, mfu 4.03%
iter 1050: loss 1.6096, time 93.17ms, mfu 4.02%
iter 1060: loss 1.5973, time 77.88ms, mfu 4.10%
iter 1070: loss 1.5752, time 92.44ms, mfu 4.09%
iter 1080: loss 1.5967, time 77.71ms, mfu 4.16%
iter 1090: loss 1.5651, time 93.41ms, mfu 4.15%
iter 1100: loss 1.5400, time 78.44ms, mfu 4.21%
iter 1110: loss 1.5645, time 92.53ms, mfu 4.19%
iter 1120: loss 1.5419, time 93.33ms, mfu 4.17%
iter 1130: loss 1.5702, time 92.82ms, mfu 4.15%
iter 1140: loss 1.5237, time 78.00ms, mfu 4.22%
iter 1150: loss 1.5786, time 79.08ms, mfu 4.27%
iter 1160: loss 1.5852, time 94.24ms, mfu 4.23%
iter 1170: loss 1.5299, time 107.93ms, mfu 4.16%
iter 1180: loss 1.5216, time 77.97ms, mfu 4.22%
iter 1190: loss 1.5300, time 93.35ms, mfu 4.20%
iter 1200: loss 1.5073, time 78.49ms, mfu 4.25%
iter 1210: loss 1.5244, time 93.57ms, mfu 4.22%
iter 1220: loss 1.5447, time 78.72ms, mfu 4.27%
iter 1230: loss 1.5345, time 93.98ms, mfu 4.24%
iter 1240: loss 1.5228, time 93.04ms, mfu 4.22%
step 1250: train loss 1.4318, val loss 1.6639
iter 1250: loss 1.5408, time 10799.35ms, mfu 3.80%
iter 1260: loss 1.5447, time 92.11ms, mfu 3.83%
iter 1270: loss 1.5242, time 78.38ms, mfu 3.92%
iter 1280: loss 1.4963, time 92.87ms, mfu 3.93%
iter 1290: loss 1.5125, time 78.48ms, mfu 4.01%
iter 1300: loss 1.4930, time 78.64ms, mfu 4.08%
iter 1310: loss 1.5147, time 94.25ms, mfu 4.07%
iter 1320: loss 1.4960, time 78.19ms, mfu 4.14%
iter 1330: loss 1.4956, time 78.26ms, mfu 4.20%
iter 1340: loss 1.5118, time 77.86ms, mfu 4.26%
iter 1350: loss 1.4515, time 78.57ms, mfu 4.31%
iter 1360: loss 1.4894, time 78.57ms, mfu 4.35%
iter 1370: loss 1.4853, time 78.17ms, mfu 4.39%
iter 1380: loss 1.4573, time 77.98ms, mfu 4.43%
iter 1390: loss 1.4804, time 78.25ms, mfu 4.46%
iter 1400: loss 1.4731, time 92.69ms, mfu 4.42%
iter 1410: loss 1.4686, time 77.34ms, mfu 4.46%
iter 1420: loss 1.4726, time 93.09ms, mfu 4.41%
iter 1430: loss 1.4224, time 77.95ms, mfu 4.45%
iter 1440: loss 1.4615, time 93.46ms, mfu 4.40%
iter 1450: loss 1.4676, time 92.13ms, mfu 4.37%
iter 1460: loss 1.4560, time 92.60ms, mfu 4.33%
iter 1470: loss 1.4793, time 94.12ms, mfu 4.30%
iter 1480: loss 1.4897, time 93.25ms, mfu 4.27%
iter 1490: loss 1.4769, time 93.89ms, mfu 4.24%
step 1500: train loss 1.3686, val loss 1.6057
iter 1500: loss 1.4894, time 11014.23ms, mfu 3.82%
iter 1510: loss 1.4474, time 93.07ms, mfu 3.84%
iter 1520: loss 1.4569, time 92.65ms, mfu 3.85%
iter 1530: loss 1.4603, time 92.95ms, mfu 3.87%
iter 1540: loss 1.4497, time 78.23ms, mfu 3.96%
iter 1550: loss 1.4535, time 76.90ms, mfu 4.05%
iter 1560: loss 1.4145, time 78.38ms, mfu 4.12%
iter 1570: loss 1.4600, time 79.16ms, mfu 4.18%
iter 1580: loss 1.4431, time 93.18ms, mfu 4.16%
iter 1590: loss 1.4181, time 94.45ms, mfu 4.14%
iter 1600: loss 1.4300, time 78.26ms, mfu 4.20%
iter 1610: loss 1.4018, time 78.22ms, mfu 4.26%
iter 1620: loss 1.4624, time 77.39ms, mfu 4.31%
iter 1630: loss 1.4276, time 78.32ms, mfu 4.36%
iter 1640: loss 1.4390, time 78.86ms, mfu 4.39%
iter 1650: loss 1.4337, time 92.82ms, mfu 4.36%
iter 1660: loss 1.4178, time 63.86ms, mfu 4.50%
iter 1670: loss 1.4472, time 62.71ms, mfu 4.65%
iter 1680: loss 1.3849, time 77.40ms, mfu 4.66%
iter 1690: loss 1.4137, time 77.37ms, mfu 4.68%
iter 1700: loss 1.4236, time 77.73ms, mfu 4.69%
iter 1710: loss 1.3851, time 78.17ms, mfu 4.70%
iter 1720: loss 1.4037, time 92.96ms, mfu 4.63%
iter 1730: loss 1.4197, time 92.91ms, mfu 4.57%
iter 1740: loss 1.3882, time 92.87ms, mfu 4.51%
step 1750: train loss 1.3188, val loss 1.5667
iter 1750: loss 1.3840, time 11009.75ms, mfu 4.06%
iter 1760: loss 1.3822, time 92.99ms, mfu 4.06%
iter 1770: loss 1.4215, time 91.73ms, mfu 4.06%
iter 1780: loss 1.4228, time 108.45ms, mfu 4.00%
iter 1790: loss 1.3975, time 78.46ms, mfu 4.07%
iter 1800: loss 1.3809, time 64.31ms, mfu 4.24%
iter 1810: loss 1.3796, time 93.17ms, mfu 4.22%
iter 1820: loss 1.3942, time 78.81ms, mfu 4.27%
iter 1830: loss 1.3887, time 93.66ms, mfu 4.24%
iter 1840: loss 1.3813, time 93.83ms, mfu 4.21%
iter 1850: loss 1.3970, time 93.44ms, mfu 4.19%
iter 1860: loss 1.4153, time 79.24ms, mfu 4.24%
iter 1870: loss 1.4212, time 79.33ms, mfu 4.29%
iter 1880: loss 1.3876, time 93.24ms, mfu 4.26%
iter 1890: loss 1.4169, time 93.36ms, mfu 4.23%
iter 1900: loss 1.4028, time 78.24ms, mfu 4.29%
iter 1910: loss 1.3982, time 93.13ms, mfu 4.26%
iter 1920: loss 1.4121, time 78.06ms, mfu 4.31%
iter 1930: loss 1.3799, time 108.56ms, mfu 4.22%
iter 1940: loss 1.3559, time 93.73ms, mfu 4.20%
iter 1950: loss 1.3453, time 93.72ms, mfu 4.17%
iter 1960: loss 1.3787, time 93.87ms, mfu 4.15%
iter 1970: loss 1.3611, time 93.47ms, mfu 4.14%
iter 1980: loss 1.3784, time 92.69ms, mfu 4.13%
iter 1990: loss 1.3661, time 78.09ms, mfu 4.19%
step 2000: train loss 1.2780, val loss 1.5504
iter 2000: loss 1.3566, time 10517.64ms, mfu 3.77%
iter 2010: loss 1.3901, time 77.36ms, mfu 3.88%
iter 2020: loss 1.3637, time 92.96ms, mfu 3.89%
iter 2030: loss 1.3752, time 94.38ms, mfu 3.90%
iter 2040: loss 1.3434, time 93.14ms, mfu 3.91%
iter 2050: loss 1.3764, time 77.70ms, mfu 4.00%
iter 2060: loss 1.3598, time 93.27ms, mfu 4.00%
iter 2070: loss 1.3458, time 92.68ms, mfu 4.00%
iter 2080: loss 1.3655, time 92.79ms, mfu 4.00%
iter 2090: loss 1.3582, time 64.04ms, mfu 4.18%
iter 2100: loss 1.3432, time 77.94ms, mfu 4.24%
iter 2110: loss 1.3349, time 79.54ms, mfu 4.29%
iter 2120: loss 1.3800, time 93.26ms, mfu 4.26%
iter 2130: loss 1.3216, time 93.40ms, mfu 4.23%
iter 2140: loss 1.3600, time 92.93ms, mfu 4.21%
iter 2150: loss 1.3575, time 94.06ms, mfu 4.18%
iter 2160: loss 1.3551, time 92.16ms, mfu 4.17%
iter 2170: loss 1.3398, time 93.14ms, mfu 4.15%
iter 2180: loss 1.3442, time 78.44ms, mfu 4.21%
iter 2190: loss 1.3405, time 93.18ms, mfu 4.19%
iter 2200: loss 1.3173, time 95.05ms, mfu 4.16%
iter 2210: loss 1.3451, time 92.56ms, mfu 4.15%
iter 2220: loss 1.3196, time 92.34ms, mfu 4.14%
iter 2230: loss 1.3616, time 77.71ms, mfu 4.20%
iter 2240: loss 1.3396, time 93.73ms, mfu 4.18%
step 2250: train loss 1.2466, val loss 1.5414
iter 2250: loss 1.3844, time 11089.57ms, mfu 3.77%
iter 2260: loss 1.3370, time 78.91ms, mfu 3.86%
iter 2270: loss 1.3259, time 91.78ms, mfu 3.88%
iter 2280: loss 1.3398, time 92.32ms, mfu 3.90%
iter 2290: loss 1.3586, time 77.54ms, mfu 3.99%
iter 2300: loss 1.3575, time 78.17ms, mfu 4.07%
iter 2310: loss 1.3110, time 78.01ms, mfu 4.14%
iter 2320: loss 1.3129, time 92.29ms, mfu 4.13%
iter 2330: loss 1.3562, time 92.25ms, mfu 4.12%
iter 2340: loss 1.3333, time 92.64ms, mfu 4.11%
iter 2350: loss 1.3220, time 91.75ms, mfu 4.10%
iter 2360: loss 1.3238, time 78.76ms, mfu 4.17%
iter 2370: loss 1.3383, time 79.38ms, mfu 4.22%
iter 2380: loss 1.3336, time 78.32ms, mfu 4.27%
iter 2390: loss 1.3384, time 78.13ms, mfu 4.32%
iter 2400: loss 1.2900, time 78.28ms, mfu 4.37%
iter 2410: loss 1.3223, time 77.46ms, mfu 4.41%
iter 2420: loss 1.3002, time 92.09ms, mfu 4.37%
iter 2430: loss 1.2793, time 93.74ms, mfu 4.33%
iter 2440: loss 1.3344, time 108.10ms, mfu 4.25%
iter 2450: loss 1.2971, time 78.35ms, mfu 4.30%
iter 2460: loss 1.3329, time 93.09ms, mfu 4.27%
iter 2470: loss 1.3201, time 92.24ms, mfu 4.24%
iter 2480: loss 1.3090, time 79.37ms, mfu 4.29%
iter 2490: loss 1.2899, time 94.03ms, mfu 4.26%
step 2500: train loss 1.2251, val loss 1.5369
iter 2500: loss 1.3292, time 11124.97ms, mfu 3.83%
iter 2510: loss 1.3132, time 78.14ms, mfu 3.93%
iter 2520: loss 1.2634, time 93.21ms, mfu 3.94%
iter 2530: loss 1.3022, time 92.91ms, mfu 3.94%
iter 2540: loss 1.3142, time 92.63ms, mfu 3.95%
iter 2550: loss 1.3050, time 78.97ms, mfu 4.03%
iter 2560: loss 1.3017, time 93.12ms, mfu 4.02%
iter 2570: loss 1.3103, time 93.06ms, mfu 4.02%
iter 2580: loss 1.3028, time 92.81ms, mfu 4.02%
iter 2590: loss 1.3228, time 77.86ms, mfu 4.10%
iter 2600: loss 1.3144, time 78.68ms, mfu 4.16%
iter 2610: loss 1.3355, time 92.81ms, mfu 4.15%
iter 2620: loss 1.2838, time 92.84ms, mfu 4.13%
iter 2630: loss 1.2823, time 77.69ms, mfu 4.20%
iter 2640: loss 1.2855, time 78.73ms, mfu 4.25%
iter 2650: loss 1.2752, time 77.76ms, mfu 4.31%
iter 2660: loss 1.3018, time 92.92ms, mfu 4.28%
iter 2670: loss 1.3319, time 92.41ms, mfu 4.25%
iter 2680: loss 1.2482, time 93.68ms, mfu 4.23%
iter 2690: loss 1.2905, time 78.37ms, mfu 4.28%
iter 2700: loss 1.3199, time 78.79ms, mfu 4.32%
iter 2710: loss 1.3218, time 92.72ms, mfu 4.29%
iter 2720: loss 1.2524, time 77.85ms, mfu 4.34%
iter 2730: loss 1.2944, time 77.52ms, mfu 4.39%
iter 2740: loss 1.2782, time 78.15ms, mfu 4.43%
step 2750: train loss 1.2022, val loss 1.5295
iter 2750: loss 1.2807, time 10924.56ms, mfu 3.99%
iter 2760: loss 1.2890, time 92.75ms, mfu 3.99%
iter 2770: loss 1.2792, time 78.19ms, mfu 4.07%
iter 2780: loss 1.3088, time 77.15ms, mfu 4.14%
iter 2790: loss 1.2885, time 93.68ms, mfu 4.13%
iter 2800: loss 1.2961, time 92.59ms, mfu 4.12%
iter 2810: loss 1.2655, time 92.64ms, mfu 4.11%
iter 2820: loss 1.3021, time 92.85ms, mfu 4.10%
iter 2830: loss 1.2575, time 77.70ms, mfu 4.17%
iter 2840: loss 1.2823, time 94.02ms, mfu 4.15%
iter 2850: loss 1.2962, time 93.52ms, mfu 4.13%
iter 2860: loss 1.2663, time 93.49ms, mfu 4.12%
iter 2870: loss 1.2327, time 92.76ms, mfu 4.11%
iter 2880: loss 1.2949, time 92.70ms, mfu 4.10%
iter 2890: loss 1.2639, time 77.48ms, mfu 4.17%
iter 2900: loss 1.2655, time 92.94ms, mfu 4.15%
iter 2910: loss 1.2620, time 93.44ms, mfu 4.14%
iter 2920: loss 1.2833, time 62.95ms, mfu 4.31%
iter 2930: loss 1.2823, time 77.63ms, mfu 4.36%
iter 2940: loss 1.2777, time 95.40ms, mfu 4.32%
iter 2950: loss 1.2792, time 93.50ms, mfu 4.28%
iter 2960: loss 1.2733, time 93.28ms, mfu 4.26%
iter 2970: loss 1.2687, time 93.02ms, mfu 4.23%
iter 2980: loss 1.2780, time 94.41ms, mfu 4.20%
iter 2990: loss 1.2800, time 93.16ms, mfu 4.18%
step 3000: train loss 1.1981, val loss 1.5262
iter 3000: loss 1.2363, time 10678.52ms, mfu 3.77%
iter 3010: loss 1.2617, time 77.30ms, mfu 3.87%
iter 3020: loss 1.2445, time 78.71ms, mfu 3.96%
iter 3030: loss 1.2675, time 93.18ms, mfu 3.96%
iter 3040: loss 1.2458, time 92.35ms, mfu 3.97%
iter 3050: loss 1.2513, time 78.43ms, mfu 4.05%
iter 3060: loss 1.2771, time 78.78ms, mfu 4.12%
iter 3070: loss 1.2415, time 92.62ms, mfu 4.11%
iter 3080: loss 1.2464, time 78.76ms, mfu 4.17%
iter 3090: loss 1.2751, time 93.00ms, mfu 4.15%
iter 3100: loss 1.2569, time 77.66ms, mfu 4.22%
iter 3110: loss 1.2537, time 79.53ms, mfu 4.26%
iter 3120: loss 1.2811, time 78.77ms, mfu 4.31%
iter 3130: loss 1.2464, time 77.66ms, mfu 4.36%
iter 3140: loss 1.2349, time 92.80ms, mfu 4.33%
iter 3150: loss 1.2259, time 78.16ms, mfu 4.37%
iter 3160: loss 1.2383, time 77.38ms, mfu 4.41%
iter 3170: loss 1.2484, time 93.77ms, mfu 4.37%
iter 3180: loss 1.2250, time 93.14ms, mfu 4.33%
iter 3190: loss 1.2408, time 79.10ms, mfu 4.37%
iter 3200: loss 1.2453, time 108.13ms, mfu 4.28%
iter 3210: loss 1.2825, time 92.69ms, mfu 4.25%
iter 3220: loss 1.2420, time 93.96ms, mfu 4.22%
iter 3230: loss 1.2487, time 92.87ms, mfu 4.20%
iter 3240: loss 1.2641, time 108.26ms, mfu 4.13%
step 3250: train loss 1.1686, val loss 1.5198
iter 3250: loss 1.2127, time 11132.83ms, mfu 3.72%
iter 3260: loss 1.2696, time 92.61ms, mfu 3.75%
iter 3270: loss 1.2392, time 78.74ms, mfu 3.85%
iter 3280: loss 1.2227, time 77.97ms, mfu 3.94%
iter 3290: loss 1.2323, time 77.42ms, mfu 4.03%
iter 3300: loss 1.2547, time 93.18ms, mfu 4.02%
iter 3310: loss 1.2443, time 77.98ms, mfu 4.10%
iter 3320: loss 1.2229, time 78.07ms, mfu 4.17%
iter 3330: loss 1.2384, time 77.79ms, mfu 4.23%
iter 3340: loss 1.2322, time 78.88ms, mfu 4.28%
iter 3350: loss 1.2327, time 78.87ms, mfu 4.32%
iter 3360: loss 1.2697, time 77.76ms, mfu 4.37%
iter 3370: loss 1.2486, time 92.24ms, mfu 4.34%
iter 3380: loss 1.2388, time 77.50ms, mfu 4.38%
iter 3390: loss 1.2336, time 78.92ms, mfu 4.42%
iter 3400: loss 1.2174, time 77.23ms, mfu 4.46%
iter 3410: loss 1.2263, time 77.89ms, mfu 4.49%
iter 3420: loss 1.2282, time 93.27ms, mfu 4.44%
iter 3430: loss 1.2220, time 77.54ms, mfu 4.48%
iter 3440: loss 1.2193, time 78.84ms, mfu 4.50%
iter 3450: loss 1.2105, time 78.44ms, mfu 4.53%
iter 3460: loss 1.2505, time 92.49ms, mfu 4.48%
iter 3470: loss 1.2313, time 93.01ms, mfu 4.43%
iter 3480: loss 1.2268, time 94.50ms, mfu 4.38%
iter 3490: loss 1.2019, time 78.61ms, mfu 4.42%
step 3500: train loss 1.1416, val loss 1.5243
iter 3500: loss 1.1708, time 11272.07ms, mfu 3.98%
iter 3510: loss 1.2386, time 109.22ms, mfu 3.92%
iter 3520: loss 1.2261, time 109.05ms, mfu 3.87%
iter 3530: loss 1.2318, time 92.99ms, mfu 3.89%
iter 3540: loss 1.2320, time 93.55ms, mfu 3.90%
iter 3550: loss 1.2545, time 93.11ms, mfu 3.91%
iter 3560: loss 1.2156, time 79.51ms, mfu 3.98%
iter 3570: loss 1.2329, time 78.79ms, mfu 4.06%
iter 3580: loss 1.2210, time 79.36ms, mfu 4.12%
iter 3590: loss 1.2312, time 93.33ms, mfu 4.11%
iter 3600: loss 1.1982, time 78.48ms, mfu 4.17%
iter 3610: loss 1.1897, time 62.86ms, mfu 4.35%
iter 3620: loss 1.2201, time 79.39ms, mfu 4.38%
iter 3630: loss 1.2393, time 80.25ms, mfu 4.41%
iter 3640: loss 1.2542, time 93.39ms, mfu 4.37%
iter 3650: loss 1.2307, time 92.79ms, mfu 4.33%
iter 3660: loss 1.2072, time 78.01ms, mfu 4.38%
iter 3670: loss 1.2397, time 94.28ms, mfu 4.33%
iter 3680: loss 1.2056, time 92.31ms, mfu 4.30%
iter 3690: loss 1.2305, time 92.28ms, mfu 4.28%
iter 3700: loss 1.2260, time 106.25ms, mfu 4.20%
iter 3710: loss 1.2093, time 80.39ms, mfu 4.24%
iter 3720: loss 1.2228, time 78.36ms, mfu 4.30%
iter 3730: loss 1.2133, time 93.24ms, mfu 4.27%
iter 3740: loss 1.2093, time 78.75ms, mfu 4.31%
step 3750: train loss 1.1347, val loss 1.5226
iter 3750: loss 1.2222, time 11109.92ms, mfu 3.88%
iter 3760: loss 1.2178, time 79.84ms, mfu 3.96%
iter 3770: loss 1.1876, time 92.58ms, mfu 3.97%
iter 3780: loss 1.2291, time 78.30ms, mfu 4.05%
iter 3790: loss 1.2109, time 78.26ms, mfu 4.12%
iter 3800: loss 1.2133, time 92.99ms, mfu 4.11%
iter 3810: loss 1.2172, time 76.86ms, mfu 4.18%
iter 3820: loss 1.2270, time 92.54ms, mfu 4.17%
iter 3830: loss 1.1875, time 78.33ms, mfu 4.23%
iter 3840: loss 1.2193, time 93.07ms, mfu 4.20%
iter 3850: loss 1.1995, time 78.21ms, mfu 4.26%
iter 3860: loss 1.2369, time 91.65ms, mfu 4.24%
iter 3870: loss 1.2070, time 93.28ms, mfu 4.22%
iter 3880: loss 1.2279, time 92.80ms, mfu 4.20%
iter 3890: loss 1.1868, time 78.08ms, mfu 4.25%
iter 3900: loss 1.2158, time 78.69ms, mfu 4.30%
iter 3910: loss 1.2245, time 94.18ms, mfu 4.27%
iter 3920: loss 1.1938, time 107.96ms, mfu 4.19%
iter 3930: loss 1.1961, time 94.27ms, mfu 4.16%
iter 3940: loss 1.1606, time 108.93ms, mfu 4.09%
iter 3950: loss 1.2015, time 93.13ms, mfu 4.08%
iter 3960: loss 1.1840, time 92.95ms, mfu 4.07%
iter 3970: loss 1.1929, time 107.58ms, mfu 4.01%
iter 3980: loss 1.1749, time 79.01ms, mfu 4.08%
iter 3990: loss 1.2150, time 92.68ms, mfu 4.08%
step 4000: train loss 1.1337, val loss 1.5344
iter 4000: loss 1.1739, time 10694.28ms, mfu 3.67%
iter 4010: loss 1.1962, time 77.77ms, mfu 3.78%
iter 4020: loss 1.1934, time 91.67ms, mfu 3.81%
iter 4030: loss 1.2014, time 108.52ms, mfu 3.77%
iter 4040: loss 1.1810, time 78.51ms, mfu 3.87%
iter 4050: loss 1.2066, time 78.46ms, mfu 3.96%
iter 4060: loss 1.2033, time 79.44ms, mfu 4.03%
iter 4070: loss 1.2225, time 93.28ms, mfu 4.03%
iter 4080: loss 1.1912, time 94.42ms, mfu 4.02%
iter 4090: loss 1.1756, time 94.00ms, mfu 4.01%
iter 4100: loss 1.1672, time 92.00ms, mfu 4.02%
iter 4110: loss 1.1983, time 93.60ms, mfu 4.01%
iter 4120: loss 1.1782, time 78.59ms, mfu 4.09%
iter 4130: loss 1.1938, time 92.22ms, mfu 4.08%
iter 4140: loss 1.1869, time 78.63ms, mfu 4.15%
iter 4150: loss 1.1860, time 93.11ms, mfu 4.13%
iter 4160: loss 1.1966, time 77.97ms, mfu 4.20%
iter 4170: loss 1.1917, time 92.78ms, mfu 4.18%
iter 4180: loss 1.1721, time 108.99ms, mfu 4.10%
iter 4190: loss 1.1896, time 94.13ms, mfu 4.09%
iter 4200: loss 1.1957, time 78.10ms, mfu 4.16%
iter 4210: loss 1.1938, time 92.74ms, mfu 4.14%
iter 4220: loss 1.2239, time 107.76ms, mfu 4.07%
iter 4230: loss 1.2054, time 93.01ms, mfu 4.07%
iter 4240: loss 1.2139, time 93.08ms, mfu 4.06%
step 4250: train loss 1.1085, val loss 1.5210
iter 4250: loss 1.2022, time 11278.96ms, mfu 3.66%
iter 4260: loss 1.1982, time 78.33ms, mfu 3.77%
iter 4270: loss 1.1834, time 78.24ms, mfu 3.87%
iter 4280: loss 1.1511, time 91.39ms, mfu 3.89%
iter 4290: loss 1.1966, time 79.23ms, mfu 3.97%
iter 4300: loss 1.1564, time 92.29ms, mfu 3.98%
iter 4310: loss 1.1966, time 78.27ms, mfu 4.06%
iter 4320: loss 1.1924, time 92.83ms, mfu 4.05%
iter 4330: loss 1.2089, time 92.07ms, mfu 4.05%
iter 4340: loss 1.1664, time 77.49ms, mfu 4.13%
iter 4350: loss 1.1658, time 93.65ms, mfu 4.11%
iter 4360: loss 1.1654, time 64.18ms, mfu 4.28%
iter 4370: loss 1.1847, time 79.14ms, mfu 4.32%
iter 4380: loss 1.1753, time 78.87ms, mfu 4.36%
iter 4390: loss 1.1836, time 92.61ms, mfu 4.33%
iter 4400: loss 1.1869, time 78.66ms, mfu 4.37%
iter 4410: loss 1.1768, time 77.94ms, mfu 4.41%
iter 4420: loss 1.2010, time 78.80ms, mfu 4.44%
iter 4430: loss 1.1787, time 93.42ms, mfu 4.40%
iter 4440: loss 1.1591, time 93.71ms, mfu 4.36%
iter 4450: loss 1.2040, time 78.42ms, mfu 4.40%
iter 4460: loss 1.1811, time 78.82ms, mfu 4.43%
iter 4470: loss 1.1812, time 78.81ms, mfu 4.46%
iter 4480: loss 1.1848, time 94.04ms, mfu 4.41%
iter 4490: loss 1.1853, time 108.35ms, mfu 4.31%
step 4500: train loss 1.1325, val loss 1.5529
iter 4500: loss 1.1621, time 11171.96ms, mfu 3.88%
iter 4510: loss 1.1908, time 77.78ms, mfu 3.97%
iter 4520: loss 1.1681, time 108.40ms, mfu 3.92%
iter 4530: loss 1.1416, time 77.62ms, mfu 4.01%
iter 4540: loss 1.1664, time 94.35ms, mfu 4.00%
iter 4550: loss 1.1645, time 78.41ms, mfu 4.08%
iter 4560: loss 1.1737, time 93.22ms, mfu 4.07%
iter 4570: loss 1.1545, time 92.39ms, mfu 4.07%
iter 4580: loss 1.1756, time 78.46ms, mfu 4.13%
iter 4590: loss 1.1593, time 78.83ms, mfu 4.19%
iter 4600: loss 1.1654, time 78.74ms, mfu 4.25%
iter 4610: loss 1.1858, time 78.05ms, mfu 4.30%
iter 4620: loss 1.1651, time 79.48ms, mfu 4.34%
iter 4630: loss 1.1901, time 79.03ms, mfu 4.38%
iter 4640: loss 1.1910, time 77.73ms, mfu 4.42%
iter 4650: loss 1.1685, time 78.25ms, mfu 4.45%
iter 4660: loss 1.1624, time 92.51ms, mfu 4.41%
iter 4670: loss 1.1714, time 61.70ms, mfu 4.57%
iter 4680: loss 1.1544, time 47.55ms, mfu 4.90%
iter 4690: loss 1.1461, time 48.51ms, mfu 5.18%
iter 4700: loss 1.1745, time 47.05ms, mfu 5.45%
iter 4710: loss 1.1991, time 60.76ms, mfu 5.52%
iter 4720: loss 1.1611, time 77.61ms, mfu 5.45%
iter 4730: loss 1.2013, time 78.89ms, mfu 5.38%
iter 4740: loss 1.1843, time 77.79ms, mfu 5.32%
step 4750: train loss 1.1042, val loss 1.5372
iter 4750: loss 1.1777, time 9957.40ms, mfu 4.79%
iter 4760: loss 1.1574, time 79.07ms, mfu 4.78%
iter 4770: loss 1.1457, time 62.26ms, mfu 4.90%
iter 4780: loss 1.1401, time 92.80ms, mfu 4.81%
iter 4790: loss 1.1715, time 93.82ms, mfu 4.73%
iter 4800: loss 1.1394, time 92.95ms, mfu 4.66%
iter 4810: loss 1.1744, time 78.49ms, mfu 4.67%
iter 4820: loss 1.1657, time 63.57ms, mfu 4.79%
iter 4830: loss 1.1779, time 63.37ms, mfu 4.90%
iter 4840: loss 1.1922, time 93.26ms, mfu 4.81%
iter 4850: loss 1.1708, time 93.29ms, mfu 4.72%
iter 4860: loss 1.1727, time 79.03ms, mfu 4.72%
iter 4870: loss 1.1825, time 78.58ms, mfu 4.73%
iter 4880: loss 1.1852, time 77.94ms, mfu 4.73%
iter 4890: loss 1.1437, time 79.64ms, mfu 4.73%
iter 4900: loss 1.1485, time 78.47ms, mfu 4.73%
iter 4910: loss 1.1709, time 93.21ms, mfu 4.65%
iter 4920: loss 1.1520, time 93.23ms, mfu 4.59%
iter 4930: loss 1.1952, time 92.94ms, mfu 4.53%
iter 4940: loss 1.1792, time 78.24ms, mfu 4.55%
iter 4950: loss 1.1458, time 79.11ms, mfu 4.57%
iter 4960: loss 1.1522, time 93.12ms, mfu 4.51%
iter 4970: loss 1.1757, time 93.17ms, mfu 4.46%
iter 4980: loss 1.1353, time 77.04ms, mfu 4.50%
iter 4990: loss 1.1653, time 62.53ms, mfu 4.65%
step 5000: train loss 1.0980, val loss 1.5437
iter 5000: loss 1.2040, time 9950.93ms, mfu 4.18%
