Overriding config with config/train_shakespeare_char.py:
# train a miniature character-level shakespeare model
# good for debugging and playing on macbooks and such

out_dir = 'out-shakespeare-char'
eval_interval = 250 # keep frequent because we'll overfit
eval_iters = 200
log_interval = 10 # don't print too too often

# we expect to overfit on this small dataset, so only save when val improves
always_save_checkpoint = False

wandb_log = False # override via command line if you like
wandb_project = 'shakespeare-char'
wandb_run_name = 'mini-gpt'

dataset = 'shakespeare_char'
gradient_accumulation_steps = 1
batch_size = 64
block_size = 256 # context of up to 256 previous characters

# baby GPT model :)
n_layer = 6
n_head = 6
n_embd = 384
dropout = 0.2

learning_rate = 1e-3 # with baby networks can afford to go a bit higher
max_iters = 5000
lr_decay_iters = 5000 # make equal to max_iters usually
min_lr = 1e-4 # learning_rate / 10 usually
beta2 = 0.99 # make a bit bigger because number of tokens per iter is small

warmup_iters = 100 # not super necessary potentially

# on macbook also add
# device = 'cpu'  # run on cpu only
# compile = False # do not torch compile the model

Overriding: compile = False
Overriding: out_dir = runs\swiglu_lr3e-3_s1338
Overriding: learning_rate = 0.003
Overriding: min_lr = 0.00030000000000000003
Overriding: seed = 1338
Overriding: save_checkpoint = False
Overriding: mlp_type = swiglu
tokens per iteration will be: 16,384
found vocab_size = 65 (inside data\shakespeare_char\meta.pkl)
Initializing a new model from scratch
number of parameters: 10.65M
C:\Users\86271\hw1work\nanoGPT\train.py:204: FutureWarning: `torch.cuda.amp.GradScaler(args...)` is deprecated. Please use `torch.amp.GradScaler('cuda', args...)` instead.
  scaler = torch.cuda.amp.GradScaler(enabled=(dtype == 'float16'))
num decayed parameter tensors: 26, with 10,740,096 parameters
num non-decayed parameter tensors: 13, with 4,992 parameters
using fused AdamW: True
step 0: train loss 4.2931, val loss 4.2879
iter 0: loss 4.2855, time 12532.64ms, mfu -100.00%
iter 10: loss 3.1576, time 108.82ms, mfu 3.42%
iter 20: loss 2.6498, time 109.69ms, mfu 3.42%
iter 30: loss 2.5495, time 109.08ms, mfu 3.42%
iter 40: loss 2.5156, time 109.33ms, mfu 3.42%
iter 50: loss 2.4800, time 94.09ms, mfu 3.47%
iter 60: loss 2.4798, time 110.36ms, mfu 3.46%
iter 70: loss 2.4637, time 93.30ms, mfu 3.52%
iter 80: loss 2.4552, time 109.19ms, mfu 3.51%
iter 90: loss 2.4702, time 94.75ms, mfu 3.55%
iter 100: loss 2.5018, time 108.84ms, mfu 3.54%
iter 110: loss 2.7578, time 109.82ms, mfu 3.52%
iter 120: loss 2.5217, time 94.67ms, mfu 3.56%
iter 130: loss 2.4715, time 111.19ms, mfu 3.54%
iter 140: loss 2.4442, time 109.27ms, mfu 3.53%
iter 150: loss 2.4119, time 110.05ms, mfu 3.51%
iter 160: loss 2.3999, time 109.21ms, mfu 3.50%
iter 170: loss 2.3909, time 109.73ms, mfu 3.49%
iter 180: loss 2.3654, time 124.36ms, mfu 3.44%
iter 190: loss 2.2864, time 109.13ms, mfu 3.44%
iter 200: loss 2.2347, time 124.14ms, mfu 3.40%
iter 210: loss 2.1812, time 93.76ms, mfu 3.45%
iter 220: loss 2.1209, time 109.27ms, mfu 3.45%
iter 230: loss 2.0961, time 108.58ms, mfu 3.45%
iter 240: loss 2.0539, time 108.85ms, mfu 3.45%
step 250: train loss 1.9737, val loss 2.0843
iter 250: loss 2.0556, time 12437.52ms, mfu 3.10%
iter 260: loss 2.0132, time 109.16ms, mfu 3.14%
iter 270: loss 1.9742, time 108.78ms, mfu 3.16%
iter 280: loss 1.9689, time 109.78ms, mfu 3.19%
iter 290: loss 1.9281, time 109.48ms, mfu 3.21%
iter 300: loss 1.8879, time 108.64ms, mfu 3.23%
iter 310: loss 1.8807, time 94.54ms, mfu 3.30%
iter 320: loss 1.8503, time 109.26ms, mfu 3.31%
iter 330: loss 1.8862, time 109.12ms, mfu 3.32%
iter 340: loss 1.8352, time 96.29ms, mfu 3.38%
iter 350: loss 1.8285, time 125.42ms, mfu 3.34%
iter 360: loss 1.8296, time 93.72ms, mfu 3.40%
iter 370: loss 1.8129, time 125.07ms, mfu 3.36%
iter 380: loss 1.7978, time 110.35ms, mfu 3.36%
iter 390: loss 1.7650, time 108.86ms, mfu 3.37%
iter 400: loss 1.7745, time 109.49ms, mfu 3.37%
iter 410: loss 1.7752, time 108.76ms, mfu 3.38%
iter 420: loss 1.7463, time 125.98ms, mfu 3.33%
iter 430: loss 1.7618, time 108.52ms, mfu 3.34%
iter 440: loss 1.7088, time 109.24ms, mfu 3.35%
iter 450: loss 1.7013, time 125.54ms, mfu 3.31%
iter 460: loss 1.7263, time 125.23ms, mfu 3.28%
iter 470: loss 1.7097, time 110.02ms, mfu 3.29%
iter 480: loss 1.7296, time 107.67ms, mfu 3.31%
iter 490: loss 1.6987, time 108.95ms, mfu 3.32%
step 500: train loss 1.6121, val loss 1.8139
iter 500: loss 1.7292, time 12726.28ms, mfu 2.99%
iter 510: loss 1.6979, time 108.94ms, mfu 3.03%
iter 520: loss 1.7061, time 108.60ms, mfu 3.07%
iter 530: loss 1.6604, time 64.01ms, mfu 3.35%
iter 540: loss 1.6906, time 63.05ms, mfu 3.60%
iter 550: loss 1.6634, time 77.49ms, mfu 3.72%
iter 560: loss 1.6926, time 63.48ms, mfu 3.94%
iter 570: loss 1.6652, time 93.93ms, mfu 3.94%
iter 580: loss 1.6948, time 109.06ms, mfu 3.89%
iter 590: loss 1.6794, time 124.20ms, mfu 3.80%
iter 600: loss 1.6796, time 108.86ms, mfu 3.76%
iter 610: loss 1.6835, time 108.07ms, mfu 3.73%
iter 620: loss 1.6954, time 93.43ms, mfu 3.76%
iter 630: loss 1.6776, time 108.91ms, mfu 3.72%
iter 640: loss 1.6739, time 109.86ms, mfu 3.69%
iter 650: loss 1.6646, time 93.23ms, mfu 3.72%
iter 660: loss 1.6741, time 93.05ms, mfu 3.75%
iter 670: loss 1.6862, time 93.48ms, mfu 3.77%
iter 680: loss 1.6501, time 94.37ms, mfu 3.79%
iter 690: loss 1.6145, time 108.42ms, mfu 3.76%
iter 700: loss 1.6679, time 109.52ms, mfu 3.72%
iter 710: loss 1.6550, time 109.42ms, mfu 3.69%
iter 720: loss 1.6342, time 124.98ms, mfu 3.62%
iter 730: loss 1.6368, time 108.74ms, mfu 3.60%
iter 740: loss 1.6240, time 108.96ms, mfu 3.58%
step 750: train loss 1.5377, val loss 1.7594
iter 750: loss 1.6548, time 12915.15ms, mfu 3.23%
iter 760: loss 1.6092, time 94.42ms, mfu 3.30%
iter 770: loss 1.6374, time 93.14ms, mfu 3.37%
iter 780: loss 1.6123, time 110.21ms, mfu 3.37%
iter 790: loss 1.6230, time 95.19ms, mfu 3.42%
iter 800: loss 1.5907, time 107.58ms, mfu 3.43%
iter 810: loss 1.6234, time 110.01ms, mfu 3.42%
iter 820: loss 1.6356, time 95.36ms, mfu 3.47%
iter 830: loss 1.5902, time 94.94ms, mfu 3.52%
iter 840: loss 1.6346, time 109.27ms, mfu 3.51%
iter 850: loss 1.6259, time 94.23ms, mfu 3.55%
iter 860: loss 1.6601, time 94.07ms, mfu 3.59%
iter 870: loss 1.6464, time 95.12ms, mfu 3.62%
iter 880: loss 1.6054, time 94.03ms, mfu 3.66%
iter 890: loss 1.5891, time 109.05ms, mfu 3.63%
iter 900: loss 1.6202, time 94.25ms, mfu 3.67%
iter 910: loss 1.6057, time 93.55ms, mfu 3.70%
iter 920: loss 1.5814, time 110.84ms, mfu 3.66%
iter 930: loss 1.6072, time 110.70ms, mfu 3.63%
iter 940: loss 1.5857, time 94.91ms, mfu 3.66%
iter 950: loss 1.5606, time 109.99ms, mfu 3.64%
iter 960: loss 1.6180, time 93.75ms, mfu 3.67%
iter 970: loss 1.6048, time 94.09ms, mfu 3.70%
iter 980: loss 1.5946, time 92.85ms, mfu 3.73%
iter 990: loss 1.5647, time 109.92ms, mfu 3.70%
step 1000: train loss 1.4867, val loss 1.7003
iter 1000: loss 1.6337, time 12904.78ms, mfu 3.33%
iter 1010: loss 1.5939, time 93.70ms, mfu 3.39%
iter 1020: loss 1.6284, time 93.13ms, mfu 3.46%
iter 1030: loss 1.5751, time 94.17ms, mfu 3.51%
iter 1040: loss 1.5621, time 109.03ms, mfu 3.50%
iter 1050: loss 1.6260, time 93.79ms, mfu 3.54%
iter 1060: loss 1.6054, time 93.81ms, mfu 3.59%
iter 1070: loss 1.6074, time 109.66ms, mfu 3.57%
iter 1080: loss 1.5607, time 108.75ms, mfu 3.55%
iter 1090: loss 1.5729, time 109.02ms, mfu 3.54%
iter 1100: loss 1.5931, time 93.68ms, mfu 3.58%
iter 1110: loss 1.5779, time 93.27ms, mfu 3.63%
iter 1120: loss 1.5516, time 109.59ms, mfu 3.60%
iter 1130: loss 1.5700, time 108.53ms, mfu 3.59%
iter 1140: loss 1.5629, time 94.83ms, mfu 3.62%
iter 1150: loss 1.5662, time 93.79ms, mfu 3.66%
iter 1160: loss 1.5583, time 108.78ms, mfu 3.63%
iter 1170: loss 1.5739, time 93.33ms, mfu 3.67%
iter 1180: loss 1.5634, time 93.49ms, mfu 3.70%
iter 1190: loss 1.5236, time 93.91ms, mfu 3.73%
iter 1200: loss 1.5457, time 108.57ms, mfu 3.70%
iter 1210: loss 1.5340, time 94.00ms, mfu 3.72%
iter 1220: loss 1.5647, time 108.48ms, mfu 3.70%
iter 1230: loss 1.5510, time 93.10ms, mfu 3.73%
iter 1240: loss 1.5422, time 108.88ms, mfu 3.70%
step 1250: train loss 1.4401, val loss 1.6740
iter 1250: loss 1.5618, time 13070.30ms, mfu 3.33%
iter 1260: loss 1.5493, time 93.55ms, mfu 3.39%
iter 1270: loss 1.5329, time 108.34ms, mfu 3.40%
iter 1280: loss 1.5671, time 93.26ms, mfu 3.46%
iter 1290: loss 1.5756, time 93.06ms, mfu 3.51%
iter 1300: loss 1.5584, time 94.23ms, mfu 3.56%
iter 1310: loss 1.5448, time 94.34ms, mfu 3.60%
iter 1320: loss 1.5622, time 93.97ms, mfu 3.63%
iter 1330: loss 1.5478, time 94.68ms, mfu 3.66%
iter 1340: loss 1.5562, time 107.98ms, mfu 3.64%
iter 1350: loss 1.5580, time 93.10ms, mfu 3.68%
iter 1360: loss 1.5622, time 108.69ms, mfu 3.65%
iter 1370: loss 1.5418, time 91.69ms, mfu 3.69%
iter 1380: loss 1.5693, time 93.66ms, mfu 3.72%
iter 1390: loss 1.5137, time 92.01ms, mfu 3.76%
iter 1400: loss 1.5583, time 95.31ms, mfu 3.77%
iter 1410: loss 1.5140, time 108.07ms, mfu 3.74%
iter 1420: loss 1.5454, time 108.50ms, mfu 3.71%
iter 1430: loss 1.5035, time 108.46ms, mfu 3.68%
iter 1440: loss 1.5126, time 93.21ms, mfu 3.71%
iter 1450: loss 1.5351, time 94.28ms, mfu 3.74%
iter 1460: loss 1.5177, time 108.30ms, mfu 3.71%
iter 1470: loss 1.5052, time 108.51ms, mfu 3.68%
iter 1480: loss 1.5316, time 109.07ms, mfu 3.65%
iter 1490: loss 1.5068, time 93.51ms, mfu 3.69%
step 1500: train loss 1.3971, val loss 1.6317
iter 1500: loss 1.5232, time 12938.03ms, mfu 3.32%
iter 1510: loss 1.4706, time 123.64ms, mfu 3.29%
iter 1520: loss 1.5015, time 109.24ms, mfu 3.30%
iter 1530: loss 1.5098, time 108.60ms, mfu 3.32%
iter 1540: loss 1.5141, time 109.06ms, mfu 3.33%
iter 1550: loss 1.5049, time 93.53ms, mfu 3.39%
iter 1560: loss 1.5247, time 108.74ms, mfu 3.39%
iter 1570: loss 1.5005, time 92.68ms, mfu 3.46%
iter 1580: loss 1.4705, time 93.10ms, mfu 3.51%
iter 1590: loss 1.5082, time 92.87ms, mfu 3.56%
iter 1600: loss 1.5151, time 92.84ms, mfu 3.61%
iter 1610: loss 1.5193, time 93.55ms, mfu 3.64%
iter 1620: loss 1.4776, time 94.12ms, mfu 3.68%
iter 1630: loss 1.5289, time 93.85ms, mfu 3.71%
iter 1640: loss 1.4735, time 93.82ms, mfu 3.73%
iter 1650: loss 1.4932, time 94.17ms, mfu 3.75%
iter 1660: loss 1.5379, time 92.75ms, mfu 3.78%
iter 1670: loss 1.4607, time 93.68ms, mfu 3.80%
iter 1680: loss 1.4959, time 93.45ms, mfu 3.82%
iter 1690: loss 1.4510, time 107.81ms, mfu 3.78%
iter 1700: loss 1.4970, time 108.53ms, mfu 3.75%
iter 1710: loss 1.4859, time 108.52ms, mfu 3.72%
iter 1720: loss 1.4716, time 95.23ms, mfu 3.74%
iter 1730: loss 1.4582, time 93.20ms, mfu 3.76%
iter 1740: loss 1.4412, time 92.60ms, mfu 3.79%
step 1750: train loss 1.3562, val loss 1.5998
iter 1750: loss 1.4612, time 12861.07ms, mfu 3.41%
iter 1760: loss 1.4841, time 93.56ms, mfu 3.47%
iter 1770: loss 1.4826, time 108.40ms, mfu 3.47%
iter 1780: loss 1.4449, time 108.11ms, mfu 3.46%
iter 1790: loss 1.4975, time 109.12ms, mfu 3.46%
iter 1800: loss 1.4629, time 77.68ms, mfu 3.59%
iter 1810: loss 1.4533, time 108.09ms, mfu 3.58%
iter 1820: loss 1.4574, time 78.43ms, mfu 3.70%
iter 1830: loss 1.4868, time 94.02ms, mfu 3.72%
iter 1840: loss 1.4690, time 92.31ms, mfu 3.75%
iter 1850: loss 1.4868, time 93.33ms, mfu 3.78%
iter 1860: loss 1.4785, time 93.69ms, mfu 3.80%
iter 1870: loss 1.4521, time 93.49ms, mfu 3.82%
iter 1880: loss 1.4465, time 79.82ms, mfu 3.90%
iter 1890: loss 1.4790, time 94.37ms, mfu 3.91%
iter 1900: loss 1.4663, time 92.87ms, mfu 3.92%
iter 1910: loss 1.4560, time 93.10ms, mfu 3.93%
iter 1920: loss 1.4352, time 94.38ms, mfu 3.93%
iter 1930: loss 1.4396, time 93.24ms, mfu 3.93%
iter 1940: loss 1.4024, time 92.86ms, mfu 3.94%
iter 1950: loss 1.4425, time 93.27ms, mfu 3.95%
iter 1960: loss 1.4258, time 108.51ms, mfu 3.90%
iter 1970: loss 1.4231, time 108.25ms, mfu 3.85%
iter 1980: loss 1.4269, time 93.42ms, mfu 3.86%
iter 1990: loss 1.4397, time 93.71ms, mfu 3.88%
step 2000: train loss 1.3122, val loss 1.5720
iter 2000: loss 1.4356, time 12878.08ms, mfu 3.49%
iter 2010: loss 1.4112, time 93.69ms, mfu 3.54%
iter 2020: loss 1.4084, time 93.46ms, mfu 3.58%
iter 2030: loss 1.4250, time 108.77ms, mfu 3.57%
iter 2040: loss 1.4300, time 93.05ms, mfu 3.61%
iter 2050: loss 1.4394, time 108.88ms, mfu 3.59%
iter 2060: loss 1.4108, time 93.64ms, mfu 3.63%
iter 2070: loss 1.4272, time 78.60ms, mfu 3.74%
iter 2080: loss 1.3780, time 93.66ms, mfu 3.77%
iter 2090: loss 1.4007, time 108.21ms, mfu 3.73%
iter 2100: loss 1.3985, time 93.92ms, mfu 3.76%
iter 2110: loss 1.4171, time 78.03ms, mfu 3.86%
iter 2120: loss 1.4066, time 108.28ms, mfu 3.82%
iter 2130: loss 1.3774, time 93.79ms, mfu 3.83%
iter 2140: loss 1.4046, time 94.28ms, mfu 3.84%
iter 2150: loss 1.4165, time 77.93ms, mfu 3.94%
iter 2160: loss 1.4048, time 94.18ms, mfu 3.94%
iter 2170: loss 1.3721, time 94.57ms, mfu 3.94%
iter 2180: loss 1.4256, time 94.99ms, mfu 3.94%
iter 2190: loss 1.3967, time 109.11ms, mfu 3.89%
iter 2200: loss 1.3981, time 108.99ms, mfu 3.84%
iter 2210: loss 1.4025, time 109.00ms, mfu 3.80%
iter 2220: loss 1.3970, time 107.53ms, mfu 3.76%
iter 2230: loss 1.3852, time 108.54ms, mfu 3.73%
iter 2240: loss 1.4013, time 108.14ms, mfu 3.70%
step 2250: train loss 1.2820, val loss 1.5470
iter 2250: loss 1.3918, time 12831.49ms, mfu 3.34%
iter 2260: loss 1.3805, time 108.32ms, mfu 3.35%
iter 2270: loss 1.3634, time 125.04ms, mfu 3.31%
iter 2280: loss 1.3658, time 107.57ms, mfu 3.32%
iter 2290: loss 1.3776, time 93.98ms, mfu 3.39%
iter 2300: loss 1.3704, time 93.64ms, mfu 3.45%
iter 2310: loss 1.3705, time 108.26ms, mfu 3.45%
iter 2320: loss 1.4079, time 109.05ms, mfu 3.44%
iter 2330: loss 1.3629, time 107.54ms, mfu 3.45%
iter 2340: loss 1.3898, time 108.45ms, mfu 3.45%
iter 2350: loss 1.3909, time 108.46ms, mfu 3.44%
iter 2360: loss 1.3751, time 94.73ms, mfu 3.49%
iter 2370: loss 1.3662, time 107.48ms, mfu 3.49%
iter 2380: loss 1.3763, time 108.52ms, mfu 3.48%
iter 2390: loss 1.3773, time 93.82ms, mfu 3.53%
iter 2400: loss 1.3489, time 93.51ms, mfu 3.58%
iter 2410: loss 1.3740, time 93.63ms, mfu 3.62%
iter 2420: loss 1.3656, time 109.56ms, mfu 3.60%
iter 2430: loss 1.3536, time 108.39ms, mfu 3.58%
iter 2440: loss 1.3822, time 93.88ms, mfu 3.62%
iter 2450: loss 1.3372, time 78.83ms, mfu 3.73%
iter 2460: loss 1.3658, time 93.20ms, mfu 3.76%
iter 2470: loss 1.3882, time 92.99ms, mfu 3.78%
iter 2480: loss 1.3758, time 94.32ms, mfu 3.80%
iter 2490: loss 1.3433, time 92.89ms, mfu 3.82%
step 2500: train loss 1.2459, val loss 1.5335
iter 2500: loss 1.3615, time 12906.34ms, mfu 3.44%
iter 2510: loss 1.3720, time 93.27ms, mfu 3.50%
iter 2520: loss 1.3711, time 93.23ms, mfu 3.55%
iter 2530: loss 1.3436, time 108.52ms, mfu 3.54%
iter 2540: loss 1.3322, time 108.64ms, mfu 3.52%
iter 2550: loss 1.3578, time 94.35ms, mfu 3.57%
iter 2560: loss 1.3635, time 109.61ms, mfu 3.55%
iter 2570: loss 1.3302, time 108.99ms, mfu 3.54%
iter 2580: loss 1.3213, time 108.49ms, mfu 3.53%
iter 2590: loss 1.3265, time 94.70ms, mfu 3.57%
iter 2600: loss 1.3304, time 108.38ms, mfu 3.55%
iter 2610: loss 1.3708, time 93.62ms, mfu 3.60%
iter 2620: loss 1.3332, time 93.13ms, mfu 3.64%
iter 2630: loss 1.3219, time 93.76ms, mfu 3.67%
iter 2640: loss 1.3452, time 94.21ms, mfu 3.70%
iter 2650: loss 1.3533, time 94.19ms, mfu 3.73%
iter 2660: loss 1.3469, time 94.04ms, mfu 3.75%
iter 2670: loss 1.3247, time 94.31ms, mfu 3.77%
iter 2680: loss 1.3548, time 93.87ms, mfu 3.79%
iter 2690: loss 1.3482, time 93.31ms, mfu 3.81%
iter 2700: loss 1.3570, time 92.99ms, mfu 3.83%
iter 2710: loss 1.3285, time 93.15ms, mfu 3.85%
iter 2720: loss 1.3070, time 108.83ms, mfu 3.80%
iter 2730: loss 1.3316, time 109.17ms, mfu 3.77%
iter 2740: loss 1.3381, time 93.11ms, mfu 3.79%
step 2750: train loss 1.2174, val loss 1.5249
iter 2750: loss 1.3453, time 12835.57ms, mfu 3.41%
iter 2760: loss 1.2907, time 109.09ms, mfu 3.41%
iter 2770: loss 1.3376, time 107.56ms, mfu 3.42%
iter 2780: loss 1.3036, time 93.27ms, mfu 3.48%
iter 2790: loss 1.3548, time 92.97ms, mfu 3.53%
iter 2800: loss 1.3104, time 108.68ms, mfu 3.52%
iter 2810: loss 1.3235, time 108.66ms, mfu 3.51%
iter 2820: loss 1.3150, time 94.89ms, mfu 3.55%
iter 2830: loss 1.2974, time 93.55ms, mfu 3.59%
iter 2840: loss 1.3263, time 109.68ms, mfu 3.58%
iter 2850: loss 1.3337, time 108.83ms, mfu 3.56%
iter 2860: loss 1.2873, time 108.66ms, mfu 3.55%
iter 2870: loss 1.3287, time 93.54ms, mfu 3.59%
iter 2880: loss 1.2950, time 94.13ms, mfu 3.63%
iter 2890: loss 1.3091, time 93.56ms, mfu 3.66%
iter 2900: loss 1.2957, time 108.70ms, mfu 3.64%
iter 2910: loss 1.3016, time 108.48ms, mfu 3.62%
iter 2920: loss 1.2548, time 94.24ms, mfu 3.65%
iter 2930: loss 1.3091, time 93.73ms, mfu 3.68%
iter 2940: loss 1.3181, time 107.90ms, mfu 3.66%
iter 2950: loss 1.2795, time 94.73ms, mfu 3.69%
iter 2960: loss 1.3070, time 93.82ms, mfu 3.72%
iter 2970: loss 1.3149, time 93.75ms, mfu 3.74%
iter 2980: loss 1.3172, time 94.29ms, mfu 3.76%
iter 2990: loss 1.2852, time 93.82ms, mfu 3.78%
step 3000: train loss 1.1824, val loss 1.4987
iter 3000: loss 1.2981, time 12592.02ms, mfu 3.41%
iter 3010: loss 1.2823, time 109.22ms, mfu 3.41%
iter 3020: loss 1.2765, time 109.27ms, mfu 3.41%
iter 3030: loss 1.2732, time 109.71ms, mfu 3.41%
iter 3040: loss 1.2937, time 94.18ms, mfu 3.46%
iter 3050: loss 1.2857, time 108.88ms, mfu 3.46%
iter 3060: loss 1.2735, time 108.96ms, mfu 3.45%
iter 3070: loss 1.2555, time 109.35ms, mfu 3.45%
iter 3080: loss 1.3147, time 108.18ms, mfu 3.45%
iter 3090: loss 1.2600, time 93.29ms, mfu 3.50%
iter 3100: loss 1.2729, time 93.62ms, mfu 3.55%
iter 3110: loss 1.2770, time 78.50ms, mfu 3.67%
iter 3120: loss 1.2781, time 108.64ms, mfu 3.65%
iter 3130: loss 1.2852, time 110.57ms, mfu 3.62%
iter 3140: loss 1.2714, time 108.21ms, mfu 3.60%
iter 3150: loss 1.2743, time 107.42ms, mfu 3.59%
iter 3160: loss 1.2855, time 92.64ms, mfu 3.63%
iter 3170: loss 1.2760, time 108.29ms, mfu 3.61%
iter 3180: loss 1.2883, time 94.60ms, mfu 3.65%
iter 3190: loss 1.2359, time 93.02ms, mfu 3.68%
iter 3200: loss 1.2978, time 93.20ms, mfu 3.71%
iter 3210: loss 1.2953, time 94.98ms, mfu 3.73%
iter 3220: loss 1.2774, time 94.56ms, mfu 3.75%
iter 3230: loss 1.2933, time 92.70ms, mfu 3.78%
iter 3240: loss 1.2705, time 93.79ms, mfu 3.80%
step 3250: train loss 1.1567, val loss 1.4952
iter 3250: loss 1.2830, time 12623.50ms, mfu 3.42%
iter 3260: loss 1.2801, time 108.91ms, mfu 3.42%
iter 3270: loss 1.2594, time 108.21ms, mfu 3.43%
iter 3280: loss 1.2984, time 108.58ms, mfu 3.43%
iter 3290: loss 1.2575, time 94.32ms, mfu 3.48%
iter 3300: loss 1.2508, time 92.50ms, mfu 3.53%
iter 3310: loss 1.2520, time 93.78ms, mfu 3.58%
iter 3320: loss 1.2604, time 108.20ms, mfu 3.56%
iter 3330: loss 1.2448, time 93.25ms, mfu 3.61%
iter 3340: loss 1.2581, time 109.05ms, mfu 3.59%
iter 3350: loss 1.2516, time 108.62ms, mfu 3.57%
iter 3360: loss 1.2695, time 108.77ms, mfu 3.56%
iter 3370: loss 1.2416, time 93.78ms, mfu 3.60%
iter 3380: loss 1.2395, time 109.57ms, mfu 3.58%
iter 3390: loss 1.2250, time 94.67ms, mfu 3.62%
iter 3400: loss 1.2756, time 93.65ms, mfu 3.65%
iter 3410: loss 1.2351, time 93.39ms, mfu 3.69%
iter 3420: loss 1.2302, time 109.51ms, mfu 3.66%
iter 3430: loss 1.2542, time 93.57ms, mfu 3.69%
iter 3440: loss 1.2479, time 93.14ms, mfu 3.72%
iter 3450: loss 1.2844, time 108.99ms, mfu 3.69%
iter 3460: loss 1.2278, time 109.09ms, mfu 3.66%
iter 3470: loss 1.2564, time 94.16ms, mfu 3.69%
iter 3480: loss 1.2376, time 93.45ms, mfu 3.72%
iter 3490: loss 1.2324, time 92.96ms, mfu 3.75%
step 3500: train loss 1.1322, val loss 1.4908
iter 3500: loss 1.2194, time 12482.33ms, mfu 3.38%
iter 3510: loss 1.2346, time 93.38ms, mfu 3.44%
iter 3520: loss 1.2242, time 93.94ms, mfu 3.49%
iter 3530: loss 1.2122, time 108.61ms, mfu 3.49%
iter 3540: loss 1.2516, time 108.08ms, mfu 3.48%
iter 3550: loss 1.2512, time 93.31ms, mfu 3.53%
iter 3560: loss 1.2244, time 93.46ms, mfu 3.58%
iter 3570: loss 1.2354, time 93.26ms, mfu 3.62%
iter 3580: loss 1.2510, time 94.16ms, mfu 3.65%
iter 3590: loss 1.1933, time 108.25ms, mfu 3.63%
iter 3600: loss 1.2389, time 109.12ms, mfu 3.61%
iter 3610: loss 1.2334, time 93.40ms, mfu 3.65%
iter 3620: loss 1.2357, time 94.17ms, mfu 3.68%
iter 3630: loss 1.1841, time 94.11ms, mfu 3.71%
iter 3640: loss 1.2201, time 108.65ms, mfu 3.68%
iter 3650: loss 1.2398, time 108.14ms, mfu 3.66%
iter 3660: loss 1.2096, time 123.80ms, mfu 3.59%
iter 3670: loss 1.2188, time 109.21ms, mfu 3.57%
iter 3680: loss 1.2373, time 93.48ms, mfu 3.62%
iter 3690: loss 1.1727, time 93.74ms, mfu 3.65%
iter 3700: loss 1.2145, time 108.95ms, mfu 3.63%
iter 3710: loss 1.2391, time 108.48ms, mfu 3.61%
iter 3720: loss 1.2139, time 109.01ms, mfu 3.59%
iter 3730: loss 1.2059, time 122.97ms, mfu 3.53%
iter 3740: loss 1.2164, time 108.64ms, mfu 3.52%
step 3750: train loss 1.1079, val loss 1.5041
iter 3750: loss 1.2402, time 12280.26ms, mfu 3.17%
iter 3760: loss 1.2323, time 107.77ms, mfu 3.20%
iter 3770: loss 1.1947, time 109.10ms, mfu 3.22%
iter 3780: loss 1.2013, time 93.60ms, mfu 3.30%
iter 3790: loss 1.2029, time 93.41ms, mfu 3.37%
iter 3800: loss 1.2016, time 123.24ms, mfu 3.33%
iter 3810: loss 1.1969, time 93.07ms, mfu 3.40%
iter 3820: loss 1.2085, time 77.80ms, mfu 3.54%
iter 3830: loss 1.2016, time 108.46ms, mfu 3.53%
iter 3840: loss 1.1847, time 94.40ms, mfu 3.57%
iter 3850: loss 1.1800, time 109.17ms, mfu 3.56%
iter 3860: loss 1.2137, time 109.43ms, mfu 3.54%
iter 3870: loss 1.2034, time 109.35ms, mfu 3.53%
iter 3880: loss 1.2057, time 95.01ms, mfu 3.57%
iter 3890: loss 1.2165, time 78.82ms, mfu 3.68%
iter 3900: loss 1.2088, time 93.55ms, mfu 3.71%
iter 3910: loss 1.2068, time 108.50ms, mfu 3.68%
iter 3920: loss 1.1950, time 108.30ms, mfu 3.66%
iter 3930: loss 1.1893, time 93.20ms, mfu 3.69%
iter 3940: loss 1.1783, time 93.27ms, mfu 3.72%
iter 3950: loss 1.2010, time 108.74ms, mfu 3.69%
iter 3960: loss 1.1942, time 122.98ms, mfu 3.63%
iter 3970: loss 1.1714, time 124.29ms, mfu 3.57%
iter 3980: loss 1.1959, time 109.51ms, mfu 3.55%
iter 3990: loss 1.2121, time 109.20ms, mfu 3.54%
step 4000: train loss 1.0863, val loss 1.4996
iter 4000: loss 1.1895, time 12405.75ms, mfu 3.18%
iter 4010: loss 1.2026, time 79.60ms, mfu 3.33%
iter 4020: loss 1.2026, time 109.08ms, mfu 3.34%
iter 4030: loss 1.2151, time 93.88ms, mfu 3.41%
iter 4040: loss 1.1692, time 124.72ms, mfu 3.36%
iter 4050: loss 1.1911, time 108.39ms, mfu 3.37%
iter 4060: loss 1.1930, time 108.41ms, mfu 3.38%
iter 4070: loss 1.2042, time 94.64ms, mfu 3.43%
iter 4080: loss 1.2113, time 94.28ms, mfu 3.49%
iter 4090: loss 1.2368, time 94.39ms, mfu 3.53%
iter 4100: loss 1.1898, time 93.46ms, mfu 3.58%
iter 4110: loss 1.1754, time 93.05ms, mfu 3.62%
iter 4120: loss 1.1606, time 108.83ms, mfu 3.60%
iter 4130: loss 1.1969, time 108.45ms, mfu 3.58%
iter 4140: loss 1.1987, time 94.52ms, mfu 3.62%
iter 4150: loss 1.1946, time 93.17ms, mfu 3.66%
iter 4160: loss 1.2025, time 94.13ms, mfu 3.69%
iter 4170: loss 1.2001, time 93.65ms, mfu 3.72%
iter 4180: loss 1.1741, time 93.24ms, mfu 3.74%
iter 4190: loss 1.2038, time 93.58ms, mfu 3.77%
iter 4200: loss 1.1897, time 109.38ms, mfu 3.73%
iter 4210: loss 1.1535, time 108.41ms, mfu 3.70%
iter 4220: loss 1.1592, time 108.89ms, mfu 3.67%
iter 4230: loss 1.1596, time 108.57ms, mfu 3.65%
iter 4240: loss 1.2000, time 109.12ms, mfu 3.63%
step 4250: train loss 1.0698, val loss 1.4973
iter 4250: loss 1.1788, time 12472.97ms, mfu 3.27%
iter 4260: loss 1.1708, time 95.44ms, mfu 3.33%
iter 4270: loss 1.1745, time 93.60ms, mfu 3.40%
iter 4280: loss 1.1761, time 94.72ms, mfu 3.45%
iter 4290: loss 1.1722, time 93.74ms, mfu 3.50%
iter 4300: loss 1.1589, time 94.35ms, mfu 3.55%
iter 4310: loss 1.1544, time 93.32ms, mfu 3.59%
iter 4320: loss 1.1722, time 94.00ms, mfu 3.63%
iter 4330: loss 1.1903, time 93.19ms, mfu 3.67%
iter 4340: loss 1.1671, time 108.79ms, mfu 3.64%
iter 4350: loss 1.2141, time 140.17ms, mfu 3.54%
iter 4360: loss 1.1578, time 92.99ms, mfu 3.59%
iter 4370: loss 1.1783, time 93.93ms, mfu 3.63%
iter 4380: loss 1.1656, time 94.18ms, mfu 3.66%
iter 4390: loss 1.1868, time 93.22ms, mfu 3.69%
iter 4400: loss 1.1737, time 108.22ms, mfu 3.67%
iter 4410: loss 1.1959, time 93.18ms, mfu 3.70%
iter 4420: loss 1.1684, time 94.22ms, mfu 3.73%
iter 4430: loss 1.1664, time 94.29ms, mfu 3.75%
iter 4440: loss 1.1843, time 92.44ms, mfu 3.78%
iter 4450: loss 1.1529, time 108.82ms, mfu 3.74%
iter 4460: loss 1.1601, time 109.19ms, mfu 3.71%
iter 4470: loss 1.1555, time 125.30ms, mfu 3.64%
iter 4480: loss 1.1950, time 109.04ms, mfu 3.61%
iter 4490: loss 1.1524, time 93.09ms, mfu 3.65%
step 4500: train loss 1.0520, val loss 1.5054
iter 4500: loss 1.1812, time 12735.49ms, mfu 3.29%
iter 4510: loss 1.1567, time 93.21ms, mfu 3.36%
iter 4520: loss 1.1443, time 108.28ms, mfu 3.37%
iter 4530: loss 1.1094, time 93.69ms, mfu 3.43%
iter 4540: loss 1.1747, time 79.88ms, mfu 3.55%
iter 4550: loss 1.1486, time 93.96ms, mfu 3.59%
iter 4560: loss 1.1532, time 93.39ms, mfu 3.63%
iter 4570: loss 1.1455, time 94.37ms, mfu 3.67%
iter 4580: loss 1.1707, time 80.25ms, mfu 3.76%
iter 4590: loss 1.1672, time 93.86ms, mfu 3.78%
iter 4600: loss 1.1482, time 123.30ms, mfu 3.71%
iter 4610: loss 1.1666, time 93.33ms, mfu 3.74%
iter 4620: loss 1.1490, time 108.79ms, mfu 3.71%
iter 4630: loss 1.1509, time 108.46ms, mfu 3.68%
iter 4640: loss 1.1230, time 93.34ms, mfu 3.71%
iter 4650: loss 1.1851, time 108.88ms, mfu 3.68%
iter 4660: loss 1.1589, time 109.19ms, mfu 3.65%
iter 4670: loss 1.1552, time 93.17ms, mfu 3.69%
iter 4680: loss 1.1458, time 108.05ms, mfu 3.66%
iter 4690: loss 1.1510, time 93.64ms, mfu 3.70%
iter 4700: loss 1.1619, time 108.03ms, mfu 3.67%
iter 4710: loss 1.1514, time 94.17ms, mfu 3.70%
iter 4720: loss 1.1616, time 109.47ms, mfu 3.67%
iter 4730: loss 1.1656, time 93.69ms, mfu 3.70%
iter 4740: loss 1.1588, time 93.01ms, mfu 3.73%
step 4750: train loss 1.0373, val loss 1.5137
iter 4750: loss 1.1503, time 12663.49ms, mfu 3.36%
iter 4760: loss 1.1609, time 94.74ms, mfu 3.42%
iter 4770: loss 1.1555, time 78.67ms, mfu 3.55%
iter 4780: loss 1.1611, time 94.57ms, mfu 3.59%
iter 4790: loss 1.1737, time 108.90ms, mfu 3.57%
iter 4800: loss 1.1566, time 108.46ms, mfu 3.56%
iter 4810: loss 1.1726, time 94.49ms, mfu 3.60%
iter 4820: loss 1.1677, time 93.48ms, mfu 3.64%
iter 4830: loss 1.1662, time 93.77ms, mfu 3.67%
iter 4840: loss 1.1525, time 93.89ms, mfu 3.70%
iter 4850: loss 1.1341, time 93.33ms, mfu 3.73%
iter 4860: loss 1.1634, time 93.56ms, mfu 3.75%
iter 4870: loss 1.1528, time 92.82ms, mfu 3.78%
iter 4880: loss 1.1458, time 94.37ms, mfu 3.80%
iter 4890: loss 1.1400, time 110.09ms, mfu 3.76%
iter 4900: loss 1.1574, time 107.87ms, mfu 3.73%
iter 4910: loss 1.1578, time 92.97ms, mfu 3.75%
iter 4920: loss 1.1562, time 108.56ms, mfu 3.72%
iter 4930: loss 1.1123, time 108.30ms, mfu 3.69%
iter 4940: loss 1.1304, time 93.47ms, mfu 3.72%
iter 4950: loss 1.1493, time 108.97ms, mfu 3.69%
iter 4960: loss 1.1523, time 94.06ms, mfu 3.72%
iter 4970: loss 1.1323, time 94.51ms, mfu 3.74%
iter 4980: loss 1.1388, time 92.91ms, mfu 3.77%
iter 4990: loss 1.1558, time 95.23ms, mfu 3.78%
step 5000: train loss 1.0296, val loss 1.5178
iter 5000: loss 1.1138, time 12818.36ms, mfu 3.41%
