Overriding config with config/train_shakespeare_char.py:
# train a miniature character-level shakespeare model
# good for debugging and playing on macbooks and such

out_dir = 'out-shakespeare-char'
eval_interval = 250 # keep frequent because we'll overfit
eval_iters = 200
log_interval = 10 # don't print too too often

# we expect to overfit on this small dataset, so only save when val improves
always_save_checkpoint = False

wandb_log = False # override via command line if you like
wandb_project = 'shakespeare-char'
wandb_run_name = 'mini-gpt'

dataset = 'shakespeare_char'
gradient_accumulation_steps = 1
batch_size = 64
block_size = 256 # context of up to 256 previous characters

# baby GPT model :)
n_layer = 6
n_head = 6
n_embd = 384
dropout = 0.2

learning_rate = 1e-3 # with baby networks can afford to go a bit higher
max_iters = 5000
lr_decay_iters = 5000 # make equal to max_iters usually
min_lr = 1e-4 # learning_rate / 10 usually
beta2 = 0.99 # make a bit bigger because number of tokens per iter is small

warmup_iters = 100 # not super necessary potentially

# on macbook also add
# device = 'cpu'  # run on cpu only
# compile = False # do not torch compile the model

Overriding: compile = False
Overriding: out_dir = runs\nope_lr3e-3
Overriding: learning_rate = 0.003
Overriding: min_lr = 0.00030000000000000003
Overriding: seed = 1337
Overriding: save_checkpoint = False
Overriding: pos_type = none
tokens per iteration will be: 16,384
found vocab_size = 65 (inside data\shakespeare_char\meta.pkl)
Initializing a new model from scratch
number of parameters: 10.65M
C:\Users\86271\hw1work\nanoGPT\train.py:204: FutureWarning: `torch.cuda.amp.GradScaler(args...)` is deprecated. Please use `torch.amp.GradScaler('cuda', args...)` instead.
  scaler = torch.cuda.amp.GradScaler(enabled=(dtype == 'float16'))
num decayed parameter tensors: 25, with 10,641,792 parameters
num non-decayed parameter tensors: 13, with 4,992 parameters
using fused AdamW: True
step 0: train loss 4.1954, val loss 4.2023
iter 0: loss 4.2170, time 12472.20ms, mfu -100.00%
iter 10: loss 2.8722, time 94.13ms, mfu 3.96%
iter 20: loss 2.6128, time 107.82ms, mfu 3.91%
iter 30: loss 2.5196, time 93.53ms, mfu 3.92%
iter 40: loss 2.4994, time 93.63ms, mfu 3.92%
iter 50: loss 2.4911, time 110.04ms, mfu 3.87%
iter 60: loss 2.4754, time 93.72ms, mfu 3.88%
iter 70: loss 2.4945, time 92.97ms, mfu 3.89%
iter 80: loss 2.4555, time 93.45ms, mfu 3.90%
iter 90: loss 2.4606, time 108.60ms, mfu 3.85%
iter 100: loss 2.4502, time 79.57ms, mfu 3.94%
iter 110: loss 2.4752, time 93.36ms, mfu 3.94%
iter 120: loss 2.4617, time 78.33ms, mfu 4.02%
iter 130: loss 2.4267, time 93.41ms, mfu 4.02%
iter 140: loss 2.4408, time 93.05ms, mfu 4.02%
iter 150: loss 2.4308, time 78.82ms, mfu 4.09%
iter 160: loss 2.4024, time 94.11ms, mfu 4.08%
iter 170: loss 2.4178, time 79.46ms, mfu 4.14%
iter 180: loss 2.4278, time 93.78ms, mfu 4.12%
iter 190: loss 2.4255, time 79.48ms, mfu 4.18%
iter 200: loss 2.4205, time 94.00ms, mfu 4.16%
iter 210: loss 2.3990, time 109.22ms, mfu 4.08%
iter 220: loss 2.4251, time 79.40ms, mfu 4.14%
iter 230: loss 2.4036, time 93.79ms, mfu 4.13%
iter 240: loss 2.4024, time 93.59ms, mfu 4.11%
step 250: train loss 2.3840, val loss 2.4481
iter 250: loss 2.4014, time 10530.54ms, mfu 3.70%
iter 260: loss 2.4072, time 108.21ms, mfu 3.68%
iter 270: loss 2.4166, time 93.79ms, mfu 3.71%
iter 280: loss 2.4291, time 93.10ms, mfu 3.74%
iter 290: loss 2.4169, time 78.31ms, mfu 3.84%
iter 300: loss 2.4180, time 94.07ms, mfu 3.85%
iter 310: loss 2.4097, time 78.85ms, mfu 3.94%
iter 320: loss 2.4275, time 94.04ms, mfu 3.94%
iter 330: loss 2.4306, time 79.41ms, mfu 4.02%
iter 340: loss 2.4406, time 92.93ms, mfu 4.02%
iter 350: loss 2.4487, time 107.58ms, mfu 3.96%
iter 360: loss 2.4498, time 93.49ms, mfu 3.96%
iter 370: loss 2.4663, time 93.74ms, mfu 3.96%
iter 380: loss 2.4680, time 79.03ms, mfu 4.04%
iter 390: loss 2.4436, time 93.21ms, mfu 4.04%
iter 400: loss 2.4593, time 108.98ms, mfu 3.97%
iter 410: loss 2.4599, time 94.83ms, mfu 3.97%
iter 420: loss 2.4358, time 93.55ms, mfu 3.97%
iter 430: loss 2.4469, time 109.78ms, mfu 3.91%
iter 440: loss 2.4585, time 93.16ms, mfu 3.92%
iter 450: loss 2.4447, time 64.30ms, mfu 4.11%
iter 460: loss 2.4351, time 108.32ms, mfu 4.04%
iter 470: loss 2.4285, time 93.87ms, mfu 4.03%
iter 480: loss 2.4511, time 92.50ms, mfu 4.03%
iter 490: loss 2.4367, time 94.69ms, mfu 4.02%
step 500: train loss 2.4166, val loss 2.4777
iter 500: loss 2.4934, time 11860.59ms, mfu 3.62%
iter 510: loss 2.4891, time 93.96ms, mfu 3.66%
iter 520: loss 2.4773, time 93.27ms, mfu 3.69%
iter 530: loss 2.4591, time 108.96ms, mfu 3.67%
iter 540: loss 2.4656, time 93.32ms, mfu 3.70%
iter 550: loss 2.4718, time 93.81ms, mfu 3.73%
iter 560: loss 2.4840, time 93.45ms, mfu 3.75%
iter 570: loss 2.4702, time 93.79ms, mfu 3.77%
iter 580: loss 2.4804, time 93.21ms, mfu 3.80%
iter 590: loss 2.4931, time 78.46ms, mfu 3.89%
iter 600: loss 2.4836, time 93.55ms, mfu 3.90%
iter 610: loss 2.4571, time 94.31ms, mfu 3.91%
iter 620: loss 2.4660, time 93.62ms, mfu 3.91%
iter 630: loss 2.4651, time 93.80ms, mfu 3.92%
iter 640: loss 2.4649, time 94.79ms, mfu 3.92%
iter 650: loss 2.4439, time 93.52ms, mfu 3.93%
iter 660: loss 2.4322, time 92.86ms, mfu 3.94%
iter 670: loss 2.4453, time 93.26ms, mfu 3.94%
iter 680: loss 2.4233, time 93.47ms, mfu 3.95%
iter 690: loss 2.4382, time 94.00ms, mfu 3.95%
iter 700: loss 2.4264, time 94.03ms, mfu 3.95%
iter 710: loss 2.4488, time 94.34ms, mfu 3.95%
iter 720: loss 2.4647, time 94.32ms, mfu 3.95%
iter 730: loss 2.4745, time 94.16ms, mfu 3.95%
iter 740: loss 2.4594, time 78.77ms, mfu 4.03%
step 750: train loss 2.4174, val loss 2.4593
iter 750: loss 2.4538, time 11798.01ms, mfu 3.63%
iter 760: loss 2.4787, time 110.47ms, mfu 3.60%
iter 770: loss 2.4734, time 93.16ms, mfu 3.64%
iter 780: loss 2.4454, time 93.83ms, mfu 3.68%
iter 790: loss 2.4718, time 93.08ms, mfu 3.71%
iter 800: loss 2.4671, time 108.34ms, mfu 3.68%
iter 810: loss 2.4521, time 94.88ms, mfu 3.71%
iter 820: loss 2.4650, time 107.69ms, mfu 3.68%
iter 830: loss 2.4582, time 94.95ms, mfu 3.71%
iter 840: loss 2.4608, time 93.15ms, mfu 3.74%
iter 850: loss 2.4617, time 92.95ms, mfu 3.76%
iter 860: loss 2.4652, time 107.57ms, mfu 3.73%
iter 870: loss 2.4970, time 94.06ms, mfu 3.76%
iter 880: loss 2.4729, time 78.06ms, mfu 3.86%
iter 890: loss 2.4940, time 109.17ms, mfu 3.81%
iter 900: loss 2.4684, time 92.41ms, mfu 3.83%
iter 910: loss 2.4614, time 94.02ms, mfu 3.85%
iter 920: loss 2.4523, time 94.17ms, mfu 3.86%
iter 930: loss 2.4721, time 78.90ms, mfu 3.95%
iter 940: loss 2.4945, time 93.45ms, mfu 3.95%
iter 950: loss 2.4695, time 93.13ms, mfu 3.95%
iter 960: loss 2.4528, time 94.38ms, mfu 3.95%
iter 970: loss 2.4510, time 92.78ms, mfu 3.96%
iter 980: loss 2.4602, time 108.95ms, mfu 3.91%
iter 990: loss 2.4502, time 93.29ms, mfu 3.91%
step 1000: train loss 2.4027, val loss 2.4525
iter 1000: loss 2.4478, time 11802.10ms, mfu 3.53%
iter 1010: loss 2.4469, time 79.98ms, mfu 3.64%
iter 1020: loss 2.4382, time 94.05ms, mfu 3.67%
iter 1030: loss 2.4495, time 93.01ms, mfu 3.71%
iter 1040: loss 2.4372, time 93.48ms, mfu 3.73%
iter 1050: loss 2.4362, time 92.87ms, mfu 3.76%
iter 1060: loss 2.4355, time 92.57ms, mfu 3.79%
iter 1070: loss 2.4334, time 93.84ms, mfu 3.81%
iter 1080: loss 2.4440, time 94.09ms, mfu 3.82%
iter 1090: loss 2.4273, time 93.09ms, mfu 3.84%
iter 1100: loss 2.4302, time 79.96ms, mfu 3.92%
iter 1110: loss 2.4584, time 93.80ms, mfu 3.93%
iter 1120: loss 2.4774, time 92.80ms, mfu 3.94%
iter 1130: loss 2.4858, time 93.98ms, mfu 3.94%
iter 1140: loss 2.4848, time 94.06ms, mfu 3.94%
iter 1150: loss 2.5077, time 93.62ms, mfu 3.94%
iter 1160: loss 2.4660, time 93.93ms, mfu 3.95%
iter 1170: loss 2.4495, time 92.96ms, mfu 3.95%
iter 1180: loss 2.4876, time 93.52ms, mfu 3.96%
iter 1190: loss 2.4879, time 107.75ms, mfu 3.91%
iter 1200: loss 2.4827, time 94.06ms, mfu 3.91%
iter 1210: loss 2.4734, time 108.12ms, mfu 3.87%
iter 1220: loss 2.4845, time 93.62ms, mfu 3.88%
iter 1230: loss 2.4477, time 108.63ms, mfu 3.83%
iter 1240: loss 2.4344, time 93.10ms, mfu 3.85%
step 1250: train loss 2.4201, val loss 2.4728
iter 1250: loss 2.4776, time 11739.86ms, mfu 3.47%
iter 1260: loss 2.4584, time 107.32ms, mfu 3.47%
iter 1270: loss 2.4892, time 78.97ms, mfu 3.59%
iter 1280: loss 2.4708, time 93.19ms, mfu 3.63%
iter 1290: loss 2.4604, time 93.15ms, mfu 3.67%
iter 1300: loss 2.4624, time 94.08ms, mfu 3.70%
iter 1310: loss 2.4630, time 93.26ms, mfu 3.73%
iter 1320: loss 2.4772, time 92.88ms, mfu 3.76%
iter 1330: loss 2.4763, time 93.94ms, mfu 3.78%
iter 1340: loss 2.4746, time 80.14ms, mfu 3.87%
iter 1350: loss 2.4490, time 109.15ms, mfu 3.82%
iter 1360: loss 2.5069, time 92.80ms, mfu 3.84%
iter 1370: loss 2.4892, time 78.36ms, mfu 3.93%
iter 1380: loss 2.4653, time 78.91ms, mfu 4.01%
iter 1390: loss 2.4508, time 108.90ms, mfu 3.95%
iter 1400: loss 2.4903, time 92.98ms, mfu 3.96%
iter 1410: loss 2.4875, time 93.05ms, mfu 3.96%
iter 1420: loss 2.4932, time 94.78ms, mfu 3.96%
iter 1430: loss 2.4845, time 93.03ms, mfu 3.96%
iter 1440: loss 2.4666, time 94.35ms, mfu 3.96%
iter 1450: loss 2.4759, time 93.96ms, mfu 3.96%
iter 1460: loss 2.4764, time 107.75ms, mfu 3.91%
iter 1470: loss 2.4510, time 93.70ms, mfu 3.92%
iter 1480: loss 2.4887, time 93.49ms, mfu 3.93%
iter 1490: loss 2.4794, time 92.80ms, mfu 3.93%
step 1500: train loss 2.4054, val loss 2.4467
iter 1500: loss 2.4398, time 11815.67ms, mfu 3.54%
iter 1510: loss 2.4668, time 92.60ms, mfu 3.59%
iter 1520: loss 2.4607, time 93.86ms, mfu 3.63%
iter 1530: loss 2.4596, time 94.32ms, mfu 3.66%
iter 1540: loss 2.4828, time 93.15ms, mfu 3.70%
iter 1550: loss 2.4782, time 79.98ms, mfu 3.79%
iter 1560: loss 2.4733, time 78.39ms, mfu 3.89%
iter 1570: loss 2.4542, time 92.86ms, mfu 3.90%
iter 1580: loss 2.4468, time 93.49ms, mfu 3.91%
iter 1590: loss 2.4654, time 93.48ms, mfu 3.92%
iter 1600: loss 2.4254, time 93.00ms, mfu 3.93%
iter 1610: loss 2.4348, time 93.14ms, mfu 3.93%
iter 1620: loss 2.4182, time 79.41ms, mfu 4.01%
iter 1630: loss 2.4421, time 93.35ms, mfu 4.01%
iter 1640: loss 2.4359, time 78.65ms, mfu 4.08%
iter 1650: loss 2.4445, time 107.56ms, mfu 4.02%
iter 1660: loss 2.4246, time 93.89ms, mfu 4.01%
iter 1670: loss 2.4705, time 107.53ms, mfu 3.96%
iter 1680: loss 2.4399, time 80.05ms, mfu 4.03%
iter 1690: loss 2.4420, time 93.92ms, mfu 4.02%
iter 1700: loss 2.4366, time 93.52ms, mfu 4.02%
iter 1710: loss 2.4205, time 108.06ms, mfu 3.96%
iter 1720: loss 2.4320, time 93.25ms, mfu 3.97%
iter 1730: loss 2.4575, time 93.49ms, mfu 3.97%
iter 1740: loss 2.4659, time 92.53ms, mfu 3.97%
step 1750: train loss 2.3901, val loss 2.4390
iter 1750: loss 2.4521, time 11704.44ms, mfu 3.58%
iter 1760: loss 2.4441, time 94.19ms, mfu 3.62%
iter 1770: loss 2.4493, time 78.95ms, mfu 3.73%
iter 1780: loss 2.4325, time 107.89ms, mfu 3.70%
iter 1790: loss 2.4295, time 93.12ms, mfu 3.73%
iter 1800: loss 2.4580, time 93.31ms, mfu 3.76%
iter 1810: loss 2.4402, time 93.26ms, mfu 3.78%
iter 1820: loss 2.4666, time 92.60ms, mfu 3.80%
iter 1830: loss 2.4472, time 94.09ms, mfu 3.82%
iter 1840: loss 2.4295, time 93.41ms, mfu 3.84%
iter 1850: loss 2.4378, time 78.85ms, mfu 3.93%
iter 1860: loss 2.4479, time 92.43ms, mfu 3.94%
iter 1870: loss 2.3978, time 77.70ms, mfu 4.02%
iter 1880: loss 2.4708, time 93.05ms, mfu 4.02%
iter 1890: loss 2.4240, time 78.65ms, mfu 4.09%
iter 1900: loss 2.4246, time 108.20ms, mfu 4.03%
iter 1910: loss 2.4316, time 93.39ms, mfu 4.02%
iter 1920: loss 2.4065, time 93.80ms, mfu 4.02%
iter 1930: loss 2.4233, time 79.41ms, mfu 4.09%
iter 1940: loss 2.4129, time 78.94ms, mfu 4.15%
iter 1950: loss 2.4153, time 77.30ms, mfu 4.22%
iter 1960: loss 2.4052, time 94.00ms, mfu 4.19%
iter 1970: loss 2.3983, time 93.78ms, mfu 4.17%
iter 1980: loss 2.4193, time 107.82ms, mfu 4.10%
iter 1990: loss 2.4382, time 93.87ms, mfu 4.09%
step 2000: train loss 2.3743, val loss 2.4422
iter 2000: loss 2.4487, time 11810.39ms, mfu 3.68%
iter 2010: loss 2.4231, time 94.49ms, mfu 3.71%
iter 2020: loss 2.4097, time 94.37ms, mfu 3.73%
iter 2030: loss 2.4110, time 94.33ms, mfu 3.75%
iter 2040: loss 2.4137, time 92.68ms, mfu 3.78%
iter 2050: loss 2.4157, time 93.37ms, mfu 3.80%
iter 2060: loss 2.3954, time 92.87ms, mfu 3.82%
iter 2070: loss 2.3956, time 107.72ms, mfu 3.79%
iter 2080: loss 2.4169, time 93.96ms, mfu 3.80%
iter 2090: loss 2.4222, time 80.13ms, mfu 3.89%
iter 2100: loss 2.4232, time 93.38ms, mfu 3.90%
iter 2110: loss 2.4422, time 78.11ms, mfu 3.99%
iter 2120: loss 2.4087, time 79.56ms, mfu 4.06%
iter 2130: loss 2.3941, time 92.98ms, mfu 4.05%
iter 2140: loss 2.3989, time 94.50ms, mfu 4.04%
iter 2150: loss 2.4059, time 78.90ms, mfu 4.11%
iter 2160: loss 2.4414, time 93.48ms, mfu 4.10%
iter 2170: loss 2.4222, time 79.18ms, mfu 4.16%
iter 2180: loss 2.3983, time 94.60ms, mfu 4.14%
iter 2190: loss 2.4075, time 108.49ms, mfu 4.07%
iter 2200: loss 2.3997, time 78.29ms, mfu 4.13%
iter 2210: loss 2.4053, time 93.21ms, mfu 4.12%
iter 2220: loss 2.4050, time 94.52ms, mfu 4.10%
iter 2230: loss 2.4205, time 94.20ms, mfu 4.09%
iter 2240: loss 2.4193, time 109.10ms, mfu 4.02%
step 2250: train loss 2.3497, val loss 2.4186
iter 2250: loss 2.4215, time 11763.68ms, mfu 3.62%
iter 2260: loss 2.4093, time 93.07ms, mfu 3.66%
iter 2270: loss 2.4246, time 93.47ms, mfu 3.69%
iter 2280: loss 2.4009, time 78.64ms, mfu 3.80%
iter 2290: loss 2.4232, time 94.81ms, mfu 3.81%
iter 2300: loss 2.4342, time 92.98ms, mfu 3.83%
iter 2310: loss 2.4313, time 94.19ms, mfu 3.84%
iter 2320: loss 2.4177, time 93.69ms, mfu 3.86%
iter 2330: loss 2.3975, time 93.15ms, mfu 3.87%
iter 2340: loss 2.4009, time 93.72ms, mfu 3.88%
iter 2350: loss 2.4217, time 93.48ms, mfu 3.89%
iter 2360: loss 2.4131, time 93.57ms, mfu 3.90%
iter 2370: loss 2.3822, time 80.25ms, mfu 3.98%
iter 2380: loss 2.4024, time 108.22ms, mfu 3.92%
iter 2390: loss 2.3955, time 94.15ms, mfu 3.93%
iter 2400: loss 2.3924, time 93.67ms, mfu 3.93%
iter 2410: loss 2.4125, time 94.18ms, mfu 3.93%
iter 2420: loss 2.3822, time 94.09ms, mfu 3.94%
iter 2430: loss 2.3643, time 93.49ms, mfu 3.94%
iter 2440: loss 2.3628, time 92.66ms, mfu 3.95%
iter 2450: loss 2.3726, time 79.13ms, mfu 4.03%
iter 2460: loss 2.3998, time 94.43ms, mfu 4.02%
iter 2470: loss 2.3670, time 93.45ms, mfu 4.01%
iter 2480: loss 2.3769, time 109.35ms, mfu 3.95%
iter 2490: loss 2.3757, time 93.63ms, mfu 3.96%
step 2500: train loss 2.3230, val loss 2.4035
iter 2500: loss 2.3949, time 11804.37ms, mfu 3.56%
iter 2510: loss 2.4076, time 108.83ms, mfu 3.55%
iter 2520: loss 2.3931, time 94.34ms, mfu 3.59%
iter 2530: loss 2.3639, time 94.41ms, mfu 3.63%
iter 2540: loss 2.4087, time 94.68ms, mfu 3.66%
iter 2550: loss 2.3975, time 78.59ms, mfu 3.76%
iter 2560: loss 2.3682, time 77.70ms, mfu 3.87%
iter 2570: loss 2.3700, time 107.91ms, mfu 3.83%
iter 2580: loss 2.3820, time 94.11ms, mfu 3.84%
iter 2590: loss 2.3864, time 92.39ms, mfu 3.86%
iter 2600: loss 2.3610, time 93.89ms, mfu 3.87%
iter 2610: loss 2.3806, time 108.30ms, mfu 3.83%
iter 2620: loss 2.3908, time 80.15ms, mfu 3.91%
iter 2630: loss 2.3751, time 93.90ms, mfu 3.92%
iter 2640: loss 2.3914, time 93.83ms, mfu 3.92%
iter 2650: loss 2.3804, time 93.13ms, mfu 3.93%
iter 2660: loss 2.3562, time 93.27ms, mfu 3.94%
iter 2670: loss 2.3615, time 94.77ms, mfu 3.94%
iter 2680: loss 2.3568, time 92.88ms, mfu 3.94%
iter 2690: loss 2.3601, time 92.78ms, mfu 3.95%
iter 2700: loss 2.3543, time 93.22ms, mfu 3.95%
iter 2710: loss 2.3397, time 93.48ms, mfu 3.96%
iter 2720: loss 2.3680, time 79.01ms, mfu 4.03%
iter 2730: loss 2.3540, time 109.08ms, mfu 3.97%
iter 2740: loss 2.3656, time 94.39ms, mfu 3.97%
step 2750: train loss 2.2662, val loss 2.3429
iter 2750: loss 2.3768, time 11803.70ms, mfu 3.58%
iter 2760: loss 2.3427, time 94.54ms, mfu 3.61%
iter 2770: loss 2.3772, time 93.91ms, mfu 3.65%
iter 2780: loss 2.3414, time 105.57ms, mfu 3.64%
iter 2790: loss 2.3386, time 108.22ms, mfu 3.62%
iter 2800: loss 2.3238, time 107.50ms, mfu 3.60%
iter 2810: loss 2.3693, time 94.93ms, mfu 3.63%
iter 2820: loss 2.3475, time 107.71ms, mfu 3.62%
iter 2830: loss 2.3546, time 93.54ms, mfu 3.65%
iter 2840: loss 2.3276, time 93.79ms, mfu 3.69%
iter 2850: loss 2.3491, time 93.13ms, mfu 3.72%
iter 2860: loss 2.3390, time 93.05ms, mfu 3.75%
iter 2870: loss 2.3488, time 94.17ms, mfu 3.77%
iter 2880: loss 2.3404, time 79.52ms, mfu 3.86%
iter 2890: loss 2.3331, time 93.19ms, mfu 3.87%
iter 2900: loss 2.3642, time 92.47ms, mfu 3.89%
iter 2910: loss 2.3294, time 78.56ms, mfu 3.97%
iter 2920: loss 2.3400, time 93.76ms, mfu 3.97%
iter 2930: loss 2.3006, time 92.57ms, mfu 3.98%
iter 2940: loss 2.3359, time 107.53ms, mfu 3.93%
iter 2950: loss 2.3376, time 93.61ms, mfu 3.93%
iter 2960: loss 2.3106, time 93.51ms, mfu 3.94%
iter 2970: loss 2.3275, time 108.89ms, mfu 3.89%
iter 2980: loss 2.3416, time 94.14ms, mfu 3.89%
iter 2990: loss 2.3092, time 94.05ms, mfu 3.90%
step 3000: train loss 2.2469, val loss 2.3449
iter 3000: loss 2.3352, time 11696.77ms, mfu 3.51%
iter 3010: loss 2.3074, time 79.05ms, mfu 3.63%
iter 3020: loss 2.3267, time 94.13ms, mfu 3.67%
iter 3030: loss 2.3271, time 78.51ms, mfu 3.77%
iter 3040: loss 2.3017, time 94.34ms, mfu 3.79%
iter 3050: loss 2.2990, time 93.35ms, mfu 3.81%
iter 3060: loss 2.2929, time 78.47ms, mfu 3.91%
iter 3070: loss 2.2826, time 108.00ms, mfu 3.86%
iter 3080: loss 2.2925, time 78.60ms, mfu 3.95%
iter 3090: loss 2.3296, time 93.78ms, mfu 3.95%
iter 3100: loss 2.2777, time 93.88ms, mfu 3.95%
iter 3110: loss 2.3176, time 94.20ms, mfu 3.95%
iter 3120: loss 2.3245, time 93.49ms, mfu 3.96%
iter 3130: loss 2.2881, time 80.47ms, mfu 4.02%
iter 3140: loss 2.2682, time 92.26ms, mfu 4.03%
iter 3150: loss 2.3160, time 94.13ms, mfu 4.02%
iter 3160: loss 2.2838, time 108.84ms, mfu 3.96%
iter 3170: loss 2.2959, time 94.86ms, mfu 3.96%
iter 3180: loss 2.2644, time 78.20ms, mfu 4.04%
iter 3190: loss 2.2817, time 93.96ms, mfu 4.03%
iter 3200: loss 2.2490, time 93.66ms, mfu 4.02%
iter 3210: loss 2.2609, time 94.28ms, mfu 4.02%
iter 3220: loss 2.2654, time 93.76ms, mfu 4.01%
iter 3230: loss 2.2794, time 93.85ms, mfu 4.01%
iter 3240: loss 2.2538, time 77.92ms, mfu 4.09%
step 3250: train loss 2.1715, val loss 2.2740
iter 3250: loss 2.2545, time 11775.75ms, mfu 3.68%
iter 3260: loss 2.2488, time 108.43ms, mfu 3.66%
iter 3270: loss 2.2639, time 107.87ms, mfu 3.64%
iter 3280: loss 2.2386, time 92.33ms, mfu 3.68%
iter 3290: loss 2.2647, time 92.81ms, mfu 3.71%
iter 3300: loss 2.2418, time 93.12ms, mfu 3.74%
iter 3310: loss 2.2450, time 92.74ms, mfu 3.77%
iter 3320: loss 2.2737, time 78.73ms, mfu 3.86%
iter 3330: loss 2.2549, time 77.91ms, mfu 3.96%
iter 3340: loss 2.2567, time 93.61ms, mfu 3.96%
iter 3350: loss 2.2594, time 78.98ms, mfu 4.03%
iter 3360: loss 2.2561, time 93.86ms, mfu 4.03%
iter 3370: loss 2.2219, time 79.75ms, mfu 4.09%
iter 3380: loss 2.2694, time 92.50ms, mfu 4.09%
iter 3390: loss 2.2393, time 93.78ms, mfu 4.07%
iter 3400: loss 2.2233, time 93.36ms, mfu 4.07%
iter 3410: loss 2.2276, time 93.23ms, mfu 4.06%
iter 3420: loss 2.2391, time 108.61ms, mfu 4.00%
iter 3430: loss 2.2623, time 93.43ms, mfu 4.00%
iter 3440: loss 2.2481, time 80.54ms, mfu 4.06%
iter 3450: loss 2.2337, time 93.02ms, mfu 4.05%
iter 3460: loss 2.2318, time 92.57ms, mfu 4.05%
iter 3470: loss 2.2291, time 93.27ms, mfu 4.05%
iter 3480: loss 2.2191, time 93.47ms, mfu 4.04%
iter 3490: loss 2.2719, time 94.43ms, mfu 4.03%
step 3500: train loss 2.1669, val loss 2.2852
iter 3500: loss 2.2130, time 11741.89ms, mfu 3.63%
iter 3510: loss 2.2498, time 94.07ms, mfu 3.66%
iter 3520: loss 2.2205, time 94.93ms, mfu 3.69%
iter 3530: loss 2.2008, time 94.00ms, mfu 3.72%
iter 3540: loss 2.2360, time 93.43ms, mfu 3.74%
iter 3550: loss 2.2114, time 93.73ms, mfu 3.77%
iter 3560: loss 2.2481, time 94.23ms, mfu 3.79%
iter 3570: loss 2.2215, time 93.11ms, mfu 3.81%
iter 3580: loss 2.1928, time 93.45ms, mfu 3.83%
iter 3590: loss 2.2013, time 79.71ms, mfu 3.91%
iter 3600: loss 2.2044, time 93.18ms, mfu 3.92%
iter 3610: loss 2.2037, time 92.52ms, mfu 3.93%
iter 3620: loss 2.2170, time 93.63ms, mfu 3.93%
iter 3630: loss 2.2270, time 93.13ms, mfu 3.94%
iter 3640: loss 2.2199, time 93.14ms, mfu 3.95%
iter 3650: loss 2.2156, time 94.24ms, mfu 3.95%
iter 3660: loss 2.1802, time 109.74ms, mfu 3.89%
iter 3670: loss 2.2039, time 92.86ms, mfu 3.90%
iter 3680: loss 2.2067, time 78.48ms, mfu 3.99%
iter 3690: loss 2.2299, time 93.73ms, mfu 3.99%
iter 3700: loss 2.2299, time 108.12ms, mfu 3.93%
iter 3710: loss 2.2133, time 93.75ms, mfu 3.94%
iter 3720: loss 2.1994, time 93.68ms, mfu 3.94%
iter 3730: loss 2.1885, time 108.73ms, mfu 3.89%
iter 3740: loss 2.1911, time 107.40ms, mfu 3.85%
step 3750: train loss 2.1042, val loss 2.2295
iter 3750: loss 2.1909, time 11696.11ms, mfu 3.47%
iter 3760: loss 2.1811, time 94.79ms, mfu 3.51%
iter 3770: loss 2.1845, time 92.97ms, mfu 3.56%
iter 3780: loss 2.1992, time 93.61ms, mfu 3.60%
iter 3790: loss 2.1795, time 93.28ms, mfu 3.64%
iter 3800: loss 2.2058, time 92.59ms, mfu 3.68%
iter 3810: loss 2.2021, time 79.64ms, mfu 3.78%
iter 3820: loss 2.1764, time 94.20ms, mfu 3.80%
iter 3830: loss 2.1719, time 93.55ms, mfu 3.82%
iter 3840: loss 2.1973, time 92.43ms, mfu 3.84%
iter 3850: loss 2.1889, time 93.89ms, mfu 3.85%
iter 3860: loss 2.1665, time 93.91ms, mfu 3.86%
iter 3870: loss 2.1730, time 93.51ms, mfu 3.88%
iter 3880: loss 2.1953, time 92.47ms, mfu 3.89%
iter 3890: loss 2.2065, time 93.36ms, mfu 3.90%
iter 3900: loss 2.1743, time 93.21ms, mfu 3.91%
iter 3910: loss 2.2013, time 78.94ms, mfu 3.99%
iter 3920: loss 2.1821, time 92.09ms, mfu 4.00%
iter 3930: loss 2.1856, time 79.72ms, mfu 4.06%
iter 3940: loss 2.1371, time 79.30ms, mfu 4.13%
iter 3950: loss 2.1930, time 94.99ms, mfu 4.11%
iter 3960: loss 2.1811, time 123.30ms, mfu 4.00%
iter 3970: loss 2.1937, time 94.09ms, mfu 4.00%
iter 3980: loss 2.1568, time 93.88ms, mfu 3.99%
iter 3990: loss 2.1521, time 109.12ms, mfu 3.93%
step 4000: train loss 2.0632, val loss 2.1943
iter 4000: loss 2.1457, time 11862.62ms, mfu 3.54%
iter 4010: loss 2.1731, time 94.09ms, mfu 3.59%
iter 4020: loss 2.1580, time 107.79ms, mfu 3.57%
iter 4030: loss 2.1684, time 92.22ms, mfu 3.62%
iter 4040: loss 2.1622, time 92.85ms, mfu 3.66%
iter 4050: loss 2.1616, time 93.71ms, mfu 3.69%
iter 4060: loss 2.1401, time 93.42ms, mfu 3.72%
iter 4070: loss 2.1657, time 92.98ms, mfu 3.75%
iter 4080: loss 2.1610, time 94.37ms, mfu 3.77%
iter 4090: loss 2.1716, time 93.92ms, mfu 3.79%
iter 4100: loss 2.1373, time 92.96ms, mfu 3.81%
iter 4110: loss 2.1451, time 93.13ms, mfu 3.83%
iter 4120: loss 2.1555, time 109.53ms, mfu 3.79%
iter 4130: loss 2.1335, time 94.52ms, mfu 3.80%
iter 4140: loss 2.1423, time 93.30ms, mfu 3.82%
iter 4150: loss 2.1594, time 93.13ms, mfu 3.84%
iter 4160: loss 2.1679, time 107.46ms, mfu 3.80%
iter 4170: loss 2.1374, time 93.59ms, mfu 3.82%
iter 4180: loss 2.1677, time 93.40ms, mfu 3.84%
iter 4190: loss 2.1595, time 94.31ms, mfu 3.85%
iter 4200: loss 2.1657, time 93.92ms, mfu 3.86%
iter 4210: loss 2.1495, time 108.37ms, mfu 3.82%
iter 4220: loss 2.1409, time 93.89ms, mfu 3.83%
iter 4230: loss 2.1528, time 108.42ms, mfu 3.79%
iter 4240: loss 2.1514, time 93.44ms, mfu 3.81%
step 4250: train loss 2.0437, val loss 2.1819
iter 4250: loss 2.1500, time 11854.68ms, mfu 3.44%
iter 4260: loss 2.1264, time 93.05ms, mfu 3.49%
iter 4270: loss 2.1387, time 108.96ms, mfu 3.48%
iter 4280: loss 2.1428, time 93.88ms, mfu 3.53%
iter 4290: loss 2.1313, time 79.58ms, mfu 3.65%
iter 4300: loss 2.1610, time 93.80ms, mfu 3.68%
iter 4310: loss 2.1218, time 93.81ms, mfu 3.71%
iter 4320: loss 2.1526, time 92.71ms, mfu 3.74%
iter 4330: loss 2.1406, time 93.90ms, mfu 3.76%
iter 4340: loss 2.1542, time 93.32ms, mfu 3.79%
iter 4350: loss 2.1466, time 92.73ms, mfu 3.81%
iter 4360: loss 2.1247, time 78.86ms, mfu 3.90%
iter 4370: loss 2.1305, time 108.53ms, mfu 3.85%
iter 4380: loss 2.1278, time 109.56ms, mfu 3.81%
iter 4390: loss 2.0950, time 78.58ms, mfu 3.90%
iter 4400: loss 2.1405, time 94.04ms, mfu 3.91%
iter 4410: loss 2.1577, time 93.57ms, mfu 3.92%
iter 4420: loss 2.1333, time 79.56ms, mfu 3.99%
iter 4430: loss 2.1066, time 94.23ms, mfu 3.99%
iter 4440: loss 2.1254, time 94.42ms, mfu 3.98%
iter 4450: loss 2.1670, time 93.97ms, mfu 3.98%
iter 4460: loss 2.1319, time 108.30ms, mfu 3.93%
iter 4470: loss 2.1020, time 92.41ms, mfu 3.94%
iter 4480: loss 2.1222, time 94.78ms, mfu 3.94%
iter 4490: loss 2.1237, time 109.60ms, mfu 3.88%
step 4500: train loss 2.0272, val loss 2.1662
iter 4500: loss 2.1480, time 11758.53ms, mfu 3.50%
iter 4510: loss 2.0901, time 94.71ms, mfu 3.54%
iter 4520: loss 2.0845, time 78.95ms, mfu 3.66%
iter 4530: loss 2.1092, time 94.16ms, mfu 3.69%
iter 4540: loss 2.1233, time 108.71ms, mfu 3.66%
iter 4550: loss 2.1227, time 79.81ms, mfu 3.76%
iter 4560: loss 2.1251, time 94.70ms, mfu 3.78%
iter 4570: loss 2.1268, time 93.21ms, mfu 3.80%
iter 4580: loss 2.1007, time 78.33ms, mfu 3.90%
iter 4590: loss 2.1289, time 93.35ms, mfu 3.91%
iter 4600: loss 2.1161, time 93.32ms, mfu 3.92%
iter 4610: loss 2.1167, time 93.41ms, mfu 3.92%
iter 4620: loss 2.1149, time 106.72ms, mfu 3.88%
iter 4630: loss 2.1105, time 93.06ms, mfu 3.89%
iter 4640: loss 2.0982, time 80.22ms, mfu 3.97%
iter 4650: loss 2.0904, time 93.72ms, mfu 3.97%
iter 4660: loss 2.1228, time 94.41ms, mfu 3.97%
iter 4670: loss 2.1422, time 94.35ms, mfu 3.96%
iter 4680: loss 2.0993, time 108.65ms, mfu 3.91%
iter 4690: loss 2.1043, time 94.61ms, mfu 3.91%
iter 4700: loss 2.1455, time 79.19ms, mfu 3.99%
iter 4710: loss 2.1012, time 93.98ms, mfu 3.99%
iter 4720: loss 2.1225, time 93.87ms, mfu 3.99%
iter 4730: loss 2.1277, time 93.64ms, mfu 3.99%
iter 4740: loss 2.0875, time 94.11ms, mfu 3.98%
step 4750: train loss 1.9961, val loss 2.1401
iter 4750: loss 2.1284, time 11852.87ms, mfu 3.59%
iter 4760: loss 2.1067, time 93.30ms, mfu 3.63%
iter 4770: loss 2.1071, time 79.91ms, mfu 3.73%
iter 4780: loss 2.1246, time 92.97ms, mfu 3.76%
iter 4790: loss 2.1342, time 108.08ms, mfu 3.73%
iter 4800: loss 2.1049, time 94.41ms, mfu 3.75%
iter 4810: loss 2.0920, time 92.95ms, mfu 3.78%
iter 4820: loss 2.0959, time 108.42ms, mfu 3.74%
iter 4830: loss 2.0869, time 93.82ms, mfu 3.77%
iter 4840: loss 2.0753, time 94.65ms, mfu 3.78%
iter 4850: loss 2.1057, time 94.16ms, mfu 3.80%
iter 4860: loss 2.0879, time 93.29ms, mfu 3.82%
iter 4870: loss 2.1067, time 109.41ms, mfu 3.78%
iter 4880: loss 2.0926, time 78.25ms, mfu 3.88%
iter 4890: loss 2.1089, time 108.60ms, mfu 3.83%
iter 4900: loss 2.1238, time 92.93ms, mfu 3.85%
iter 4910: loss 2.0812, time 93.18ms, mfu 3.86%
iter 4920: loss 2.0903, time 93.15ms, mfu 3.88%
iter 4930: loss 2.0929, time 109.18ms, mfu 3.83%
iter 4940: loss 2.1099, time 93.61ms, mfu 3.85%
iter 4950: loss 2.1163, time 63.01ms, mfu 4.05%
iter 4960: loss 2.0907, time 62.87ms, mfu 4.24%
iter 4970: loss 2.0719, time 76.84ms, mfu 4.30%
iter 4980: loss 2.0997, time 62.37ms, mfu 4.47%
iter 4990: loss 2.0834, time 93.69ms, mfu 4.42%
step 5000: train loss 1.9815, val loss 2.1198
iter 5000: loss 2.1009, time 11278.53ms, mfu 3.98%
