Overriding config with config/train_shakespeare_char.py:
# train a miniature character-level shakespeare model
# good for debugging and playing on macbooks and such

out_dir = 'out-shakespeare-char'
eval_interval = 250 # keep frequent because we'll overfit
eval_iters = 200
log_interval = 10 # don't print too too often

# we expect to overfit on this small dataset, so only save when val improves
always_save_checkpoint = False

wandb_log = False # override via command line if you like
wandb_project = 'shakespeare-char'
wandb_run_name = 'mini-gpt'

dataset = 'shakespeare_char'
gradient_accumulation_steps = 1
batch_size = 64
block_size = 256 # context of up to 256 previous characters

# baby GPT model :)
n_layer = 6
n_head = 6
n_embd = 384
dropout = 0.2

learning_rate = 1e-3 # with baby networks can afford to go a bit higher
max_iters = 5000
lr_decay_iters = 5000 # make equal to max_iters usually
min_lr = 1e-4 # learning_rate / 10 usually
beta2 = 0.99 # make a bit bigger because number of tokens per iter is small

warmup_iters = 100 # not super necessary potentially

# on macbook also add
# device = 'cpu'  # run on cpu only
# compile = False # do not torch compile the model

Overriding: compile = False
Overriding: out_dir = runs\swiglu_lr1e-3
Overriding: learning_rate = 0.001
Overriding: min_lr = 0.0001
Overriding: seed = 1337
Overriding: save_checkpoint = False
Overriding: mlp_type = swiglu
tokens per iteration will be: 16,384
found vocab_size = 65 (inside data\shakespeare_char\meta.pkl)
Initializing a new model from scratch
number of parameters: 10.65M
C:\Users\86271\hw1work\nanoGPT\train.py:204: FutureWarning: `torch.cuda.amp.GradScaler(args...)` is deprecated. Please use `torch.amp.GradScaler('cuda', args...)` instead.
  scaler = torch.cuda.amp.GradScaler(enabled=(dtype == 'float16'))
num decayed parameter tensors: 26, with 10,740,096 parameters
num non-decayed parameter tensors: 13, with 4,992 parameters
using fused AdamW: True
step 0: train loss 4.3300, val loss 4.3197
iter 0: loss 4.3273, time 11979.07ms, mfu -100.00%
iter 10: loss 3.3634, time 62.85ms, mfu 5.93%
iter 20: loss 2.8955, time 77.38ms, mfu 5.82%
iter 30: loss 2.6154, time 110.07ms, mfu 5.57%
iter 40: loss 2.5409, time 108.38ms, mfu 5.36%
iter 50: loss 2.5053, time 93.43ms, mfu 5.22%
iter 60: loss 2.4784, time 107.42ms, mfu 5.05%
iter 70: loss 2.4617, time 108.58ms, mfu 4.89%
iter 80: loss 2.4512, time 110.26ms, mfu 4.74%
iter 90: loss 2.4349, time 95.57ms, mfu 4.65%
iter 100: loss 2.4185, time 94.16ms, mfu 4.58%
iter 110: loss 2.3842, time 109.09ms, mfu 4.47%
iter 120: loss 2.3678, time 109.09ms, mfu 4.36%
iter 130: loss 2.3767, time 108.23ms, mfu 4.27%
iter 140: loss 2.3289, time 108.63ms, mfu 4.19%
iter 150: loss 2.3116, time 78.71ms, mfu 4.24%
iter 160: loss 2.3125, time 78.12ms, mfu 4.29%
iter 170: loss 2.2663, time 108.65ms, mfu 4.21%
iter 180: loss 2.2529, time 92.63ms, mfu 4.19%
iter 190: loss 2.1874, time 110.10ms, mfu 4.11%
iter 200: loss 2.1390, time 109.70ms, mfu 4.04%
iter 210: loss 2.0620, time 107.66ms, mfu 3.98%
iter 220: loss 2.0152, time 93.35ms, mfu 3.98%
iter 230: loss 1.9475, time 108.85ms, mfu 3.92%
iter 240: loss 1.9144, time 108.68ms, mfu 3.88%
step 250: train loss 1.8156, val loss 1.9546
iter 250: loss 1.8844, time 12818.69ms, mfu 3.49%
iter 260: loss 1.8680, time 109.11ms, mfu 3.48%
iter 270: loss 1.7992, time 109.41ms, mfu 3.48%
iter 280: loss 1.7762, time 64.40ms, mfu 3.71%
iter 290: loss 1.7789, time 77.60ms, mfu 3.82%
iter 300: loss 1.7530, time 76.27ms, mfu 3.92%
iter 310: loss 1.7193, time 62.69ms, mfu 4.12%
iter 320: loss 1.7000, time 95.27ms, mfu 4.10%
iter 330: loss 1.6748, time 108.14ms, mfu 4.04%
iter 340: loss 1.6896, time 93.32ms, mfu 4.03%
iter 350: loss 1.6101, time 107.89ms, mfu 3.98%
iter 360: loss 1.5905, time 94.82ms, mfu 3.97%
iter 370: loss 1.6200, time 93.62ms, mfu 3.97%
iter 380: loss 1.6033, time 94.48ms, mfu 3.97%
iter 390: loss 1.5874, time 107.68ms, mfu 3.92%
iter 400: loss 1.5847, time 108.38ms, mfu 3.87%
iter 410: loss 1.5976, time 93.20ms, mfu 3.88%
iter 420: loss 1.5364, time 94.13ms, mfu 3.89%
iter 430: loss 1.5392, time 108.13ms, mfu 3.85%
iter 440: loss 1.5336, time 94.21ms, mfu 3.86%
iter 450: loss 1.5392, time 93.25ms, mfu 3.87%
iter 460: loss 1.5024, time 110.12ms, mfu 3.82%
iter 470: loss 1.5336, time 109.79ms, mfu 3.78%
iter 480: loss 1.5229, time 109.86ms, mfu 3.74%
iter 490: loss 1.4893, time 125.52ms, mfu 3.66%
step 500: train loss 1.4117, val loss 1.6172
iter 500: loss 1.4850, time 13211.83ms, mfu 3.30%
iter 510: loss 1.4905, time 108.69ms, mfu 3.31%
iter 520: loss 1.5093, time 109.79ms, mfu 3.32%
iter 530: loss 1.4777, time 109.58ms, mfu 3.33%
iter 540: loss 1.4573, time 93.26ms, mfu 3.40%
iter 550: loss 1.4906, time 93.97ms, mfu 3.45%
iter 560: loss 1.4343, time 108.54ms, mfu 3.45%
iter 570: loss 1.4290, time 125.17ms, mfu 3.40%
iter 580: loss 1.4119, time 93.08ms, mfu 3.46%
iter 590: loss 1.4479, time 92.24ms, mfu 3.52%
iter 600: loss 1.4099, time 94.00ms, mfu 3.57%
iter 610: loss 1.4152, time 93.21ms, mfu 3.61%
iter 620: loss 1.4049, time 94.52ms, mfu 3.64%
iter 630: loss 1.4263, time 94.51ms, mfu 3.67%
iter 640: loss 1.4181, time 108.44ms, mfu 3.65%
iter 650: loss 1.3960, time 108.86ms, mfu 3.63%
iter 660: loss 1.4204, time 109.76ms, mfu 3.60%
iter 670: loss 1.3975, time 107.75ms, mfu 3.59%
iter 680: loss 1.3775, time 109.23ms, mfu 3.57%
iter 690: loss 1.3697, time 108.86ms, mfu 3.56%
iter 700: loss 1.3729, time 108.68ms, mfu 3.54%
iter 710: loss 1.3515, time 93.35ms, mfu 3.59%
iter 720: loss 1.3651, time 123.59ms, mfu 3.53%
iter 730: loss 1.3548, time 109.48ms, mfu 3.52%
iter 740: loss 1.3535, time 107.99ms, mfu 3.51%
step 750: train loss 1.2896, val loss 1.5431
iter 750: loss 1.3555, time 13267.54ms, mfu 3.16%
iter 760: loss 1.3515, time 109.97ms, mfu 3.19%
iter 770: loss 1.3493, time 108.82ms, mfu 3.21%
iter 780: loss 1.3463, time 108.34ms, mfu 3.23%
iter 790: loss 1.3376, time 94.37ms, mfu 3.30%
iter 800: loss 1.3524, time 108.09ms, mfu 3.32%
iter 810: loss 1.3196, time 93.25ms, mfu 3.39%
iter 820: loss 1.2965, time 93.47ms, mfu 3.45%
iter 830: loss 1.3052, time 93.23ms, mfu 3.50%
iter 840: loss 1.3426, time 109.22ms, mfu 3.49%
iter 850: loss 1.3175, time 108.70ms, mfu 3.49%
iter 860: loss 1.3158, time 93.20ms, mfu 3.54%
iter 870: loss 1.3277, time 108.93ms, mfu 3.53%
iter 880: loss 1.2887, time 108.35ms, mfu 3.52%
iter 890: loss 1.3213, time 93.40ms, mfu 3.56%
iter 900: loss 1.2833, time 108.47ms, mfu 3.55%
iter 910: loss 1.2767, time 94.97ms, mfu 3.59%
iter 920: loss 1.3123, time 108.85ms, mfu 3.57%
iter 930: loss 1.2750, time 108.92ms, mfu 3.56%
iter 940: loss 1.2938, time 108.03ms, mfu 3.55%
iter 950: loss 1.3146, time 94.58ms, mfu 3.59%
iter 960: loss 1.2786, time 94.29ms, mfu 3.62%
iter 970: loss 1.2888, time 108.56ms, mfu 3.60%
iter 980: loss 1.2887, time 108.70ms, mfu 3.59%
iter 990: loss 1.2649, time 109.39ms, mfu 3.57%
step 1000: train loss 1.2116, val loss 1.5005
iter 1000: loss 1.2752, time 13057.49ms, mfu 3.21%
iter 1010: loss 1.2822, time 108.26ms, mfu 3.24%
iter 1020: loss 1.2221, time 94.28ms, mfu 3.31%
iter 1030: loss 1.2691, time 93.80ms, mfu 3.37%
iter 1040: loss 1.2562, time 95.16ms, mfu 3.43%
iter 1050: loss 1.2720, time 108.54ms, mfu 3.43%
iter 1060: loss 1.2549, time 108.89ms, mfu 3.43%
iter 1070: loss 1.2670, time 108.83ms, mfu 3.43%
iter 1080: loss 1.2469, time 93.06ms, mfu 3.49%
iter 1090: loss 1.2687, time 110.03ms, mfu 3.48%
iter 1100: loss 1.2602, time 94.22ms, mfu 3.52%
iter 1110: loss 1.2638, time 108.54ms, mfu 3.51%
iter 1120: loss 1.2316, time 108.62ms, mfu 3.51%
iter 1130: loss 1.2666, time 79.39ms, mfu 3.62%
iter 1140: loss 1.2305, time 94.67ms, mfu 3.66%
iter 1150: loss 1.3001, time 108.48ms, mfu 3.63%
iter 1160: loss 1.2634, time 93.67ms, mfu 3.67%
iter 1170: loss 1.2725, time 93.94ms, mfu 3.70%
iter 1180: loss 1.2581, time 93.34ms, mfu 3.73%
iter 1190: loss 1.2522, time 108.27ms, mfu 3.70%
iter 1200: loss 1.2235, time 109.25ms, mfu 3.67%
iter 1210: loss 1.2273, time 109.65ms, mfu 3.64%
iter 1220: loss 1.2139, time 123.74ms, mfu 3.58%
iter 1230: loss 1.2347, time 110.14ms, mfu 3.56%
iter 1240: loss 1.2456, time 108.75ms, mfu 3.55%
step 1250: train loss 1.1519, val loss 1.4913
iter 1250: loss 1.2259, time 13198.72ms, mfu 3.19%
iter 1260: loss 1.2194, time 93.61ms, mfu 3.27%
iter 1270: loss 1.2316, time 95.16ms, mfu 3.34%
iter 1280: loss 1.2135, time 93.42ms, mfu 3.40%
iter 1290: loss 1.2243, time 108.93ms, mfu 3.40%
iter 1300: loss 1.2115, time 94.11ms, mfu 3.46%
iter 1310: loss 1.2352, time 107.92ms, mfu 3.46%
iter 1320: loss 1.2497, time 108.71ms, mfu 3.46%
iter 1330: loss 1.2220, time 109.24ms, mfu 3.45%
iter 1340: loss 1.1897, time 109.18ms, mfu 3.45%
iter 1350: loss 1.2189, time 108.66ms, mfu 3.45%
iter 1360: loss 1.2239, time 93.71ms, mfu 3.50%
iter 1370: loss 1.1893, time 108.72ms, mfu 3.49%
iter 1380: loss 1.2124, time 94.43ms, mfu 3.54%
iter 1390: loss 1.2190, time 93.80ms, mfu 3.58%
iter 1400: loss 1.1750, time 108.80ms, mfu 3.57%
iter 1410: loss 1.2141, time 93.90ms, mfu 3.61%
iter 1420: loss 1.1916, time 108.30ms, mfu 3.59%
iter 1430: loss 1.1626, time 108.68ms, mfu 3.57%
iter 1440: loss 1.1638, time 109.39ms, mfu 3.56%
iter 1450: loss 1.2034, time 108.68ms, mfu 3.54%
iter 1460: loss 1.1566, time 108.88ms, mfu 3.53%
iter 1470: loss 1.1660, time 108.71ms, mfu 3.52%
iter 1480: loss 1.2038, time 109.44ms, mfu 3.51%
iter 1490: loss 1.1589, time 94.52ms, mfu 3.55%
step 1500: train loss 1.0974, val loss 1.4900
iter 1500: loss 1.1518, time 13155.37ms, mfu 3.20%
iter 1510: loss 1.1523, time 108.49ms, mfu 3.22%
iter 1520: loss 1.1760, time 109.18ms, mfu 3.24%
iter 1530: loss 1.1803, time 108.54ms, mfu 3.26%
iter 1540: loss 1.1800, time 109.04ms, mfu 3.28%
iter 1550: loss 1.1585, time 109.03ms, mfu 3.29%
iter 1560: loss 1.1533, time 94.50ms, mfu 3.36%
iter 1570: loss 1.1294, time 94.25ms, mfu 3.42%
iter 1580: loss 1.1497, time 93.93ms, mfu 3.47%
iter 1590: loss 1.1694, time 107.61ms, mfu 3.47%
iter 1600: loss 1.1396, time 108.93ms, mfu 3.47%
iter 1610: loss 1.1573, time 108.70ms, mfu 3.46%
iter 1620: loss 1.1738, time 93.19ms, mfu 3.52%
iter 1630: loss 1.1328, time 108.15ms, mfu 3.51%
iter 1640: loss 1.1751, time 108.66ms, mfu 3.50%
iter 1650: loss 1.1419, time 78.79ms, mfu 3.62%
iter 1660: loss 1.1371, time 93.58ms, mfu 3.66%
iter 1670: loss 1.1529, time 108.55ms, mfu 3.64%
iter 1680: loss 1.1306, time 93.54ms, mfu 3.67%
iter 1690: loss 1.1479, time 94.00ms, mfu 3.70%
iter 1700: loss 1.1252, time 93.64ms, mfu 3.73%
iter 1710: loss 1.1254, time 108.67ms, mfu 3.70%
iter 1720: loss 1.1216, time 79.16ms, mfu 3.80%
iter 1730: loss 1.1511, time 109.80ms, mfu 3.76%
iter 1740: loss 1.1444, time 108.96ms, mfu 3.72%
step 1750: train loss 1.0478, val loss 1.4945
iter 1750: loss 1.1338, time 13208.29ms, mfu 3.36%
iter 1760: loss 1.1226, time 109.21ms, mfu 3.36%
iter 1770: loss 1.1295, time 93.56ms, mfu 3.42%
iter 1780: loss 1.1332, time 94.46ms, mfu 3.48%
iter 1790: loss 1.1482, time 108.56ms, mfu 3.47%
iter 1800: loss 1.1181, time 94.88ms, mfu 3.52%
iter 1810: loss 1.1210, time 94.37ms, mfu 3.56%
iter 1820: loss 1.0793, time 108.77ms, mfu 3.55%
iter 1830: loss 1.1109, time 108.98ms, mfu 3.53%
iter 1840: loss 1.0963, time 93.11ms, mfu 3.58%
iter 1850: loss 1.1220, time 93.99ms, mfu 3.62%
iter 1860: loss 1.1125, time 93.28ms, mfu 3.66%
iter 1870: loss 1.1184, time 109.07ms, mfu 3.63%
iter 1880: loss 1.1018, time 109.84ms, mfu 3.61%
iter 1890: loss 1.1132, time 109.27ms, mfu 3.59%
iter 1900: loss 1.1144, time 107.98ms, mfu 3.57%
iter 1910: loss 1.0898, time 107.77ms, mfu 3.56%
iter 1920: loss 1.1113, time 93.68ms, mfu 3.60%
iter 1930: loss 1.1113, time 94.63ms, mfu 3.64%
iter 1940: loss 1.1090, time 94.82ms, mfu 3.67%
iter 1950: loss 1.1015, time 124.02ms, mfu 3.60%
iter 1960: loss 1.1036, time 93.24ms, mfu 3.64%
iter 1970: loss 1.1079, time 94.26ms, mfu 3.67%
iter 1980: loss 1.1278, time 108.94ms, mfu 3.65%
iter 1990: loss 1.0670, time 93.13ms, mfu 3.68%
step 2000: train loss 0.9955, val loss 1.5194
iter 2000: loss 1.1334, time 13098.49ms, mfu 3.32%
iter 2010: loss 1.0982, time 123.90ms, mfu 3.29%
iter 2020: loss 1.0978, time 110.10ms, mfu 3.30%
iter 2030: loss 1.0644, time 108.26ms, mfu 3.31%
iter 2040: loss 1.0747, time 93.29ms, mfu 3.38%
iter 2050: loss 1.0639, time 108.23ms, mfu 3.39%
iter 2060: loss 1.0628, time 93.84ms, mfu 3.44%
iter 2070: loss 1.0695, time 109.49ms, mfu 3.44%
iter 2080: loss 1.0737, time 94.20ms, mfu 3.49%
iter 2090: loss 1.0451, time 93.40ms, mfu 3.54%
iter 2100: loss 1.0765, time 108.40ms, mfu 3.53%
iter 2110: loss 1.0404, time 94.92ms, mfu 3.57%
iter 2120: loss 1.0349, time 93.35ms, mfu 3.61%
iter 2130: loss 1.0853, time 108.01ms, mfu 3.60%
iter 2140: loss 1.0721, time 94.46ms, mfu 3.63%
iter 2150: loss 1.0265, time 93.59ms, mfu 3.67%
iter 2160: loss 1.0482, time 109.62ms, mfu 3.64%
iter 2170: loss 1.0487, time 94.01ms, mfu 3.67%
iter 2180: loss 1.0707, time 94.08ms, mfu 3.70%
iter 2190: loss 1.0645, time 94.20ms, mfu 3.73%
iter 2200: loss 1.0784, time 109.31ms, mfu 3.69%
iter 2210: loss 1.0570, time 93.90ms, mfu 3.72%
iter 2220: loss 1.0445, time 108.36ms, mfu 3.69%
iter 2230: loss 1.0459, time 110.54ms, mfu 3.66%
iter 2240: loss 1.0589, time 109.25ms, mfu 3.64%
step 2250: train loss 0.9388, val loss 1.5506
iter 2250: loss 1.0036, time 13221.55ms, mfu 3.28%
iter 2260: loss 1.0383, time 108.60ms, mfu 3.29%
iter 2270: loss 1.0543, time 109.11ms, mfu 3.30%
iter 2280: loss 1.0311, time 107.88ms, mfu 3.32%
iter 2290: loss 1.0404, time 108.35ms, mfu 3.33%
iter 2300: loss 1.0577, time 93.07ms, mfu 3.40%
iter 2310: loss 1.0529, time 94.09ms, mfu 3.45%
iter 2320: loss 1.0298, time 109.98ms, mfu 3.45%
iter 2330: loss 1.0673, time 93.26ms, mfu 3.50%
iter 2340: loss 1.0329, time 106.59ms, mfu 3.50%
iter 2350: loss 1.0215, time 94.22ms, mfu 3.55%
iter 2360: loss 1.0131, time 109.04ms, mfu 3.53%
iter 2370: loss 1.0565, time 94.09ms, mfu 3.58%
iter 2380: loss 1.0172, time 93.96ms, mfu 3.62%
iter 2390: loss 1.0264, time 78.97ms, mfu 3.73%
iter 2400: loss 1.0077, time 93.44ms, mfu 3.75%
iter 2410: loss 1.0229, time 94.50ms, mfu 3.77%
iter 2420: loss 1.0497, time 94.53ms, mfu 3.79%
iter 2430: loss 1.0344, time 109.96ms, mfu 3.75%
iter 2440: loss 1.0143, time 93.21ms, mfu 3.77%
iter 2450: loss 1.0021, time 108.14ms, mfu 3.74%
iter 2460: loss 1.0131, time 94.55ms, mfu 3.76%
iter 2470: loss 0.9900, time 94.96ms, mfu 3.78%
iter 2480: loss 1.0299, time 94.25ms, mfu 3.79%
iter 2490: loss 1.0395, time 109.00ms, mfu 3.76%
step 2500: train loss 0.8850, val loss 1.5735
iter 2500: loss 1.0268, time 13106.33ms, mfu 3.38%
iter 2510: loss 1.0323, time 109.86ms, mfu 3.38%
iter 2520: loss 1.0163, time 109.27ms, mfu 3.39%
iter 2530: loss 1.0074, time 109.93ms, mfu 3.39%
iter 2540: loss 1.0044, time 93.83ms, mfu 3.45%
iter 2550: loss 1.0158, time 109.59ms, mfu 3.44%
iter 2560: loss 0.9931, time 108.12ms, mfu 3.44%
iter 2570: loss 0.9885, time 109.03ms, mfu 3.44%
iter 2580: loss 0.9996, time 108.39ms, mfu 3.44%
iter 2590: loss 0.9767, time 108.76ms, mfu 3.44%
iter 2600: loss 0.9647, time 93.78ms, mfu 3.49%
iter 2610: loss 0.9678, time 94.08ms, mfu 3.54%
iter 2620: loss 0.9671, time 93.32ms, mfu 3.58%
iter 2630: loss 0.9876, time 93.65ms, mfu 3.62%
iter 2640: loss 0.9683, time 93.70ms, mfu 3.66%
iter 2650: loss 0.9926, time 109.24ms, mfu 3.63%
iter 2660: loss 1.0208, time 94.22ms, mfu 3.67%
iter 2670: loss 0.9919, time 108.32ms, mfu 3.64%
iter 2680: loss 0.9773, time 123.19ms, mfu 3.58%
iter 2690: loss 0.9274, time 93.87ms, mfu 3.62%
iter 2700: loss 0.9668, time 94.16ms, mfu 3.65%
iter 2710: loss 0.9730, time 109.15ms, mfu 3.63%
iter 2720: loss 0.9554, time 109.29ms, mfu 3.61%
iter 2730: loss 0.9795, time 92.84ms, mfu 3.65%
iter 2740: loss 0.9522, time 108.74ms, mfu 3.63%
step 2750: train loss 0.8330, val loss 1.6055
iter 2750: loss 0.9342, time 13305.60ms, mfu 3.27%
iter 2760: loss 0.9531, time 93.89ms, mfu 3.34%
iter 2770: loss 0.9720, time 108.67ms, mfu 3.35%
iter 2780: loss 0.9675, time 108.77ms, mfu 3.35%
iter 2790: loss 0.9465, time 109.75ms, mfu 3.36%
iter 2800: loss 0.9722, time 108.24ms, mfu 3.37%
iter 2810: loss 0.9448, time 94.63ms, mfu 3.42%
iter 2820: loss 0.9431, time 93.75ms, mfu 3.48%
iter 2830: loss 0.9774, time 93.96ms, mfu 3.53%
iter 2840: loss 0.9506, time 92.90ms, mfu 3.58%
iter 2850: loss 0.9438, time 94.79ms, mfu 3.61%
iter 2860: loss 0.9119, time 93.76ms, mfu 3.65%
iter 2870: loss 0.9344, time 94.21ms, mfu 3.68%
iter 2880: loss 0.9463, time 93.38ms, mfu 3.71%
iter 2890: loss 0.9488, time 93.70ms, mfu 3.74%
iter 2900: loss 0.9413, time 93.40ms, mfu 3.76%
iter 2910: loss 0.9309, time 109.28ms, mfu 3.73%
iter 2920: loss 0.9389, time 93.79ms, mfu 3.75%
iter 2930: loss 0.9409, time 109.35ms, mfu 3.72%
iter 2940: loss 0.9130, time 110.15ms, mfu 3.68%
iter 2950: loss 0.9162, time 108.73ms, mfu 3.66%
iter 2960: loss 0.9243, time 110.37ms, mfu 3.63%
iter 2970: loss 0.9290, time 108.53ms, mfu 3.61%
iter 2980: loss 0.9343, time 94.16ms, mfu 3.64%
iter 2990: loss 0.9525, time 94.94ms, mfu 3.67%
step 3000: train loss 0.7767, val loss 1.6379
iter 3000: loss 0.9010, time 13170.78ms, mfu 3.31%
iter 3010: loss 0.9332, time 93.87ms, mfu 3.37%
iter 3020: loss 0.9241, time 109.53ms, mfu 3.38%
iter 3030: loss 0.9163, time 108.60ms, mfu 3.38%
iter 3040: loss 0.9309, time 108.25ms, mfu 3.39%
iter 3050: loss 0.9022, time 93.98ms, mfu 3.45%
iter 3060: loss 0.9260, time 78.34ms, mfu 3.58%
iter 3070: loss 0.9059, time 93.82ms, mfu 3.62%
iter 3080: loss 0.9070, time 108.44ms, mfu 3.60%
iter 3090: loss 0.9299, time 108.01ms, mfu 3.58%
iter 3100: loss 0.9197, time 108.68ms, mfu 3.57%
iter 3110: loss 0.8805, time 108.37ms, mfu 3.56%
iter 3120: loss 0.9245, time 93.40ms, mfu 3.60%
iter 3130: loss 0.8859, time 93.35ms, mfu 3.64%
iter 3140: loss 0.9141, time 94.28ms, mfu 3.67%
iter 3150: loss 0.9068, time 109.93ms, mfu 3.64%
iter 3160: loss 0.9455, time 107.98ms, mfu 3.62%
iter 3170: loss 0.9240, time 94.95ms, mfu 3.65%
iter 3180: loss 0.8604, time 109.16ms, mfu 3.63%
iter 3190: loss 0.8989, time 108.93ms, mfu 3.61%
iter 3200: loss 0.9106, time 109.56ms, mfu 3.59%
iter 3210: loss 0.8744, time 109.44ms, mfu 3.57%
iter 3220: loss 0.9021, time 123.02ms, mfu 3.51%
iter 3230: loss 0.8819, time 123.69ms, mfu 3.46%
iter 3240: loss 0.8635, time 93.92ms, mfu 3.51%
step 3250: train loss 0.7297, val loss 1.6842
iter 3250: loss 0.8757, time 13247.15ms, mfu 3.17%
iter 3260: loss 0.8661, time 94.89ms, mfu 3.24%
iter 3270: loss 0.9080, time 109.23ms, mfu 3.26%
iter 3280: loss 0.8733, time 109.04ms, mfu 3.28%
iter 3290: loss 0.8888, time 109.84ms, mfu 3.29%
iter 3300: loss 0.8665, time 95.25ms, mfu 3.35%
iter 3310: loss 0.8988, time 93.82ms, mfu 3.41%
iter 3320: loss 0.8745, time 93.80ms, mfu 3.47%
iter 3330: loss 0.8938, time 108.14ms, mfu 3.47%
iter 3340: loss 0.8959, time 92.70ms, mfu 3.52%
iter 3350: loss 0.8680, time 108.80ms, mfu 3.51%
iter 3360: loss 0.8824, time 109.15ms, mfu 3.50%
iter 3370: loss 0.9008, time 93.84ms, mfu 3.55%
iter 3380: loss 0.8912, time 94.05ms, mfu 3.59%
iter 3390: loss 0.8706, time 93.40ms, mfu 3.63%
iter 3400: loss 0.8662, time 94.04ms, mfu 3.66%
iter 3410: loss 0.8617, time 94.53ms, mfu 3.69%
iter 3420: loss 0.8633, time 108.34ms, mfu 3.67%
iter 3430: loss 0.8942, time 109.68ms, mfu 3.64%
iter 3440: loss 0.8706, time 108.24ms, mfu 3.62%
iter 3450: loss 0.8729, time 125.27ms, mfu 3.55%
iter 3460: loss 0.8776, time 109.48ms, mfu 3.54%
iter 3470: loss 0.8524, time 109.92ms, mfu 3.52%
iter 3480: loss 0.8414, time 108.39ms, mfu 3.52%
iter 3490: loss 0.8383, time 96.08ms, mfu 3.55%
step 3500: train loss 0.6812, val loss 1.7113
iter 3500: loss 0.8613, time 13214.75ms, mfu 3.20%
iter 3510: loss 0.8433, time 108.66ms, mfu 3.22%
iter 3520: loss 0.8521, time 93.10ms, mfu 3.30%
iter 3530: loss 0.8504, time 94.13ms, mfu 3.37%
iter 3540: loss 0.8370, time 109.28ms, mfu 3.37%
iter 3550: loss 0.8574, time 94.26ms, mfu 3.43%
iter 3560: loss 0.8363, time 108.77ms, mfu 3.43%
iter 3570: loss 0.8537, time 93.81ms, mfu 3.48%
iter 3580: loss 0.8580, time 94.01ms, mfu 3.53%
iter 3590: loss 0.8191, time 93.39ms, mfu 3.58%
iter 3600: loss 0.8241, time 95.00ms, mfu 3.61%
iter 3610: loss 0.8559, time 93.11ms, mfu 3.65%
iter 3620: loss 0.8231, time 93.51ms, mfu 3.68%
iter 3630: loss 0.8342, time 107.96ms, mfu 3.66%
iter 3640: loss 0.8280, time 108.96ms, mfu 3.64%
iter 3650: loss 0.8453, time 107.76ms, mfu 3.62%
iter 3660: loss 0.8240, time 109.50ms, mfu 3.60%
iter 3670: loss 0.8567, time 124.42ms, mfu 3.54%
iter 3680: loss 0.8312, time 110.06ms, mfu 3.52%
iter 3690: loss 0.8211, time 109.64ms, mfu 3.51%
iter 3700: loss 0.8326, time 110.06ms, mfu 3.50%
iter 3710: loss 0.8343, time 110.57ms, mfu 3.48%
iter 3720: loss 0.8078, time 109.46ms, mfu 3.48%
iter 3730: loss 0.8015, time 110.43ms, mfu 3.47%
iter 3740: loss 0.8141, time 108.37ms, mfu 3.46%
step 3750: train loss 0.6406, val loss 1.7468
iter 3750: loss 0.8365, time 13254.15ms, mfu 3.12%
iter 3760: loss 0.7987, time 109.57ms, mfu 3.15%
iter 3770: loss 0.8428, time 108.07ms, mfu 3.18%
iter 3780: loss 0.8086, time 109.66ms, mfu 3.20%
iter 3790: loss 0.8176, time 94.97ms, mfu 3.27%
iter 3800: loss 0.8364, time 108.43ms, mfu 3.29%
iter 3810: loss 0.8306, time 124.64ms, mfu 3.26%
iter 3820: loss 0.8406, time 107.43ms, mfu 3.28%
iter 3830: loss 0.8089, time 109.32ms, mfu 3.29%
iter 3840: loss 0.8200, time 94.65ms, mfu 3.36%
iter 3850: loss 0.8094, time 95.01ms, mfu 3.41%
iter 3860: loss 0.8105, time 94.06ms, mfu 3.47%
iter 3870: loss 0.7990, time 108.85ms, mfu 3.46%
iter 3880: loss 0.8230, time 93.74ms, mfu 3.51%
iter 3890: loss 0.8169, time 93.73ms, mfu 3.56%
iter 3900: loss 0.8119, time 93.44ms, mfu 3.60%
iter 3910: loss 0.8202, time 107.92ms, mfu 3.59%
iter 3920: loss 0.8146, time 123.63ms, mfu 3.53%
iter 3930: loss 0.8134, time 109.88ms, mfu 3.52%
iter 3940: loss 0.8188, time 108.72ms, mfu 3.51%
iter 3950: loss 0.7983, time 93.55ms, mfu 3.56%
iter 3960: loss 0.7945, time 109.58ms, mfu 3.54%
iter 3970: loss 0.7992, time 94.04ms, mfu 3.58%
iter 3980: loss 0.8186, time 109.42ms, mfu 3.56%
iter 3990: loss 0.8062, time 92.88ms, mfu 3.61%
step 4000: train loss 0.6080, val loss 1.7847
iter 4000: loss 0.8088, time 13114.63ms, mfu 3.25%
iter 4010: loss 0.8003, time 108.76ms, mfu 3.27%
iter 4020: loss 0.7753, time 123.85ms, mfu 3.24%
iter 4030: loss 0.8090, time 108.36ms, mfu 3.26%
iter 4040: loss 0.8016, time 93.47ms, mfu 3.33%
iter 4050: loss 0.8004, time 93.00ms, mfu 3.40%
iter 4060: loss 0.8015, time 94.99ms, mfu 3.45%
iter 4070: loss 0.8091, time 108.39ms, mfu 3.45%
iter 4080: loss 0.7854, time 94.79ms, mfu 3.50%
iter 4090: loss 0.7706, time 94.22ms, mfu 3.55%
iter 4100: loss 0.7816, time 93.35ms, mfu 3.59%
iter 4110: loss 0.7971, time 94.49ms, mfu 3.63%
iter 4120: loss 0.7679, time 92.93ms, mfu 3.66%
iter 4130: loss 0.7799, time 93.88ms, mfu 3.69%
iter 4140: loss 0.8020, time 93.28ms, mfu 3.72%
iter 4150: loss 0.7797, time 124.57ms, mfu 3.65%
iter 4160: loss 0.7964, time 108.34ms, mfu 3.63%
iter 4170: loss 0.7727, time 108.83ms, mfu 3.61%
iter 4180: loss 0.7474, time 79.28ms, mfu 3.72%
iter 4190: loss 0.7889, time 108.96ms, mfu 3.69%
iter 4200: loss 0.7825, time 93.69ms, mfu 3.72%
iter 4210: loss 0.7834, time 95.03ms, mfu 3.74%
iter 4220: loss 0.7808, time 109.02ms, mfu 3.71%
iter 4230: loss 0.7860, time 94.01ms, mfu 3.73%
iter 4240: loss 0.7854, time 108.38ms, mfu 3.70%
step 4250: train loss 0.5764, val loss 1.8072
iter 4250: loss 0.7674, time 13209.34ms, mfu 3.33%
iter 4260: loss 0.7654, time 93.26ms, mfu 3.40%
iter 4270: loss 0.7703, time 95.78ms, mfu 3.45%
iter 4280: loss 0.7593, time 93.69ms, mfu 3.50%
iter 4290: loss 0.7989, time 109.89ms, mfu 3.49%
iter 4300: loss 0.7796, time 108.38ms, mfu 3.49%
iter 4310: loss 0.7853, time 108.97ms, mfu 3.48%
iter 4320: loss 0.7806, time 93.71ms, mfu 3.53%
iter 4330: loss 0.7764, time 93.82ms, mfu 3.57%
iter 4340: loss 0.7456, time 93.90ms, mfu 3.61%
iter 4350: loss 0.7722, time 93.93ms, mfu 3.65%
iter 4360: loss 0.7690, time 109.47ms, mfu 3.62%
iter 4370: loss 0.7644, time 79.98ms, mfu 3.73%
iter 4380: loss 0.7600, time 93.09ms, mfu 3.75%
iter 4390: loss 0.7772, time 107.89ms, mfu 3.72%
iter 4400: loss 0.7667, time 94.28ms, mfu 3.75%
iter 4410: loss 0.7670, time 108.30ms, mfu 3.72%
iter 4420: loss 0.7721, time 108.54ms, mfu 3.69%
iter 4430: loss 0.7650, time 95.60ms, mfu 3.71%
iter 4440: loss 0.7538, time 94.70ms, mfu 3.73%
iter 4450: loss 0.7267, time 108.48ms, mfu 3.70%
iter 4460: loss 0.7813, time 94.78ms, mfu 3.73%
iter 4470: loss 0.7608, time 107.75ms, mfu 3.70%
iter 4480: loss 0.7519, time 109.13ms, mfu 3.67%
iter 4490: loss 0.7654, time 110.05ms, mfu 3.64%
step 4500: train loss 0.5555, val loss 1.8320
iter 4500: loss 0.7619, time 13228.30ms, mfu 3.28%
iter 4510: loss 0.7487, time 108.87ms, mfu 3.29%
iter 4520: loss 0.7520, time 109.25ms, mfu 3.31%
iter 4530: loss 0.7523, time 108.37ms, mfu 3.32%
iter 4540: loss 0.7555, time 108.77ms, mfu 3.33%
iter 4550: loss 0.7623, time 108.93ms, mfu 3.34%
iter 4560: loss 0.7487, time 108.77ms, mfu 3.35%
iter 4570: loss 0.7592, time 77.89ms, mfu 3.49%
iter 4580: loss 0.7613, time 109.26ms, mfu 3.48%
iter 4590: loss 0.7581, time 94.79ms, mfu 3.53%
iter 4600: loss 0.7374, time 93.49ms, mfu 3.57%
iter 4610: loss 0.7446, time 94.16ms, mfu 3.61%
iter 4620: loss 0.7305, time 93.24ms, mfu 3.65%
iter 4630: loss 0.7435, time 93.66ms, mfu 3.68%
iter 4640: loss 0.7389, time 93.84ms, mfu 3.71%
iter 4650: loss 0.7626, time 94.15ms, mfu 3.74%
iter 4660: loss 0.7530, time 108.73ms, mfu 3.71%
iter 4670: loss 0.7477, time 93.10ms, mfu 3.74%
iter 4680: loss 0.7503, time 94.87ms, mfu 3.75%
iter 4690: loss 0.7425, time 108.77ms, mfu 3.72%
iter 4700: loss 0.7538, time 108.35ms, mfu 3.69%
iter 4710: loss 0.7558, time 94.09ms, mfu 3.72%
iter 4720: loss 0.7471, time 109.00ms, mfu 3.69%
iter 4730: loss 0.7642, time 93.62ms, mfu 3.72%
iter 4740: loss 0.7361, time 93.32ms, mfu 3.75%
step 4750: train loss 0.5320, val loss 1.8665
iter 4750: loss 0.7248, time 13082.57ms, mfu 3.37%
iter 4760: loss 0.7468, time 94.57ms, mfu 3.43%
iter 4770: loss 0.7594, time 93.41ms, mfu 3.49%
iter 4780: loss 0.7466, time 94.60ms, mfu 3.53%
iter 4790: loss 0.7345, time 109.61ms, mfu 3.52%
iter 4800: loss 0.7539, time 108.52ms, mfu 3.51%
iter 4810: loss 0.7378, time 95.42ms, mfu 3.55%
iter 4820: loss 0.7528, time 93.17ms, mfu 3.59%
iter 4830: loss 0.7231, time 109.35ms, mfu 3.58%
iter 4840: loss 0.7357, time 109.62ms, mfu 3.56%
iter 4850: loss 0.7378, time 109.05ms, mfu 3.54%
iter 4860: loss 0.7444, time 94.89ms, mfu 3.58%
iter 4870: loss 0.7536, time 93.70ms, mfu 3.62%
iter 4880: loss 0.7561, time 110.05ms, mfu 3.60%
iter 4890: loss 0.7420, time 94.41ms, mfu 3.63%
iter 4900: loss 0.7564, time 107.94ms, mfu 3.62%
iter 4910: loss 0.7419, time 93.93ms, mfu 3.65%
iter 4920: loss 0.7237, time 94.96ms, mfu 3.68%
iter 4930: loss 0.7302, time 108.92ms, mfu 3.65%
iter 4940: loss 0.7341, time 94.71ms, mfu 3.68%
iter 4950: loss 0.7250, time 109.11ms, mfu 3.65%
iter 4960: loss 0.7220, time 93.56ms, mfu 3.69%
iter 4970: loss 0.7258, time 93.49ms, mfu 3.72%
iter 4980: loss 0.7408, time 109.76ms, mfu 3.68%
iter 4990: loss 0.7283, time 93.65ms, mfu 3.71%
step 5000: train loss 0.5170, val loss 1.8736
iter 5000: loss 0.7390, time 13227.05ms, mfu 3.35%
