Overriding config with config/train_shakespeare_char.py:
# train a miniature character-level shakespeare model
# good for debugging and playing on macbooks and such

out_dir = 'out-shakespeare-char'
eval_interval = 250 # keep frequent because we'll overfit
eval_iters = 200
log_interval = 10 # don't print too too often

# we expect to overfit on this small dataset, so only save when val improves
always_save_checkpoint = False

wandb_log = False # override via command line if you like
wandb_project = 'shakespeare-char'
wandb_run_name = 'mini-gpt'

dataset = 'shakespeare_char'
gradient_accumulation_steps = 1
batch_size = 64
block_size = 256 # context of up to 256 previous characters

# baby GPT model :)
n_layer = 6
n_head = 6
n_embd = 384
dropout = 0.2

learning_rate = 1e-3 # with baby networks can afford to go a bit higher
max_iters = 5000
lr_decay_iters = 5000 # make equal to max_iters usually
min_lr = 1e-4 # learning_rate / 10 usually
beta2 = 0.99 # make a bit bigger because number of tokens per iter is small

warmup_iters = 100 # not super necessary potentially

# on macbook also add
# device = 'cpu'  # run on cpu only
# compile = False # do not torch compile the model

Overriding: compile = False
Overriding: out_dir = runs\nope_lr2.5e-4
Overriding: learning_rate = 0.00025
Overriding: min_lr = 2.5e-05
Overriding: seed = 1337
Overriding: save_checkpoint = False
Overriding: pos_type = none
tokens per iteration will be: 16,384
found vocab_size = 65 (inside data\shakespeare_char\meta.pkl)
Initializing a new model from scratch
number of parameters: 10.65M
C:\Users\86271\hw1work\nanoGPT\train.py:204: FutureWarning: `torch.cuda.amp.GradScaler(args...)` is deprecated. Please use `torch.amp.GradScaler('cuda', args...)` instead.
  scaler = torch.cuda.amp.GradScaler(enabled=(dtype == 'float16'))
num decayed parameter tensors: 25, with 10,641,792 parameters
num non-decayed parameter tensors: 13, with 4,992 parameters
using fused AdamW: True
step 0: train loss 4.1954, val loss 4.2023
iter 0: loss 4.2170, time 4238.19ms, mfu -100.00%
iter 10: loss 3.3648, time 31.32ms, mfu 11.90%
iter 20: loss 2.9585, time 31.08ms, mfu 11.91%
iter 30: loss 2.7085, time 31.44ms, mfu 11.90%
iter 40: loss 2.6276, time 30.90ms, mfu 11.92%
iter 50: loss 2.5906, time 31.35ms, mfu 11.91%
iter 60: loss 2.5286, time 31.57ms, mfu 11.90%
iter 70: loss 2.5377, time 44.91ms, mfu 11.54%
iter 80: loss 2.4956, time 31.68ms, mfu 11.56%
iter 90: loss 2.4952, time 31.25ms, mfu 11.60%
iter 100: loss 2.4920, time 31.34ms, mfu 11.63%
iter 110: loss 2.4857, time 31.33ms, mfu 11.65%
iter 120: loss 2.4712, time 31.13ms, mfu 11.69%
iter 130: loss 2.4494, time 31.70ms, mfu 11.69%
iter 140: loss 2.4590, time 31.53ms, mfu 11.71%
iter 150: loss 2.4408, time 31.43ms, mfu 11.72%
iter 160: loss 2.4293, time 31.19ms, mfu 11.74%
iter 170: loss 2.4374, time 44.80ms, mfu 11.40%
iter 180: loss 2.4296, time 30.90ms, mfu 11.47%
iter 190: loss 2.4256, time 31.46ms, mfu 11.50%
iter 200: loss 2.4293, time 31.25ms, mfu 11.55%
iter 210: loss 2.3975, time 31.14ms, mfu 11.59%
iter 220: loss 2.4168, time 31.02ms, mfu 11.63%
iter 230: loss 2.3986, time 31.20ms, mfu 11.66%
iter 240: loss 2.3866, time 32.28ms, mfu 11.65%
step 250: train loss 2.3508, val loss 2.4009
iter 250: loss 2.3853, time 4126.49ms, mfu 10.49%
iter 260: loss 2.3709, time 31.02ms, mfu 10.65%
iter 270: loss 2.3897, time 31.13ms, mfu 10.78%
iter 280: loss 2.3900, time 30.91ms, mfu 10.91%
iter 290: loss 2.3648, time 31.23ms, mfu 11.01%
iter 300: loss 2.3622, time 31.99ms, mfu 11.07%
iter 310: loss 2.3540, time 31.05ms, mfu 11.17%
iter 320: loss 2.3565, time 32.71ms, mfu 11.19%
iter 330: loss 2.3334, time 32.24ms, mfu 11.23%
iter 340: loss 2.3396, time 31.62ms, mfu 11.28%
iter 350: loss 2.3306, time 30.94ms, mfu 11.36%
iter 360: loss 2.3306, time 31.71ms, mfu 11.40%
iter 370: loss 2.3404, time 31.49ms, mfu 11.44%
iter 380: loss 2.3235, time 31.16ms, mfu 11.49%
iter 390: loss 2.2928, time 30.87ms, mfu 11.55%
iter 400: loss 2.2719, time 31.37ms, mfu 11.58%
iter 410: loss 2.2887, time 44.68ms, mfu 11.26%
iter 420: loss 2.2404, time 31.13ms, mfu 11.33%
iter 430: loss 2.2385, time 31.55ms, mfu 11.38%
iter 440: loss 2.2547, time 32.02ms, mfu 11.40%
iter 450: loss 2.2150, time 30.71ms, mfu 11.48%
iter 460: loss 2.1906, time 31.21ms, mfu 11.52%
iter 470: loss 2.1901, time 31.14ms, mfu 11.57%
iter 480: loss 2.2044, time 46.12ms, mfu 11.22%
iter 490: loss 2.1744, time 32.02ms, mfu 11.26%
step 500: train loss 2.0688, val loss 2.1735
iter 500: loss 2.2224, time 4082.68ms, mfu 10.14%
iter 510: loss 2.1885, time 45.46ms, mfu 9.95%
iter 520: loss 2.1513, time 44.81ms, mfu 9.79%
iter 530: loss 2.1493, time 31.68ms, mfu 9.98%
iter 540: loss 2.1347, time 43.74ms, mfu 9.84%
iter 550: loss 2.1219, time 31.05ms, mfu 10.05%
iter 560: loss 2.0979, time 31.15ms, mfu 10.24%
iter 570: loss 2.1029, time 30.51ms, mfu 10.44%
iter 580: loss 2.0814, time 31.13ms, mfu 10.59%
iter 590: loss 2.1020, time 31.20ms, mfu 10.73%
iter 600: loss 2.0519, time 31.11ms, mfu 10.85%
iter 610: loss 2.0149, time 31.08ms, mfu 10.97%
iter 620: loss 2.0497, time 31.18ms, mfu 11.07%
iter 630: loss 2.0462, time 31.57ms, mfu 11.14%
iter 640: loss 2.0646, time 31.50ms, mfu 11.21%
iter 650: loss 2.0128, time 31.15ms, mfu 11.28%
iter 660: loss 1.9501, time 30.96ms, mfu 11.36%
iter 670: loss 1.9849, time 30.93ms, mfu 11.43%
iter 680: loss 1.9588, time 31.86ms, mfu 11.45%
iter 690: loss 1.9870, time 31.14ms, mfu 11.51%
iter 700: loss 1.9443, time 30.23ms, mfu 11.59%
iter 710: loss 1.9513, time 44.63ms, mfu 11.26%
iter 720: loss 1.9613, time 30.40ms, mfu 11.36%
iter 730: loss 1.9572, time 31.66ms, mfu 11.40%
iter 740: loss 1.9273, time 30.95ms, mfu 11.47%
step 750: train loss 1.8148, val loss 1.9590
iter 750: loss 1.8862, time 4121.97ms, mfu 10.33%
iter 760: loss 1.9218, time 31.50ms, mfu 10.48%
iter 770: loss 1.8864, time 31.24ms, mfu 10.62%
iter 780: loss 1.8961, time 31.09ms, mfu 10.76%
iter 790: loss 1.8961, time 31.30ms, mfu 10.87%
iter 800: loss 1.8790, time 31.36ms, mfu 10.98%
iter 810: loss 1.8897, time 31.94ms, mfu 11.04%
iter 820: loss 1.8718, time 31.07ms, mfu 11.14%
iter 830: loss 1.8527, time 31.22ms, mfu 11.22%
iter 840: loss 1.8248, time 44.98ms, mfu 10.93%
iter 850: loss 1.8612, time 31.33ms, mfu 11.02%
iter 860: loss 1.8038, time 32.29ms, mfu 11.07%
iter 870: loss 1.8340, time 31.72ms, mfu 11.14%
iter 880: loss 1.8112, time 31.76ms, mfu 11.20%
iter 890: loss 1.8262, time 31.14ms, mfu 11.28%
iter 900: loss 1.8143, time 31.33ms, mfu 11.34%
iter 910: loss 1.8069, time 32.86ms, mfu 11.34%
iter 920: loss 1.7709, time 31.25ms, mfu 11.40%
iter 930: loss 1.7909, time 44.45ms, mfu 11.10%
iter 940: loss 1.8023, time 30.69ms, mfu 11.20%
iter 950: loss 1.7452, time 30.58ms, mfu 11.30%
iter 960: loss 1.7607, time 31.94ms, mfu 11.34%
iter 970: loss 1.7776, time 30.93ms, mfu 11.41%
iter 980: loss 1.7671, time 31.21ms, mfu 11.46%
iter 990: loss 1.7825, time 44.75ms, mfu 11.15%
step 1000: train loss 1.6496, val loss 1.8314
iter 1000: loss 1.7749, time 4118.20ms, mfu 10.04%
iter 1010: loss 1.7457, time 30.98ms, mfu 10.24%
iter 1020: loss 1.7364, time 31.28ms, mfu 10.41%
iter 1030: loss 1.7328, time 30.78ms, mfu 10.58%
iter 1040: loss 1.7162, time 31.67ms, mfu 10.70%
iter 1050: loss 1.7340, time 30.94ms, mfu 10.83%
iter 1060: loss 1.7304, time 30.45ms, mfu 10.97%
iter 1070: loss 1.7187, time 31.23ms, mfu 11.07%
iter 1080: loss 1.7462, time 31.45ms, mfu 11.15%
iter 1090: loss 1.7045, time 31.38ms, mfu 11.22%
iter 1100: loss 1.6841, time 31.75ms, mfu 11.27%
iter 1110: loss 1.7024, time 31.00ms, mfu 11.35%
iter 1120: loss 1.7181, time 31.31ms, mfu 11.40%
iter 1130: loss 1.6671, time 31.59ms, mfu 11.44%
iter 1140: loss 1.6960, time 44.29ms, mfu 11.14%
iter 1150: loss 1.7427, time 30.55ms, mfu 11.24%
iter 1160: loss 1.6812, time 30.43ms, mfu 11.34%
iter 1170: loss 1.6714, time 30.95ms, mfu 11.41%
iter 1180: loss 1.6571, time 32.43ms, mfu 11.42%
iter 1190: loss 1.7038, time 31.13ms, mfu 11.48%
iter 1200: loss 1.6935, time 31.29ms, mfu 11.52%
iter 1210: loss 1.6531, time 31.15ms, mfu 11.56%
iter 1220: loss 1.6670, time 30.59ms, mfu 11.63%
iter 1230: loss 1.5955, time 31.63ms, mfu 11.64%
iter 1240: loss 1.6296, time 44.86ms, mfu 11.31%
step 1250: train loss 1.5463, val loss 1.7511
iter 1250: loss 1.6457, time 4151.76ms, mfu 10.19%
iter 1260: loss 1.6447, time 31.25ms, mfu 10.36%
iter 1270: loss 1.6357, time 31.33ms, mfu 10.51%
iter 1280: loss 1.6485, time 31.24ms, mfu 10.65%
iter 1290: loss 1.6346, time 32.04ms, mfu 10.75%
iter 1300: loss 1.6266, time 30.93ms, mfu 10.88%
iter 1310: loss 1.6340, time 31.32ms, mfu 10.98%
iter 1320: loss 1.6366, time 32.09ms, mfu 11.05%
iter 1330: loss 1.6065, time 31.60ms, mfu 11.12%
iter 1340: loss 1.6311, time 31.47ms, mfu 11.19%
iter 1350: loss 1.5732, time 31.52ms, mfu 11.26%
iter 1360: loss 1.6167, time 31.22ms, mfu 11.32%
iter 1370: loss 1.6148, time 43.90ms, mfu 11.04%
iter 1380: loss 1.5695, time 43.48ms, mfu 10.79%
iter 1390: loss 1.5864, time 31.51ms, mfu 10.90%
iter 1400: loss 1.5989, time 31.63ms, mfu 10.98%
iter 1410: loss 1.6310, time 31.90ms, mfu 11.05%
iter 1420: loss 1.6049, time 31.56ms, mfu 11.13%
iter 1430: loss 1.5937, time 31.02ms, mfu 11.22%
iter 1440: loss 1.6022, time 44.21ms, mfu 10.94%
iter 1450: loss 1.5813, time 30.90ms, mfu 11.05%
iter 1460: loss 1.5504, time 43.32ms, mfu 10.81%
iter 1470: loss 1.5753, time 31.54ms, mfu 10.91%
iter 1480: loss 1.5952, time 31.19ms, mfu 11.01%
iter 1490: loss 1.6027, time 31.66ms, mfu 11.09%
step 1500: train loss 1.4735, val loss 1.6873
iter 1500: loss 1.5492, time 4142.96ms, mfu 9.99%
iter 1510: loss 1.5825, time 31.38ms, mfu 10.18%
iter 1520: loss 1.5792, time 44.21ms, mfu 10.00%
iter 1530: loss 1.5662, time 31.31ms, mfu 10.19%
iter 1540: loss 1.5555, time 31.15ms, mfu 10.37%
iter 1550: loss 1.5550, time 32.54ms, mfu 10.48%
iter 1560: loss 1.5637, time 44.73ms, mfu 10.26%
iter 1570: loss 1.5693, time 31.55ms, mfu 10.42%
iter 1580: loss 1.5275, time 30.87ms, mfu 10.58%
iter 1590: loss 1.5329, time 31.53ms, mfu 10.71%
iter 1600: loss 1.4828, time 31.20ms, mfu 10.83%
iter 1610: loss 1.5278, time 31.45ms, mfu 10.93%
iter 1620: loss 1.5299, time 31.27ms, mfu 11.03%
iter 1630: loss 1.5563, time 31.06ms, mfu 11.13%
iter 1640: loss 1.5568, time 31.00ms, mfu 11.22%
iter 1650: loss 1.5461, time 30.83ms, mfu 11.30%
iter 1660: loss 1.5223, time 31.01ms, mfu 11.37%
iter 1670: loss 1.5475, time 31.08ms, mfu 11.44%
iter 1680: loss 1.5346, time 31.17ms, mfu 11.49%
iter 1690: loss 1.5179, time 31.09ms, mfu 11.54%
iter 1700: loss 1.5196, time 31.10ms, mfu 11.58%
iter 1710: loss 1.5101, time 31.83ms, mfu 11.59%
iter 1720: loss 1.5186, time 31.35ms, mfu 11.62%
iter 1730: loss 1.4914, time 31.43ms, mfu 11.65%
iter 1740: loss 1.5099, time 32.19ms, mfu 11.64%
step 1750: train loss 1.4163, val loss 1.6431
iter 1750: loss 1.5267, time 4128.73ms, mfu 10.48%
iter 1760: loss 1.5522, time 31.47ms, mfu 10.62%
iter 1770: loss 1.5012, time 31.14ms, mfu 10.75%
iter 1780: loss 1.5275, time 31.07ms, mfu 10.88%
iter 1790: loss 1.5069, time 31.12ms, mfu 10.99%
iter 1800: loss 1.5206, time 31.15ms, mfu 11.09%
iter 1810: loss 1.5119, time 30.83ms, mfu 11.19%
iter 1820: loss 1.5347, time 30.98ms, mfu 11.27%
iter 1830: loss 1.4859, time 31.04ms, mfu 11.34%
iter 1840: loss 1.4893, time 31.20ms, mfu 11.40%
iter 1850: loss 1.5204, time 30.85ms, mfu 11.47%
iter 1860: loss 1.5234, time 31.32ms, mfu 11.51%
iter 1870: loss 1.4189, time 31.15ms, mfu 11.56%
iter 1880: loss 1.5066, time 31.48ms, mfu 11.59%
iter 1890: loss 1.4629, time 32.71ms, mfu 11.57%
iter 1900: loss 1.5024, time 31.51ms, mfu 11.59%
iter 1910: loss 1.5082, time 31.11ms, mfu 11.63%
iter 1920: loss 1.4849, time 31.81ms, mfu 11.64%
iter 1930: loss 1.4778, time 31.99ms, mfu 11.64%
iter 1940: loss 1.4698, time 31.07ms, mfu 11.68%
iter 1950: loss 1.5214, time 31.72ms, mfu 11.68%
iter 1960: loss 1.4740, time 30.99ms, mfu 11.72%
iter 1970: loss 1.4867, time 32.13ms, mfu 11.70%
iter 1980: loss 1.4942, time 31.14ms, mfu 11.73%
iter 1990: loss 1.4834, time 31.32ms, mfu 11.75%
step 2000: train loss 1.3758, val loss 1.6229
iter 2000: loss 1.5152, time 4125.43ms, mfu 10.58%
iter 2010: loss 1.5017, time 31.22ms, mfu 10.72%
iter 2020: loss 1.4741, time 31.56ms, mfu 10.83%
iter 2030: loss 1.4768, time 31.81ms, mfu 10.91%
iter 2040: loss 1.4360, time 31.57ms, mfu 11.00%
iter 2050: loss 1.4614, time 31.13ms, mfu 11.10%
iter 2060: loss 1.4565, time 31.06ms, mfu 11.19%
iter 2070: loss 1.4606, time 32.06ms, mfu 11.23%
iter 2080: loss 1.4614, time 30.79ms, mfu 11.32%
iter 2090: loss 1.4579, time 30.70ms, mfu 11.40%
iter 2100: loss 1.4850, time 32.24ms, mfu 11.42%
iter 2110: loss 1.4974, time 32.13ms, mfu 11.44%
iter 2120: loss 1.4426, time 31.12ms, mfu 11.49%
iter 2130: loss 1.4361, time 31.18ms, mfu 11.54%
iter 2140: loss 1.4461, time 31.14ms, mfu 11.58%
iter 2150: loss 1.4434, time 31.39ms, mfu 11.61%
iter 2160: loss 1.4471, time 32.08ms, mfu 11.61%
iter 2170: loss 1.4474, time 31.15ms, mfu 11.64%
iter 2180: loss 1.4264, time 31.05ms, mfu 11.68%
iter 2190: loss 1.4433, time 30.81ms, mfu 11.72%
iter 2200: loss 1.4221, time 32.06ms, mfu 11.71%
iter 2210: loss 1.4254, time 31.05ms, mfu 11.74%
iter 2220: loss 1.4155, time 44.74ms, mfu 11.40%
iter 2230: loss 1.4272, time 32.44ms, mfu 11.41%
iter 2240: loss 1.4319, time 31.17ms, mfu 11.46%
step 2250: train loss 1.3365, val loss 1.5889
iter 2250: loss 1.4338, time 4099.41ms, mfu 10.33%
iter 2260: loss 1.4000, time 44.18ms, mfu 10.14%
iter 2270: loss 1.4235, time 31.94ms, mfu 10.29%
iter 2280: loss 1.4180, time 30.93ms, mfu 10.47%
iter 2290: loss 1.4311, time 31.21ms, mfu 10.61%
iter 2300: loss 1.4338, time 31.77ms, mfu 10.72%
iter 2310: loss 1.4653, time 31.52ms, mfu 10.83%
iter 2320: loss 1.4120, time 31.89ms, mfu 10.92%
iter 2330: loss 1.4382, time 31.76ms, mfu 11.00%
iter 2340: loss 1.4113, time 31.05ms, mfu 11.10%
iter 2350: loss 1.4353, time 31.10ms, mfu 11.19%
iter 2360: loss 1.4456, time 31.57ms, mfu 11.25%
iter 2370: loss 1.4192, time 30.62ms, mfu 11.34%
iter 2380: loss 1.4132, time 31.64ms, mfu 11.39%
iter 2390: loss 1.4456, time 31.16ms, mfu 11.44%
iter 2400: loss 1.4148, time 30.78ms, mfu 11.51%
iter 2410: loss 1.4394, time 31.91ms, mfu 11.53%
iter 2420: loss 1.3981, time 31.51ms, mfu 11.56%
iter 2430: loss 1.4013, time 30.96ms, mfu 11.60%
iter 2440: loss 1.4007, time 31.03ms, mfu 11.64%
iter 2450: loss 1.4013, time 31.30ms, mfu 11.67%
iter 2460: loss 1.4224, time 31.40ms, mfu 11.69%
iter 2470: loss 1.3922, time 30.95ms, mfu 11.72%
iter 2480: loss 1.4114, time 30.97ms, mfu 11.76%
iter 2490: loss 1.3784, time 31.24ms, mfu 11.77%
step 2500: train loss 1.3086, val loss 1.5687
iter 2500: loss 1.3918, time 4130.56ms, mfu 10.60%
iter 2510: loss 1.4224, time 30.94ms, mfu 10.75%
iter 2520: loss 1.4247, time 31.03ms, mfu 10.87%
iter 2530: loss 1.4181, time 31.57ms, mfu 10.97%
iter 2540: loss 1.4000, time 31.07ms, mfu 11.07%
iter 2550: loss 1.4383, time 31.50ms, mfu 11.15%
iter 2560: loss 1.3843, time 30.90ms, mfu 11.24%
iter 2570: loss 1.4038, time 31.03ms, mfu 11.31%
iter 2580: loss 1.4095, time 31.76ms, mfu 11.36%
iter 2590: loss 1.4132, time 31.41ms, mfu 11.41%
iter 2600: loss 1.3957, time 45.52ms, mfu 11.08%
iter 2610: loss 1.4051, time 31.24ms, mfu 11.17%
iter 2620: loss 1.4009, time 30.61ms, mfu 11.27%
iter 2630: loss 1.3945, time 31.33ms, mfu 11.33%
iter 2640: loss 1.4129, time 31.42ms, mfu 11.38%
iter 2650: loss 1.3738, time 31.87ms, mfu 11.42%
iter 2660: loss 1.4195, time 30.69ms, mfu 11.49%
iter 2670: loss 1.4167, time 31.06ms, mfu 11.54%
iter 2680: loss 1.4006, time 31.03ms, mfu 11.59%
iter 2690: loss 1.4126, time 31.86ms, mfu 11.60%
iter 2700: loss 1.3609, time 31.23ms, mfu 11.63%
iter 2710: loss 1.3926, time 31.36ms, mfu 11.66%
iter 2720: loss 1.3852, time 31.94ms, mfu 11.66%
iter 2730: loss 1.3846, time 30.89ms, mfu 11.70%
iter 2740: loss 1.3956, time 31.62ms, mfu 11.71%
step 2750: train loss 1.3020, val loss 1.5600
iter 2750: loss 1.4166, time 4118.67ms, mfu 10.54%
iter 2760: loss 1.3603, time 31.40ms, mfu 10.68%
iter 2770: loss 1.4159, time 30.78ms, mfu 10.82%
iter 2780: loss 1.3398, time 32.42ms, mfu 10.89%
iter 2790: loss 1.3767, time 31.48ms, mfu 10.98%
iter 2800: loss 1.3604, time 44.81ms, mfu 10.72%
iter 2810: loss 1.4051, time 30.81ms, mfu 10.85%
iter 2820: loss 1.3807, time 31.19ms, mfu 10.96%
iter 2830: loss 1.3610, time 31.52ms, mfu 11.05%
iter 2840: loss 1.3593, time 31.00ms, mfu 11.15%
iter 2850: loss 1.4110, time 31.50ms, mfu 11.21%
iter 2860: loss 1.3748, time 31.17ms, mfu 11.29%
iter 2870: loss 1.3808, time 33.50ms, mfu 11.27%
iter 2880: loss 1.3505, time 30.99ms, mfu 11.35%
iter 2890: loss 1.3965, time 30.63ms, mfu 11.43%
iter 2900: loss 1.4071, time 32.31ms, mfu 11.44%
iter 2910: loss 1.3815, time 30.83ms, mfu 11.50%
iter 2920: loss 1.3960, time 31.40ms, mfu 11.54%
iter 2930: loss 1.3248, time 31.22ms, mfu 11.58%
iter 2940: loss 1.3830, time 31.36ms, mfu 11.61%
iter 2950: loss 1.4111, time 31.72ms, mfu 11.62%
iter 2960: loss 1.3524, time 31.18ms, mfu 11.66%
iter 2970: loss 1.3670, time 32.07ms, mfu 11.65%
iter 2980: loss 1.3994, time 31.28ms, mfu 11.68%
iter 2990: loss 1.3428, time 30.88ms, mfu 11.72%
step 3000: train loss 1.2682, val loss 1.5510
iter 3000: loss 1.3791, time 4144.58ms, mfu 10.55%
iter 3010: loss 1.3515, time 31.40ms, mfu 10.69%
iter 3020: loss 1.3817, time 31.26ms, mfu 10.81%
iter 3030: loss 1.3687, time 31.60ms, mfu 10.91%
iter 3040: loss 1.3690, time 30.89ms, mfu 11.02%
iter 3050: loss 1.3630, time 31.02ms, mfu 11.12%
iter 3060: loss 1.3448, time 32.45ms, mfu 11.16%
iter 3070: loss 1.3253, time 31.65ms, mfu 11.22%
iter 3080: loss 1.3325, time 31.14ms, mfu 11.29%
iter 3090: loss 1.3633, time 31.70ms, mfu 11.34%
iter 3100: loss 1.3335, time 30.86ms, mfu 11.41%
iter 3110: loss 1.3322, time 32.45ms, mfu 11.42%
iter 3120: loss 1.3619, time 44.30ms, mfu 11.12%
iter 3130: loss 1.3274, time 32.90ms, mfu 11.14%
iter 3140: loss 1.3244, time 31.46ms, mfu 11.21%
iter 3150: loss 1.3624, time 31.12ms, mfu 11.29%
iter 3160: loss 1.3476, time 32.24ms, mfu 11.31%
iter 3170: loss 1.3447, time 31.42ms, mfu 11.37%
iter 3180: loss 1.3389, time 31.07ms, mfu 11.43%
iter 3190: loss 1.3533, time 44.96ms, mfu 11.12%
iter 3200: loss 1.3167, time 31.08ms, mfu 11.20%
iter 3210: loss 1.3452, time 30.54ms, mfu 11.30%
iter 3220: loss 1.3281, time 35.37ms, mfu 11.23%
iter 3230: loss 1.3471, time 30.64ms, mfu 11.32%
iter 3240: loss 1.3309, time 31.56ms, mfu 11.37%
step 3250: train loss 1.2638, val loss 1.5509
iter 3250: loss 1.3408, time 4236.18ms, mfu 10.24%
iter 3260: loss 1.3249, time 31.61ms, mfu 10.40%
iter 3270: loss 1.3067, time 31.83ms, mfu 10.53%
iter 3280: loss 1.3375, time 30.73ms, mfu 10.69%
iter 3290: loss 1.3204, time 32.76ms, mfu 10.76%
iter 3300: loss 1.3090, time 45.41ms, mfu 10.50%
iter 3310: loss 1.3400, time 31.79ms, mfu 10.62%
iter 3320: loss 1.3436, time 45.61ms, mfu 10.38%
iter 3330: loss 1.3446, time 32.09ms, mfu 10.50%
iter 3340: loss 1.3344, time 31.74ms, mfu 10.63%
iter 3350: loss 1.3239, time 31.02ms, mfu 10.76%
iter 3360: loss 1.3210, time 30.96ms, mfu 10.89%
iter 3370: loss 1.2834, time 31.09ms, mfu 11.00%
iter 3380: loss 1.3539, time 44.95ms, mfu 10.73%
iter 3390: loss 1.3285, time 32.20ms, mfu 10.81%
iter 3400: loss 1.2981, time 31.61ms, mfu 10.91%
iter 3410: loss 1.3254, time 31.51ms, mfu 11.00%
iter 3420: loss 1.3476, time 31.11ms, mfu 11.10%
iter 3430: loss 1.3852, time 44.50ms, mfu 10.83%
iter 3440: loss 1.3188, time 45.75ms, mfu 10.56%
iter 3450: loss 1.3097, time 31.40ms, mfu 10.69%
iter 3460: loss 1.3196, time 31.42ms, mfu 10.81%
iter 3470: loss 1.2990, time 31.32ms, mfu 10.92%
iter 3480: loss 1.3088, time 31.78ms, mfu 11.00%
iter 3490: loss 1.3347, time 31.25ms, mfu 11.09%
step 3500: train loss 1.2376, val loss 1.5448
iter 3500: loss 1.3130, time 4215.44ms, mfu 9.99%
iter 3510: loss 1.3646, time 31.09ms, mfu 10.19%
iter 3520: loss 1.3294, time 30.84ms, mfu 10.38%
iter 3530: loss 1.2959, time 32.06ms, mfu 10.50%
iter 3540: loss 1.3414, time 31.04ms, mfu 10.65%
iter 3550: loss 1.3134, time 31.86ms, mfu 10.76%
iter 3560: loss 1.3381, time 31.71ms, mfu 10.86%
iter 3570: loss 1.3314, time 31.26ms, mfu 10.96%
iter 3580: loss 1.3104, time 31.48ms, mfu 11.05%
iter 3590: loss 1.2992, time 31.41ms, mfu 11.13%
iter 3600: loss 1.3216, time 30.52ms, mfu 11.24%
iter 3610: loss 1.3218, time 32.34ms, mfu 11.27%
iter 3620: loss 1.3232, time 44.27ms, mfu 10.98%
iter 3630: loss 1.3347, time 32.03ms, mfu 11.05%
iter 3640: loss 1.3244, time 31.17ms, mfu 11.14%
iter 3650: loss 1.3281, time 30.90ms, mfu 11.23%
iter 3660: loss 1.3112, time 31.48ms, mfu 11.29%
iter 3670: loss 1.3175, time 31.62ms, mfu 11.34%
iter 3680: loss 1.3341, time 31.04ms, mfu 11.41%
iter 3690: loss 1.3345, time 31.81ms, mfu 11.44%
iter 3700: loss 1.3345, time 44.36ms, mfu 11.13%
iter 3710: loss 1.3359, time 31.63ms, mfu 11.20%
iter 3720: loss 1.3160, time 30.83ms, mfu 11.29%
iter 3730: loss 1.3199, time 30.49ms, mfu 11.38%
iter 3740: loss 1.3047, time 30.75ms, mfu 11.45%
step 3750: train loss 1.2237, val loss 1.5320
iter 3750: loss 1.3313, time 4164.56ms, mfu 10.32%
iter 3760: loss 1.2861, time 31.80ms, mfu 10.46%
iter 3770: loss 1.3034, time 31.16ms, mfu 10.61%
iter 3780: loss 1.3045, time 31.48ms, mfu 10.73%
iter 3790: loss 1.2870, time 30.85ms, mfu 10.87%
iter 3800: loss 1.3312, time 45.10ms, mfu 10.61%
iter 3810: loss 1.3178, time 31.07ms, mfu 10.74%
iter 3820: loss 1.2876, time 31.55ms, mfu 10.85%
iter 3830: loss 1.3002, time 31.68ms, mfu 10.94%
iter 3840: loss 1.3203, time 31.66ms, mfu 11.02%
iter 3850: loss 1.3045, time 32.34ms, mfu 11.07%
iter 3860: loss 1.2816, time 31.00ms, mfu 11.17%
iter 3870: loss 1.3052, time 31.69ms, mfu 11.23%
iter 3880: loss 1.3012, time 30.92ms, mfu 11.31%
iter 3890: loss 1.3119, time 30.99ms, mfu 11.38%
iter 3900: loss 1.3048, time 31.95ms, mfu 11.41%
iter 3910: loss 1.3328, time 31.34ms, mfu 11.46%
iter 3920: loss 1.2816, time 30.48ms, mfu 11.53%
iter 3930: loss 1.2974, time 30.61ms, mfu 11.60%
iter 3940: loss 1.2717, time 32.31ms, mfu 11.59%
iter 3950: loss 1.3078, time 30.88ms, mfu 11.64%
iter 3960: loss 1.3139, time 31.66ms, mfu 11.65%
iter 3970: loss 1.3072, time 30.73ms, mfu 11.70%
iter 3980: loss 1.3131, time 31.41ms, mfu 11.72%
iter 3990: loss 1.2738, time 30.95ms, mfu 11.75%
step 4000: train loss 1.2157, val loss 1.5258
iter 4000: loss 1.2953, time 4146.13ms, mfu 10.58%
iter 4010: loss 1.3280, time 30.58ms, mfu 10.74%
iter 4020: loss 1.3166, time 31.56ms, mfu 10.85%
iter 4030: loss 1.3043, time 31.09ms, mfu 10.96%
iter 4040: loss 1.3055, time 31.15ms, mfu 11.06%
iter 4050: loss 1.2883, time 31.42ms, mfu 11.14%
iter 4060: loss 1.2905, time 31.24ms, mfu 11.22%
iter 4070: loss 1.3111, time 30.92ms, mfu 11.30%
iter 4080: loss 1.3104, time 32.44ms, mfu 11.32%
iter 4090: loss 1.3279, time 31.11ms, mfu 11.39%
iter 4100: loss 1.2771, time 31.56ms, mfu 11.43%
iter 4110: loss 1.2873, time 30.46ms, mfu 11.51%
iter 4120: loss 1.2784, time 30.55ms, mfu 11.58%
iter 4130: loss 1.2732, time 32.13ms, mfu 11.58%
iter 4140: loss 1.2831, time 32.48ms, mfu 11.57%
iter 4150: loss 1.3222, time 31.43ms, mfu 11.60%
iter 4160: loss 1.2994, time 31.24ms, mfu 11.63%
iter 4170: loss 1.2533, time 30.88ms, mfu 11.67%
iter 4180: loss 1.2889, time 31.89ms, mfu 11.68%
iter 4190: loss 1.3002, time 30.84ms, mfu 11.72%
iter 4200: loss 1.2947, time 31.78ms, mfu 11.72%
iter 4210: loss 1.2976, time 31.41ms, mfu 11.73%
iter 4220: loss 1.2873, time 31.34ms, mfu 11.75%
iter 4230: loss 1.2884, time 44.03ms, mfu 11.42%
iter 4240: loss 1.2999, time 31.03ms, mfu 11.48%
step 4250: train loss 1.2196, val loss 1.5395
iter 4250: loss 1.2920, time 4139.18ms, mfu 10.34%
iter 4260: loss 1.2912, time 30.57ms, mfu 10.52%
iter 4270: loss 1.3038, time 31.51ms, mfu 10.65%
iter 4280: loss 1.2889, time 31.50ms, mfu 10.77%
iter 4290: loss 1.2918, time 31.94ms, mfu 10.86%
iter 4300: loss 1.2879, time 44.74ms, mfu 10.61%
iter 4310: loss 1.2658, time 30.97ms, mfu 10.75%
iter 4320: loss 1.3086, time 31.17ms, mfu 10.87%
iter 4330: loss 1.2827, time 32.07ms, mfu 10.95%
iter 4340: loss 1.2887, time 31.29ms, mfu 11.04%
iter 4350: loss 1.3006, time 31.65ms, mfu 11.12%
iter 4360: loss 1.2799, time 31.50ms, mfu 11.19%
iter 4370: loss 1.2836, time 30.91ms, mfu 11.27%
iter 4380: loss 1.3095, time 31.08ms, mfu 11.34%
iter 4390: loss 1.2622, time 32.03ms, mfu 11.37%
iter 4400: loss 1.2714, time 31.46ms, mfu 11.42%
iter 4410: loss 1.3172, time 31.48ms, mfu 11.46%
iter 4420: loss 1.2980, time 43.54ms, mfu 11.17%
iter 4430: loss 1.2558, time 30.85ms, mfu 11.26%
iter 4440: loss 1.3109, time 31.26ms, mfu 11.33%
iter 4450: loss 1.3288, time 45.26ms, mfu 11.02%
iter 4460: loss 1.2860, time 31.30ms, mfu 11.11%
iter 4470: loss 1.2590, time 32.02ms, mfu 11.16%
iter 4480: loss 1.2918, time 31.52ms, mfu 11.23%
iter 4490: loss 1.2739, time 30.76ms, mfu 11.32%
step 4500: train loss 1.2016, val loss 1.5260
iter 4500: loss 1.3199, time 4111.43ms, mfu 10.19%
iter 4510: loss 1.2632, time 31.27ms, mfu 10.37%
iter 4520: loss 1.2401, time 44.51ms, mfu 10.17%
iter 4530: loss 1.2594, time 31.72ms, mfu 10.32%
iter 4540: loss 1.2868, time 31.15ms, mfu 10.49%
iter 4550: loss 1.2759, time 31.08ms, mfu 10.64%
iter 4560: loss 1.2843, time 31.20ms, mfu 10.77%
iter 4570: loss 1.3055, time 31.08ms, mfu 10.89%
iter 4580: loss 1.2718, time 31.49ms, mfu 10.99%
iter 4590: loss 1.2867, time 30.72ms, mfu 11.10%
iter 4600: loss 1.2745, time 31.85ms, mfu 11.16%
iter 4610: loss 1.2827, time 30.80ms, mfu 11.25%
iter 4620: loss 1.2670, time 31.87ms, mfu 11.30%
iter 4630: loss 1.2688, time 31.54ms, mfu 11.35%
iter 4640: loss 1.2735, time 31.34ms, mfu 11.40%
iter 4650: loss 1.2593, time 31.50ms, mfu 11.45%
iter 4660: loss 1.2986, time 32.32ms, mfu 11.45%
iter 4670: loss 1.2929, time 31.74ms, mfu 11.48%
iter 4680: loss 1.2534, time 31.18ms, mfu 11.53%
iter 4690: loss 1.2546, time 31.40ms, mfu 11.56%
iter 4700: loss 1.3098, time 31.53ms, mfu 11.59%
iter 4710: loss 1.2823, time 31.17ms, mfu 11.63%
iter 4720: loss 1.2858, time 31.49ms, mfu 11.65%
iter 4730: loss 1.2793, time 30.94ms, mfu 11.69%
iter 4740: loss 1.2592, time 32.37ms, mfu 11.67%
step 4750: train loss 1.2050, val loss 1.5310
iter 4750: loss 1.2923, time 4136.84ms, mfu 10.51%
iter 4760: loss 1.2903, time 30.96ms, mfu 10.66%
iter 4770: loss 1.2730, time 30.69ms, mfu 10.81%
iter 4780: loss 1.2937, time 30.97ms, mfu 10.93%
iter 4790: loss 1.2825, time 31.65ms, mfu 11.02%
iter 4800: loss 1.2892, time 31.23ms, mfu 11.11%
iter 4810: loss 1.2575, time 31.37ms, mfu 11.19%
iter 4820: loss 1.2763, time 30.88ms, mfu 11.27%
iter 4830: loss 1.2485, time 31.47ms, mfu 11.33%
iter 4840: loss 1.2431, time 32.36ms, mfu 11.35%
iter 4850: loss 1.2883, time 30.85ms, mfu 11.42%
iter 4860: loss 1.2610, time 45.09ms, mfu 11.11%
iter 4870: loss 1.2791, time 30.99ms, mfu 11.20%
iter 4880: loss 1.2519, time 30.90ms, mfu 11.28%
iter 4890: loss 1.2966, time 31.00ms, mfu 11.36%
iter 4900: loss 1.2891, time 31.51ms, mfu 11.40%
iter 4910: loss 1.2451, time 31.11ms, mfu 11.46%
iter 4920: loss 1.2584, time 30.28ms, mfu 11.55%
iter 4930: loss 1.2709, time 31.05ms, mfu 11.59%
iter 4940: loss 1.2788, time 31.20ms, mfu 11.63%
iter 4950: loss 1.2960, time 30.85ms, mfu 11.67%
iter 4960: loss 1.2522, time 30.87ms, mfu 11.71%
iter 4970: loss 1.2441, time 31.53ms, mfu 11.72%
iter 4980: loss 1.2778, time 31.38ms, mfu 11.74%
iter 4990: loss 1.2716, time 32.11ms, mfu 11.72%
step 5000: train loss 1.2063, val loss 1.5280
iter 5000: loss 1.2619, time 4100.94ms, mfu 10.56%
