Overriding config with config/train_shakespeare_char.py:
# train a miniature character-level shakespeare model
# good for debugging and playing on macbooks and such

out_dir = 'out-shakespeare-char'
eval_interval = 250 # keep frequent because we'll overfit
eval_iters = 200
log_interval = 10 # don't print too too often

# we expect to overfit on this small dataset, so only save when val improves
always_save_checkpoint = False

wandb_log = False # override via command line if you like
wandb_project = 'shakespeare-char'
wandb_run_name = 'mini-gpt'

dataset = 'shakespeare_char'
gradient_accumulation_steps = 1
batch_size = 64
block_size = 256 # context of up to 256 previous characters

# baby GPT model :)
n_layer = 6
n_head = 6
n_embd = 384
dropout = 0.2

learning_rate = 1e-3 # with baby networks can afford to go a bit higher
max_iters = 5000
lr_decay_iters = 5000 # make equal to max_iters usually
min_lr = 1e-4 # learning_rate / 10 usually
beta2 = 0.99 # make a bit bigger because number of tokens per iter is small

warmup_iters = 100 # not super necessary potentially

# on macbook also add
# device = 'cpu'  # run on cpu only
# compile = False # do not torch compile the model

Overriding: compile = False
Overriding: out_dir = runs\baseline_lr5e-4
Overriding: learning_rate = 0.0005
Overriding: min_lr = 5e-05
Overriding: seed = 1337
Overriding: save_checkpoint = False
tokens per iteration will be: 16,384
found vocab_size = 65 (inside data\shakespeare_char\meta.pkl)
Initializing a new model from scratch
number of parameters: 10.65M
C:\Users\86271\hw1work\nanoGPT\train.py:204: FutureWarning: `torch.cuda.amp.GradScaler(args...)` is deprecated. Please use `torch.amp.GradScaler('cuda', args...)` instead.
  scaler = torch.cuda.amp.GradScaler(enabled=(dtype == 'float16'))
num decayed parameter tensors: 26, with 10,740,096 parameters
num non-decayed parameter tensors: 13, with 4,992 parameters
using fused AdamW: True
step 0: train loss 4.2874, val loss 4.2823
iter 0: loss 4.2670, time 11806.75ms, mfu -100.00%
iter 10: loss 3.3200, time 92.77ms, mfu 4.02%
iter 20: loss 2.8771, time 108.37ms, mfu 3.96%
iter 30: loss 2.6959, time 92.85ms, mfu 3.96%
iter 40: loss 2.6169, time 93.95ms, mfu 3.96%
iter 50: loss 2.5584, time 108.88ms, mfu 3.91%
iter 60: loss 2.5312, time 109.10ms, mfu 3.86%
iter 70: loss 2.5141, time 93.36ms, mfu 3.87%
iter 80: loss 2.5175, time 78.93ms, mfu 3.96%
iter 90: loss 2.4822, time 78.02ms, mfu 4.04%
iter 100: loss 2.4743, time 94.12ms, mfu 4.03%
iter 110: loss 2.4676, time 107.18ms, mfu 3.98%
iter 120: loss 2.4451, time 107.60ms, mfu 3.93%
iter 130: loss 2.4360, time 94.81ms, mfu 3.93%
iter 140: loss 2.4348, time 78.47ms, mfu 4.01%
iter 150: loss 2.4475, time 78.62ms, mfu 4.08%
iter 160: loss 2.4208, time 93.60ms, mfu 4.07%
iter 170: loss 2.4020, time 93.31ms, mfu 4.06%
iter 180: loss 2.3944, time 93.25ms, mfu 4.06%
iter 190: loss 2.3572, time 108.52ms, mfu 3.99%
iter 200: loss 2.3401, time 93.47ms, mfu 3.99%
iter 210: loss 2.3100, time 94.35ms, mfu 3.99%
iter 220: loss 2.3331, time 108.91ms, mfu 3.93%
iter 230: loss 2.2893, time 92.98ms, mfu 3.94%
iter 240: loss 2.2749, time 92.91ms, mfu 3.95%
step 250: train loss 2.1724, val loss 2.2177
iter 250: loss 2.2445, time 11512.62ms, mfu 3.56%
iter 260: loss 2.2112, time 94.37ms, mfu 3.59%
iter 270: loss 2.1945, time 108.42ms, mfu 3.58%
iter 280: loss 2.2158, time 94.58ms, mfu 3.62%
iter 290: loss 2.1565, time 93.61ms, mfu 3.65%
iter 300: loss 2.1320, time 93.46ms, mfu 3.69%
iter 310: loss 2.1051, time 93.04ms, mfu 3.72%
iter 320: loss 2.0924, time 79.98ms, mfu 3.81%
iter 330: loss 2.0561, time 79.19ms, mfu 3.90%
iter 340: loss 2.0170, time 79.74ms, mfu 3.98%
iter 350: loss 2.0532, time 94.35ms, mfu 3.98%
iter 360: loss 2.0014, time 79.12ms, mfu 4.05%
iter 370: loss 1.9705, time 94.15ms, mfu 4.04%
iter 380: loss 1.9494, time 93.29ms, mfu 4.03%
iter 390: loss 1.9507, time 93.71ms, mfu 4.03%
iter 400: loss 1.9565, time 78.55ms, mfu 4.10%
iter 410: loss 1.9020, time 93.38ms, mfu 4.09%
iter 420: loss 1.9194, time 93.67ms, mfu 4.08%
iter 430: loss 1.8947, time 93.57ms, mfu 4.07%
iter 440: loss 1.8355, time 93.71ms, mfu 4.06%
iter 450: loss 1.8390, time 94.23ms, mfu 4.05%
iter 460: loss 1.7824, time 94.99ms, mfu 4.04%
iter 470: loss 1.8343, time 92.90ms, mfu 4.03%
iter 480: loss 1.7875, time 93.23ms, mfu 4.03%
iter 490: loss 1.7731, time 91.86ms, mfu 4.03%
step 500: train loss 1.6718, val loss 1.8469
iter 500: loss 1.7766, time 11463.16ms, mfu 3.63%
iter 510: loss 1.7667, time 108.32ms, mfu 3.61%
iter 520: loss 1.7472, time 109.70ms, mfu 3.59%
iter 530: loss 1.7184, time 108.14ms, mfu 3.58%
iter 540: loss 1.7625, time 95.12ms, mfu 3.61%
iter 550: loss 1.7089, time 93.79ms, mfu 3.65%
iter 560: loss 1.7131, time 93.60ms, mfu 3.68%
iter 570: loss 1.7032, time 94.40ms, mfu 3.71%
iter 580: loss 1.6777, time 93.52ms, mfu 3.74%
iter 590: loss 1.6452, time 92.74ms, mfu 3.76%
iter 600: loss 1.6573, time 93.16ms, mfu 3.79%
iter 610: loss 1.6755, time 93.95ms, mfu 3.80%
iter 620: loss 1.6521, time 93.77ms, mfu 3.82%
iter 630: loss 1.6345, time 92.44ms, mfu 3.84%
iter 640: loss 1.5916, time 93.68ms, mfu 3.86%
iter 650: loss 1.6339, time 94.28ms, mfu 3.87%
iter 660: loss 1.6293, time 80.24ms, mfu 3.94%
iter 670: loss 1.5640, time 93.96ms, mfu 3.95%
iter 680: loss 1.6251, time 93.49ms, mfu 3.95%
iter 690: loss 1.5758, time 78.96ms, mfu 4.03%
iter 700: loss 1.6007, time 93.80ms, mfu 4.02%
iter 710: loss 1.5658, time 93.50ms, mfu 4.02%
iter 720: loss 1.5449, time 93.43ms, mfu 4.01%
iter 730: loss 1.5332, time 93.42ms, mfu 4.01%
iter 740: loss 1.5265, time 93.83ms, mfu 4.01%
step 750: train loss 1.4598, val loss 1.6677
iter 750: loss 1.5261, time 11640.02ms, mfu 3.61%
iter 760: loss 1.5461, time 108.26ms, mfu 3.59%
iter 770: loss 1.5270, time 109.09ms, mfu 3.58%
iter 780: loss 1.5255, time 93.62ms, mfu 3.62%
iter 790: loss 1.5217, time 94.20ms, mfu 3.65%
iter 800: loss 1.5193, time 94.18ms, mfu 3.68%
iter 810: loss 1.4985, time 109.02ms, mfu 3.65%
iter 820: loss 1.5047, time 93.78ms, mfu 3.69%
iter 830: loss 1.4762, time 93.28ms, mfu 3.72%
iter 840: loss 1.4943, time 92.94ms, mfu 3.75%
iter 850: loss 1.4799, time 78.34ms, mfu 3.85%
iter 860: loss 1.4870, time 94.16ms, mfu 3.86%
iter 870: loss 1.4816, time 94.15ms, mfu 3.87%
iter 880: loss 1.4656, time 78.42ms, mfu 3.96%
iter 890: loss 1.4769, time 93.43ms, mfu 3.96%
iter 900: loss 1.4699, time 92.93ms, mfu 3.96%
iter 910: loss 1.4043, time 77.92ms, mfu 4.05%
iter 920: loss 1.4477, time 93.16ms, mfu 4.04%
iter 930: loss 1.4350, time 93.86ms, mfu 4.03%
iter 940: loss 1.4261, time 93.71ms, mfu 4.03%
iter 950: loss 1.4410, time 109.74ms, mfu 3.97%
iter 960: loss 1.4441, time 109.10ms, mfu 3.91%
iter 970: loss 1.4430, time 109.22ms, mfu 3.86%
iter 980: loss 1.4352, time 107.74ms, mfu 3.82%
iter 990: loss 1.4227, time 92.84ms, mfu 3.84%
step 1000: train loss 1.3565, val loss 1.5820
iter 1000: loss 1.4135, time 11584.78ms, mfu 3.46%
iter 1010: loss 1.4212, time 94.22ms, mfu 3.51%
iter 1020: loss 1.3812, time 108.30ms, mfu 3.50%
iter 1030: loss 1.4143, time 94.02ms, mfu 3.55%
iter 1040: loss 1.4314, time 93.39ms, mfu 3.59%
iter 1050: loss 1.3664, time 93.77ms, mfu 3.63%
iter 1060: loss 1.4166, time 108.67ms, mfu 3.61%
iter 1070: loss 1.4121, time 94.81ms, mfu 3.64%
iter 1080: loss 1.4158, time 108.20ms, mfu 3.62%
iter 1090: loss 1.4242, time 93.88ms, mfu 3.66%
iter 1100: loss 1.3939, time 93.97ms, mfu 3.69%
iter 1110: loss 1.3683, time 78.35ms, mfu 3.79%
iter 1120: loss 1.3671, time 94.61ms, mfu 3.81%
iter 1130: loss 1.3663, time 93.21ms, mfu 3.83%
iter 1140: loss 1.3723, time 92.99ms, mfu 3.85%
iter 1150: loss 1.3719, time 94.17ms, mfu 3.86%
iter 1160: loss 1.4086, time 93.34ms, mfu 3.87%
iter 1170: loss 1.3782, time 93.17ms, mfu 3.88%
iter 1180: loss 1.3909, time 92.98ms, mfu 3.90%
iter 1190: loss 1.3458, time 93.46ms, mfu 3.90%
iter 1200: loss 1.3620, time 109.85ms, mfu 3.85%
iter 1210: loss 1.3386, time 94.04ms, mfu 3.86%
iter 1220: loss 1.3771, time 110.03ms, mfu 3.82%
iter 1230: loss 1.3711, time 79.46ms, mfu 3.90%
iter 1240: loss 1.3719, time 94.11ms, mfu 3.91%
step 1250: train loss 1.2792, val loss 1.5286
iter 1250: loss 1.3446, time 11655.39ms, mfu 3.52%
iter 1260: loss 1.3568, time 93.47ms, mfu 3.57%
iter 1270: loss 1.3292, time 123.37ms, mfu 3.51%
iter 1280: loss 1.3203, time 108.78ms, mfu 3.50%
iter 1290: loss 1.3599, time 108.98ms, mfu 3.50%
iter 1300: loss 1.3705, time 93.36ms, mfu 3.55%
iter 1310: loss 1.3068, time 93.58ms, mfu 3.59%
iter 1320: loss 1.3709, time 94.80ms, mfu 3.62%
iter 1330: loss 1.3358, time 94.18ms, mfu 3.66%
iter 1340: loss 1.3671, time 92.50ms, mfu 3.69%
iter 1350: loss 1.3238, time 93.72ms, mfu 3.72%
iter 1360: loss 1.3391, time 106.78ms, mfu 3.70%
iter 1370: loss 1.3235, time 93.19ms, mfu 3.73%
iter 1380: loss 1.3301, time 93.74ms, mfu 3.75%
iter 1390: loss 1.3133, time 93.57ms, mfu 3.78%
iter 1400: loss 1.3281, time 94.37ms, mfu 3.79%
iter 1410: loss 1.3072, time 93.51ms, mfu 3.81%
iter 1420: loss 1.3298, time 93.50ms, mfu 3.83%
iter 1430: loss 1.3041, time 93.65ms, mfu 3.84%
iter 1440: loss 1.3180, time 107.91ms, mfu 3.81%
iter 1450: loss 1.2933, time 110.68ms, mfu 3.76%
iter 1460: loss 1.3051, time 108.44ms, mfu 3.73%
iter 1470: loss 1.2832, time 93.82ms, mfu 3.75%
iter 1480: loss 1.2805, time 94.25ms, mfu 3.77%
iter 1490: loss 1.3060, time 94.06ms, mfu 3.79%
step 1500: train loss 1.2269, val loss 1.5017
iter 1500: loss 1.2563, time 11590.84ms, mfu 3.42%
iter 1510: loss 1.3050, time 108.66ms, mfu 3.42%
iter 1520: loss 1.2876, time 78.42ms, mfu 3.55%
iter 1530: loss 1.3245, time 108.48ms, mfu 3.54%
iter 1540: loss 1.2602, time 94.47ms, mfu 3.58%
iter 1550: loss 1.2992, time 107.40ms, mfu 3.57%
iter 1560: loss 1.2856, time 109.29ms, mfu 3.55%
iter 1570: loss 1.3060, time 78.51ms, mfu 3.67%
iter 1580: loss 1.2681, time 93.71ms, mfu 3.70%
iter 1590: loss 1.2609, time 108.69ms, mfu 3.68%
iter 1600: loss 1.2655, time 92.90ms, mfu 3.71%
iter 1610: loss 1.2948, time 94.06ms, mfu 3.73%
iter 1620: loss 1.2490, time 93.30ms, mfu 3.76%
iter 1630: loss 1.2675, time 93.46ms, mfu 3.78%
iter 1640: loss 1.2691, time 79.07ms, mfu 3.88%
iter 1650: loss 1.2455, time 94.49ms, mfu 3.88%
iter 1660: loss 1.2835, time 94.66ms, mfu 3.89%
iter 1670: loss 1.2631, time 78.67ms, mfu 3.97%
iter 1680: loss 1.2680, time 94.68ms, mfu 3.97%
iter 1690: loss 1.2669, time 95.24ms, mfu 3.96%
iter 1700: loss 1.2522, time 93.79ms, mfu 3.96%
iter 1710: loss 1.2467, time 93.89ms, mfu 3.96%
iter 1720: loss 1.2476, time 94.13ms, mfu 3.96%
iter 1730: loss 1.2627, time 109.71ms, mfu 3.91%
iter 1740: loss 1.2365, time 107.68ms, mfu 3.86%
step 1750: train loss 1.1757, val loss 1.4792
iter 1750: loss 1.2552, time 11628.13ms, mfu 3.48%
iter 1760: loss 1.2479, time 94.47ms, mfu 3.53%
iter 1770: loss 1.2563, time 93.93ms, mfu 3.57%
iter 1780: loss 1.2643, time 93.84ms, mfu 3.61%
iter 1790: loss 1.2624, time 93.79ms, mfu 3.65%
iter 1800: loss 1.2488, time 93.39ms, mfu 3.68%
iter 1810: loss 1.2225, time 92.67ms, mfu 3.71%
iter 1820: loss 1.2409, time 78.45ms, mfu 3.82%
iter 1830: loss 1.2319, time 93.16ms, mfu 3.84%
iter 1840: loss 1.2204, time 92.01ms, mfu 3.86%
iter 1850: loss 1.2246, time 93.74ms, mfu 3.87%
iter 1860: loss 1.2447, time 93.57ms, mfu 3.88%
iter 1870: loss 1.2090, time 94.04ms, mfu 3.89%
iter 1880: loss 1.2362, time 93.38ms, mfu 3.90%
iter 1890: loss 1.2383, time 93.43ms, mfu 3.91%
iter 1900: loss 1.1975, time 93.33ms, mfu 3.92%
iter 1910: loss 1.2335, time 77.51ms, mfu 4.01%
iter 1920: loss 1.2418, time 94.42ms, mfu 4.00%
iter 1930: loss 1.2138, time 63.08ms, mfu 4.19%
iter 1940: loss 1.1979, time 62.07ms, mfu 4.37%
iter 1950: loss 1.2054, time 62.31ms, mfu 4.53%
iter 1960: loss 1.2132, time 62.39ms, mfu 4.68%
iter 1970: loss 1.2073, time 61.94ms, mfu 4.81%
iter 1980: loss 1.2152, time 62.86ms, mfu 4.92%
iter 1990: loss 1.2231, time 62.85ms, mfu 5.02%
step 2000: train loss 1.1367, val loss 1.4858
iter 2000: loss 1.1990, time 7484.74ms, mfu 4.53%
iter 2010: loss 1.2089, time 61.85ms, mfu 4.68%
iter 2020: loss 1.1957, time 76.60ms, mfu 4.69%
iter 2030: loss 1.2265, time 62.71ms, mfu 4.82%
iter 2040: loss 1.2070, time 62.28ms, mfu 4.94%
iter 2050: loss 1.1809, time 63.71ms, mfu 5.03%
iter 2060: loss 1.1708, time 63.19ms, mfu 5.11%
iter 2070: loss 1.1999, time 62.83ms, mfu 5.20%
iter 2080: loss 1.1895, time 76.94ms, mfu 5.16%
iter 2090: loss 1.2096, time 76.54ms, mfu 5.13%
iter 2100: loss 1.1972, time 63.44ms, mfu 5.21%
iter 2110: loss 1.1958, time 76.11ms, mfu 5.17%
iter 2120: loss 1.2013, time 62.17ms, mfu 5.26%
iter 2130: loss 1.2073, time 63.36ms, mfu 5.32%
iter 2140: loss 1.2129, time 63.20ms, mfu 5.38%
iter 2150: loss 1.1916, time 77.43ms, mfu 5.32%
iter 2160: loss 1.2168, time 62.43ms, mfu 5.38%
iter 2170: loss 1.2029, time 76.99ms, mfu 5.33%
iter 2180: loss 1.1797, time 62.67ms, mfu 5.39%
iter 2190: loss 1.1833, time 77.34ms, mfu 5.33%
iter 2200: loss 1.1969, time 62.61ms, mfu 5.40%
iter 2210: loss 1.1831, time 61.92ms, mfu 5.46%
iter 2220: loss 1.1864, time 62.22ms, mfu 5.51%
iter 2230: loss 1.1920, time 62.71ms, mfu 5.55%
iter 2240: loss 1.2054, time 63.02ms, mfu 5.59%
step 2250: train loss 1.0986, val loss 1.4811
iter 2250: loss 1.1834, time 7546.84ms, mfu 5.04%
iter 2260: loss 1.1733, time 62.74ms, mfu 5.13%
iter 2270: loss 1.2071, time 62.74ms, mfu 5.21%
iter 2280: loss 1.1637, time 77.47ms, mfu 5.17%
iter 2290: loss 1.2172, time 76.03ms, mfu 5.14%
iter 2300: loss 1.2005, time 62.53ms, mfu 5.22%
iter 2310: loss 1.1665, time 76.86ms, mfu 5.19%
iter 2320: loss 1.1746, time 77.32ms, mfu 5.15%
iter 2330: loss 1.1695, time 62.38ms, mfu 5.23%
iter 2340: loss 1.1911, time 76.63ms, mfu 5.19%
iter 2350: loss 1.1811, time 62.55ms, mfu 5.27%
iter 2360: loss 1.1800, time 78.27ms, mfu 5.22%
iter 2370: loss 1.1665, time 63.17ms, mfu 5.29%
iter 2380: loss 1.1501, time 62.63ms, mfu 5.35%
iter 2390: loss 1.1549, time 77.00ms, mfu 5.30%
iter 2400: loss 1.1598, time 62.78ms, mfu 5.37%
iter 2410: loss 1.1488, time 77.36ms, mfu 5.31%
iter 2420: loss 1.1504, time 61.65ms, mfu 5.38%
iter 2430: loss 1.1307, time 63.33ms, mfu 5.43%
iter 2440: loss 1.1326, time 62.87ms, mfu 5.48%
iter 2450: loss 1.1582, time 62.07ms, mfu 5.54%
iter 2460: loss 1.1579, time 63.35ms, mfu 5.57%
iter 2470: loss 1.1630, time 77.45ms, mfu 5.49%
iter 2480: loss 1.1620, time 62.48ms, mfu 5.54%
iter 2490: loss 1.1312, time 62.58ms, mfu 5.58%
step 2500: train loss 1.0579, val loss 1.4834
iter 2500: loss 1.1580, time 7469.76ms, mfu 5.03%
iter 2510: loss 1.1498, time 62.89ms, mfu 5.12%
iter 2520: loss 1.1340, time 63.47ms, mfu 5.19%
iter 2530: loss 1.1307, time 63.63ms, mfu 5.26%
iter 2540: loss 1.1272, time 75.36ms, mfu 5.23%
iter 2550: loss 1.1513, time 62.71ms, mfu 5.30%
iter 2560: loss 1.1346, time 62.65ms, mfu 5.36%
iter 2570: loss 1.1569, time 61.89ms, mfu 5.43%
iter 2580: loss 1.1499, time 63.31ms, mfu 5.48%
iter 2590: loss 1.1461, time 77.79ms, mfu 5.41%
iter 2600: loss 1.1373, time 62.65ms, mfu 5.46%
iter 2610: loss 1.1264, time 62.95ms, mfu 5.51%
iter 2620: loss 1.1238, time 63.13ms, mfu 5.55%
iter 2630: loss 1.0954, time 77.36ms, mfu 5.47%
iter 2640: loss 1.1249, time 76.63ms, mfu 5.41%
iter 2650: loss 1.1559, time 62.56ms, mfu 5.47%
iter 2660: loss 1.1164, time 63.92ms, mfu 5.50%
iter 2670: loss 1.1049, time 62.94ms, mfu 5.54%
iter 2680: loss 1.1290, time 77.45ms, mfu 5.47%
iter 2690: loss 1.1350, time 63.16ms, mfu 5.51%
iter 2700: loss 1.1060, time 62.61ms, mfu 5.56%
iter 2710: loss 1.1308, time 62.89ms, mfu 5.59%
iter 2720: loss 1.1254, time 63.45ms, mfu 5.62%
iter 2730: loss 1.1388, time 76.21ms, mfu 5.55%
iter 2740: loss 1.1088, time 62.60ms, mfu 5.59%
step 2750: train loss 1.0237, val loss 1.4886
iter 2750: loss 1.1185, time 7619.85ms, mfu 5.04%
iter 2760: loss 1.1107, time 62.69ms, mfu 5.13%
iter 2770: loss 1.1074, time 62.62ms, mfu 5.21%
iter 2780: loss 1.1089, time 63.11ms, mfu 5.28%
iter 2790: loss 1.1216, time 76.97ms, mfu 5.23%
iter 2800: loss 1.0963, time 62.16ms, mfu 5.31%
iter 2810: loss 1.1255, time 78.19ms, mfu 5.26%
iter 2820: loss 1.1168, time 62.14ms, mfu 5.33%
iter 2830: loss 1.1179, time 62.68ms, mfu 5.39%
iter 2840: loss 1.0706, time 62.40ms, mfu 5.45%
iter 2850: loss 1.1203, time 63.45ms, mfu 5.49%
iter 2860: loss 1.1160, time 78.09ms, mfu 5.42%
iter 2870: loss 1.0932, time 76.87ms, mfu 5.36%
iter 2880: loss 1.1227, time 63.23ms, mfu 5.42%
iter 2890: loss 1.0916, time 63.08ms, mfu 5.46%
iter 2900: loss 1.0807, time 62.20ms, mfu 5.52%
iter 2910: loss 1.1296, time 77.06ms, mfu 5.45%
iter 2920: loss 1.1045, time 62.73ms, mfu 5.50%
iter 2930: loss 1.0824, time 63.55ms, mfu 5.53%
iter 2940: loss 1.0872, time 61.90ms, mfu 5.58%
iter 2950: loss 1.1078, time 76.58ms, mfu 5.51%
iter 2960: loss 1.0943, time 61.82ms, mfu 5.56%
iter 2970: loss 1.0833, time 62.73ms, mfu 5.60%
iter 2980: loss 1.0866, time 63.05ms, mfu 5.63%
iter 2990: loss 1.0735, time 62.01ms, mfu 5.67%
step 3000: train loss 0.9868, val loss 1.4896
iter 3000: loss 1.0821, time 7517.13ms, mfu 5.11%
iter 3010: loss 1.0857, time 62.31ms, mfu 5.19%
iter 3020: loss 1.0958, time 62.68ms, mfu 5.27%
iter 3030: loss 1.0976, time 64.15ms, mfu 5.32%
iter 3040: loss 1.1192, time 62.55ms, mfu 5.39%
iter 3050: loss 1.0692, time 63.28ms, mfu 5.44%
iter 3060: loss 1.0856, time 62.62ms, mfu 5.49%
iter 3070: loss 1.1150, time 62.96ms, mfu 5.53%
iter 3080: loss 1.0897, time 62.46ms, mfu 5.57%
iter 3090: loss 1.0804, time 76.94ms, mfu 5.50%
iter 3100: loss 1.0957, time 63.44ms, mfu 5.54%
iter 3110: loss 1.0609, time 76.18ms, mfu 5.47%
iter 3120: loss 1.0926, time 62.82ms, mfu 5.52%
iter 3130: loss 1.0718, time 62.73ms, mfu 5.56%
iter 3140: loss 1.0790, time 62.17ms, mfu 5.61%
iter 3150: loss 1.0953, time 76.46ms, mfu 5.53%
iter 3160: loss 1.1135, time 63.19ms, mfu 5.57%
iter 3170: loss 1.0555, time 62.19ms, mfu 5.61%
iter 3180: loss 1.0629, time 76.67ms, mfu 5.54%
iter 3190: loss 1.0883, time 78.32ms, mfu 5.46%
iter 3200: loss 1.0592, time 76.92ms, mfu 5.40%
iter 3210: loss 1.0533, time 62.50ms, mfu 5.45%
iter 3220: loss 1.0489, time 77.12ms, mfu 5.39%
iter 3230: loss 1.0602, time 63.84ms, mfu 5.44%
iter 3240: loss 1.0474, time 63.38ms, mfu 5.48%
step 3250: train loss 0.9561, val loss 1.5111
iter 3250: loss 1.0691, time 7479.89ms, mfu 4.94%
iter 3260: loss 1.0592, time 62.37ms, mfu 5.04%
iter 3270: loss 1.0753, time 62.46ms, mfu 5.13%
iter 3280: loss 1.0539, time 62.99ms, mfu 5.21%
iter 3290: loss 1.0454, time 62.71ms, mfu 5.28%
iter 3300: loss 1.0503, time 62.23ms, mfu 5.35%
iter 3310: loss 1.0509, time 63.00ms, mfu 5.41%
iter 3320: loss 1.0632, time 62.84ms, mfu 5.46%
iter 3330: loss 1.0475, time 62.52ms, mfu 5.51%
iter 3340: loss 1.0551, time 77.34ms, mfu 5.44%
iter 3350: loss 1.0507, time 63.14ms, mfu 5.49%
iter 3360: loss 1.0277, time 76.11ms, mfu 5.43%
iter 3370: loss 1.0697, time 63.10ms, mfu 5.48%
iter 3380: loss 1.0561, time 62.85ms, mfu 5.52%
iter 3390: loss 1.0541, time 62.78ms, mfu 5.56%
iter 3400: loss 1.0570, time 62.65ms, mfu 5.60%
iter 3410: loss 1.0445, time 63.10ms, mfu 5.63%
iter 3420: loss 1.0520, time 62.33ms, mfu 5.67%
iter 3430: loss 1.0552, time 62.19ms, mfu 5.70%
iter 3440: loss 1.0840, time 62.98ms, mfu 5.72%
iter 3450: loss 1.0634, time 63.25ms, mfu 5.74%
iter 3460: loss 1.0553, time 62.88ms, mfu 5.76%
iter 3470: loss 1.0483, time 61.99ms, mfu 5.78%
iter 3480: loss 1.0577, time 63.13ms, mfu 5.79%
iter 3490: loss 1.0329, time 63.75ms, mfu 5.80%
step 3500: train loss 0.9252, val loss 1.5079
iter 3500: loss 1.0073, time 7512.66ms, mfu 5.22%
iter 3510: loss 1.0245, time 62.59ms, mfu 5.30%
iter 3520: loss 1.0335, time 76.16ms, mfu 5.26%
iter 3530: loss 1.0638, time 62.72ms, mfu 5.33%
iter 3540: loss 1.0391, time 77.28ms, mfu 5.27%
iter 3550: loss 1.0350, time 62.62ms, mfu 5.34%
iter 3560: loss 1.0576, time 76.37ms, mfu 5.30%
iter 3570: loss 1.0470, time 61.86ms, mfu 5.37%
iter 3580: loss 1.0446, time 76.78ms, mfu 5.32%
iter 3590: loss 1.0390, time 75.52ms, mfu 5.28%
iter 3600: loss 1.0332, time 63.10ms, mfu 5.34%
iter 3610: loss 1.0299, time 76.75ms, mfu 5.29%
iter 3620: loss 1.0261, time 63.40ms, mfu 5.35%
iter 3630: loss 1.0276, time 62.47ms, mfu 5.41%
iter 3640: loss 1.0187, time 63.13ms, mfu 5.46%
iter 3650: loss 1.0282, time 62.40ms, mfu 5.51%
iter 3660: loss 1.0513, time 63.52ms, mfu 5.55%
iter 3670: loss 1.0523, time 63.02ms, mfu 5.58%
iter 3680: loss 1.0137, time 63.52ms, mfu 5.61%
iter 3690: loss 1.0488, time 62.48ms, mfu 5.65%
iter 3700: loss 0.9860, time 62.01ms, mfu 5.68%
iter 3710: loss 0.9927, time 63.14ms, mfu 5.71%
iter 3720: loss 1.0161, time 61.97ms, mfu 5.74%
iter 3730: loss 1.0113, time 63.28ms, mfu 5.75%
iter 3740: loss 1.0245, time 63.05ms, mfu 5.77%
step 3750: train loss 0.8960, val loss 1.5179
iter 3750: loss 1.0148, time 7492.86ms, mfu 5.20%
iter 3760: loss 1.0462, time 61.87ms, mfu 5.28%
iter 3770: loss 1.0477, time 77.13ms, mfu 5.23%
iter 3780: loss 1.0351, time 62.58ms, mfu 5.31%
iter 3790: loss 1.0103, time 62.94ms, mfu 5.37%
iter 3800: loss 1.0246, time 62.14ms, mfu 5.43%
iter 3810: loss 1.0367, time 63.36ms, mfu 5.48%
iter 3820: loss 1.0038, time 62.48ms, mfu 5.52%
iter 3830: loss 1.0154, time 62.79ms, mfu 5.57%
iter 3840: loss 1.0030, time 77.88ms, mfu 5.49%
iter 3850: loss 1.0007, time 62.44ms, mfu 5.54%
iter 3860: loss 0.9956, time 77.12ms, mfu 5.46%
iter 3870: loss 1.0138, time 63.15ms, mfu 5.51%
iter 3880: loss 1.0034, time 77.01ms, mfu 5.44%
iter 3890: loss 1.0079, time 62.88ms, mfu 5.49%
iter 3900: loss 1.0162, time 62.43ms, mfu 5.54%
iter 3910: loss 1.0155, time 48.58ms, mfu 5.75%
iter 3920: loss 0.9903, time 63.09ms, mfu 5.77%
iter 3930: loss 1.0139, time 62.63ms, mfu 5.78%
iter 3940: loss 0.9922, time 76.89ms, mfu 5.69%
iter 3950: loss 0.9951, time 62.56ms, mfu 5.72%
iter 3960: loss 1.0344, time 61.57ms, mfu 5.75%
iter 3970: loss 1.0208, time 62.17ms, mfu 5.78%
iter 3980: loss 1.0158, time 62.37ms, mfu 5.80%
iter 3990: loss 0.9985, time 63.19ms, mfu 5.81%
step 4000: train loss 0.8726, val loss 1.5329
iter 4000: loss 0.9776, time 7520.54ms, mfu 5.23%
iter 4010: loss 1.0002, time 62.21ms, mfu 5.31%
iter 4020: loss 1.0136, time 63.34ms, mfu 5.36%
iter 4030: loss 0.9956, time 77.48ms, mfu 5.31%
iter 4040: loss 1.0050, time 62.71ms, mfu 5.37%
iter 4050: loss 0.9945, time 77.33ms, mfu 5.32%
iter 4060: loss 0.9830, time 62.53ms, mfu 5.38%
iter 4070: loss 0.9849, time 62.26ms, mfu 5.44%
iter 4080: loss 1.0078, time 61.85ms, mfu 5.50%
iter 4090: loss 0.9719, time 77.15ms, mfu 5.43%
iter 4100: loss 1.0205, time 77.75ms, mfu 5.37%
iter 4110: loss 1.0018, time 62.54ms, mfu 5.43%
iter 4120: loss 1.0022, time 62.81ms, mfu 5.48%
iter 4130: loss 0.9789, time 64.48ms, mfu 5.51%
iter 4140: loss 1.0029, time 62.77ms, mfu 5.55%
iter 4150: loss 1.0018, time 62.80ms, mfu 5.59%
iter 4160: loss 0.9837, time 62.46ms, mfu 5.63%
iter 4170: loss 0.9947, time 77.14ms, mfu 5.55%
iter 4180: loss 0.9846, time 62.31ms, mfu 5.59%
iter 4190: loss 0.9996, time 62.10ms, mfu 5.63%
iter 4200: loss 0.9827, time 62.68ms, mfu 5.66%
iter 4210: loss 0.9991, time 76.31ms, mfu 5.58%
iter 4220: loss 0.9828, time 63.85ms, mfu 5.61%
iter 4230: loss 1.0036, time 75.79ms, mfu 5.54%
iter 4240: loss 0.9964, time 76.16ms, mfu 5.48%
step 4250: train loss 0.8502, val loss 1.5407
iter 4250: loss 0.9958, time 7677.33ms, mfu 4.93%
iter 4260: loss 0.9952, time 61.99ms, mfu 5.04%
iter 4270: loss 0.9875, time 49.06ms, mfu 5.30%
iter 4280: loss 0.9873, time 63.08ms, mfu 5.36%
iter 4290: loss 0.9622, time 63.05ms, mfu 5.41%
iter 4300: loss 0.9496, time 63.06ms, mfu 5.46%
iter 4310: loss 0.9803, time 76.66ms, mfu 5.40%
iter 4320: loss 0.9702, time 78.02ms, mfu 5.34%
iter 4330: loss 0.9875, time 62.47ms, mfu 5.40%
iter 4340: loss 0.9630, time 62.51ms, mfu 5.46%
iter 4350: loss 0.9692, time 62.47ms, mfu 5.51%
iter 4360: loss 0.9852, time 62.27ms, mfu 5.56%
iter 4370: loss 0.9762, time 76.72ms, mfu 5.49%
iter 4380: loss 0.9628, time 63.86ms, mfu 5.52%
iter 4390: loss 0.9982, time 63.30ms, mfu 5.56%
iter 4400: loss 0.9808, time 63.40ms, mfu 5.59%
iter 4410: loss 0.9940, time 61.40ms, mfu 5.64%
iter 4420: loss 0.9864, time 62.94ms, mfu 5.67%
iter 4430: loss 0.9699, time 62.44ms, mfu 5.70%
iter 4440: loss 0.9653, time 63.41ms, mfu 5.71%
iter 4450: loss 0.9725, time 62.96ms, mfu 5.73%
iter 4460: loss 0.9719, time 76.73ms, mfu 5.65%
iter 4470: loss 0.9847, time 62.52ms, mfu 5.68%
iter 4480: loss 0.9596, time 61.98ms, mfu 5.71%
iter 4490: loss 0.9633, time 63.19ms, mfu 5.73%
step 4500: train loss 0.8302, val loss 1.5580
iter 4500: loss 0.9947, time 7592.35ms, mfu 5.16%
iter 4510: loss 0.9793, time 62.17ms, mfu 5.25%
iter 4520: loss 0.9750, time 62.39ms, mfu 5.32%
iter 4530: loss 0.9731, time 63.96ms, mfu 5.37%
iter 4540: loss 0.9781, time 62.73ms, mfu 5.43%
iter 4550: loss 1.0054, time 62.65ms, mfu 5.48%
iter 4560: loss 0.9817, time 62.62ms, mfu 5.53%
iter 4570: loss 0.9778, time 62.20ms, mfu 5.57%
iter 4580: loss 0.9883, time 63.40ms, mfu 5.60%
iter 4590: loss 0.9937, time 63.22ms, mfu 5.63%
iter 4600: loss 0.9573, time 62.60ms, mfu 5.66%
iter 4610: loss 1.0012, time 62.30ms, mfu 5.70%
iter 4620: loss 0.9777, time 62.65ms, mfu 5.72%
iter 4630: loss 0.9550, time 62.96ms, mfu 5.74%
iter 4640: loss 0.9735, time 63.29ms, mfu 5.76%
iter 4650: loss 0.9844, time 62.63ms, mfu 5.77%
iter 4660: loss 0.9881, time 63.03ms, mfu 5.79%
iter 4670: loss 0.9718, time 63.72ms, mfu 5.79%
iter 4680: loss 0.9770, time 62.14ms, mfu 5.81%
iter 4690: loss 0.9702, time 63.41ms, mfu 5.82%
iter 4700: loss 0.9494, time 63.30ms, mfu 5.83%
iter 4710: loss 0.9337, time 77.16ms, mfu 5.73%
iter 4720: loss 0.9679, time 77.59ms, mfu 5.63%
iter 4730: loss 0.9689, time 63.50ms, mfu 5.66%
iter 4740: loss 0.9657, time 62.39ms, mfu 5.69%
step 4750: train loss 0.8182, val loss 1.5620
iter 4750: loss 0.9394, time 7479.47ms, mfu 5.13%
iter 4760: loss 0.9603, time 62.03ms, mfu 5.21%
iter 4770: loss 0.9414, time 63.46ms, mfu 5.28%
iter 4780: loss 0.9439, time 63.13ms, mfu 5.34%
iter 4790: loss 0.9794, time 63.31ms, mfu 5.40%
iter 4800: loss 0.9654, time 76.81ms, mfu 5.34%
iter 4810: loss 0.9780, time 63.29ms, mfu 5.40%
iter 4820: loss 0.9538, time 62.97ms, mfu 5.45%
iter 4830: loss 0.9578, time 75.78ms, mfu 5.40%
iter 4840: loss 0.9663, time 76.36ms, mfu 5.34%
iter 4850: loss 0.9616, time 62.43ms, mfu 5.41%
iter 4860: loss 0.9497, time 62.78ms, mfu 5.46%
iter 4870: loss 0.9375, time 62.85ms, mfu 5.51%
iter 4880: loss 0.9633, time 62.50ms, mfu 5.55%
iter 4890: loss 0.9473, time 77.65ms, mfu 5.48%
iter 4900: loss 0.9424, time 62.72ms, mfu 5.52%
iter 4910: loss 0.9758, time 63.00ms, mfu 5.56%
iter 4920: loss 0.9492, time 62.71ms, mfu 5.60%
iter 4930: loss 0.9512, time 63.20ms, mfu 5.63%
iter 4940: loss 0.9338, time 76.37ms, mfu 5.55%
iter 4950: loss 0.9704, time 63.15ms, mfu 5.59%
iter 4960: loss 0.9728, time 62.32ms, mfu 5.63%
iter 4970: loss 0.9229, time 77.50ms, mfu 5.55%
iter 4980: loss 0.9312, time 77.73ms, mfu 5.47%
iter 4990: loss 0.9571, time 62.25ms, mfu 5.52%
step 5000: train loss 0.8075, val loss 1.5725
iter 5000: loss 0.9595, time 7527.52ms, mfu 4.98%
