Overriding config with config/train_shakespeare_char.py:
# train a miniature character-level shakespeare model
# good for debugging and playing on macbooks and such

out_dir = 'out-shakespeare-char'
eval_interval = 250 # keep frequent because we'll overfit
eval_iters = 200
log_interval = 10 # don't print too too often

# we expect to overfit on this small dataset, so only save when val improves
always_save_checkpoint = False

wandb_log = False # override via command line if you like
wandb_project = 'shakespeare-char'
wandb_run_name = 'mini-gpt'

dataset = 'shakespeare_char'
gradient_accumulation_steps = 1
batch_size = 64
block_size = 256 # context of up to 256 previous characters

# baby GPT model :)
n_layer = 6
n_head = 6
n_embd = 384
dropout = 0.2

learning_rate = 1e-3 # with baby networks can afford to go a bit higher
max_iters = 5000
lr_decay_iters = 5000 # make equal to max_iters usually
min_lr = 1e-4 # learning_rate / 10 usually
beta2 = 0.99 # make a bit bigger because number of tokens per iter is small

warmup_iters = 100 # not super necessary potentially

# on macbook also add
# device = 'cpu'  # run on cpu only
# compile = False # do not torch compile the model

Overriding: compile = False
Overriding: out_dir = runs\nope_lr2e-3
Overriding: learning_rate = 0.002
Overriding: min_lr = 0.0002
Overriding: seed = 1337
Overriding: save_checkpoint = False
Overriding: pos_type = none
tokens per iteration will be: 16,384
found vocab_size = 65 (inside data\shakespeare_char\meta.pkl)
Initializing a new model from scratch
number of parameters: 10.65M
C:\Users\86271\hw1work\nanoGPT\train.py:204: FutureWarning: `torch.cuda.amp.GradScaler(args...)` is deprecated. Please use `torch.amp.GradScaler('cuda', args...)` instead.
  scaler = torch.cuda.amp.GradScaler(enabled=(dtype == 'float16'))
num decayed parameter tensors: 25, with 10,641,792 parameters
num non-decayed parameter tensors: 13, with 4,992 parameters
using fused AdamW: True
step 0: train loss 4.1954, val loss 4.2023
iter 0: loss 4.2170, time 11597.64ms, mfu -100.00%
iter 10: loss 2.8737, time 93.11ms, mfu 4.00%
iter 20: loss 2.6238, time 63.59ms, mfu 4.19%
iter 30: loss 2.5175, time 62.51ms, mfu 4.36%
iter 40: loss 2.4985, time 48.61ms, mfu 4.69%
iter 50: loss 2.5053, time 61.36ms, mfu 4.83%
iter 60: loss 2.4659, time 77.53ms, mfu 4.83%
iter 70: loss 2.4824, time 93.28ms, mfu 4.75%
iter 80: loss 2.4526, time 77.37ms, mfu 4.75%
iter 90: loss 2.4587, time 93.69ms, mfu 4.68%
iter 100: loss 2.4440, time 94.25ms, mfu 4.60%
iter 110: loss 2.4531, time 94.09ms, mfu 4.54%
iter 120: loss 2.4437, time 78.65ms, mfu 4.56%
iter 130: loss 2.4140, time 94.49ms, mfu 4.50%
iter 140: loss 2.4338, time 93.29ms, mfu 4.45%
iter 150: loss 2.4216, time 93.30ms, mfu 4.40%
iter 160: loss 2.3898, time 93.27ms, mfu 4.36%
iter 170: loss 2.4065, time 93.69ms, mfu 4.32%
iter 180: loss 2.4049, time 92.73ms, mfu 4.29%
iter 190: loss 2.4125, time 80.05ms, mfu 4.33%
iter 200: loss 2.4152, time 94.56ms, mfu 4.29%
iter 210: loss 2.3742, time 94.22ms, mfu 4.26%
iter 220: loss 2.3855, time 92.51ms, mfu 4.23%
iter 230: loss 2.3788, time 62.67ms, mfu 4.40%
iter 240: loss 2.3518, time 108.69ms, mfu 4.31%
step 250: train loss 2.3282, val loss 2.4010
iter 250: loss 2.3533, time 11672.58ms, mfu 3.88%
iter 260: loss 2.3374, time 93.24ms, mfu 3.89%
iter 270: loss 2.3669, time 92.35ms, mfu 3.91%
iter 280: loss 2.3451, time 78.29ms, mfu 3.99%
iter 290: loss 2.3449, time 93.30ms, mfu 3.99%
iter 300: loss 2.3196, time 78.01ms, mfu 4.07%
iter 310: loss 2.3528, time 78.98ms, mfu 4.13%
iter 320: loss 2.3374, time 93.55ms, mfu 4.12%
iter 330: loss 2.2940, time 93.56ms, mfu 4.11%
iter 340: loss 2.3088, time 76.61ms, mfu 4.18%
iter 350: loss 2.3138, time 62.87ms, mfu 4.36%
iter 360: loss 2.2858, time 63.12ms, mfu 4.51%
iter 370: loss 2.3152, time 76.02ms, mfu 4.55%
iter 380: loss 2.2825, time 93.03ms, mfu 4.50%
iter 390: loss 2.2066, time 93.49ms, mfu 4.44%
iter 400: loss 2.1424, time 106.63ms, mfu 4.35%
iter 410: loss 2.1806, time 92.97ms, mfu 4.32%
iter 420: loss 2.1172, time 92.61ms, mfu 4.29%
iter 430: loss 2.0822, time 78.29ms, mfu 4.33%
iter 440: loss 2.1215, time 91.73ms, mfu 4.31%
iter 450: loss 2.0749, time 92.45ms, mfu 4.28%
iter 460: loss 2.0673, time 93.32ms, mfu 4.25%
iter 470: loss 2.0208, time 77.32ms, mfu 4.31%
iter 480: loss 2.0115, time 78.21ms, mfu 4.35%
iter 490: loss 1.9857, time 78.67ms, mfu 4.39%
step 500: train loss 1.8622, val loss 2.0113
iter 500: loss 2.0459, time 10780.18ms, mfu 3.96%
iter 510: loss 1.9924, time 108.57ms, mfu 3.90%
iter 520: loss 1.9721, time 78.65ms, mfu 3.99%
iter 530: loss 1.9277, time 93.42ms, mfu 3.99%
iter 540: loss 1.9024, time 93.86ms, mfu 3.99%
iter 550: loss 1.9484, time 78.56ms, mfu 4.06%
iter 560: loss 1.8637, time 93.53ms, mfu 4.05%
iter 570: loss 1.8836, time 94.66ms, mfu 4.04%
iter 580: loss 1.8576, time 94.32ms, mfu 4.03%
iter 590: loss 1.8581, time 93.05ms, mfu 4.03%
iter 600: loss 1.8415, time 92.90ms, mfu 4.03%
iter 610: loss 1.8047, time 93.39ms, mfu 4.02%
iter 620: loss 1.8081, time 107.68ms, mfu 3.97%
iter 630: loss 1.8132, time 107.82ms, mfu 3.92%
iter 640: loss 1.7842, time 93.58ms, mfu 3.92%
iter 650: loss 1.7830, time 92.35ms, mfu 3.93%
iter 660: loss 1.7242, time 91.79ms, mfu 3.95%
iter 670: loss 1.7368, time 92.19ms, mfu 3.96%
iter 680: loss 1.6937, time 78.61ms, mfu 4.03%
iter 690: loss 1.7278, time 93.10ms, mfu 4.03%
iter 700: loss 1.6933, time 93.33ms, mfu 4.03%
iter 710: loss 1.7046, time 93.55ms, mfu 4.02%
iter 720: loss 1.7014, time 108.99ms, mfu 3.96%
iter 730: loss 1.7021, time 92.30ms, mfu 3.97%
iter 740: loss 1.7653, time 94.11ms, mfu 3.97%
step 750: train loss 1.5980, val loss 1.7974
iter 750: loss 1.6921, time 10480.43ms, mfu 3.58%
iter 760: loss 1.7020, time 78.05ms, mfu 3.70%
iter 770: loss 1.6608, time 77.78ms, mfu 3.81%
iter 780: loss 1.6173, time 92.92ms, mfu 3.83%
iter 790: loss 1.6600, time 93.25ms, mfu 3.84%
iter 800: loss 1.6181, time 94.26ms, mfu 3.85%
iter 810: loss 1.6166, time 92.13ms, mfu 3.87%
iter 820: loss 1.6229, time 107.70ms, mfu 3.83%
iter 830: loss 1.5803, time 93.64ms, mfu 3.85%
iter 840: loss 1.6183, time 94.64ms, mfu 3.86%
iter 850: loss 1.6344, time 92.81ms, mfu 3.87%
iter 860: loss 1.5924, time 105.72ms, mfu 3.84%
iter 870: loss 1.6083, time 94.68ms, mfu 3.85%
iter 880: loss 1.5788, time 93.56ms, mfu 3.86%
iter 890: loss 1.6181, time 93.35ms, mfu 3.87%
iter 900: loss 1.5826, time 108.05ms, mfu 3.83%
iter 910: loss 1.5883, time 79.17ms, mfu 3.92%
iter 920: loss 1.5520, time 78.82ms, mfu 4.00%
iter 930: loss 1.5713, time 92.48ms, mfu 4.00%
iter 940: loss 1.5741, time 77.67ms, mfu 4.08%
iter 950: loss 1.5398, time 94.81ms, mfu 4.07%
iter 960: loss 1.5431, time 92.64ms, mfu 4.06%
iter 970: loss 1.6151, time 108.96ms, mfu 4.00%
iter 980: loss 1.5693, time 94.28ms, mfu 3.99%
iter 990: loss 1.5699, time 91.84ms, mfu 4.00%
step 1000: train loss 1.4523, val loss 1.6777
iter 1000: loss 1.5582, time 10948.95ms, mfu 3.60%
iter 1010: loss 1.5417, time 78.21ms, mfu 3.72%
iter 1020: loss 1.5331, time 79.38ms, mfu 3.82%
iter 1030: loss 1.5385, time 93.79ms, mfu 3.83%
iter 1040: loss 1.4997, time 78.82ms, mfu 3.92%
iter 1050: loss 1.5361, time 94.43ms, mfu 3.92%
iter 1060: loss 1.5223, time 77.86ms, mfu 4.01%
iter 1070: loss 1.5128, time 93.34ms, mfu 4.01%
iter 1080: loss 1.5803, time 77.83ms, mfu 4.09%
iter 1090: loss 1.5323, time 77.14ms, mfu 4.16%
iter 1100: loss 1.4997, time 93.10ms, mfu 4.15%
iter 1110: loss 1.5111, time 92.79ms, mfu 4.13%
iter 1120: loss 1.5102, time 93.79ms, mfu 4.12%
iter 1130: loss 1.4700, time 77.59ms, mfu 4.18%
iter 1140: loss 1.5083, time 108.08ms, mfu 4.11%
iter 1150: loss 1.5408, time 80.75ms, mfu 4.16%
iter 1160: loss 1.4883, time 94.33ms, mfu 4.14%
iter 1170: loss 1.4765, time 107.82ms, mfu 4.07%
iter 1180: loss 1.4817, time 93.44ms, mfu 4.06%
iter 1190: loss 1.5170, time 93.52ms, mfu 4.06%
iter 1200: loss 1.5063, time 93.00ms, mfu 4.05%
iter 1210: loss 1.4650, time 107.30ms, mfu 3.99%
iter 1220: loss 1.4868, time 92.66ms, mfu 4.00%
iter 1230: loss 1.4131, time 93.45ms, mfu 3.99%
iter 1240: loss 1.4504, time 92.53ms, mfu 4.00%
step 1250: train loss 1.3718, val loss 1.6227
iter 1250: loss 1.4565, time 11313.01ms, mfu 3.60%
iter 1260: loss 1.4846, time 108.89ms, mfu 3.58%
iter 1270: loss 1.4612, time 79.76ms, mfu 3.69%
iter 1280: loss 1.4745, time 92.74ms, mfu 3.73%
iter 1290: loss 1.4619, time 78.76ms, mfu 3.83%
iter 1300: loss 1.4400, time 93.38ms, mfu 3.84%
iter 1310: loss 1.4700, time 79.26ms, mfu 3.93%
iter 1320: loss 1.4766, time 78.24ms, mfu 4.01%
iter 1330: loss 1.4380, time 78.84ms, mfu 4.08%
iter 1340: loss 1.4578, time 94.82ms, mfu 4.07%
iter 1350: loss 1.4093, time 93.12ms, mfu 4.06%
iter 1360: loss 1.4568, time 92.70ms, mfu 4.06%
iter 1370: loss 1.4571, time 78.57ms, mfu 4.13%
iter 1380: loss 1.4027, time 93.82ms, mfu 4.11%
iter 1390: loss 1.4236, time 78.01ms, mfu 4.18%
iter 1400: loss 1.4314, time 93.65ms, mfu 4.16%
iter 1410: loss 1.4492, time 78.70ms, mfu 4.21%
iter 1420: loss 1.4396, time 78.97ms, mfu 4.27%
iter 1430: loss 1.4459, time 93.10ms, mfu 4.24%
iter 1440: loss 1.4420, time 93.29ms, mfu 4.21%
iter 1450: loss 1.4276, time 78.40ms, mfu 4.27%
iter 1460: loss 1.4017, time 78.89ms, mfu 4.31%
iter 1470: loss 1.4231, time 92.75ms, mfu 4.28%
iter 1480: loss 1.4416, time 93.31ms, mfu 4.26%
iter 1490: loss 1.4557, time 93.77ms, mfu 4.23%
step 1500: train loss 1.3271, val loss 1.5927
iter 1500: loss 1.4011, time 11274.82ms, mfu 3.81%
iter 1510: loss 1.4245, time 108.92ms, mfu 3.77%
iter 1520: loss 1.4189, time 107.43ms, mfu 3.74%
iter 1530: loss 1.4209, time 94.08ms, mfu 3.76%
iter 1540: loss 1.4171, time 93.84ms, mfu 3.78%
iter 1550: loss 1.4073, time 78.24ms, mfu 3.88%
iter 1560: loss 1.4163, time 94.11ms, mfu 3.89%
iter 1570: loss 1.4216, time 106.56ms, mfu 3.85%
iter 1580: loss 1.3740, time 78.30ms, mfu 3.94%
iter 1590: loss 1.3838, time 92.97ms, mfu 3.95%
iter 1600: loss 1.3498, time 93.50ms, mfu 3.95%
iter 1610: loss 1.3835, time 93.24ms, mfu 3.96%
iter 1620: loss 1.3826, time 78.50ms, mfu 4.03%
iter 1630: loss 1.4069, time 78.27ms, mfu 4.11%
iter 1640: loss 1.4235, time 78.07ms, mfu 4.17%
iter 1650: loss 1.4120, time 63.33ms, mfu 4.34%
iter 1660: loss 1.3863, time 78.58ms, mfu 4.38%
iter 1670: loss 1.4269, time 93.69ms, mfu 4.34%
iter 1680: loss 1.3992, time 76.68ms, mfu 4.40%
iter 1690: loss 1.3795, time 77.84ms, mfu 4.43%
iter 1700: loss 1.3866, time 79.12ms, mfu 4.46%
iter 1710: loss 1.3812, time 93.52ms, mfu 4.41%
iter 1720: loss 1.3839, time 79.04ms, mfu 4.44%
iter 1730: loss 1.3493, time 78.54ms, mfu 4.47%
iter 1740: loss 1.3619, time 93.12ms, mfu 4.43%
step 1750: train loss 1.2852, val loss 1.5589
iter 1750: loss 1.3729, time 10395.46ms, mfu 3.99%
iter 1760: loss 1.4071, time 92.98ms, mfu 3.99%
iter 1770: loss 1.3588, time 78.75ms, mfu 4.06%
iter 1780: loss 1.3874, time 93.22ms, mfu 4.06%
iter 1790: loss 1.3862, time 93.74ms, mfu 4.05%
iter 1800: loss 1.3759, time 108.24ms, mfu 3.99%
iter 1810: loss 1.3779, time 92.85ms, mfu 3.99%
iter 1820: loss 1.4102, time 94.62ms, mfu 3.99%
iter 1830: loss 1.3571, time 93.02ms, mfu 3.99%
iter 1840: loss 1.3597, time 93.92ms, mfu 3.99%
iter 1850: loss 1.3766, time 91.89ms, mfu 3.99%
iter 1860: loss 1.4006, time 93.71ms, mfu 3.99%
iter 1870: loss 1.3008, time 94.21ms, mfu 3.99%
iter 1880: loss 1.3681, time 78.28ms, mfu 4.06%
iter 1890: loss 1.3363, time 92.89ms, mfu 4.06%
iter 1900: loss 1.3699, time 91.42ms, mfu 4.06%
iter 1910: loss 1.3723, time 78.52ms, mfu 4.13%
iter 1920: loss 1.3627, time 91.97ms, mfu 4.12%
iter 1930: loss 1.3534, time 78.99ms, mfu 4.18%
iter 1940: loss 1.3508, time 94.23ms, mfu 4.16%
iter 1950: loss 1.4108, time 93.90ms, mfu 4.14%
iter 1960: loss 1.3390, time 78.46ms, mfu 4.20%
iter 1970: loss 1.3613, time 109.37ms, mfu 4.12%
iter 1980: loss 1.3690, time 108.41ms, mfu 4.05%
iter 1990: loss 1.3560, time 78.62ms, mfu 4.12%
step 2000: train loss 1.2742, val loss 1.5720
iter 2000: loss 1.3956, time 10306.93ms, mfu 3.71%
iter 2010: loss 1.3679, time 78.25ms, mfu 3.82%
iter 2020: loss 1.3468, time 77.99ms, mfu 3.91%
iter 2030: loss 1.3578, time 93.66ms, mfu 3.92%
iter 2040: loss 1.3223, time 77.48ms, mfu 4.01%
iter 2050: loss 1.3322, time 92.68ms, mfu 4.01%
iter 2060: loss 1.3267, time 79.28ms, mfu 4.08%
iter 2070: loss 1.3431, time 93.32ms, mfu 4.07%
iter 2080: loss 1.3473, time 79.35ms, mfu 4.13%
iter 2090: loss 1.3387, time 93.75ms, mfu 4.12%
iter 2100: loss 1.3659, time 78.94ms, mfu 4.18%
iter 2110: loss 1.3746, time 78.80ms, mfu 4.23%
iter 2120: loss 1.3305, time 93.29ms, mfu 4.21%
iter 2130: loss 1.3066, time 94.45ms, mfu 4.18%
iter 2140: loss 1.3270, time 93.20ms, mfu 4.16%
iter 2150: loss 1.3284, time 79.08ms, mfu 4.22%
iter 2160: loss 1.3210, time 77.47ms, mfu 4.28%
iter 2170: loss 1.3244, time 93.21ms, mfu 4.25%
iter 2180: loss 1.3147, time 79.40ms, mfu 4.29%
iter 2190: loss 1.3333, time 92.65ms, mfu 4.27%
iter 2200: loss 1.3089, time 93.70ms, mfu 4.24%
iter 2210: loss 1.3065, time 94.95ms, mfu 4.21%
iter 2220: loss 1.2954, time 93.56ms, mfu 4.18%
iter 2230: loss 1.3234, time 107.68ms, mfu 4.11%
iter 2240: loss 1.3028, time 93.62ms, mfu 4.10%
step 2250: train loss 1.2348, val loss 1.5362
iter 2250: loss 1.3091, time 11274.17ms, mfu 3.69%
iter 2260: loss 1.2799, time 93.69ms, mfu 3.72%
iter 2270: loss 1.2987, time 93.59ms, mfu 3.75%
iter 2280: loss 1.3091, time 62.60ms, mfu 3.97%
iter 2290: loss 1.3105, time 77.72ms, mfu 4.05%
iter 2300: loss 1.3120, time 77.78ms, mfu 4.12%
iter 2310: loss 1.3307, time 77.39ms, mfu 4.19%
iter 2320: loss 1.2849, time 77.68ms, mfu 4.25%
iter 2330: loss 1.3114, time 78.48ms, mfu 4.30%
iter 2340: loss 1.2937, time 93.38ms, mfu 4.27%
iter 2350: loss 1.3140, time 79.46ms, mfu 4.31%
iter 2360: loss 1.3173, time 63.20ms, mfu 4.47%
iter 2370: loss 1.3041, time 78.73ms, mfu 4.50%
iter 2380: loss 1.3018, time 79.46ms, mfu 4.52%
iter 2390: loss 1.3124, time 78.54ms, mfu 4.54%
iter 2400: loss 1.3012, time 79.00ms, mfu 4.56%
iter 2410: loss 1.3247, time 94.11ms, mfu 4.50%
iter 2420: loss 1.2884, time 78.60ms, mfu 4.52%
iter 2430: loss 1.2860, time 76.28ms, mfu 4.56%
iter 2440: loss 1.2846, time 94.15ms, mfu 4.50%
iter 2450: loss 1.2757, time 108.53ms, mfu 4.39%
iter 2460: loss 1.2997, time 79.04ms, mfu 4.42%
iter 2470: loss 1.2761, time 91.57ms, mfu 4.39%
iter 2480: loss 1.2963, time 77.86ms, mfu 4.43%
iter 2490: loss 1.2639, time 93.86ms, mfu 4.38%
step 2500: train loss 1.2411, val loss 1.5627
iter 2500: loss 1.2750, time 11716.50ms, mfu 3.95%
iter 2510: loss 1.3026, time 78.56ms, mfu 4.03%
iter 2520: loss 1.3008, time 92.67ms, mfu 4.03%
iter 2530: loss 1.2971, time 77.09ms, mfu 4.11%
iter 2540: loss 1.2874, time 94.42ms, mfu 4.09%
iter 2550: loss 1.3192, time 80.04ms, mfu 4.15%
iter 2560: loss 1.2523, time 95.21ms, mfu 4.12%
iter 2570: loss 1.2934, time 93.48ms, mfu 4.11%
iter 2580: loss 1.2930, time 79.08ms, mfu 4.17%
iter 2590: loss 1.2952, time 92.74ms, mfu 4.16%
iter 2600: loss 1.2799, time 93.57ms, mfu 4.14%
iter 2610: loss 1.2799, time 78.73ms, mfu 4.20%
iter 2620: loss 1.2813, time 78.78ms, mfu 4.25%
iter 2630: loss 1.2790, time 78.30ms, mfu 4.30%
iter 2640: loss 1.2901, time 93.18ms, mfu 4.27%
iter 2650: loss 1.2503, time 92.45ms, mfu 4.25%
iter 2660: loss 1.3062, time 77.99ms, mfu 4.30%
iter 2670: loss 1.3116, time 66.40ms, mfu 4.43%
iter 2680: loss 1.2754, time 92.78ms, mfu 4.39%
iter 2690: loss 1.2913, time 77.92ms, mfu 4.43%
iter 2700: loss 1.2412, time 77.35ms, mfu 4.47%
iter 2710: loss 1.2740, time 79.25ms, mfu 4.49%
iter 2720: loss 1.2728, time 92.62ms, mfu 4.44%
iter 2730: loss 1.2718, time 93.67ms, mfu 4.40%
iter 2740: loss 1.2705, time 78.21ms, mfu 4.43%
step 2750: train loss 1.2067, val loss 1.5354
iter 2750: loss 1.2955, time 11381.57ms, mfu 3.99%
iter 2760: loss 1.2407, time 92.78ms, mfu 4.00%
iter 2770: loss 1.2881, time 93.90ms, mfu 3.99%
iter 2780: loss 1.2128, time 93.27ms, mfu 3.99%
iter 2790: loss 1.2640, time 77.17ms, mfu 4.08%
iter 2800: loss 1.2438, time 93.29ms, mfu 4.07%
iter 2810: loss 1.2844, time 94.01ms, mfu 4.06%
iter 2820: loss 1.2693, time 109.42ms, mfu 3.99%
iter 2830: loss 1.2466, time 93.83ms, mfu 3.99%
iter 2840: loss 1.2412, time 78.14ms, mfu 4.07%
iter 2850: loss 1.2667, time 94.03ms, mfu 4.06%
iter 2860: loss 1.2453, time 92.55ms, mfu 4.05%
iter 2870: loss 1.2689, time 92.85ms, mfu 4.05%
iter 2880: loss 1.2415, time 78.63ms, mfu 4.12%
iter 2890: loss 1.2664, time 92.73ms, mfu 4.11%
iter 2900: loss 1.2807, time 94.24ms, mfu 4.09%
iter 2910: loss 1.2554, time 79.67ms, mfu 4.15%
iter 2920: loss 1.2779, time 109.22ms, mfu 4.08%
iter 2930: loss 1.2024, time 76.65ms, mfu 4.16%
iter 2940: loss 1.2603, time 94.33ms, mfu 4.14%
iter 2950: loss 1.2820, time 78.28ms, mfu 4.20%
iter 2960: loss 1.2249, time 94.20ms, mfu 4.17%
iter 2970: loss 1.2495, time 79.03ms, mfu 4.23%
iter 2980: loss 1.2627, time 63.34ms, mfu 4.39%
iter 2990: loss 1.2174, time 64.74ms, mfu 4.53%
step 3000: train loss 1.1592, val loss 1.5256
iter 3000: loss 1.2568, time 9798.35ms, mfu 4.08%
iter 3010: loss 1.2349, time 107.96ms, mfu 4.02%
iter 3020: loss 1.2542, time 93.80ms, mfu 4.01%
iter 3030: loss 1.2470, time 78.90ms, mfu 4.08%
iter 3040: loss 1.2362, time 92.62ms, mfu 4.08%
iter 3050: loss 1.2443, time 92.90ms, mfu 4.07%
iter 3060: loss 1.2214, time 92.87ms, mfu 4.07%
iter 3070: loss 1.2116, time 93.43ms, mfu 4.06%
iter 3080: loss 1.2139, time 93.36ms, mfu 4.05%
iter 3090: loss 1.2422, time 79.17ms, mfu 4.12%
iter 3100: loss 1.2171, time 108.61ms, mfu 4.05%
iter 3110: loss 1.2120, time 108.26ms, mfu 3.99%
iter 3120: loss 1.2482, time 94.17ms, mfu 3.98%
iter 3130: loss 1.2134, time 92.73ms, mfu 3.99%
iter 3140: loss 1.2149, time 93.26ms, mfu 3.99%
iter 3150: loss 1.2436, time 79.02ms, mfu 4.06%
iter 3160: loss 1.2245, time 94.24ms, mfu 4.05%
iter 3170: loss 1.2239, time 93.20ms, mfu 4.05%
iter 3180: loss 1.2304, time 63.96ms, mfu 4.22%
iter 3190: loss 1.2246, time 79.02ms, mfu 4.27%
iter 3200: loss 1.1974, time 92.76ms, mfu 4.25%
iter 3210: loss 1.2238, time 80.24ms, mfu 4.29%
iter 3220: loss 1.2037, time 78.60ms, mfu 4.33%
iter 3230: loss 1.2233, time 94.13ms, mfu 4.29%
iter 3240: loss 1.2129, time 80.47ms, mfu 4.33%
step 3250: train loss 1.1702, val loss 1.5484
iter 3250: loss 1.2107, time 10988.20ms, mfu 3.90%
iter 3260: loss 1.2077, time 77.33ms, mfu 3.99%
iter 3270: loss 1.1780, time 78.16ms, mfu 4.07%
iter 3280: loss 1.2142, time 79.78ms, mfu 4.13%
iter 3290: loss 1.2011, time 76.38ms, mfu 4.20%
iter 3300: loss 1.1944, time 77.58ms, mfu 4.26%
iter 3310: loss 1.2125, time 78.56ms, mfu 4.31%
iter 3320: loss 1.2156, time 79.60ms, mfu 4.35%
iter 3330: loss 1.2070, time 78.44ms, mfu 4.39%
iter 3340: loss 1.2067, time 78.79ms, mfu 4.42%
iter 3350: loss 1.1994, time 79.57ms, mfu 4.45%
iter 3360: loss 1.1935, time 93.46ms, mfu 4.40%
iter 3370: loss 1.1672, time 77.42ms, mfu 4.44%
iter 3380: loss 1.2131, time 77.73ms, mfu 4.48%
iter 3390: loss 1.1876, time 94.55ms, mfu 4.42%
iter 3400: loss 1.1744, time 79.22ms, mfu 4.45%
iter 3410: loss 1.1971, time 79.99ms, mfu 4.47%
iter 3420: loss 1.2177, time 108.81ms, mfu 4.37%
iter 3430: loss 1.2298, time 78.08ms, mfu 4.41%
iter 3440: loss 1.1906, time 77.94ms, mfu 4.45%
iter 3450: loss 1.1899, time 93.77ms, mfu 4.40%
iter 3460: loss 1.1890, time 92.57ms, mfu 4.36%
iter 3470: loss 1.1774, time 77.26ms, mfu 4.41%
iter 3480: loss 1.1743, time 93.10ms, mfu 4.37%
iter 3490: loss 1.1994, time 107.77ms, mfu 4.28%
step 3500: train loss 1.1984, val loss 1.5899
iter 3500: loss 1.1754, time 11230.09ms, mfu 3.85%
iter 3510: loss 1.2384, time 93.61ms, mfu 3.86%
iter 3520: loss 1.1938, time 93.66ms, mfu 3.88%
iter 3530: loss 1.1684, time 79.78ms, mfu 3.96%
iter 3540: loss 1.2084, time 92.51ms, mfu 3.96%
iter 3550: loss 1.1839, time 93.12ms, mfu 3.97%
iter 3560: loss 1.2038, time 93.29ms, mfu 3.97%
iter 3570: loss 1.2035, time 94.21ms, mfu 3.97%
iter 3580: loss 1.1838, time 107.04ms, mfu 3.92%
iter 3590: loss 1.1668, time 93.66ms, mfu 3.93%
iter 3600: loss 1.1834, time 94.14ms, mfu 3.93%
iter 3610: loss 1.1864, time 91.87ms, mfu 3.94%
iter 3620: loss 1.1944, time 76.94ms, mfu 4.03%
iter 3630: loss 1.1952, time 78.91ms, mfu 4.10%
iter 3640: loss 1.1864, time 78.54ms, mfu 4.16%
iter 3650: loss 1.1884, time 92.63ms, mfu 4.15%
iter 3660: loss 1.1869, time 77.44ms, mfu 4.22%
iter 3670: loss 1.1880, time 78.91ms, mfu 4.27%
iter 3680: loss 1.1840, time 93.72ms, mfu 4.24%
iter 3690: loss 1.1997, time 78.80ms, mfu 4.29%
iter 3700: loss 1.2000, time 78.42ms, mfu 4.33%
iter 3710: loss 1.2054, time 93.21ms, mfu 4.30%
iter 3720: loss 1.1778, time 77.41ms, mfu 4.35%
iter 3730: loss 1.1834, time 77.98ms, mfu 4.39%
iter 3740: loss 1.1583, time 78.69ms, mfu 4.43%
step 3750: train loss 1.2068, val loss 1.6007
iter 3750: loss 1.1873, time 10976.64ms, mfu 3.99%
iter 3760: loss 1.1481, time 109.27ms, mfu 3.93%
iter 3770: loss 1.1731, time 92.58ms, mfu 3.94%
iter 3780: loss 1.1645, time 94.08ms, mfu 3.94%
iter 3790: loss 1.1504, time 78.52ms, mfu 4.02%
iter 3800: loss 1.1944, time 108.27ms, mfu 3.96%
iter 3810: loss 1.1719, time 94.21ms, mfu 3.96%
iter 3820: loss 1.1460, time 93.43ms, mfu 3.97%
iter 3830: loss 1.1558, time 93.44ms, mfu 3.97%
iter 3840: loss 1.1815, time 94.57ms, mfu 3.97%
iter 3850: loss 1.1553, time 93.58ms, mfu 3.97%
iter 3860: loss 1.1416, time 91.87ms, mfu 3.98%
iter 3870: loss 1.1745, time 94.17ms, mfu 3.97%
iter 3880: loss 1.1681, time 93.08ms, mfu 3.98%
iter 3890: loss 1.1783, time 78.19ms, mfu 4.06%
iter 3900: loss 1.1770, time 94.75ms, mfu 4.04%
iter 3910: loss 1.1827, time 91.69ms, mfu 4.05%
iter 3920: loss 1.1541, time 93.43ms, mfu 4.04%
iter 3930: loss 1.1587, time 93.91ms, mfu 4.03%
iter 3940: loss 1.1395, time 94.59ms, mfu 4.02%
iter 3950: loss 1.1632, time 93.97ms, mfu 4.02%
iter 3960: loss 1.1631, time 78.96ms, mfu 4.09%
iter 3970: loss 1.1530, time 92.56ms, mfu 4.08%
iter 3980: loss 1.1731, time 78.36ms, mfu 4.15%
iter 3990: loss 1.1372, time 92.17ms, mfu 4.14%
step 4000: train loss 1.1770, val loss 1.5890
iter 4000: loss 1.1500, time 10144.52ms, mfu 3.73%
iter 4010: loss 1.1835, time 93.35ms, mfu 3.75%
iter 4020: loss 1.1716, time 77.00ms, mfu 3.86%
iter 4030: loss 1.1631, time 93.08ms, mfu 3.88%
iter 4040: loss 1.1682, time 95.48ms, mfu 3.88%
iter 4050: loss 1.1449, time 78.07ms, mfu 3.97%
iter 4060: loss 1.1523, time 92.90ms, mfu 3.97%
iter 4070: loss 1.1754, time 92.84ms, mfu 3.98%
iter 4080: loss 1.1505, time 64.31ms, mfu 4.16%
iter 4090: loss 1.1870, time 108.86ms, mfu 4.09%
iter 4100: loss 1.1416, time 79.23ms, mfu 4.15%
iter 4110: loss 1.1499, time 93.37ms, mfu 4.13%
iter 4120: loss 1.1288, time 78.78ms, mfu 4.19%
iter 4130: loss 1.1332, time 94.94ms, mfu 4.16%
iter 4140: loss 1.1374, time 80.06ms, mfu 4.21%
iter 4150: loss 1.1631, time 108.22ms, mfu 4.14%
iter 4160: loss 1.1485, time 107.56ms, mfu 4.07%
iter 4170: loss 1.1164, time 94.00ms, mfu 4.06%
iter 4180: loss 1.1452, time 78.50ms, mfu 4.13%
iter 4190: loss 1.1527, time 94.59ms, mfu 4.11%
iter 4200: loss 1.1387, time 63.82ms, mfu 4.28%
iter 4210: loss 1.1472, time 78.49ms, mfu 4.33%
iter 4220: loss 1.1448, time 93.72ms, mfu 4.29%
iter 4230: loss 1.1436, time 93.34ms, mfu 4.26%
iter 4240: loss 1.1501, time 93.08ms, mfu 4.24%
step 4250: train loss 1.2187, val loss 1.6383
iter 4250: loss 1.1401, time 10856.16ms, mfu 3.82%
iter 4260: loss 1.1475, time 79.06ms, mfu 3.91%
iter 4270: loss 1.1509, time 78.78ms, mfu 3.99%
iter 4280: loss 1.1531, time 79.53ms, mfu 4.06%
iter 4290: loss 1.1495, time 77.95ms, mfu 4.13%
iter 4300: loss 1.1468, time 76.62ms, mfu 4.20%
iter 4310: loss 1.1202, time 94.43ms, mfu 4.18%
iter 4320: loss 1.1590, time 93.31ms, mfu 4.16%
iter 4330: loss 1.1368, time 80.97ms, mfu 4.20%
iter 4340: loss 1.1328, time 64.01ms, mfu 4.37%
iter 4350: loss 1.1424, time 77.47ms, mfu 4.41%
iter 4360: loss 1.1320, time 78.21ms, mfu 4.45%
iter 4370: loss 1.1431, time 78.24ms, mfu 4.48%
iter 4380: loss 1.1529, time 80.71ms, mfu 4.49%
iter 4390: loss 1.1156, time 63.50ms, mfu 4.63%
iter 4400: loss 1.1236, time 78.58ms, mfu 4.64%
iter 4410: loss 1.1656, time 78.05ms, mfu 4.65%
iter 4420: loss 1.1479, time 77.80ms, mfu 4.67%
iter 4430: loss 1.1173, time 92.52ms, mfu 4.60%
iter 4440: loss 1.1562, time 62.88ms, mfu 4.74%
iter 4450: loss 1.1730, time 78.27ms, mfu 4.74%
iter 4460: loss 1.1382, time 77.98ms, mfu 4.74%
iter 4470: loss 1.1168, time 92.61ms, mfu 4.67%
iter 4480: loss 1.1471, time 92.78ms, mfu 4.60%
iter 4490: loss 1.1234, time 79.18ms, mfu 4.61%
step 4500: train loss 1.2043, val loss 1.6258
iter 4500: loss 1.1723, time 11400.63ms, mfu 4.16%
iter 4510: loss 1.1122, time 93.32ms, mfu 4.14%
iter 4520: loss 1.0923, time 109.20ms, mfu 4.07%
iter 4530: loss 1.1178, time 79.76ms, mfu 4.13%
iter 4540: loss 1.1375, time 109.22ms, mfu 4.06%
iter 4550: loss 1.1369, time 94.21ms, mfu 4.05%
iter 4560: loss 1.1272, time 94.34ms, mfu 4.04%
iter 4570: loss 1.1559, time 93.29ms, mfu 4.03%
iter 4580: loss 1.1285, time 78.59ms, mfu 4.10%
iter 4590: loss 1.1428, time 93.05ms, mfu 4.09%
iter 4600: loss 1.1239, time 92.91ms, mfu 4.09%
iter 4610: loss 1.1309, time 93.50ms, mfu 4.08%
iter 4620: loss 1.1126, time 94.34ms, mfu 4.06%
iter 4630: loss 1.1157, time 94.65ms, mfu 4.05%
iter 4640: loss 1.1099, time 92.30ms, mfu 4.05%
iter 4650: loss 1.1106, time 94.53ms, mfu 4.04%
iter 4660: loss 1.1393, time 92.48ms, mfu 4.04%
iter 4670: loss 1.1355, time 93.92ms, mfu 4.03%
iter 4680: loss 1.1118, time 78.97ms, mfu 4.10%
iter 4690: loss 1.1043, time 94.32ms, mfu 4.08%
iter 4700: loss 1.1502, time 93.07ms, mfu 4.08%
iter 4710: loss 1.1308, time 78.34ms, mfu 4.14%
iter 4720: loss 1.1242, time 92.11ms, mfu 4.13%
iter 4730: loss 1.1204, time 64.77ms, mfu 4.30%
iter 4740: loss 1.1066, time 79.20ms, mfu 4.34%
step 4750: train loss 1.2519, val loss 1.6714
iter 4750: loss 1.1360, time 10019.42ms, mfu 3.91%
iter 4760: loss 1.1265, time 93.18ms, mfu 3.92%
iter 4770: loss 1.1206, time 78.55ms, mfu 4.00%
iter 4780: loss 1.1383, time 92.98ms, mfu 4.00%
iter 4790: loss 1.1246, time 78.35ms, mfu 4.08%
iter 4800: loss 1.1326, time 93.67ms, mfu 4.07%
iter 4810: loss 1.1091, time 78.48ms, mfu 4.13%
iter 4820: loss 1.1196, time 93.71ms, mfu 4.12%
iter 4830: loss 1.0997, time 92.83ms, mfu 4.11%
iter 4840: loss 1.0982, time 93.47ms, mfu 4.10%
iter 4850: loss 1.1244, time 93.38ms, mfu 4.09%
iter 4860: loss 1.1132, time 92.62ms, mfu 4.08%
iter 4870: loss 1.1247, time 92.86ms, mfu 4.07%
iter 4880: loss 1.0990, time 93.00ms, mfu 4.07%
iter 4890: loss 1.1513, time 92.33ms, mfu 4.06%
iter 4900: loss 1.1278, time 93.94ms, mfu 4.05%
iter 4910: loss 1.0853, time 79.87ms, mfu 4.11%
iter 4920: loss 1.1025, time 107.50ms, mfu 4.05%
iter 4930: loss 1.1163, time 93.66ms, mfu 4.04%
iter 4940: loss 1.1310, time 78.73ms, mfu 4.11%
iter 4950: loss 1.1350, time 78.44ms, mfu 4.18%
iter 4960: loss 1.1017, time 93.20ms, mfu 4.16%
iter 4970: loss 1.0903, time 92.98ms, mfu 4.14%
iter 4980: loss 1.1217, time 107.13ms, mfu 4.08%
iter 4990: loss 1.1124, time 94.50ms, mfu 4.06%
step 5000: train loss 1.3035, val loss 1.7034
iter 5000: loss 1.1117, time 10611.62ms, mfu 3.66%
