Overriding config with config/train_shakespeare_char.py:
# train a miniature character-level shakespeare model
# good for debugging and playing on macbooks and such

out_dir = 'out-shakespeare-char'
eval_interval = 250 # keep frequent because we'll overfit
eval_iters = 200
log_interval = 10 # don't print too too often

# we expect to overfit on this small dataset, so only save when val improves
always_save_checkpoint = False

wandb_log = False # override via command line if you like
wandb_project = 'shakespeare-char'
wandb_run_name = 'mini-gpt'

dataset = 'shakespeare_char'
gradient_accumulation_steps = 1
batch_size = 64
block_size = 256 # context of up to 256 previous characters

# baby GPT model :)
n_layer = 6
n_head = 6
n_embd = 384
dropout = 0.2

learning_rate = 1e-3 # with baby networks can afford to go a bit higher
max_iters = 5000
lr_decay_iters = 5000 # make equal to max_iters usually
min_lr = 1e-4 # learning_rate / 10 usually
beta2 = 0.99 # make a bit bigger because number of tokens per iter is small

warmup_iters = 100 # not super necessary potentially

# on macbook also add
# device = 'cpu'  # run on cpu only
# compile = False # do not torch compile the model

Overriding: compile = False
Overriding: out_dir = runs\nope_lr5e-4
Overriding: learning_rate = 0.0005
Overriding: min_lr = 5e-05
Overriding: seed = 1337
Overriding: save_checkpoint = False
Overriding: pos_type = none
tokens per iteration will be: 16,384
found vocab_size = 65 (inside data\shakespeare_char\meta.pkl)
Initializing a new model from scratch
number of parameters: 10.65M
C:\Users\86271\hw1work\nanoGPT\train.py:204: FutureWarning: `torch.cuda.amp.GradScaler(args...)` is deprecated. Please use `torch.amp.GradScaler('cuda', args...)` instead.
  scaler = torch.cuda.amp.GradScaler(enabled=(dtype == 'float16'))
num decayed parameter tensors: 25, with 10,641,792 parameters
num non-decayed parameter tensors: 13, with 4,992 parameters
using fused AdamW: True
step 0: train loss 4.1954, val loss 4.2023
iter 0: loss 4.2170, time 11468.95ms, mfu -100.00%
iter 10: loss 3.2291, time 61.81ms, mfu 6.03%
iter 20: loss 2.7956, time 62.17ms, mfu 6.03%
iter 30: loss 2.6188, time 63.09ms, mfu 6.01%
iter 40: loss 2.5628, time 78.55ms, mfu 5.89%
iter 50: loss 2.5426, time 93.33ms, mfu 5.70%
iter 60: loss 2.4931, time 93.98ms, mfu 5.52%
iter 70: loss 2.5044, time 92.93ms, mfu 5.37%
iter 80: loss 2.4743, time 92.66ms, mfu 5.24%
iter 90: loss 2.4720, time 93.56ms, mfu 5.11%
iter 100: loss 2.4659, time 93.34ms, mfu 5.00%
iter 110: loss 2.4650, time 94.32ms, mfu 4.89%
iter 120: loss 2.4562, time 78.91ms, mfu 4.88%
iter 130: loss 2.4305, time 94.87ms, mfu 4.78%
iter 140: loss 2.4369, time 79.80ms, mfu 4.77%
iter 150: loss 2.4237, time 93.40ms, mfu 4.69%
iter 160: loss 2.4061, time 78.89ms, mfu 4.70%
iter 170: loss 2.4132, time 62.80ms, mfu 4.82%
iter 180: loss 2.4054, time 93.63ms, mfu 4.74%
iter 190: loss 2.4022, time 94.10ms, mfu 4.66%
iter 200: loss 2.4017, time 109.49ms, mfu 4.53%
iter 210: loss 2.3640, time 94.22ms, mfu 4.48%
iter 220: loss 2.3869, time 93.95ms, mfu 4.42%
iter 230: loss 2.3703, time 109.16ms, mfu 4.32%
iter 240: loss 2.3513, time 109.23ms, mfu 4.23%
step 250: train loss 2.3137, val loss 2.3747
iter 250: loss 2.3515, time 11836.08ms, mfu 3.81%
iter 260: loss 2.3379, time 93.41ms, mfu 3.83%
iter 270: loss 2.3480, time 93.74ms, mfu 3.84%
iter 280: loss 2.3447, time 94.05ms, mfu 3.86%
iter 290: loss 2.3271, time 93.87ms, mfu 3.87%
iter 300: loss 2.3169, time 108.74ms, mfu 3.82%
iter 310: loss 2.2882, time 93.30ms, mfu 3.84%
iter 320: loss 2.3105, time 61.43ms, mfu 4.06%
iter 330: loss 2.2780, time 62.15ms, mfu 4.26%
iter 340: loss 2.2720, time 62.36ms, mfu 4.43%
iter 350: loss 2.2617, time 50.02ms, mfu 4.73%
iter 360: loss 2.2608, time 94.52ms, mfu 4.65%
iter 370: loss 2.2494, time 77.95ms, mfu 4.66%
iter 380: loss 2.2270, time 78.78ms, mfu 4.67%
iter 390: loss 2.1907, time 93.45ms, mfu 4.60%
iter 400: loss 2.1440, time 93.09ms, mfu 4.54%
iter 410: loss 2.1741, time 93.36ms, mfu 4.49%
iter 420: loss 2.1150, time 93.21ms, mfu 4.44%
iter 430: loss 2.0951, time 78.76ms, mfu 4.47%
iter 440: loss 2.1256, time 94.14ms, mfu 4.42%
iter 450: loss 2.0856, time 94.89ms, mfu 4.37%
iter 460: loss 2.0535, time 93.75ms, mfu 4.33%
iter 470: loss 2.0544, time 94.11ms, mfu 4.29%
iter 480: loss 2.0550, time 93.77ms, mfu 4.26%
iter 490: loss 2.0303, time 109.43ms, mfu 4.17%
step 500: train loss 1.9135, val loss 2.0471
iter 500: loss 2.0866, time 12111.41ms, mfu 3.76%
iter 510: loss 2.0364, time 108.87ms, mfu 3.73%
iter 520: loss 2.0072, time 93.44ms, mfu 3.75%
iter 530: loss 1.9758, time 92.97ms, mfu 3.78%
iter 540: loss 1.9729, time 107.83ms, mfu 3.75%
iter 550: loss 1.9716, time 94.57ms, mfu 3.77%
iter 560: loss 1.9311, time 94.76ms, mfu 3.78%
iter 570: loss 1.9335, time 78.71ms, mfu 3.88%
iter 580: loss 1.9398, time 93.31ms, mfu 3.89%
iter 590: loss 1.9471, time 93.62ms, mfu 3.90%
iter 600: loss 1.8936, time 93.67ms, mfu 3.91%
iter 610: loss 1.8604, time 78.16ms, mfu 3.99%
iter 620: loss 1.8708, time 94.51ms, mfu 3.99%
iter 630: loss 1.8799, time 107.81ms, mfu 3.93%
iter 640: loss 1.8677, time 92.78ms, mfu 3.94%
iter 650: loss 1.8524, time 93.18ms, mfu 3.95%
iter 660: loss 1.7805, time 93.59ms, mfu 3.95%
iter 670: loss 1.8138, time 93.80ms, mfu 3.95%
iter 680: loss 1.7849, time 93.16ms, mfu 3.96%
iter 690: loss 1.8169, time 93.59ms, mfu 3.96%
iter 700: loss 1.7857, time 108.98ms, mfu 3.91%
iter 710: loss 1.7715, time 78.47ms, mfu 3.99%
iter 720: loss 1.7928, time 79.70ms, mfu 4.06%
iter 730: loss 1.7884, time 93.84ms, mfu 4.05%
iter 740: loss 1.7768, time 109.31ms, mfu 3.99%
step 750: train loss 1.6567, val loss 1.8410
iter 750: loss 1.7099, time 11994.59ms, mfu 3.59%
iter 760: loss 1.7465, time 109.79ms, mfu 3.57%
iter 770: loss 1.7139, time 109.76ms, mfu 3.55%
iter 780: loss 1.6974, time 94.85ms, mfu 3.59%
iter 790: loss 1.7362, time 93.05ms, mfu 3.63%
iter 800: loss 1.7080, time 109.33ms, mfu 3.61%
iter 810: loss 1.7128, time 93.01ms, mfu 3.65%
iter 820: loss 1.7126, time 92.95ms, mfu 3.69%
iter 830: loss 1.6756, time 94.08ms, mfu 3.71%
iter 840: loss 1.6704, time 93.39ms, mfu 3.74%
iter 850: loss 1.6955, time 94.21ms, mfu 3.76%
iter 860: loss 1.6314, time 93.87ms, mfu 3.78%
iter 870: loss 1.6651, time 78.83ms, mfu 3.88%
iter 880: loss 1.6548, time 92.79ms, mfu 3.89%
iter 890: loss 1.6634, time 107.83ms, mfu 3.85%
iter 900: loss 1.6486, time 78.70ms, mfu 3.94%
iter 910: loss 1.6561, time 92.90ms, mfu 3.94%
iter 920: loss 1.6187, time 79.63ms, mfu 4.02%
iter 930: loss 1.6448, time 94.29ms, mfu 4.01%
iter 940: loss 1.6549, time 93.78ms, mfu 4.01%
iter 950: loss 1.5751, time 107.91ms, mfu 3.95%
iter 960: loss 1.6087, time 108.42ms, mfu 3.90%
iter 970: loss 1.6126, time 94.19ms, mfu 3.91%
iter 980: loss 1.6119, time 78.74ms, mfu 3.99%
iter 990: loss 1.6356, time 78.52ms, mfu 4.06%
step 1000: train loss 1.5062, val loss 1.7161
iter 1000: loss 1.6145, time 12116.80ms, mfu 3.66%
iter 1010: loss 1.6013, time 93.09ms, mfu 3.70%
iter 1020: loss 1.5964, time 95.51ms, mfu 3.72%
iter 1030: loss 1.5803, time 93.80ms, mfu 3.74%
iter 1040: loss 1.5587, time 108.82ms, mfu 3.71%
iter 1050: loss 1.5878, time 108.76ms, mfu 3.68%
iter 1060: loss 1.5923, time 93.87ms, mfu 3.71%
iter 1070: loss 1.5741, time 93.80ms, mfu 3.74%
iter 1080: loss 1.6066, time 94.82ms, mfu 3.76%
iter 1090: loss 1.5640, time 108.84ms, mfu 3.72%
iter 1100: loss 1.5459, time 93.07ms, mfu 3.75%
iter 1110: loss 1.5567, time 93.05ms, mfu 3.78%
iter 1120: loss 1.5692, time 93.75ms, mfu 3.80%
iter 1130: loss 1.5288, time 78.53ms, mfu 3.89%
iter 1140: loss 1.5566, time 92.67ms, mfu 3.90%
iter 1150: loss 1.5975, time 92.65ms, mfu 3.92%
iter 1160: loss 1.5352, time 93.64ms, mfu 3.92%
iter 1170: loss 1.5367, time 91.97ms, mfu 3.93%
iter 1180: loss 1.5286, time 93.37ms, mfu 3.94%
iter 1190: loss 1.5710, time 92.24ms, mfu 3.95%
iter 1200: loss 1.5703, time 93.38ms, mfu 3.95%
iter 1210: loss 1.5114, time 78.89ms, mfu 4.03%
iter 1220: loss 1.5304, time 93.46ms, mfu 4.03%
iter 1230: loss 1.4679, time 93.28ms, mfu 4.02%
iter 1240: loss 1.5025, time 93.45ms, mfu 4.02%
step 1250: train loss 1.4288, val loss 1.6573
iter 1250: loss 1.5038, time 12029.82ms, mfu 3.62%
iter 1260: loss 1.5290, time 107.98ms, mfu 3.60%
iter 1270: loss 1.5047, time 107.75ms, mfu 3.59%
iter 1280: loss 1.5277, time 107.74ms, mfu 3.58%
iter 1290: loss 1.5014, time 79.55ms, mfu 3.69%
iter 1300: loss 1.4884, time 92.95ms, mfu 3.72%
iter 1310: loss 1.5150, time 94.74ms, mfu 3.74%
iter 1320: loss 1.5065, time 94.19ms, mfu 3.76%
iter 1330: loss 1.4768, time 108.61ms, mfu 3.73%
iter 1340: loss 1.5008, time 92.97ms, mfu 3.76%
iter 1350: loss 1.4544, time 94.34ms, mfu 3.78%
iter 1360: loss 1.4870, time 93.76ms, mfu 3.80%
iter 1370: loss 1.5025, time 93.12ms, mfu 3.82%
iter 1380: loss 1.4522, time 77.93ms, mfu 3.91%
iter 1390: loss 1.4600, time 79.33ms, mfu 3.99%
iter 1400: loss 1.4718, time 78.89ms, mfu 4.06%
iter 1410: loss 1.5062, time 92.82ms, mfu 4.06%
iter 1420: loss 1.4815, time 93.27ms, mfu 4.05%
iter 1430: loss 1.4676, time 78.72ms, mfu 4.12%
iter 1440: loss 1.4893, time 94.26ms, mfu 4.10%
iter 1450: loss 1.4584, time 93.62ms, mfu 4.09%
iter 1460: loss 1.4367, time 107.28ms, mfu 4.03%
iter 1470: loss 1.4589, time 93.22ms, mfu 4.03%
iter 1480: loss 1.4686, time 93.82ms, mfu 4.02%
iter 1490: loss 1.4833, time 93.97ms, mfu 4.02%
step 1500: train loss 1.3669, val loss 1.6008
iter 1500: loss 1.4363, time 12093.08ms, mfu 3.62%
iter 1510: loss 1.4586, time 95.06ms, mfu 3.65%
iter 1520: loss 1.4708, time 79.62ms, mfu 3.75%
iter 1530: loss 1.4490, time 93.07ms, mfu 3.78%
iter 1540: loss 1.4516, time 79.09ms, mfu 3.87%
iter 1550: loss 1.4347, time 93.62ms, mfu 3.88%
iter 1560: loss 1.4454, time 93.92ms, mfu 3.89%
iter 1570: loss 1.4611, time 108.77ms, mfu 3.84%
iter 1580: loss 1.4183, time 93.55ms, mfu 3.86%
iter 1590: loss 1.4199, time 108.08ms, mfu 3.82%
iter 1600: loss 1.3777, time 93.24ms, mfu 3.83%
iter 1610: loss 1.4196, time 94.84ms, mfu 3.84%
iter 1620: loss 1.4165, time 94.25ms, mfu 3.85%
iter 1630: loss 1.4357, time 79.01ms, mfu 3.94%
iter 1640: loss 1.4522, time 92.76ms, mfu 3.95%
iter 1650: loss 1.4465, time 94.12ms, mfu 3.95%
iter 1660: loss 1.4149, time 78.08ms, mfu 4.03%
iter 1670: loss 1.4450, time 92.12ms, mfu 4.03%
iter 1680: loss 1.4276, time 78.62ms, mfu 4.10%
iter 1690: loss 1.4060, time 107.82ms, mfu 4.04%
iter 1700: loss 1.4118, time 78.20ms, mfu 4.11%
iter 1710: loss 1.4115, time 107.66ms, mfu 4.05%
iter 1720: loss 1.4186, time 79.40ms, mfu 4.11%
iter 1730: loss 1.3732, time 94.69ms, mfu 4.09%
iter 1740: loss 1.3994, time 78.68ms, mfu 4.16%
step 1750: train loss 1.3184, val loss 1.5773
iter 1750: loss 1.4112, time 12189.92ms, mfu 3.75%
iter 1760: loss 1.4521, time 108.38ms, mfu 3.71%
iter 1770: loss 1.3954, time 109.13ms, mfu 3.68%
iter 1780: loss 1.4200, time 92.69ms, mfu 3.72%
iter 1790: loss 1.4094, time 93.71ms, mfu 3.74%
iter 1800: loss 1.4063, time 108.34ms, mfu 3.71%
iter 1810: loss 1.4023, time 93.04ms, mfu 3.74%
iter 1820: loss 1.4353, time 95.69ms, mfu 3.76%
iter 1830: loss 1.3718, time 78.88ms, mfu 3.85%
iter 1840: loss 1.3814, time 93.42ms, mfu 3.87%
iter 1850: loss 1.4115, time 108.57ms, mfu 3.82%
iter 1860: loss 1.4255, time 93.44ms, mfu 3.84%
iter 1870: loss 1.3307, time 93.46ms, mfu 3.86%
iter 1880: loss 1.4078, time 93.21ms, mfu 3.87%
iter 1890: loss 1.3647, time 77.06ms, mfu 3.97%
iter 1900: loss 1.3949, time 93.09ms, mfu 3.97%
iter 1910: loss 1.4027, time 79.28ms, mfu 4.04%
iter 1920: loss 1.3845, time 79.48ms, mfu 4.11%
iter 1930: loss 1.3773, time 92.52ms, mfu 4.10%
iter 1940: loss 1.3732, time 78.91ms, mfu 4.16%
iter 1950: loss 1.4273, time 107.98ms, mfu 4.09%
iter 1960: loss 1.3724, time 78.89ms, mfu 4.15%
iter 1970: loss 1.3882, time 94.28ms, mfu 4.13%
iter 1980: loss 1.3935, time 78.18ms, mfu 4.20%
iter 1990: loss 1.3754, time 94.58ms, mfu 4.17%
step 2000: train loss 1.2794, val loss 1.5557
iter 2000: loss 1.4118, time 12210.86ms, mfu 3.76%
iter 2010: loss 1.3942, time 78.36ms, mfu 3.86%
iter 2020: loss 1.3838, time 93.62ms, mfu 3.87%
iter 2030: loss 1.3846, time 78.11ms, mfu 3.96%
iter 2040: loss 1.3419, time 107.62ms, mfu 3.91%
iter 2050: loss 1.3674, time 93.70ms, mfu 3.92%
iter 2060: loss 1.3583, time 92.05ms, mfu 3.93%
iter 2070: loss 1.3639, time 108.56ms, mfu 3.88%
iter 2080: loss 1.3572, time 78.72ms, mfu 3.97%
iter 2090: loss 1.3614, time 93.01ms, mfu 3.97%
iter 2100: loss 1.3883, time 79.36ms, mfu 4.04%
iter 2110: loss 1.3961, time 92.74ms, mfu 4.04%
iter 2120: loss 1.3489, time 77.70ms, mfu 4.12%
iter 2130: loss 1.3357, time 93.49ms, mfu 4.10%
iter 2140: loss 1.3463, time 94.13ms, mfu 4.09%
iter 2150: loss 1.3577, time 108.58ms, mfu 4.02%
iter 2160: loss 1.3546, time 93.51ms, mfu 4.02%
iter 2170: loss 1.3482, time 92.71ms, mfu 4.02%
iter 2180: loss 1.3352, time 109.70ms, mfu 3.96%
iter 2190: loss 1.3518, time 93.56ms, mfu 3.96%
iter 2200: loss 1.3323, time 77.90ms, mfu 4.04%
iter 2210: loss 1.3316, time 78.25ms, mfu 4.11%
iter 2220: loss 1.3189, time 78.45ms, mfu 4.18%
iter 2230: loss 1.3318, time 93.76ms, mfu 4.16%
iter 2240: loss 1.3223, time 93.73ms, mfu 4.14%
step 2250: train loss 1.2497, val loss 1.5483
iter 2250: loss 1.3345, time 12026.34ms, mfu 3.73%
iter 2260: loss 1.2987, time 93.22ms, mfu 3.75%
iter 2270: loss 1.3264, time 94.59ms, mfu 3.77%
iter 2280: loss 1.3205, time 93.68ms, mfu 3.79%
iter 2290: loss 1.3350, time 107.60ms, mfu 3.76%
iter 2300: loss 1.3354, time 78.62ms, mfu 3.86%
iter 2310: loss 1.3564, time 94.65ms, mfu 3.87%
iter 2320: loss 1.3127, time 93.98ms, mfu 3.88%
iter 2330: loss 1.3456, time 93.49ms, mfu 3.89%
iter 2340: loss 1.3146, time 92.33ms, mfu 3.90%
iter 2350: loss 1.3328, time 92.29ms, mfu 3.92%
iter 2360: loss 1.3436, time 92.35ms, mfu 3.93%
iter 2370: loss 1.3325, time 93.63ms, mfu 3.93%
iter 2380: loss 1.3223, time 93.35ms, mfu 3.94%
iter 2390: loss 1.3456, time 93.48ms, mfu 3.94%
iter 2400: loss 1.3196, time 93.81ms, mfu 3.95%
iter 2410: loss 1.3387, time 79.33ms, mfu 4.02%
iter 2420: loss 1.3092, time 93.00ms, mfu 4.02%
iter 2430: loss 1.3094, time 79.26ms, mfu 4.09%
iter 2440: loss 1.3034, time 79.29ms, mfu 4.15%
iter 2450: loss 1.3016, time 93.79ms, mfu 4.13%
iter 2460: loss 1.3176, time 109.11ms, mfu 4.06%
iter 2470: loss 1.2955, time 93.84ms, mfu 4.05%
iter 2480: loss 1.3188, time 92.47ms, mfu 4.05%
iter 2490: loss 1.2849, time 109.65ms, mfu 3.98%
step 2500: train loss 1.2364, val loss 1.5402
iter 2500: loss 1.3041, time 12075.28ms, mfu 3.59%
iter 2510: loss 1.3313, time 94.29ms, mfu 3.62%
iter 2520: loss 1.3201, time 109.30ms, mfu 3.60%
iter 2530: loss 1.3182, time 109.42ms, mfu 3.58%
iter 2540: loss 1.3063, time 109.25ms, mfu 3.57%
iter 2550: loss 1.3458, time 108.36ms, mfu 3.55%
iter 2560: loss 1.2770, time 94.56ms, mfu 3.59%
iter 2570: loss 1.3105, time 93.52ms, mfu 3.63%
iter 2580: loss 1.3125, time 95.55ms, mfu 3.66%
iter 2590: loss 1.3153, time 94.10ms, mfu 3.69%
iter 2600: loss 1.3018, time 93.69ms, mfu 3.72%
iter 2610: loss 1.3072, time 108.27ms, mfu 3.69%
iter 2620: loss 1.3062, time 93.84ms, mfu 3.72%
iter 2630: loss 1.2992, time 94.12ms, mfu 3.74%
iter 2640: loss 1.3076, time 93.24ms, mfu 3.77%
iter 2650: loss 1.2854, time 92.62ms, mfu 3.79%
iter 2660: loss 1.3236, time 94.07ms, mfu 3.81%
iter 2670: loss 1.3254, time 77.94ms, mfu 3.91%
iter 2680: loss 1.3072, time 94.38ms, mfu 3.91%
iter 2690: loss 1.3115, time 94.41ms, mfu 3.91%
iter 2700: loss 1.2740, time 93.44ms, mfu 3.92%
iter 2710: loss 1.3025, time 94.40ms, mfu 3.92%
iter 2720: loss 1.2994, time 94.56ms, mfu 3.93%
iter 2730: loss 1.2883, time 92.51ms, mfu 3.94%
iter 2740: loss 1.2941, time 93.27ms, mfu 3.94%
step 2750: train loss 1.2155, val loss 1.5339
iter 2750: loss 1.3128, time 12060.53ms, mfu 3.55%
iter 2760: loss 1.2612, time 108.94ms, mfu 3.54%
iter 2770: loss 1.3089, time 79.17ms, mfu 3.65%
iter 2780: loss 1.2406, time 109.82ms, mfu 3.63%
iter 2790: loss 1.2884, time 93.37ms, mfu 3.66%
iter 2800: loss 1.2704, time 94.10ms, mfu 3.69%
iter 2810: loss 1.3155, time 94.65ms, mfu 3.72%
iter 2820: loss 1.2950, time 93.47ms, mfu 3.75%
iter 2830: loss 1.2701, time 93.20ms, mfu 3.77%
iter 2840: loss 1.2651, time 94.12ms, mfu 3.79%
iter 2850: loss 1.3097, time 93.73ms, mfu 3.81%
iter 2860: loss 1.2753, time 108.92ms, mfu 3.77%
iter 2870: loss 1.2882, time 92.87ms, mfu 3.79%
iter 2880: loss 1.2518, time 93.89ms, mfu 3.81%
iter 2890: loss 1.3033, time 79.69ms, mfu 3.90%
iter 2900: loss 1.3034, time 78.19ms, mfu 3.98%
iter 2910: loss 1.2894, time 92.53ms, mfu 3.99%
iter 2920: loss 1.3037, time 92.45ms, mfu 3.99%
iter 2930: loss 1.2412, time 93.33ms, mfu 3.99%
iter 2940: loss 1.2841, time 94.02ms, mfu 3.99%
iter 2950: loss 1.3108, time 108.11ms, mfu 3.94%
iter 2960: loss 1.2625, time 92.50ms, mfu 3.94%
iter 2970: loss 1.2775, time 106.80ms, mfu 3.90%
iter 2980: loss 1.2975, time 79.39ms, mfu 3.98%
iter 2990: loss 1.2489, time 93.73ms, mfu 3.98%
step 3000: train loss 1.1751, val loss 1.5241
iter 3000: loss 1.2881, time 12187.70ms, mfu 3.58%
iter 3010: loss 1.2554, time 93.59ms, mfu 3.62%
iter 3020: loss 1.2851, time 108.95ms, mfu 3.60%
iter 3030: loss 1.2754, time 109.12ms, mfu 3.58%
iter 3040: loss 1.2752, time 109.91ms, mfu 3.56%
iter 3050: loss 1.2754, time 94.72ms, mfu 3.60%
iter 3060: loss 1.2538, time 79.06ms, mfu 3.71%
iter 3070: loss 1.2380, time 93.61ms, mfu 3.74%
iter 3080: loss 1.2396, time 93.85ms, mfu 3.76%
iter 3090: loss 1.2664, time 108.92ms, mfu 3.73%
iter 3100: loss 1.2512, time 80.25ms, mfu 3.82%
iter 3110: loss 1.2383, time 94.56ms, mfu 3.83%
iter 3120: loss 1.2743, time 78.15ms, mfu 3.93%
iter 3130: loss 1.2352, time 93.29ms, mfu 3.93%
iter 3140: loss 1.2340, time 107.47ms, mfu 3.89%
iter 3150: loss 1.2672, time 93.01ms, mfu 3.90%
iter 3160: loss 1.2524, time 91.77ms, mfu 3.91%
iter 3170: loss 1.2494, time 107.37ms, mfu 3.87%
iter 3180: loss 1.2560, time 92.28ms, mfu 3.89%
iter 3190: loss 1.2567, time 109.03ms, mfu 3.84%
iter 3200: loss 1.2232, time 92.85ms, mfu 3.86%
iter 3210: loss 1.2527, time 93.40ms, mfu 3.87%
iter 3220: loss 1.2246, time 107.70ms, mfu 3.83%
iter 3230: loss 1.2511, time 79.15ms, mfu 3.92%
iter 3240: loss 1.2426, time 78.59ms, mfu 4.00%
step 3250: train loss 1.1584, val loss 1.5224
iter 3250: loss 1.2384, time 11860.02ms, mfu 3.60%
iter 3260: loss 1.2387, time 94.02ms, mfu 3.64%
iter 3270: loss 1.2167, time 108.23ms, mfu 3.62%
iter 3280: loss 1.2382, time 92.72ms, mfu 3.66%
iter 3290: loss 1.2236, time 94.97ms, mfu 3.69%
iter 3300: loss 1.2220, time 94.19ms, mfu 3.71%
iter 3310: loss 1.2410, time 93.49ms, mfu 3.74%
iter 3320: loss 1.2437, time 109.20ms, mfu 3.71%
iter 3330: loss 1.2428, time 107.36ms, mfu 3.68%
iter 3340: loss 1.2353, time 92.89ms, mfu 3.72%
iter 3350: loss 1.2239, time 93.10ms, mfu 3.74%
iter 3360: loss 1.2218, time 93.48ms, mfu 3.77%
iter 3370: loss 1.1981, time 94.82ms, mfu 3.79%
iter 3380: loss 1.2439, time 94.54ms, mfu 3.80%
iter 3390: loss 1.2219, time 79.75ms, mfu 3.89%
iter 3400: loss 1.2064, time 94.08ms, mfu 3.90%
iter 3410: loss 1.2279, time 77.28ms, mfu 3.99%
iter 3420: loss 1.2576, time 77.77ms, mfu 4.07%
iter 3430: loss 1.2882, time 79.89ms, mfu 4.13%
iter 3440: loss 1.2290, time 108.95ms, mfu 4.06%
iter 3450: loss 1.2249, time 92.80ms, mfu 4.05%
iter 3460: loss 1.2186, time 94.48ms, mfu 4.04%
iter 3470: loss 1.2065, time 92.72ms, mfu 4.04%
iter 3480: loss 1.2104, time 93.30ms, mfu 4.04%
iter 3490: loss 1.2331, time 79.32ms, mfu 4.10%
step 3500: train loss 1.1569, val loss 1.5403
iter 3500: loss 1.2178, time 11873.13ms, mfu 3.69%
iter 3510: loss 1.2690, time 108.14ms, mfu 3.67%
iter 3520: loss 1.2351, time 94.21ms, mfu 3.70%
iter 3530: loss 1.2059, time 92.99ms, mfu 3.73%
iter 3540: loss 1.2498, time 94.35ms, mfu 3.75%
iter 3550: loss 1.2096, time 93.59ms, mfu 3.77%
iter 3560: loss 1.2386, time 93.25ms, mfu 3.80%
iter 3570: loss 1.2410, time 78.46ms, mfu 3.89%
iter 3580: loss 1.2082, time 108.62ms, mfu 3.85%
iter 3590: loss 1.2062, time 108.08ms, mfu 3.81%
iter 3600: loss 1.2205, time 93.50ms, mfu 3.82%
iter 3610: loss 1.2254, time 93.54ms, mfu 3.84%
iter 3620: loss 1.2315, time 93.74ms, mfu 3.85%
iter 3630: loss 1.2317, time 108.30ms, mfu 3.81%
iter 3640: loss 1.2187, time 91.71ms, mfu 3.84%
iter 3650: loss 1.2257, time 78.60ms, mfu 3.93%
iter 3660: loss 1.2227, time 93.24ms, mfu 3.93%
iter 3670: loss 1.2204, time 93.78ms, mfu 3.94%
iter 3680: loss 1.2245, time 78.12ms, mfu 4.02%
iter 3690: loss 1.2419, time 92.76ms, mfu 4.02%
iter 3700: loss 1.2357, time 93.99ms, mfu 4.02%
iter 3710: loss 1.2404, time 78.65ms, mfu 4.09%
iter 3720: loss 1.2148, time 92.92ms, mfu 4.08%
iter 3730: loss 1.2187, time 93.96ms, mfu 4.07%
iter 3740: loss 1.1907, time 79.13ms, mfu 4.13%
step 3750: train loss 1.1341, val loss 1.5329
iter 3750: loss 1.2278, time 11961.51ms, mfu 3.72%
iter 3760: loss 1.1888, time 108.81ms, mfu 3.69%
iter 3770: loss 1.2092, time 94.54ms, mfu 3.72%
iter 3780: loss 1.2062, time 93.43ms, mfu 3.74%
iter 3790: loss 1.1899, time 79.82ms, mfu 3.84%
iter 3800: loss 1.2285, time 108.81ms, mfu 3.80%
iter 3810: loss 1.2133, time 93.59ms, mfu 3.81%
iter 3820: loss 1.1838, time 94.22ms, mfu 3.83%
iter 3830: loss 1.2057, time 94.43ms, mfu 3.84%
iter 3840: loss 1.2157, time 93.96ms, mfu 3.85%
iter 3850: loss 1.2008, time 107.95ms, mfu 3.81%
iter 3860: loss 1.1890, time 93.73ms, mfu 3.83%
iter 3870: loss 1.2124, time 108.24ms, mfu 3.79%
iter 3880: loss 1.2001, time 93.86ms, mfu 3.81%
iter 3890: loss 1.2137, time 93.11ms, mfu 3.83%
iter 3900: loss 1.2118, time 93.39ms, mfu 3.84%
iter 3910: loss 1.2295, time 77.83ms, mfu 3.94%
iter 3920: loss 1.1949, time 93.44ms, mfu 3.94%
iter 3930: loss 1.1993, time 92.66ms, mfu 3.95%
iter 3940: loss 1.1715, time 93.40ms, mfu 3.95%
iter 3950: loss 1.1997, time 93.65ms, mfu 3.96%
iter 3960: loss 1.2095, time 93.22ms, mfu 3.96%
iter 3970: loss 1.1996, time 94.30ms, mfu 3.96%
iter 3980: loss 1.2174, time 78.06ms, mfu 4.04%
iter 3990: loss 1.1749, time 92.60ms, mfu 4.04%
step 4000: train loss 1.1243, val loss 1.5298
iter 4000: loss 1.1934, time 11976.01ms, mfu 3.64%
iter 4010: loss 1.2225, time 93.54ms, mfu 3.67%
iter 4020: loss 1.2063, time 93.56ms, mfu 3.70%
iter 4030: loss 1.2055, time 93.41ms, mfu 3.73%
iter 4040: loss 1.2057, time 93.62ms, mfu 3.76%
iter 4050: loss 1.1811, time 93.76ms, mfu 3.78%
iter 4060: loss 1.1913, time 94.18ms, mfu 3.80%
iter 4070: loss 1.2190, time 110.70ms, mfu 3.75%
iter 4080: loss 1.1961, time 93.35ms, mfu 3.78%
iter 4090: loss 1.2299, time 93.33ms, mfu 3.80%
iter 4100: loss 1.1816, time 93.98ms, mfu 3.82%
iter 4110: loss 1.1931, time 94.88ms, mfu 3.83%
iter 4120: loss 1.1750, time 92.98ms, mfu 3.84%
iter 4130: loss 1.1698, time 78.52ms, mfu 3.93%
iter 4140: loss 1.1870, time 94.21ms, mfu 3.94%
iter 4150: loss 1.2172, time 77.83ms, mfu 4.02%
iter 4160: loss 1.1981, time 79.64ms, mfu 4.09%
iter 4170: loss 1.1545, time 94.02ms, mfu 4.08%
iter 4180: loss 1.1831, time 94.23ms, mfu 4.06%
iter 4190: loss 1.1944, time 92.97ms, mfu 4.06%
iter 4200: loss 1.1837, time 109.32ms, mfu 3.99%
iter 4210: loss 1.2013, time 93.26ms, mfu 3.99%
iter 4220: loss 1.1908, time 95.56ms, mfu 3.98%
iter 4230: loss 1.1881, time 94.04ms, mfu 3.98%
iter 4240: loss 1.1976, time 109.15ms, mfu 3.92%
step 4250: train loss 1.1269, val loss 1.5443
iter 4250: loss 1.1843, time 12011.65ms, mfu 3.54%
iter 4260: loss 1.1952, time 94.09ms, mfu 3.58%
iter 4270: loss 1.1983, time 108.52ms, mfu 3.56%
iter 4280: loss 1.1911, time 79.64ms, mfu 3.67%
iter 4290: loss 1.1812, time 107.72ms, mfu 3.65%
iter 4300: loss 1.1919, time 94.85ms, mfu 3.68%
iter 4310: loss 1.1703, time 94.55ms, mfu 3.71%
iter 4320: loss 1.2008, time 107.50ms, mfu 3.68%
iter 4330: loss 1.1815, time 94.25ms, mfu 3.71%
iter 4340: loss 1.1779, time 92.77ms, mfu 3.74%
iter 4350: loss 1.1903, time 93.24ms, mfu 3.77%
iter 4360: loss 1.1734, time 93.74ms, mfu 3.79%
iter 4370: loss 1.1823, time 94.12ms, mfu 3.80%
iter 4380: loss 1.2055, time 79.29ms, mfu 3.89%
iter 4390: loss 1.1591, time 93.38ms, mfu 3.90%
iter 4400: loss 1.1735, time 94.07ms, mfu 3.91%
iter 4410: loss 1.2146, time 94.04ms, mfu 3.91%
iter 4420: loss 1.1917, time 92.82ms, mfu 3.92%
iter 4430: loss 1.1526, time 79.62ms, mfu 4.00%
iter 4440: loss 1.2045, time 92.79ms, mfu 4.00%
iter 4450: loss 1.2227, time 94.12ms, mfu 4.00%
iter 4460: loss 1.1818, time 80.34ms, mfu 4.06%
iter 4470: loss 1.1607, time 107.12ms, mfu 4.00%
iter 4480: loss 1.1849, time 93.67ms, mfu 4.00%
iter 4490: loss 1.1696, time 109.69ms, mfu 3.94%
step 4500: train loss 1.1017, val loss 1.5334
iter 4500: loss 1.2128, time 12054.42ms, mfu 3.55%
iter 4510: loss 1.1567, time 108.84ms, mfu 3.54%
iter 4520: loss 1.1381, time 109.42ms, mfu 3.52%
iter 4530: loss 1.1658, time 109.74ms, mfu 3.51%
iter 4540: loss 1.1735, time 94.97ms, mfu 3.55%
iter 4550: loss 1.1737, time 108.43ms, mfu 3.54%
iter 4560: loss 1.1816, time 93.42ms, mfu 3.59%
iter 4570: loss 1.2041, time 93.56ms, mfu 3.63%
iter 4580: loss 1.1763, time 93.60ms, mfu 3.66%
iter 4590: loss 1.1850, time 95.40ms, mfu 3.69%
iter 4600: loss 1.1674, time 92.94ms, mfu 3.72%
iter 4610: loss 1.1792, time 79.11ms, mfu 3.82%
iter 4620: loss 1.1667, time 106.84ms, mfu 3.78%
iter 4630: loss 1.1603, time 78.62ms, mfu 3.88%
iter 4640: loss 1.1664, time 93.30ms, mfu 3.89%
iter 4650: loss 1.1589, time 108.37ms, mfu 3.85%
iter 4660: loss 1.1938, time 79.13ms, mfu 3.93%
iter 4670: loss 1.1839, time 93.24ms, mfu 3.94%
iter 4680: loss 1.1575, time 94.16ms, mfu 3.94%
iter 4690: loss 1.1558, time 78.77ms, mfu 4.02%
iter 4700: loss 1.2042, time 94.47ms, mfu 4.01%
iter 4710: loss 1.1787, time 79.51ms, mfu 4.08%
iter 4720: loss 1.1767, time 108.78ms, mfu 4.01%
iter 4730: loss 1.1804, time 93.98ms, mfu 4.01%
iter 4740: loss 1.1508, time 93.42ms, mfu 4.01%
step 4750: train loss 1.0981, val loss 1.5398
iter 4750: loss 1.1863, time 11930.49ms, mfu 3.61%
iter 4760: loss 1.1792, time 79.25ms, mfu 3.72%
iter 4770: loss 1.1672, time 94.69ms, mfu 3.74%
iter 4780: loss 1.1916, time 94.16ms, mfu 3.76%
iter 4790: loss 1.1700, time 93.09ms, mfu 3.79%
iter 4800: loss 1.1821, time 94.19ms, mfu 3.80%
iter 4810: loss 1.1539, time 94.25ms, mfu 3.82%
iter 4820: loss 1.1698, time 94.09ms, mfu 3.83%
iter 4830: loss 1.1470, time 78.47ms, mfu 3.92%
iter 4840: loss 1.1439, time 93.31ms, mfu 3.93%
iter 4850: loss 1.1813, time 78.28ms, mfu 4.01%
iter 4860: loss 1.1525, time 95.23ms, mfu 4.00%
iter 4870: loss 1.1753, time 80.41ms, mfu 4.07%
iter 4880: loss 1.1490, time 93.01ms, mfu 4.06%
iter 4890: loss 1.1899, time 77.77ms, mfu 4.13%
iter 4900: loss 1.1798, time 92.91ms, mfu 4.12%
iter 4910: loss 1.1385, time 92.99ms, mfu 4.11%
iter 4920: loss 1.1613, time 93.00ms, mfu 4.10%
iter 4930: loss 1.1710, time 92.80ms, mfu 4.09%
iter 4940: loss 1.1758, time 94.48ms, mfu 4.08%
iter 4950: loss 1.1836, time 93.24ms, mfu 4.07%
iter 4960: loss 1.1564, time 93.49ms, mfu 4.06%
iter 4970: loss 1.1436, time 107.74ms, mfu 4.00%
iter 4980: loss 1.1723, time 108.30ms, mfu 3.94%
iter 4990: loss 1.1644, time 93.37ms, mfu 3.95%
step 5000: train loss 1.0944, val loss 1.5315
iter 5000: loss 1.1556, time 11968.20ms, mfu 3.56%
