Overriding config with config/train_shakespeare_char.py:
# train a miniature character-level shakespeare model
# good for debugging and playing on macbooks and such

out_dir = 'out-shakespeare-char'
eval_interval = 250 # keep frequent because we'll overfit
eval_iters = 200
log_interval = 10 # don't print too too often

# we expect to overfit on this small dataset, so only save when val improves
always_save_checkpoint = False

wandb_log = False # override via command line if you like
wandb_project = 'shakespeare-char'
wandb_run_name = 'mini-gpt'

dataset = 'shakespeare_char'
gradient_accumulation_steps = 1
batch_size = 64
block_size = 256 # context of up to 256 previous characters

# baby GPT model :)
n_layer = 6
n_head = 6
n_embd = 384
dropout = 0.2

learning_rate = 1e-3 # with baby networks can afford to go a bit higher
max_iters = 5000
lr_decay_iters = 5000 # make equal to max_iters usually
min_lr = 1e-4 # learning_rate / 10 usually
beta2 = 0.99 # make a bit bigger because number of tokens per iter is small

warmup_iters = 100 # not super necessary potentially

# on macbook also add
# device = 'cpu'  # run on cpu only
# compile = False # do not torch compile the model

Overriding: compile = False
Overriding: out_dir = runs\rmsnorm_lr3e-3_s1339
Overriding: learning_rate = 0.003
Overriding: min_lr = 0.00030000000000000003
Overriding: seed = 1339
Overriding: save_checkpoint = False
Overriding: norm_type = rmsnorm
tokens per iteration will be: 16,384
found vocab_size = 65 (inside data\shakespeare_char\meta.pkl)
Initializing a new model from scratch
number of parameters: 10.65M
C:\Users\86271\hw1work\nanoGPT\train.py:204: FutureWarning: `torch.cuda.amp.GradScaler(args...)` is deprecated. Please use `torch.amp.GradScaler('cuda', args...)` instead.
  scaler = torch.cuda.amp.GradScaler(enabled=(dtype == 'float16'))
num decayed parameter tensors: 26, with 10,740,096 parameters
num non-decayed parameter tensors: 13, with 4,992 parameters
using fused AdamW: True
step 0: train loss 4.2491, val loss 4.2441
iter 0: loss 4.2438, time 12217.33ms, mfu -100.00%
iter 10: loss 2.9137, time 124.80ms, mfu 2.99%
iter 20: loss 2.6123, time 126.02ms, mfu 2.98%
iter 30: loss 2.5399, time 141.53ms, mfu 2.95%
iter 40: loss 2.5338, time 125.89ms, mfu 2.95%
iter 50: loss 2.5088, time 123.57ms, mfu 2.96%
iter 60: loss 2.4790, time 109.65ms, mfu 3.00%
iter 70: loss 2.4875, time 110.83ms, mfu 3.04%
iter 80: loss 2.4918, time 140.82ms, mfu 3.00%
iter 90: loss 2.4669, time 123.08ms, mfu 3.00%
iter 100: loss 2.5056, time 95.21ms, mfu 3.09%
iter 110: loss 2.4283, time 109.32ms, mfu 3.12%
iter 120: loss 2.4259, time 126.52ms, mfu 3.11%
iter 130: loss 2.3973, time 124.15ms, mfu 3.10%
iter 140: loss 2.2921, time 123.70ms, mfu 3.09%
iter 150: loss 2.2235, time 124.81ms, mfu 3.08%
iter 160: loss 2.1477, time 138.82ms, mfu 3.04%
iter 170: loss 2.1403, time 96.09ms, mfu 3.12%
iter 180: loss 2.0732, time 109.03ms, mfu 3.15%
iter 190: loss 2.0763, time 108.92ms, mfu 3.18%
iter 200: loss 2.0368, time 125.13ms, mfu 3.16%
iter 210: loss 2.0093, time 123.60ms, mfu 3.14%
iter 220: loss 1.9820, time 126.75ms, mfu 3.12%
iter 230: loss 1.9408, time 122.24ms, mfu 3.12%
iter 240: loss 1.9226, time 94.35ms, mfu 3.20%
step 250: train loss 1.8165, val loss 1.9651
iter 250: loss 1.9129, time 12184.74ms, mfu 2.88%
iter 260: loss 1.8752, time 112.23ms, mfu 2.93%
iter 270: loss 1.8381, time 109.82ms, mfu 2.97%
iter 280: loss 1.8388, time 109.48ms, mfu 3.02%
iter 290: loss 1.8146, time 125.22ms, mfu 3.01%
iter 300: loss 1.8244, time 123.62ms, mfu 3.01%
iter 310: loss 1.7944, time 124.96ms, mfu 3.01%
iter 320: loss 1.7792, time 126.30ms, mfu 3.00%
iter 330: loss 1.7443, time 110.96ms, mfu 3.04%
iter 340: loss 1.7664, time 123.17ms, mfu 3.04%
iter 350: loss 1.7447, time 124.64ms, mfu 3.03%
iter 360: loss 1.7468, time 111.40ms, mfu 3.06%
iter 370: loss 1.7171, time 124.94ms, mfu 3.06%
iter 380: loss 1.7368, time 109.13ms, mfu 3.09%
iter 390: loss 1.7076, time 124.83ms, mfu 3.08%
iter 400: loss 1.7145, time 124.07ms, mfu 3.07%
iter 410: loss 1.7446, time 107.62ms, mfu 3.11%
iter 420: loss 1.6734, time 123.53ms, mfu 3.10%
iter 430: loss 1.6551, time 110.70ms, mfu 3.13%
iter 440: loss 1.7057, time 125.31ms, mfu 3.11%
iter 450: loss 1.6516, time 109.05ms, mfu 3.14%
iter 460: loss 1.6656, time 124.20ms, mfu 3.13%
iter 470: loss 1.6608, time 123.99ms, mfu 3.12%
iter 480: loss 1.6606, time 123.97ms, mfu 3.11%
iter 490: loss 1.6302, time 111.45ms, mfu 3.13%
step 500: train loss 1.5372, val loss 1.7282
iter 500: loss 1.5873, time 11496.21ms, mfu 2.82%
iter 510: loss 1.6478, time 77.56ms, mfu 3.02%
iter 520: loss 1.6013, time 108.83ms, mfu 3.06%
iter 530: loss 1.6054, time 139.98ms, mfu 3.02%
iter 540: loss 1.6247, time 109.90ms, mfu 3.06%
iter 550: loss 1.5831, time 108.38ms, mfu 3.09%
iter 560: loss 1.6121, time 123.51ms, mfu 3.09%
iter 570: loss 1.6033, time 110.15ms, mfu 3.12%
iter 580: loss 1.5744, time 110.48ms, mfu 3.14%
iter 590: loss 1.5787, time 140.02ms, mfu 3.09%
iter 600: loss 1.5499, time 110.39ms, mfu 3.12%
iter 610: loss 1.5618, time 124.21ms, mfu 3.11%
iter 620: loss 1.5749, time 108.45ms, mfu 3.14%
iter 630: loss 1.5749, time 78.92ms, mfu 3.30%
iter 640: loss 1.5507, time 111.00ms, mfu 3.31%
iter 650: loss 1.5525, time 110.57ms, mfu 3.31%
iter 660: loss 1.5354, time 111.53ms, mfu 3.32%
iter 670: loss 1.5309, time 123.51ms, mfu 3.29%
iter 680: loss 1.5180, time 108.83ms, mfu 3.30%
iter 690: loss 1.5154, time 108.18ms, mfu 3.31%
iter 700: loss 1.5313, time 124.54ms, mfu 3.28%
iter 710: loss 1.5377, time 111.23ms, mfu 3.29%
iter 720: loss 1.5145, time 107.78ms, mfu 3.31%
iter 730: loss 1.5130, time 125.87ms, mfu 3.27%
iter 740: loss 1.4923, time 123.97ms, mfu 3.24%
step 750: train loss 1.3960, val loss 1.6163
iter 750: loss 1.4957, time 12659.28ms, mfu 2.92%
iter 760: loss 1.5012, time 139.59ms, mfu 2.90%
iter 770: loss 1.4996, time 111.43ms, mfu 2.94%
iter 780: loss 1.4992, time 109.13ms, mfu 2.99%
iter 790: loss 1.4799, time 125.36ms, mfu 2.99%
iter 800: loss 1.4772, time 111.06ms, mfu 3.02%
iter 810: loss 1.4906, time 108.78ms, mfu 3.06%
iter 820: loss 1.4502, time 124.70ms, mfu 3.06%
iter 830: loss 1.4349, time 124.58ms, mfu 3.05%
iter 840: loss 1.4679, time 109.59ms, mfu 3.09%
iter 850: loss 1.4365, time 124.79ms, mfu 3.08%
iter 860: loss 1.4456, time 109.13ms, mfu 3.11%
iter 870: loss 1.4363, time 138.50ms, mfu 3.07%
iter 880: loss 1.4283, time 124.77ms, mfu 3.06%
iter 890: loss 1.4288, time 124.84ms, mfu 3.05%
iter 900: loss 1.4023, time 109.26ms, mfu 3.09%
iter 910: loss 1.4504, time 110.04ms, mfu 3.12%
iter 920: loss 1.4313, time 124.69ms, mfu 3.10%
iter 930: loss 1.4273, time 110.80ms, mfu 3.13%
iter 940: loss 1.4058, time 108.81ms, mfu 3.16%
iter 950: loss 1.4017, time 107.71ms, mfu 3.19%
iter 960: loss 1.4319, time 123.69ms, mfu 3.17%
iter 970: loss 1.4252, time 122.09ms, mfu 3.16%
iter 980: loss 1.4099, time 96.06ms, mfu 3.23%
iter 990: loss 1.3874, time 111.04ms, mfu 3.24%
step 1000: train loss 1.3076, val loss 1.5456
iter 1000: loss 1.3799, time 12378.11ms, mfu 2.92%
iter 1010: loss 1.3999, time 111.12ms, mfu 2.97%
iter 1020: loss 1.3730, time 109.89ms, mfu 3.01%
iter 1030: loss 1.4037, time 123.79ms, mfu 3.01%
iter 1040: loss 1.3731, time 109.42ms, mfu 3.05%
iter 1050: loss 1.3870, time 123.20ms, mfu 3.05%
iter 1060: loss 1.3905, time 108.74ms, mfu 3.08%
iter 1070: loss 1.3978, time 107.92ms, mfu 3.12%
iter 1080: loss 1.3680, time 93.45ms, mfu 3.21%
iter 1090: loss 1.3184, time 126.08ms, mfu 3.18%
iter 1100: loss 1.3618, time 124.31ms, mfu 3.16%
iter 1110: loss 1.3735, time 111.06ms, mfu 3.18%
iter 1120: loss 1.3412, time 122.79ms, mfu 3.17%
iter 1130: loss 1.3426, time 123.76ms, mfu 3.15%
iter 1140: loss 1.3837, time 108.84ms, mfu 3.18%
iter 1150: loss 1.3165, time 124.25ms, mfu 3.16%
iter 1160: loss 1.3644, time 109.78ms, mfu 3.18%
iter 1170: loss 1.3339, time 122.30ms, mfu 3.17%
iter 1180: loss 1.3183, time 123.84ms, mfu 3.15%
iter 1190: loss 1.3660, time 108.20ms, mfu 3.18%
iter 1200: loss 1.3299, time 109.08ms, mfu 3.21%
iter 1210: loss 1.3286, time 108.54ms, mfu 3.23%
iter 1220: loss 1.3471, time 123.36ms, mfu 3.21%
iter 1230: loss 1.3460, time 123.74ms, mfu 3.19%
iter 1240: loss 1.3461, time 110.59ms, mfu 3.21%
step 1250: train loss 1.2376, val loss 1.5042
iter 1250: loss 1.3552, time 12236.58ms, mfu 2.89%
iter 1260: loss 1.3498, time 94.53ms, mfu 2.99%
iter 1270: loss 1.3428, time 110.34ms, mfu 3.03%
iter 1280: loss 1.3246, time 108.84ms, mfu 3.07%
iter 1290: loss 1.3198, time 109.21ms, mfu 3.11%
iter 1300: loss 1.3492, time 107.85ms, mfu 3.14%
iter 1310: loss 1.3158, time 109.31ms, mfu 3.17%
iter 1320: loss 1.3048, time 124.40ms, mfu 3.15%
iter 1330: loss 1.2965, time 109.89ms, mfu 3.17%
iter 1340: loss 1.3123, time 123.24ms, mfu 3.16%
iter 1350: loss 1.2948, time 109.14ms, mfu 3.18%
iter 1360: loss 1.2876, time 108.86ms, mfu 3.21%
iter 1370: loss 1.3175, time 124.51ms, mfu 3.19%
iter 1380: loss 1.2788, time 110.16ms, mfu 3.21%
iter 1390: loss 1.2937, time 109.76ms, mfu 3.23%
iter 1400: loss 1.2753, time 109.08ms, mfu 3.24%
iter 1410: loss 1.2650, time 108.36ms, mfu 3.26%
iter 1420: loss 1.3085, time 123.79ms, mfu 3.24%
iter 1430: loss 1.3149, time 110.11ms, mfu 3.25%
iter 1440: loss 1.2594, time 123.72ms, mfu 3.23%
iter 1450: loss 1.3082, time 107.03ms, mfu 3.25%
iter 1460: loss 1.2961, time 109.55ms, mfu 3.27%
iter 1470: loss 1.2674, time 109.68ms, mfu 3.28%
iter 1480: loss 1.2617, time 108.68ms, mfu 3.30%
iter 1490: loss 1.2865, time 124.21ms, mfu 3.27%
step 1500: train loss 1.1837, val loss 1.4725
iter 1500: loss 1.2402, time 12325.65ms, mfu 2.94%
iter 1510: loss 1.2845, time 123.44ms, mfu 2.95%
iter 1520: loss 1.2576, time 124.25ms, mfu 2.96%
iter 1530: loss 1.2928, time 123.68ms, mfu 2.96%
iter 1540: loss 1.2642, time 109.20ms, mfu 3.01%
iter 1550: loss 1.2165, time 108.65ms, mfu 3.05%
iter 1560: loss 1.2595, time 124.24ms, mfu 3.04%
iter 1570: loss 1.2468, time 109.30ms, mfu 3.08%
iter 1580: loss 1.2519, time 123.27ms, mfu 3.07%
iter 1590: loss 1.2803, time 109.31ms, mfu 3.11%
iter 1600: loss 1.2515, time 123.52ms, mfu 3.10%
iter 1610: loss 1.2553, time 124.24ms, mfu 3.09%
iter 1620: loss 1.2422, time 109.04ms, mfu 3.12%
iter 1630: loss 1.2421, time 108.81ms, mfu 3.15%
iter 1640: loss 1.2680, time 110.35ms, mfu 3.17%
iter 1650: loss 1.2396, time 109.93ms, mfu 3.20%
iter 1660: loss 1.2602, time 109.16ms, mfu 3.22%
iter 1670: loss 1.2679, time 108.58ms, mfu 3.24%
iter 1680: loss 1.2698, time 108.78ms, mfu 3.26%
iter 1690: loss 1.2737, time 94.48ms, mfu 3.33%
iter 1700: loss 1.2666, time 124.98ms, mfu 3.29%
iter 1710: loss 1.2288, time 109.76ms, mfu 3.30%
iter 1720: loss 1.2360, time 109.24ms, mfu 3.31%
iter 1730: loss 1.2324, time 125.79ms, mfu 3.28%
iter 1740: loss 1.2376, time 123.39ms, mfu 3.25%
step 1750: train loss 1.1401, val loss 1.4704
iter 1750: loss 1.2415, time 12066.69ms, mfu 2.93%
iter 1760: loss 1.2136, time 123.83ms, mfu 2.94%
iter 1770: loss 1.2000, time 109.38ms, mfu 2.98%
iter 1780: loss 1.2013, time 108.42ms, mfu 3.03%
iter 1790: loss 1.2249, time 123.23ms, mfu 3.03%
iter 1800: loss 1.2100, time 124.28ms, mfu 3.03%
iter 1810: loss 1.2282, time 110.22ms, mfu 3.06%
iter 1820: loss 1.2111, time 121.80ms, mfu 3.06%
iter 1830: loss 1.1742, time 108.72ms, mfu 3.10%
iter 1840: loss 1.2148, time 122.97ms, mfu 3.09%
iter 1850: loss 1.2324, time 123.00ms, mfu 3.09%
iter 1860: loss 1.2468, time 123.91ms, mfu 3.08%
iter 1870: loss 1.1914, time 110.00ms, mfu 3.11%
iter 1880: loss 1.2510, time 108.36ms, mfu 3.14%
iter 1890: loss 1.1975, time 110.07ms, mfu 3.17%
iter 1900: loss 1.2162, time 123.08ms, mfu 3.15%
iter 1910: loss 1.1758, time 123.82ms, mfu 3.14%
iter 1920: loss 1.1841, time 124.36ms, mfu 3.12%
iter 1930: loss 1.1879, time 109.42ms, mfu 3.15%
iter 1940: loss 1.1898, time 123.98ms, mfu 3.14%
iter 1950: loss 1.2073, time 109.61ms, mfu 3.16%
iter 1960: loss 1.1834, time 109.79ms, mfu 3.19%
iter 1970: loss 1.1824, time 124.20ms, mfu 3.17%
iter 1980: loss 1.1861, time 108.61ms, mfu 3.19%
iter 1990: loss 1.1868, time 108.83ms, mfu 3.22%
step 2000: train loss 1.0990, val loss 1.4660
iter 2000: loss 1.2034, time 12222.05ms, mfu 2.90%
iter 2010: loss 1.1898, time 139.20ms, mfu 2.88%
iter 2020: loss 1.1998, time 109.67ms, mfu 2.93%
iter 2030: loss 1.1669, time 108.45ms, mfu 2.98%
iter 2040: loss 1.1782, time 109.32ms, mfu 3.02%
iter 2050: loss 1.1882, time 124.62ms, mfu 3.02%
iter 2060: loss 1.2162, time 110.05ms, mfu 3.06%
iter 2070: loss 1.2006, time 123.00ms, mfu 3.05%
iter 2080: loss 1.1825, time 108.29ms, mfu 3.09%
iter 2090: loss 1.1686, time 123.47ms, mfu 3.08%
iter 2100: loss 1.1708, time 139.44ms, mfu 3.04%
iter 2110: loss 1.1524, time 94.59ms, mfu 3.13%
iter 2120: loss 1.1227, time 108.69ms, mfu 3.16%
iter 2130: loss 1.1680, time 93.25ms, mfu 3.25%
iter 2140: loss 1.1679, time 124.60ms, mfu 3.22%
iter 2150: loss 1.1727, time 108.89ms, mfu 3.24%
iter 2160: loss 1.1745, time 124.05ms, mfu 3.22%
iter 2170: loss 1.1804, time 123.38ms, mfu 3.20%
iter 2180: loss 1.1812, time 124.98ms, mfu 3.18%
iter 2190: loss 1.1740, time 139.25ms, mfu 3.13%
iter 2200: loss 1.1627, time 124.49ms, mfu 3.11%
iter 2210: loss 1.1539, time 109.02ms, mfu 3.14%
iter 2220: loss 1.1434, time 108.35ms, mfu 3.17%
iter 2230: loss 1.1499, time 109.37ms, mfu 3.20%
iter 2240: loss 1.1581, time 108.87ms, mfu 3.22%
step 2250: train loss 1.0560, val loss 1.4640
iter 2250: loss 1.1436, time 12240.16ms, mfu 2.90%
iter 2260: loss 1.1485, time 109.33ms, mfu 2.95%
iter 2270: loss 1.1727, time 108.70ms, mfu 3.00%
iter 2280: loss 1.1448, time 94.59ms, mfu 3.09%
iter 2290: loss 1.1190, time 108.69ms, mfu 3.13%
iter 2300: loss 1.1177, time 109.51ms, mfu 3.15%
iter 2310: loss 1.1486, time 93.96ms, mfu 3.23%
iter 2320: loss 1.1352, time 109.73ms, mfu 3.25%
iter 2330: loss 1.1587, time 109.72ms, mfu 3.27%
iter 2340: loss 1.1167, time 109.89ms, mfu 3.28%
iter 2350: loss 1.1545, time 108.11ms, mfu 3.29%
iter 2360: loss 1.1249, time 95.14ms, mfu 3.36%
iter 2370: loss 1.1135, time 122.57ms, mfu 3.33%
iter 2380: loss 1.1402, time 109.04ms, mfu 3.33%
iter 2390: loss 1.1268, time 124.76ms, mfu 3.30%
iter 2400: loss 1.1404, time 109.50ms, mfu 3.31%
iter 2410: loss 1.1255, time 108.51ms, mfu 3.32%
iter 2420: loss 1.1062, time 124.20ms, mfu 3.29%
iter 2430: loss 1.1373, time 109.83ms, mfu 3.30%
iter 2440: loss 1.1387, time 93.84ms, mfu 3.37%
iter 2450: loss 1.1278, time 109.86ms, mfu 3.37%
iter 2460: loss 1.0813, time 109.28ms, mfu 3.37%
iter 2470: loss 1.1373, time 94.26ms, mfu 3.43%
iter 2480: loss 1.1139, time 109.90ms, mfu 3.43%
iter 2490: loss 1.1238, time 109.77ms, mfu 3.42%
step 2500: train loss 1.0130, val loss 1.4713
iter 2500: loss 1.1002, time 12091.81ms, mfu 3.09%
iter 2510: loss 1.1276, time 110.04ms, mfu 3.12%
iter 2520: loss 1.1097, time 108.63ms, mfu 3.15%
iter 2530: loss 1.1158, time 109.25ms, mfu 3.17%
iter 2540: loss 1.1063, time 123.30ms, mfu 3.16%
iter 2550: loss 1.1019, time 124.35ms, mfu 3.14%
iter 2560: loss 1.1018, time 124.88ms, mfu 3.13%
iter 2570: loss 1.1176, time 107.50ms, mfu 3.16%
iter 2580: loss 1.0952, time 108.80ms, mfu 3.19%
iter 2590: loss 1.1253, time 109.19ms, mfu 3.21%
iter 2600: loss 1.1286, time 109.69ms, mfu 3.23%
iter 2610: loss 1.1182, time 123.49ms, mfu 3.21%
iter 2620: loss 1.1039, time 109.18ms, mfu 3.23%
iter 2630: loss 1.1070, time 110.05ms, mfu 3.24%
iter 2640: loss 1.0961, time 110.07ms, mfu 3.26%
iter 2650: loss 1.0908, time 110.32ms, mfu 3.27%
iter 2660: loss 1.1043, time 108.45ms, mfu 3.29%
iter 2670: loss 1.0774, time 108.91ms, mfu 3.30%
iter 2680: loss 1.0938, time 125.23ms, mfu 3.27%
iter 2690: loss 1.1176, time 95.33ms, mfu 3.33%
iter 2700: loss 1.1198, time 109.93ms, mfu 3.34%
iter 2710: loss 1.0918, time 108.25ms, mfu 3.35%
iter 2720: loss 1.0710, time 108.01ms, mfu 3.36%
iter 2730: loss 1.0858, time 109.24ms, mfu 3.36%
iter 2740: loss 1.0873, time 124.07ms, mfu 3.33%
step 2750: train loss 0.9675, val loss 1.4847
iter 2750: loss 1.0915, time 12131.06ms, mfu 3.00%
iter 2760: loss 1.0532, time 123.90ms, mfu 3.00%
iter 2770: loss 1.0504, time 124.47ms, mfu 3.00%
iter 2780: loss 1.0703, time 122.52ms, mfu 3.00%
iter 2790: loss 1.0894, time 108.72ms, mfu 3.04%
iter 2800: loss 1.0717, time 109.21ms, mfu 3.08%
iter 2810: loss 1.0361, time 124.79ms, mfu 3.07%
iter 2820: loss 1.0655, time 123.64ms, mfu 3.07%
iter 2830: loss 1.0350, time 124.14ms, mfu 3.06%
iter 2840: loss 1.0877, time 123.97ms, mfu 3.05%
iter 2850: loss 1.0625, time 123.49ms, mfu 3.05%
iter 2860: loss 1.0620, time 124.95ms, mfu 3.04%
iter 2870: loss 1.0753, time 93.62ms, mfu 3.14%
iter 2880: loss 1.0643, time 110.05ms, mfu 3.16%
iter 2890: loss 1.0279, time 108.37ms, mfu 3.19%
iter 2900: loss 1.0485, time 109.09ms, mfu 3.21%
iter 2910: loss 1.0789, time 123.75ms, mfu 3.19%
iter 2920: loss 1.0729, time 108.61ms, mfu 3.22%
iter 2930: loss 1.0359, time 124.31ms, mfu 3.19%
iter 2940: loss 1.0323, time 95.52ms, mfu 3.27%
iter 2950: loss 1.0376, time 123.49ms, mfu 3.24%
iter 2960: loss 1.0697, time 110.49ms, mfu 3.25%
iter 2970: loss 1.0214, time 109.80ms, mfu 3.27%
iter 2980: loss 1.0352, time 107.51ms, mfu 3.29%
iter 2990: loss 1.0293, time 109.83ms, mfu 3.30%
step 3000: train loss 0.9239, val loss 1.5003
iter 3000: loss 1.0319, time 12171.29ms, mfu 2.97%
iter 3010: loss 1.0317, time 123.21ms, mfu 2.98%
iter 3020: loss 1.0677, time 109.43ms, mfu 3.02%
iter 3030: loss 1.0403, time 123.43ms, mfu 3.02%
iter 3040: loss 1.0072, time 94.20ms, mfu 3.11%
iter 3050: loss 1.0382, time 125.01ms, mfu 3.10%
iter 3060: loss 1.0514, time 110.79ms, mfu 3.13%
iter 3070: loss 1.0383, time 109.50ms, mfu 3.15%
iter 3080: loss 1.0225, time 109.91ms, mfu 3.18%
iter 3090: loss 1.0517, time 122.95ms, mfu 3.16%
iter 3100: loss 1.0371, time 123.85ms, mfu 3.15%
iter 3110: loss 1.0629, time 109.84ms, mfu 3.17%
iter 3120: loss 1.0244, time 122.91ms, mfu 3.16%
iter 3130: loss 0.9936, time 109.00ms, mfu 3.18%
iter 3140: loss 1.0249, time 109.93ms, mfu 3.20%
iter 3150: loss 1.0410, time 107.80ms, mfu 3.23%
iter 3160: loss 1.0049, time 109.36ms, mfu 3.25%
iter 3170: loss 1.0061, time 123.66ms, mfu 3.22%
iter 3180: loss 1.0298, time 123.14ms, mfu 3.20%
iter 3190: loss 0.9966, time 110.13ms, mfu 3.22%
iter 3200: loss 0.9961, time 123.01ms, mfu 3.20%
iter 3210: loss 0.9970, time 109.71ms, mfu 3.22%
iter 3220: loss 0.9803, time 94.86ms, mfu 3.29%
iter 3230: loss 1.0016, time 124.66ms, mfu 3.26%
iter 3240: loss 1.0016, time 110.28ms, mfu 3.27%
step 3250: train loss 0.8756, val loss 1.5081
iter 3250: loss 0.9811, time 12048.06ms, mfu 2.95%
iter 3260: loss 0.9877, time 109.14ms, mfu 3.00%
iter 3270: loss 0.9828, time 124.27ms, mfu 3.00%
iter 3280: loss 0.9740, time 122.04ms, mfu 3.00%
iter 3290: loss 1.0142, time 123.02ms, mfu 3.00%
iter 3300: loss 0.9993, time 124.52ms, mfu 3.00%
iter 3310: loss 1.0099, time 109.44ms, mfu 3.04%
iter 3320: loss 0.9565, time 109.60ms, mfu 3.08%
iter 3330: loss 1.0009, time 108.86ms, mfu 3.11%
iter 3340: loss 1.0206, time 124.75ms, mfu 3.10%
iter 3350: loss 1.0033, time 94.70ms, mfu 3.18%
iter 3360: loss 1.0088, time 111.08ms, mfu 3.20%
iter 3370: loss 0.9840, time 108.98ms, mfu 3.22%
iter 3380: loss 0.9696, time 95.31ms, mfu 3.29%
iter 3390: loss 0.9650, time 123.20ms, mfu 3.27%
iter 3400: loss 1.0144, time 110.25ms, mfu 3.28%
iter 3410: loss 1.0216, time 108.86ms, mfu 3.29%
iter 3420: loss 0.9762, time 108.65ms, mfu 3.31%
iter 3430: loss 0.9578, time 124.69ms, mfu 3.27%
iter 3440: loss 0.9840, time 123.26ms, mfu 3.25%
iter 3450: loss 1.0001, time 94.02ms, mfu 3.32%
iter 3460: loss 0.9741, time 108.37ms, mfu 3.33%
iter 3470: loss 0.9730, time 109.47ms, mfu 3.34%
iter 3480: loss 0.9437, time 108.86ms, mfu 3.35%
iter 3490: loss 0.9860, time 109.30ms, mfu 3.35%
step 3500: train loss 0.8328, val loss 1.5254
iter 3500: loss 0.9434, time 12002.42ms, mfu 3.02%
iter 3510: loss 0.9589, time 122.95ms, mfu 3.02%
iter 3520: loss 0.9808, time 108.44ms, mfu 3.06%
iter 3530: loss 0.9736, time 124.61ms, mfu 3.06%
iter 3540: loss 0.9738, time 109.57ms, mfu 3.09%
iter 3550: loss 0.9690, time 138.44ms, mfu 3.05%
iter 3560: loss 0.9779, time 108.67ms, mfu 3.09%
iter 3570: loss 0.9699, time 108.26ms, mfu 3.12%
iter 3580: loss 0.9662, time 95.71ms, mfu 3.20%
iter 3590: loss 0.9563, time 124.18ms, mfu 3.18%
iter 3600: loss 0.9707, time 109.82ms, mfu 3.20%
iter 3610: loss 0.9511, time 109.71ms, mfu 3.22%
iter 3620: loss 0.9496, time 94.63ms, mfu 3.29%
iter 3630: loss 0.9574, time 109.05ms, mfu 3.31%
iter 3640: loss 0.9723, time 109.74ms, mfu 3.31%
iter 3650: loss 0.9282, time 123.27ms, mfu 3.29%
iter 3660: loss 0.9595, time 109.52ms, mfu 3.30%
iter 3670: loss 0.9631, time 108.22ms, mfu 3.31%
iter 3680: loss 0.9407, time 109.52ms, mfu 3.32%
iter 3690: loss 0.9671, time 108.41ms, mfu 3.33%
iter 3700: loss 0.9656, time 124.00ms, mfu 3.30%
iter 3710: loss 0.9580, time 123.79ms, mfu 3.27%
iter 3720: loss 0.9351, time 96.33ms, mfu 3.33%
iter 3730: loss 0.9486, time 108.27ms, mfu 3.34%
iter 3740: loss 0.9336, time 95.00ms, mfu 3.40%
step 3750: train loss 0.7901, val loss 1.5619
iter 3750: loss 0.9805, time 12241.10ms, mfu 3.06%
iter 3760: loss 0.9358, time 95.51ms, mfu 3.15%
iter 3770: loss 0.9312, time 109.00ms, mfu 3.17%
iter 3780: loss 0.9472, time 109.64ms, mfu 3.20%
iter 3790: loss 0.9513, time 122.75ms, mfu 3.18%
iter 3800: loss 0.9429, time 109.69ms, mfu 3.20%
iter 3810: loss 0.9230, time 109.80ms, mfu 3.22%
iter 3820: loss 0.9076, time 94.34ms, mfu 3.29%
iter 3830: loss 0.9161, time 108.43ms, mfu 3.31%
iter 3840: loss 0.9415, time 123.84ms, mfu 3.28%
iter 3850: loss 0.8941, time 109.15ms, mfu 3.29%
iter 3860: loss 0.9362, time 122.97ms, mfu 3.27%
iter 3870: loss 0.9188, time 109.29ms, mfu 3.28%
iter 3880: loss 0.9174, time 125.56ms, mfu 3.25%
iter 3890: loss 0.9444, time 108.77ms, mfu 3.27%
iter 3900: loss 0.9070, time 138.97ms, mfu 3.21%
iter 3910: loss 0.9371, time 110.30ms, mfu 3.22%
iter 3920: loss 0.9350, time 110.47ms, mfu 3.24%
iter 3930: loss 0.8994, time 108.51ms, mfu 3.26%
iter 3940: loss 0.9026, time 122.83ms, mfu 3.24%
iter 3950: loss 0.9532, time 109.12ms, mfu 3.25%
iter 3960: loss 0.9195, time 109.15ms, mfu 3.27%
iter 3970: loss 0.9257, time 124.65ms, mfu 3.24%
iter 3980: loss 0.9074, time 123.30ms, mfu 3.22%
iter 3990: loss 0.9203, time 108.69ms, mfu 3.24%
step 4000: train loss 0.7501, val loss 1.5916
iter 4000: loss 0.9015, time 12334.02ms, mfu 2.92%
iter 4010: loss 0.8815, time 124.94ms, mfu 2.93%
iter 4020: loss 0.9116, time 108.39ms, mfu 2.98%
iter 4030: loss 0.9457, time 108.45ms, mfu 3.02%
iter 4040: loss 0.9184, time 110.38ms, mfu 3.06%
iter 4050: loss 0.9166, time 109.17ms, mfu 3.09%
iter 4060: loss 0.8999, time 107.15ms, mfu 3.13%
iter 4070: loss 0.8787, time 123.38ms, mfu 3.12%
iter 4080: loss 0.8910, time 122.50ms, mfu 3.11%
iter 4090: loss 0.9122, time 109.68ms, mfu 3.14%
iter 4100: loss 0.8742, time 109.77ms, mfu 3.17%
iter 4110: loss 0.9082, time 108.65ms, mfu 3.19%
iter 4120: loss 0.9158, time 123.22ms, mfu 3.18%
iter 4130: loss 0.8914, time 124.76ms, mfu 3.16%
iter 4140: loss 0.8851, time 95.01ms, mfu 3.23%
iter 4150: loss 0.9166, time 123.94ms, mfu 3.21%
iter 4160: loss 0.8763, time 110.10ms, mfu 3.23%
iter 4170: loss 0.8970, time 109.55ms, mfu 3.25%
iter 4180: loss 0.8977, time 109.46ms, mfu 3.26%
iter 4190: loss 0.8815, time 124.13ms, mfu 3.24%
iter 4200: loss 0.8714, time 109.09ms, mfu 3.25%
iter 4210: loss 0.8737, time 108.74ms, mfu 3.27%
iter 4220: loss 0.8924, time 94.15ms, mfu 3.34%
iter 4230: loss 0.8960, time 107.59ms, mfu 3.35%
iter 4240: loss 0.8910, time 110.68ms, mfu 3.35%
step 4250: train loss 0.7188, val loss 1.6059
iter 4250: loss 0.8967, time 12260.89ms, mfu 3.02%
iter 4260: loss 0.9125, time 108.63ms, mfu 3.06%
iter 4270: loss 0.8870, time 107.56ms, mfu 3.10%
iter 4280: loss 0.8943, time 123.77ms, mfu 3.09%
iter 4290: loss 0.8683, time 108.42ms, mfu 3.13%
iter 4300: loss 0.8910, time 108.33ms, mfu 3.16%
iter 4310: loss 0.8665, time 124.59ms, mfu 3.14%
iter 4320: loss 0.9171, time 109.99ms, mfu 3.17%
iter 4330: loss 0.8873, time 108.84ms, mfu 3.19%
iter 4340: loss 0.8610, time 109.43ms, mfu 3.21%
iter 4350: loss 0.8796, time 109.07ms, mfu 3.23%
iter 4360: loss 0.8530, time 110.50ms, mfu 3.25%
iter 4370: loss 0.8771, time 109.78ms, mfu 3.26%
iter 4380: loss 0.8591, time 110.30ms, mfu 3.27%
iter 4390: loss 0.8920, time 108.72ms, mfu 3.29%
iter 4400: loss 0.8705, time 109.82ms, mfu 3.30%
iter 4410: loss 0.8788, time 108.90ms, mfu 3.31%
iter 4420: loss 0.8811, time 109.86ms, mfu 3.32%
iter 4430: loss 0.8585, time 95.82ms, mfu 3.38%
iter 4440: loss 0.8881, time 110.25ms, mfu 3.38%
iter 4450: loss 0.8744, time 108.63ms, mfu 3.38%
iter 4460: loss 0.8698, time 109.51ms, mfu 3.38%
iter 4470: loss 0.8891, time 124.03ms, mfu 3.35%
iter 4480: loss 0.8567, time 108.95ms, mfu 3.35%
iter 4490: loss 0.8783, time 109.74ms, mfu 3.36%
step 4500: train loss 0.6873, val loss 1.6322
iter 4500: loss 0.8538, time 12181.26ms, mfu 3.03%
iter 4510: loss 0.8762, time 94.46ms, mfu 3.12%
iter 4520: loss 0.8557, time 123.24ms, mfu 3.11%
iter 4530: loss 0.8975, time 123.79ms, mfu 3.10%
iter 4540: loss 0.8601, time 108.98ms, mfu 3.13%
iter 4550: loss 0.8967, time 109.72ms, mfu 3.16%
iter 4560: loss 0.8744, time 108.57ms, mfu 3.18%
iter 4570: loss 0.8686, time 109.10ms, mfu 3.21%
iter 4580: loss 0.8428, time 108.89ms, mfu 3.23%
iter 4590: loss 0.8557, time 109.56ms, mfu 3.25%
iter 4600: loss 0.8590, time 138.29ms, mfu 3.19%
iter 4610: loss 0.8275, time 108.93ms, mfu 3.21%
iter 4620: loss 0.8420, time 122.73ms, mfu 3.20%
iter 4630: loss 0.8547, time 123.93ms, mfu 3.18%
iter 4640: loss 0.8838, time 125.22ms, mfu 3.16%
iter 4650: loss 0.8484, time 110.04ms, mfu 3.18%
iter 4660: loss 0.8666, time 110.09ms, mfu 3.20%
iter 4670: loss 0.8571, time 123.13ms, mfu 3.18%
iter 4680: loss 0.8707, time 110.43ms, mfu 3.20%
iter 4690: loss 0.8566, time 109.27ms, mfu 3.22%
iter 4700: loss 0.8524, time 108.36ms, mfu 3.24%
iter 4710: loss 0.8591, time 123.53ms, mfu 3.22%
iter 4720: loss 0.8631, time 109.91ms, mfu 3.24%
iter 4730: loss 0.8507, time 123.27ms, mfu 3.22%
iter 4740: loss 0.8372, time 124.74ms, mfu 3.19%
step 4750: train loss 0.6649, val loss 1.6422
iter 4750: loss 0.8608, time 10841.22ms, mfu 2.88%
iter 4760: loss 0.8364, time 108.73ms, mfu 2.93%
iter 4770: loss 0.8516, time 77.54ms, mfu 3.12%
iter 4780: loss 0.8658, time 109.35ms, mfu 3.15%
iter 4790: loss 0.8451, time 94.71ms, mfu 3.23%
iter 4800: loss 0.8633, time 123.57ms, mfu 3.21%
iter 4810: loss 0.8363, time 123.39ms, mfu 3.19%
iter 4820: loss 0.8343, time 109.31ms, mfu 3.21%
iter 4830: loss 0.8463, time 108.69ms, mfu 3.23%
iter 4840: loss 0.8406, time 124.66ms, mfu 3.21%
iter 4850: loss 0.8644, time 109.20ms, mfu 3.23%
iter 4860: loss 0.8356, time 139.82ms, mfu 3.17%
iter 4870: loss 0.8404, time 124.34ms, mfu 3.15%
iter 4880: loss 0.8309, time 109.12ms, mfu 3.18%
iter 4890: loss 0.8220, time 109.22ms, mfu 3.20%
iter 4900: loss 0.8518, time 109.81ms, mfu 3.22%
iter 4910: loss 0.8576, time 123.92ms, mfu 3.20%
iter 4920: loss 0.8487, time 109.89ms, mfu 3.22%
iter 4930: loss 0.8313, time 95.39ms, mfu 3.29%
iter 4940: loss 0.8445, time 109.04ms, mfu 3.30%
iter 4950: loss 0.8483, time 108.89ms, mfu 3.31%
iter 4960: loss 0.8311, time 123.40ms, mfu 3.28%
iter 4970: loss 0.8489, time 123.16ms, mfu 3.26%
iter 4980: loss 0.8540, time 108.71ms, mfu 3.28%
iter 4990: loss 0.8101, time 94.40ms, mfu 3.34%
step 5000: train loss 0.6464, val loss 1.6683
iter 5000: loss 0.8341, time 11663.81ms, mfu 3.01%
