Overriding config with config/train_shakespeare_char.py:
# train a miniature character-level shakespeare model
# good for debugging and playing on macbooks and such

out_dir = 'out-shakespeare-char'
eval_interval = 250 # keep frequent because we'll overfit
eval_iters = 200
log_interval = 10 # don't print too too often

# we expect to overfit on this small dataset, so only save when val improves
always_save_checkpoint = False

wandb_log = False # override via command line if you like
wandb_project = 'shakespeare-char'
wandb_run_name = 'mini-gpt'

dataset = 'shakespeare_char'
gradient_accumulation_steps = 1
batch_size = 64
block_size = 256 # context of up to 256 previous characters

# baby GPT model :)
n_layer = 6
n_head = 6
n_embd = 384
dropout = 0.2

learning_rate = 1e-3 # with baby networks can afford to go a bit higher
max_iters = 5000
lr_decay_iters = 5000 # make equal to max_iters usually
min_lr = 1e-4 # learning_rate / 10 usually
beta2 = 0.99 # make a bit bigger because number of tokens per iter is small

warmup_iters = 100 # not super necessary potentially

# on macbook also add
# device = 'cpu'  # run on cpu only
# compile = False # do not torch compile the model

Overriding: compile = False
Overriding: out_dir = runs/baseline_lr1e-3
tokens per iteration will be: 16,384
found vocab_size = 65 (inside data\shakespeare_char\meta.pkl)
Initializing a new model from scratch
number of parameters: 10.65M
C:\Users\86271\hw1work\nanoGPT\train.py:202: FutureWarning: `torch.cuda.amp.GradScaler(args...)` is deprecated. Please use `torch.amp.GradScaler('cuda', args...)` instead.
  scaler = torch.cuda.amp.GradScaler(enabled=(dtype == 'float16'))
num decayed parameter tensors: 26, with 10,740,096 parameters
num non-decayed parameter tensors: 13, with 4,992 parameters
using fused AdamW: True
step 0: train loss 4.2874, val loss 4.2823
iter 0: loss 4.2670, time 4613.18ms, mfu -100.00%
iter 10: loss 3.1456, time 44.50ms, mfu 8.37%
iter 20: loss 2.7262, time 31.03ms, mfu 8.74%
iter 30: loss 2.6158, time 31.85ms, mfu 9.03%
iter 40: loss 2.5681, time 31.28ms, mfu 9.32%
iter 50: loss 2.5237, time 31.31ms, mfu 9.58%
iter 60: loss 2.5118, time 31.30ms, mfu 9.81%
iter 70: loss 2.4919, time 32.01ms, mfu 9.99%
iter 80: loss 2.4971, time 31.09ms, mfu 10.19%
iter 90: loss 2.4629, time 45.36ms, mfu 10.00%
iter 100: loss 2.4936, time 31.61ms, mfu 10.18%
iter 110: loss 2.4521, time 32.07ms, mfu 10.32%
iter 120: loss 2.4279, time 44.71ms, mfu 10.12%
iter 130: loss 2.4143, time 33.34ms, mfu 10.23%
iter 140: loss 2.4036, time 31.07ms, mfu 10.40%
iter 150: loss 2.4159, time 31.29ms, mfu 10.55%
iter 160: loss 2.3704, time 31.44ms, mfu 10.68%
iter 170: loss 2.3542, time 44.93ms, mfu 10.44%
iter 180: loss 2.3043, time 32.40ms, mfu 10.55%
iter 190: loss 2.2483, time 44.89ms, mfu 10.33%
iter 200: loss 2.2117, time 31.66ms, mfu 10.47%
iter 210: loss 2.1419, time 30.87ms, mfu 10.63%
iter 220: loss 2.1422, time 31.17ms, mfu 10.76%
iter 230: loss 2.0750, time 31.94ms, mfu 10.85%
iter 240: loss 2.0739, time 44.57ms, mfu 10.60%
step 250: train loss 1.9640, val loss 2.0626
saving checkpoint to runs/baseline_lr1e-3
iter 250: loss 2.0371, time 4347.66ms, mfu 9.55%
iter 260: loss 1.9754, time 31.52ms, mfu 9.78%
iter 270: loss 1.9653, time 31.04ms, mfu 10.00%
iter 280: loss 1.9784, time 31.31ms, mfu 10.19%
iter 290: loss 1.9197, time 31.56ms, mfu 10.35%
iter 300: loss 1.8941, time 31.15ms, mfu 10.51%
iter 310: loss 1.8670, time 44.85ms, mfu 10.29%
iter 320: loss 1.8586, time 32.23ms, mfu 10.42%
iter 330: loss 1.8211, time 31.79ms, mfu 10.55%
iter 340: loss 1.7794, time 31.13ms, mfu 10.69%
iter 350: loss 1.8305, time 30.95ms, mfu 10.83%
iter 360: loss 1.7665, time 31.00ms, mfu 10.95%
iter 370: loss 1.7468, time 44.93ms, mfu 10.68%
iter 380: loss 1.7314, time 32.69ms, mfu 10.75%
iter 390: loss 1.7333, time 45.24ms, mfu 10.50%
iter 400: loss 1.7650, time 32.07ms, mfu 10.61%
iter 410: loss 1.6971, time 32.60ms, mfu 10.69%
iter 420: loss 1.7101, time 44.72ms, mfu 10.46%
iter 430: loss 1.6917, time 32.30ms, mfu 10.57%
iter 440: loss 1.6534, time 32.05ms, mfu 10.67%
iter 450: loss 1.6533, time 44.87ms, mfu 10.44%
iter 460: loss 1.5981, time 31.57ms, mfu 10.57%
iter 470: loss 1.6565, time 44.81ms, mfu 10.35%
iter 480: loss 1.6225, time 44.47ms, mfu 10.15%
iter 490: loss 1.5963, time 44.48ms, mfu 9.97%
step 500: train loss 1.5249, val loss 1.7213
saving checkpoint to runs/baseline_lr1e-3
iter 500: loss 1.5993, time 4821.46ms, mfu 8.98%
iter 510: loss 1.6093, time 43.45ms, mfu 8.94%
iter 520: loss 1.5845, time 32.02ms, mfu 9.21%
iter 530: loss 1.5546, time 45.10ms, mfu 9.12%
iter 540: loss 1.6094, time 31.86ms, mfu 9.37%
iter 550: loss 1.5636, time 45.58ms, mfu 9.25%
iter 560: loss 1.5598, time 33.22ms, mfu 9.45%
iter 570: loss 1.5579, time 44.29ms, mfu 9.35%
iter 580: loss 1.5288, time 32.51ms, mfu 9.56%
iter 590: loss 1.4885, time 32.23ms, mfu 9.76%
iter 600: loss 1.5064, time 32.20ms, mfu 9.94%
iter 610: loss 1.5355, time 31.71ms, mfu 10.12%
iter 620: loss 1.5296, time 31.11ms, mfu 10.31%
iter 630: loss 1.5042, time 31.92ms, mfu 10.44%
iter 640: loss 1.4543, time 43.72ms, mfu 10.25%
iter 650: loss 1.4979, time 32.26ms, mfu 10.38%
iter 660: loss 1.4989, time 31.30ms, mfu 10.53%
iter 670: loss 1.4415, time 32.05ms, mfu 10.64%
iter 680: loss 1.5017, time 44.86ms, mfu 10.41%
iter 690: loss 1.4521, time 31.48ms, mfu 10.55%
iter 700: loss 1.4794, time 32.16ms, mfu 10.66%
iter 710: loss 1.4491, time 44.97ms, mfu 10.42%
iter 720: loss 1.4309, time 30.71ms, mfu 10.59%
iter 730: loss 1.4213, time 31.97ms, mfu 10.70%
iter 740: loss 1.4177, time 31.41ms, mfu 10.81%
step 750: train loss 1.3545, val loss 1.5846
saving checkpoint to runs/baseline_lr1e-3
iter 750: loss 1.4122, time 4255.71ms, mfu 9.74%
iter 760: loss 1.4383, time 30.88ms, mfu 9.97%
iter 770: loss 1.4195, time 31.18ms, mfu 10.17%
iter 780: loss 1.4174, time 31.11ms, mfu 10.35%
iter 790: loss 1.4111, time 30.97ms, mfu 10.52%
iter 800: loss 1.4326, time 31.67ms, mfu 10.64%
iter 810: loss 1.3972, time 44.91ms, mfu 10.41%
iter 820: loss 1.4076, time 31.47ms, mfu 10.55%
iter 830: loss 1.3843, time 31.10ms, mfu 10.70%
iter 840: loss 1.3997, time 30.81ms, mfu 10.84%
iter 850: loss 1.3849, time 31.84ms, mfu 10.92%
iter 860: loss 1.3938, time 31.14ms, mfu 11.03%
iter 870: loss 1.3834, time 31.63ms, mfu 11.10%
iter 880: loss 1.3733, time 31.36ms, mfu 11.18%
iter 890: loss 1.3804, time 31.30ms, mfu 11.25%
iter 900: loss 1.3673, time 31.82ms, mfu 11.30%
iter 910: loss 1.3171, time 31.59ms, mfu 11.35%
iter 920: loss 1.3537, time 31.34ms, mfu 11.40%
iter 930: loss 1.3528, time 32.00ms, mfu 11.43%
iter 940: loss 1.3439, time 30.88ms, mfu 11.49%
iter 950: loss 1.3522, time 31.89ms, mfu 11.51%
iter 960: loss 1.3594, time 32.60ms, mfu 11.50%
iter 970: loss 1.3491, time 44.05ms, mfu 11.20%
iter 980: loss 1.3443, time 31.43ms, mfu 11.26%
iter 990: loss 1.3324, time 30.84ms, mfu 11.35%
step 1000: train loss 1.2678, val loss 1.5168
saving checkpoint to runs/baseline_lr1e-3
iter 1000: loss 1.3278, time 4468.18ms, mfu 10.22%
iter 1010: loss 1.3273, time 31.47ms, mfu 10.38%
iter 1020: loss 1.3004, time 17.47ms, mfu 11.48%
iter 1030: loss 1.3328, time 29.77ms, mfu 11.58%
iter 1040: loss 1.3480, time 31.34ms, mfu 11.61%
iter 1050: loss 1.2853, time 32.28ms, mfu 11.60%
iter 1060: loss 1.3336, time 44.54ms, mfu 11.28%
iter 1070: loss 1.3257, time 31.70ms, mfu 11.33%
iter 1080: loss 1.3305, time 31.81ms, mfu 11.37%
iter 1090: loss 1.3524, time 46.47ms, mfu 11.03%
iter 1100: loss 1.3123, time 32.76ms, mfu 11.07%
iter 1110: loss 1.2922, time 44.51ms, mfu 10.80%
iter 1120: loss 1.2941, time 43.79ms, mfu 10.57%
iter 1130: loss 1.2896, time 31.18ms, mfu 10.71%
iter 1140: loss 1.3000, time 32.11ms, mfu 10.80%
iter 1150: loss 1.3046, time 32.73ms, mfu 10.86%
iter 1160: loss 1.3197, time 44.85ms, mfu 10.60%
iter 1170: loss 1.2889, time 31.10ms, mfu 10.74%
iter 1180: loss 1.3043, time 31.73ms, mfu 10.84%
iter 1190: loss 1.2668, time 32.23ms, mfu 10.91%
iter 1200: loss 1.2855, time 32.98ms, mfu 10.95%
iter 1210: loss 1.2582, time 31.32ms, mfu 11.04%
iter 1220: loss 1.2960, time 31.81ms, mfu 11.11%
iter 1230: loss 1.2951, time 45.21ms, mfu 10.82%
iter 1240: loss 1.2966, time 31.06ms, mfu 10.94%
step 1250: train loss 1.2001, val loss 1.4882
saving checkpoint to runs/baseline_lr1e-3
iter 1250: loss 1.2738, time 4498.98ms, mfu 9.86%
iter 1260: loss 1.2729, time 44.10ms, mfu 9.72%
iter 1270: loss 1.2633, time 31.69ms, mfu 9.92%
iter 1280: loss 1.2476, time 32.56ms, mfu 10.07%
iter 1290: loss 1.2804, time 30.79ms, mfu 10.27%
iter 1300: loss 1.3000, time 43.63ms, mfu 10.10%
iter 1310: loss 1.2370, time 31.51ms, mfu 10.27%
iter 1320: loss 1.3039, time 31.76ms, mfu 10.42%
iter 1330: loss 1.2580, time 30.95ms, mfu 10.58%
iter 1340: loss 1.2964, time 31.63ms, mfu 10.70%
iter 1350: loss 1.2577, time 30.99ms, mfu 10.83%
iter 1360: loss 1.2689, time 31.79ms, mfu 10.92%
iter 1370: loss 1.2487, time 45.28ms, mfu 10.65%
iter 1380: loss 1.2599, time 30.99ms, mfu 10.79%
iter 1390: loss 1.2418, time 31.45ms, mfu 10.90%
iter 1400: loss 1.2524, time 32.37ms, mfu 10.96%
iter 1410: loss 1.2396, time 33.24ms, mfu 10.98%
iter 1420: loss 1.2686, time 31.49ms, mfu 11.07%
iter 1430: loss 1.2371, time 32.20ms, mfu 11.12%
iter 1440: loss 1.2491, time 32.37ms, mfu 11.16%
iter 1450: loss 1.2235, time 33.02ms, mfu 11.17%
iter 1460: loss 1.2409, time 38.15ms, mfu 11.03%
iter 1470: loss 1.2120, time 44.41ms, mfu 10.77%
iter 1480: loss 1.2040, time 32.52ms, mfu 10.84%
iter 1490: loss 1.2317, time 32.28ms, mfu 10.91%
step 1500: train loss 1.1504, val loss 1.4824
saving checkpoint to runs/baseline_lr1e-3
iter 1500: loss 1.1769, time 4657.71ms, mfu 9.82%
iter 1510: loss 1.2340, time 31.39ms, mfu 10.03%
iter 1520: loss 1.2202, time 32.43ms, mfu 10.17%
iter 1530: loss 1.2481, time 45.17ms, mfu 9.98%
iter 1540: loss 1.1897, time 45.35ms, mfu 9.81%
iter 1550: loss 1.2243, time 45.35ms, mfu 9.65%
iter 1560: loss 1.2024, time 31.52ms, mfu 9.86%
iter 1570: loss 1.2284, time 32.59ms, mfu 10.02%
iter 1580: loss 1.2123, time 45.25ms, mfu 9.84%
iter 1590: loss 1.1885, time 45.11ms, mfu 9.68%
iter 1600: loss 1.2012, time 44.48ms, mfu 9.55%
iter 1610: loss 1.2402, time 45.21ms, mfu 9.42%
iter 1620: loss 1.1862, time 44.30ms, mfu 9.32%
iter 1630: loss 1.2060, time 44.70ms, mfu 9.22%
iter 1640: loss 1.1995, time 44.89ms, mfu 9.13%
iter 1650: loss 1.1814, time 44.31ms, mfu 9.06%
iter 1660: loss 1.2097, time 31.09ms, mfu 9.35%
iter 1670: loss 1.1887, time 33.89ms, mfu 9.52%
iter 1680: loss 1.1977, time 31.33ms, mfu 9.75%
iter 1690: loss 1.1963, time 32.37ms, mfu 9.93%
iter 1700: loss 1.1818, time 30.98ms, mfu 10.14%
iter 1710: loss 1.1702, time 45.13ms, mfu 9.95%
iter 1720: loss 1.1787, time 45.20ms, mfu 9.78%
iter 1730: loss 1.1915, time 44.70ms, mfu 9.64%
iter 1740: loss 1.1625, time 31.17ms, mfu 9.87%
step 1750: train loss 1.1000, val loss 1.4696
saving checkpoint to runs/baseline_lr1e-3
iter 1750: loss 1.1857, time 4448.75ms, mfu 8.89%
iter 1760: loss 1.1827, time 30.48ms, mfu 9.22%
iter 1770: loss 1.1986, time 31.10ms, mfu 9.50%
iter 1780: loss 1.2034, time 44.66ms, mfu 9.38%
iter 1790: loss 1.1887, time 31.55ms, mfu 9.63%
iter 1800: loss 1.1786, time 31.30ms, mfu 9.85%
iter 1810: loss 1.1590, time 31.76ms, mfu 10.04%
iter 1820: loss 1.1661, time 31.21ms, mfu 10.23%
iter 1830: loss 1.1701, time 30.59ms, mfu 10.43%
iter 1840: loss 1.1519, time 30.43ms, mfu 10.61%
iter 1850: loss 1.1556, time 30.31ms, mfu 10.78%
iter 1860: loss 1.1741, time 31.32ms, mfu 10.89%
iter 1870: loss 1.1372, time 31.75ms, mfu 10.97%
iter 1880: loss 1.1739, time 38.37ms, mfu 10.85%
iter 1890: loss 1.1741, time 31.94ms, mfu 10.93%
iter 1900: loss 1.1338, time 31.57ms, mfu 11.02%
iter 1910: loss 1.1635, time 32.74ms, mfu 11.05%
iter 1920: loss 1.1673, time 31.62ms, mfu 11.13%
iter 1930: loss 1.1353, time 31.06ms, mfu 11.21%
iter 1940: loss 1.1201, time 31.00ms, mfu 11.29%
iter 1950: loss 1.1314, time 44.64ms, mfu 11.00%
iter 1960: loss 1.1493, time 31.56ms, mfu 11.08%
iter 1970: loss 1.1457, time 30.58ms, mfu 11.19%
iter 1980: loss 1.1460, time 31.05ms, mfu 11.27%
iter 1990: loss 1.1525, time 31.16ms, mfu 11.34%
step 2000: train loss 1.0544, val loss 1.4793
iter 2000: loss 1.1256, time 4134.07ms, mfu 10.22%
iter 2010: loss 1.1290, time 31.13ms, mfu 10.39%
iter 2020: loss 1.1159, time 31.27ms, mfu 10.54%
iter 2030: loss 1.1515, time 30.83ms, mfu 10.70%
iter 2040: loss 1.1392, time 31.16ms, mfu 10.82%
iter 2050: loss 1.1109, time 31.37ms, mfu 10.93%
iter 2060: loss 1.1089, time 30.89ms, mfu 11.04%
iter 2070: loss 1.1255, time 31.19ms, mfu 11.13%
iter 2080: loss 1.1208, time 30.52ms, mfu 11.24%
iter 2090: loss 1.1390, time 31.08ms, mfu 11.32%
iter 2100: loss 1.1252, time 18.26ms, mfu 12.22%
iter 2110: loss 1.1259, time 30.77ms, mfu 12.21%
iter 2120: loss 1.1319, time 30.90ms, mfu 12.20%
iter 2130: loss 1.1382, time 30.45ms, mfu 12.20%
iter 2140: loss 1.1353, time 30.73ms, mfu 12.19%
iter 2150: loss 1.1107, time 33.46ms, mfu 12.09%
iter 2160: loss 1.1478, time 30.94ms, mfu 12.08%
iter 2170: loss 1.1233, time 32.29ms, mfu 12.03%
iter 2180: loss 1.1102, time 31.96ms, mfu 11.99%
iter 2190: loss 1.1036, time 30.93ms, mfu 12.00%
iter 2200: loss 1.1161, time 34.68ms, mfu 11.87%
iter 2210: loss 1.1072, time 30.89ms, mfu 11.89%
iter 2220: loss 1.1187, time 30.86ms, mfu 11.91%
iter 2230: loss 1.1145, time 32.01ms, mfu 11.88%
iter 2240: loss 1.1211, time 32.15ms, mfu 11.85%
step 2250: train loss 1.0095, val loss 1.4899
iter 2250: loss 1.1059, time 4105.01ms, mfu 10.68%
iter 2260: loss 1.1019, time 31.03ms, mfu 10.81%
iter 2270: loss 1.1280, time 30.64ms, mfu 10.95%
iter 2280: loss 1.0963, time 31.02ms, mfu 11.05%
iter 2290: loss 1.1419, time 31.82ms, mfu 11.12%
iter 2300: loss 1.1189, time 31.94ms, mfu 11.17%
iter 2310: loss 1.0879, time 30.86ms, mfu 11.26%
iter 2320: loss 1.0881, time 33.19ms, mfu 11.26%
iter 2330: loss 1.1005, time 32.26ms, mfu 11.29%
iter 2340: loss 1.1098, time 30.83ms, mfu 11.37%
iter 2350: loss 1.0957, time 31.36ms, mfu 11.42%
iter 2360: loss 1.1011, time 31.77ms, mfu 11.45%
iter 2370: loss 1.0877, time 32.25ms, mfu 11.46%
iter 2380: loss 1.0722, time 30.71ms, mfu 11.53%
iter 2390: loss 1.0717, time 31.23ms, mfu 11.57%
iter 2400: loss 1.0703, time 30.88ms, mfu 11.62%
iter 2410: loss 1.0651, time 32.29ms, mfu 11.61%
iter 2420: loss 1.0829, time 31.42ms, mfu 11.64%
iter 2430: loss 1.0533, time 30.68ms, mfu 11.69%
iter 2440: loss 1.0552, time 16.97ms, mfu 12.71%
iter 2450: loss 1.0627, time 31.38ms, mfu 12.63%
iter 2460: loss 1.0812, time 31.43ms, mfu 12.55%
iter 2470: loss 1.0901, time 30.86ms, mfu 12.50%
iter 2480: loss 1.0813, time 30.81ms, mfu 12.46%
iter 2490: loss 1.0548, time 31.00ms, mfu 12.42%
step 2500: train loss 0.9568, val loss 1.4955
iter 2500: loss 1.0780, time 3955.05ms, mfu 11.19%
iter 2510: loss 1.0616, time 17.56ms, mfu 12.19%
iter 2520: loss 1.0430, time 30.86ms, mfu 12.18%
iter 2530: loss 1.0476, time 44.68ms, mfu 11.79%
iter 2540: loss 1.0444, time 31.58ms, mfu 11.79%
iter 2550: loss 1.0650, time 31.16ms, mfu 11.81%
iter 2560: loss 1.0573, time 30.95ms, mfu 11.83%
iter 2570: loss 1.0693, time 31.62ms, mfu 11.83%
iter 2580: loss 1.0718, time 31.04ms, mfu 11.85%
iter 2590: loss 1.0602, time 44.98ms, mfu 11.49%
iter 2600: loss 1.0594, time 31.33ms, mfu 11.53%
iter 2610: loss 1.0527, time 31.72ms, mfu 11.55%
iter 2620: loss 1.0348, time 31.21ms, mfu 11.59%
iter 2630: loss 1.0215, time 30.38ms, mfu 11.66%
iter 2640: loss 1.0434, time 30.97ms, mfu 11.70%
iter 2650: loss 1.0607, time 30.93ms, mfu 11.73%
iter 2660: loss 1.0429, time 31.42ms, mfu 11.74%
iter 2670: loss 1.0135, time 31.24ms, mfu 11.76%
iter 2680: loss 1.0438, time 17.73ms, mfu 12.69%
iter 2690: loss 1.0486, time 30.89ms, mfu 12.62%
iter 2700: loss 1.0183, time 30.70ms, mfu 12.58%
iter 2710: loss 1.0407, time 31.68ms, mfu 12.49%
iter 2720: loss 1.0437, time 30.72ms, mfu 12.46%
iter 2730: loss 1.0546, time 31.49ms, mfu 12.40%
iter 2740: loss 1.0228, time 30.92ms, mfu 12.36%
step 2750: train loss 0.9112, val loss 1.5189
iter 2750: loss 1.0363, time 4039.44ms, mfu 11.13%
iter 2760: loss 1.0244, time 31.37ms, mfu 11.21%
iter 2770: loss 1.0157, time 31.29ms, mfu 11.28%
iter 2780: loss 1.0199, time 30.56ms, mfu 11.37%
iter 2790: loss 1.0307, time 17.68ms, mfu 12.34%
iter 2800: loss 1.0063, time 32.56ms, mfu 12.25%
iter 2810: loss 1.0357, time 44.42ms, mfu 11.87%
iter 2820: loss 1.0211, time 31.55ms, mfu 11.86%
iter 2830: loss 1.0245, time 31.05ms, mfu 11.87%
iter 2840: loss 0.9859, time 31.59ms, mfu 11.87%
iter 2850: loss 1.0265, time 31.15ms, mfu 11.88%
iter 2860: loss 1.0185, time 31.13ms, mfu 11.89%
iter 2870: loss 0.9967, time 31.89ms, mfu 11.87%
iter 2880: loss 1.0318, time 31.38ms, mfu 11.87%
iter 2890: loss 1.0022, time 31.54ms, mfu 11.86%
iter 2900: loss 0.9784, time 31.20ms, mfu 11.87%
iter 2910: loss 1.0315, time 32.29ms, mfu 11.84%
iter 2920: loss 1.0092, time 30.72ms, mfu 11.87%
iter 2930: loss 0.9847, time 31.90ms, mfu 11.85%
iter 2940: loss 0.9875, time 31.17ms, mfu 11.86%
iter 2950: loss 1.0106, time 44.80ms, mfu 11.50%
iter 2960: loss 0.9902, time 31.86ms, mfu 11.52%
iter 2970: loss 0.9833, time 31.06ms, mfu 11.57%
iter 2980: loss 0.9905, time 30.43ms, mfu 11.64%
iter 2990: loss 0.9860, time 30.84ms, mfu 11.68%
step 3000: train loss 0.8650, val loss 1.5282
iter 3000: loss 0.9905, time 4181.01ms, mfu 10.52%
iter 3010: loss 0.9952, time 31.67ms, mfu 10.65%
iter 3020: loss 1.0066, time 30.80ms, mfu 10.79%
iter 3030: loss 1.0019, time 31.33ms, mfu 10.90%
iter 3040: loss 1.0149, time 30.78ms, mfu 11.02%
iter 3050: loss 0.9763, time 31.41ms, mfu 11.11%
iter 3060: loss 0.9876, time 93.52ms, mfu 10.39%
iter 3070: loss 1.0145, time 93.30ms, mfu 9.75%
iter 3080: loss 0.9950, time 79.28ms, mfu 9.25%
iter 3090: loss 0.9801, time 93.83ms, mfu 8.72%
iter 3100: loss 0.9883, time 108.18ms, mfu 8.19%
iter 3110: loss 0.9645, time 92.84ms, mfu 7.78%
iter 3120: loss 0.9970, time 93.57ms, mfu 7.40%
iter 3130: loss 0.9694, time 78.72ms, mfu 7.13%
iter 3140: loss 0.9734, time 93.21ms, mfu 6.82%
iter 3150: loss 0.9887, time 91.47ms, mfu 6.54%
iter 3160: loss 1.0078, time 94.14ms, mfu 6.28%
iter 3170: loss 0.9511, time 92.53ms, mfu 6.06%
iter 3180: loss 0.9698, time 93.64ms, mfu 5.85%
iter 3190: loss 0.9982, time 32.27ms, mfu 6.42%
iter 3200: loss 0.9578, time 108.51ms, mfu 6.12%
iter 3210: loss 0.9576, time 93.18ms, mfu 5.91%
iter 3220: loss 0.9536, time 93.31ms, mfu 5.72%
iter 3230: loss 0.9575, time 80.43ms, mfu 5.61%
iter 3240: loss 0.9518, time 79.46ms, mfu 5.52%
step 3250: train loss 0.8195, val loss 1.5653
iter 3250: loss 0.9676, time 12094.56ms, mfu 4.97%
iter 3260: loss 0.9511, time 109.33ms, mfu 4.81%
iter 3270: loss 0.9602, time 109.09ms, mfu 4.67%
iter 3280: loss 0.9421, time 94.34ms, mfu 4.60%
iter 3290: loss 0.9448, time 93.80ms, mfu 4.54%
iter 3300: loss 0.9302, time 93.17ms, mfu 4.48%
iter 3310: loss 0.9486, time 109.68ms, mfu 4.38%
iter 3320: loss 0.9582, time 78.37ms, mfu 4.41%
iter 3330: loss 0.9558, time 78.73ms, mfu 4.45%
iter 3340: loss 0.9535, time 93.48ms, mfu 4.40%
iter 3350: loss 0.9495, time 78.73ms, mfu 4.43%
iter 3360: loss 0.9220, time 94.24ms, mfu 4.38%
iter 3370: loss 0.9548, time 93.74ms, mfu 4.34%
iter 3380: loss 0.9450, time 77.94ms, mfu 4.39%
iter 3390: loss 0.9486, time 92.61ms, mfu 4.35%
iter 3400: loss 0.9460, time 92.75ms, mfu 4.32%
iter 3410: loss 0.9404, time 78.95ms, mfu 4.36%
iter 3420: loss 0.9479, time 93.65ms, mfu 4.32%
iter 3430: loss 0.9422, time 78.86ms, mfu 4.36%
iter 3440: loss 0.9754, time 108.90ms, mfu 4.27%
iter 3450: loss 0.9418, time 78.15ms, mfu 4.32%
iter 3460: loss 0.9472, time 108.85ms, mfu 4.23%
iter 3470: loss 0.9361, time 93.86ms, mfu 4.20%
iter 3480: loss 0.9433, time 94.73ms, mfu 4.17%
iter 3490: loss 0.9106, time 108.55ms, mfu 4.10%
step 3500: train loss 0.7767, val loss 1.5840
iter 3500: loss 0.9039, time 12020.90ms, mfu 3.69%
iter 3510: loss 0.9146, time 107.64ms, mfu 3.67%
iter 3520: loss 0.9154, time 93.54ms, mfu 3.70%
iter 3530: loss 0.9434, time 93.32ms, mfu 3.73%
iter 3540: loss 0.9195, time 109.41ms, mfu 3.70%
iter 3550: loss 0.9204, time 108.79ms, mfu 3.67%
iter 3560: loss 0.9444, time 110.10ms, mfu 3.64%
iter 3570: loss 0.9298, time 92.89ms, mfu 3.68%
iter 3580: loss 0.9240, time 93.81ms, mfu 3.71%
iter 3590: loss 0.9182, time 92.98ms, mfu 3.74%
iter 3600: loss 0.9129, time 78.75ms, mfu 3.84%
iter 3610: loss 0.9078, time 93.24ms, mfu 3.85%
iter 3620: loss 0.9062, time 79.57ms, mfu 3.94%
iter 3630: loss 0.9214, time 79.64ms, mfu 4.01%
iter 3640: loss 0.9158, time 93.97ms, mfu 4.01%
iter 3650: loss 0.9031, time 93.91ms, mfu 4.00%
iter 3660: loss 0.9281, time 78.88ms, mfu 4.07%
iter 3670: loss 0.9327, time 78.11ms, mfu 4.14%
iter 3680: loss 0.9027, time 95.06ms, mfu 4.12%
iter 3690: loss 0.9339, time 107.32ms, mfu 4.06%
iter 3700: loss 0.8677, time 93.74ms, mfu 4.05%
iter 3710: loss 0.8763, time 78.81ms, mfu 4.12%
iter 3720: loss 0.8947, time 108.34ms, mfu 4.05%
iter 3730: loss 0.8902, time 109.19ms, mfu 3.99%
iter 3740: loss 0.8938, time 93.85ms, mfu 3.98%
step 3750: train loss 0.7379, val loss 1.6127
iter 3750: loss 0.8985, time 12011.65ms, mfu 3.59%
iter 3760: loss 0.9238, time 109.15ms, mfu 3.57%
iter 3770: loss 0.9290, time 93.62ms, mfu 3.61%
iter 3780: loss 0.9263, time 94.23ms, mfu 3.65%
iter 3790: loss 0.8860, time 108.80ms, mfu 3.62%
iter 3800: loss 0.9139, time 108.47ms, mfu 3.61%
iter 3810: loss 0.9112, time 92.81ms, mfu 3.65%
iter 3820: loss 0.8840, time 91.97ms, mfu 3.69%
iter 3830: loss 0.9014, time 92.37ms, mfu 3.72%
iter 3840: loss 0.8846, time 93.80ms, mfu 3.75%
iter 3850: loss 0.8763, time 93.58ms, mfu 3.77%
iter 3860: loss 0.8698, time 93.08ms, mfu 3.79%
iter 3870: loss 0.8911, time 78.62ms, mfu 3.89%
iter 3880: loss 0.8802, time 79.48ms, mfu 3.97%
iter 3890: loss 0.8893, time 94.45ms, mfu 3.97%
iter 3900: loss 0.8921, time 77.62ms, mfu 4.05%
iter 3910: loss 0.8847, time 92.95ms, mfu 4.05%
iter 3920: loss 0.8666, time 93.26ms, mfu 4.04%
iter 3930: loss 0.8898, time 80.44ms, mfu 4.10%
iter 3940: loss 0.8737, time 93.16ms, mfu 4.09%
iter 3950: loss 0.8786, time 93.43ms, mfu 4.08%
iter 3960: loss 0.9038, time 108.04ms, mfu 4.02%
iter 3970: loss 0.8902, time 109.20ms, mfu 3.96%
iter 3980: loss 0.8987, time 93.54ms, mfu 3.96%
iter 3990: loss 0.8711, time 94.90ms, mfu 3.96%
step 4000: train loss 0.7048, val loss 1.6357
iter 4000: loss 0.8535, time 12088.53ms, mfu 3.56%
iter 4010: loss 0.8834, time 107.28ms, mfu 3.55%
iter 4020: loss 0.8849, time 110.60ms, mfu 3.54%
iter 4030: loss 0.8737, time 93.08ms, mfu 3.58%
iter 4040: loss 0.8760, time 93.67ms, mfu 3.62%
iter 4050: loss 0.8617, time 94.08ms, mfu 3.66%
iter 4060: loss 0.8590, time 93.52ms, mfu 3.69%
iter 4070: loss 0.8579, time 92.58ms, mfu 3.72%
iter 4080: loss 0.8712, time 78.91ms, mfu 3.82%
iter 4090: loss 0.8475, time 78.67ms, mfu 3.91%
iter 4100: loss 0.8903, time 92.59ms, mfu 3.92%
iter 4110: loss 0.8702, time 93.52ms, mfu 3.93%
iter 4120: loss 0.8745, time 94.58ms, mfu 3.93%
iter 4130: loss 0.8496, time 94.18ms, mfu 3.93%
iter 4140: loss 0.8757, time 93.63ms, mfu 3.94%
iter 4150: loss 0.8671, time 93.54ms, mfu 3.94%
iter 4160: loss 0.8538, time 94.06ms, mfu 3.95%
iter 4170: loss 0.8602, time 92.69ms, mfu 3.95%
iter 4180: loss 0.8597, time 77.51ms, mfu 4.04%
iter 4190: loss 0.8731, time 77.66ms, mfu 4.11%
iter 4200: loss 0.8579, time 93.01ms, mfu 4.10%
iter 4210: loss 0.8676, time 94.35ms, mfu 4.09%
iter 4220: loss 0.8538, time 93.39ms, mfu 4.08%
iter 4230: loss 0.8799, time 92.70ms, mfu 4.07%
iter 4240: loss 0.8626, time 94.20ms, mfu 4.06%
step 4250: train loss 0.6744, val loss 1.6616
iter 4250: loss 0.8655, time 12147.60ms, mfu 3.66%
iter 4260: loss 0.8580, time 125.03ms, mfu 3.59%
iter 4270: loss 0.8663, time 108.04ms, mfu 3.58%
iter 4280: loss 0.8544, time 93.47ms, mfu 3.62%
iter 4290: loss 0.8298, time 109.88ms, mfu 3.59%
iter 4300: loss 0.8211, time 108.01ms, mfu 3.58%
iter 4310: loss 0.8484, time 109.28ms, mfu 3.56%
iter 4320: loss 0.8345, time 93.48ms, mfu 3.61%
iter 4330: loss 0.8508, time 94.39ms, mfu 3.64%
iter 4340: loss 0.8300, time 94.09ms, mfu 3.67%
iter 4350: loss 0.8378, time 79.19ms, mfu 3.77%
iter 4360: loss 0.8500, time 78.72ms, mfu 3.87%
iter 4370: loss 0.8540, time 93.06ms, mfu 3.88%
iter 4380: loss 0.8300, time 79.80ms, mfu 3.96%
iter 4390: loss 0.8710, time 92.81ms, mfu 3.97%
iter 4400: loss 0.8408, time 78.36ms, mfu 4.05%
iter 4410: loss 0.8594, time 79.35ms, mfu 4.11%
iter 4420: loss 0.8565, time 94.77ms, mfu 4.09%
iter 4430: loss 0.8423, time 93.05ms, mfu 4.08%
iter 4440: loss 0.8493, time 93.34ms, mfu 4.08%
iter 4450: loss 0.8450, time 92.40ms, mfu 4.07%
iter 4460: loss 0.8329, time 93.97ms, mfu 4.06%
iter 4470: loss 0.8495, time 94.16ms, mfu 4.05%
iter 4480: loss 0.8267, time 94.90ms, mfu 4.04%
iter 4490: loss 0.8328, time 109.78ms, mfu 3.97%
step 4500: train loss 0.6487, val loss 1.6835
iter 4500: loss 0.8473, time 12007.06ms, mfu 3.58%
iter 4510: loss 0.8433, time 92.99ms, mfu 3.62%
iter 4520: loss 0.8394, time 94.58ms, mfu 3.65%
iter 4530: loss 0.8422, time 109.13ms, mfu 3.63%
iter 4540: loss 0.8420, time 94.33ms, mfu 3.66%
iter 4550: loss 0.8725, time 94.29ms, mfu 3.69%
iter 4560: loss 0.8281, time 93.89ms, mfu 3.72%
iter 4570: loss 0.8360, time 93.82ms, mfu 3.74%
iter 4580: loss 0.8487, time 80.26ms, mfu 3.83%
iter 4590: loss 0.8541, time 93.98ms, mfu 3.85%
iter 4600: loss 0.8218, time 78.35ms, mfu 3.94%
iter 4610: loss 0.8569, time 93.55ms, mfu 3.94%
iter 4620: loss 0.8273, time 92.76ms, mfu 3.95%
iter 4630: loss 0.8206, time 93.01ms, mfu 3.96%
iter 4640: loss 0.8366, time 78.41ms, mfu 4.04%
iter 4650: loss 0.8491, time 93.08ms, mfu 4.03%
iter 4660: loss 0.8481, time 93.08ms, mfu 4.03%
iter 4670: loss 0.8347, time 92.78ms, mfu 4.03%
iter 4680: loss 0.8419, time 93.49ms, mfu 4.02%
iter 4690: loss 0.8433, time 93.29ms, mfu 4.02%
iter 4700: loss 0.8147, time 109.51ms, mfu 3.96%
iter 4710: loss 0.7815, time 92.88ms, mfu 3.96%
iter 4720: loss 0.8356, time 77.95ms, mfu 4.05%
iter 4730: loss 0.8129, time 93.73ms, mfu 4.04%
iter 4740: loss 0.8339, time 92.81ms, mfu 4.04%
step 4750: train loss 0.6316, val loss 1.7014
iter 4750: loss 0.8007, time 12040.40ms, mfu 3.64%
iter 4760: loss 0.8227, time 110.07ms, mfu 3.61%
iter 4770: loss 0.7942, time 108.03ms, mfu 3.59%
iter 4780: loss 0.7965, time 95.14ms, mfu 3.63%
iter 4790: loss 0.8298, time 108.34ms, mfu 3.61%
iter 4800: loss 0.8175, time 94.56ms, mfu 3.64%
iter 4810: loss 0.8423, time 92.86ms, mfu 3.68%
iter 4820: loss 0.8055, time 94.44ms, mfu 3.71%
iter 4830: loss 0.8207, time 93.42ms, mfu 3.73%
iter 4840: loss 0.8261, time 77.88ms, mfu 3.84%
iter 4850: loss 0.8141, time 92.40ms, mfu 3.86%
iter 4860: loss 0.8156, time 93.91ms, mfu 3.87%
iter 4870: loss 0.8011, time 76.70ms, mfu 3.97%
iter 4880: loss 0.8243, time 93.69ms, mfu 3.97%
iter 4890: loss 0.8117, time 79.16ms, mfu 4.04%
iter 4900: loss 0.8031, time 93.03ms, mfu 4.04%
iter 4910: loss 0.8277, time 93.68ms, mfu 4.03%
iter 4920: loss 0.8162, time 93.30ms, mfu 4.03%
iter 4930: loss 0.8015, time 95.08ms, mfu 4.02%
iter 4940: loss 0.7971, time 93.13ms, mfu 4.02%
iter 4950: loss 0.8221, time 78.99ms, mfu 4.09%
iter 4960: loss 0.8260, time 94.48ms, mfu 4.07%
iter 4970: loss 0.7848, time 93.60ms, mfu 4.06%
iter 4980: loss 0.7999, time 108.43ms, mfu 4.00%
iter 4990: loss 0.8235, time 107.68ms, mfu 3.95%
step 5000: train loss 0.6180, val loss 1.7177
iter 5000: loss 0.8191, time 12030.76ms, mfu 3.55%
