Overriding config with config/train_shakespeare_char.py:
# train a miniature character-level shakespeare model
# good for debugging and playing on macbooks and such

out_dir = 'out-shakespeare-char'
eval_interval = 250 # keep frequent because we'll overfit
eval_iters = 200
log_interval = 10 # don't print too too often

# we expect to overfit on this small dataset, so only save when val improves
always_save_checkpoint = False

wandb_log = False # override via command line if you like
wandb_project = 'shakespeare-char'
wandb_run_name = 'mini-gpt'

dataset = 'shakespeare_char'
gradient_accumulation_steps = 1
batch_size = 64
block_size = 256 # context of up to 256 previous characters

# baby GPT model :)
n_layer = 6
n_head = 6
n_embd = 384
dropout = 0.2

learning_rate = 1e-3 # with baby networks can afford to go a bit higher
max_iters = 5000
lr_decay_iters = 5000 # make equal to max_iters usually
min_lr = 1e-4 # learning_rate / 10 usually
beta2 = 0.99 # make a bit bigger because number of tokens per iter is small

warmup_iters = 100 # not super necessary potentially

# on macbook also add
# device = 'cpu'  # run on cpu only
# compile = False # do not torch compile the model

Overriding: compile = False
Overriding: out_dir = runs\nope_lr1e-3
Overriding: learning_rate = 0.001
Overriding: min_lr = 0.0001
Overriding: seed = 1337
Overriding: save_checkpoint = False
Overriding: pos_type = none
tokens per iteration will be: 16,384
found vocab_size = 65 (inside data\shakespeare_char\meta.pkl)
Initializing a new model from scratch
number of parameters: 10.65M
C:\Users\86271\hw1work\nanoGPT\train.py:204: FutureWarning: `torch.cuda.amp.GradScaler(args...)` is deprecated. Please use `torch.amp.GradScaler('cuda', args...)` instead.
  scaler = torch.cuda.amp.GradScaler(enabled=(dtype == 'float16'))
num decayed parameter tensors: 25, with 10,641,792 parameters
num non-decayed parameter tensors: 13, with 4,992 parameters
using fused AdamW: True
step 0: train loss 4.1954, val loss 4.2023
iter 0: loss 4.2170, time 12075.02ms, mfu -100.00%
iter 10: loss 3.0461, time 109.34ms, mfu 3.41%
iter 20: loss 2.6917, time 93.37ms, mfu 3.47%
iter 30: loss 2.5572, time 92.88ms, mfu 3.52%
iter 40: loss 2.5207, time 93.58ms, mfu 3.57%
iter 50: loss 2.5091, time 93.70ms, mfu 3.61%
iter 60: loss 2.4741, time 94.18ms, mfu 3.64%
iter 70: loss 2.4875, time 93.68ms, mfu 3.68%
iter 80: loss 2.4566, time 94.32ms, mfu 3.70%
iter 90: loss 2.4543, time 93.92ms, mfu 3.73%
iter 100: loss 2.4623, time 108.94ms, mfu 3.70%
iter 110: loss 2.4612, time 107.82ms, mfu 3.67%
iter 120: loss 2.4423, time 92.80ms, mfu 3.71%
iter 130: loss 2.4158, time 77.85ms, mfu 3.82%
iter 140: loss 2.4234, time 94.56ms, mfu 3.83%
iter 150: loss 2.4089, time 93.82ms, mfu 3.84%
iter 160: loss 2.3910, time 93.41ms, mfu 3.86%
iter 170: loss 2.4006, time 107.80ms, mfu 3.82%
iter 180: loss 2.3949, time 109.78ms, mfu 3.78%
iter 190: loss 2.3865, time 94.15ms, mfu 3.79%
iter 200: loss 2.3836, time 94.59ms, mfu 3.81%
iter 210: loss 2.3474, time 93.73ms, mfu 3.82%
iter 220: loss 2.3694, time 93.61ms, mfu 3.84%
iter 230: loss 2.3553, time 106.93ms, mfu 3.80%
iter 240: loss 2.3410, time 92.81ms, mfu 3.83%
step 250: train loss 2.3182, val loss 2.3899
iter 250: loss 2.3499, time 11805.11ms, mfu 3.45%
iter 260: loss 2.3321, time 93.53ms, mfu 3.50%
iter 270: loss 2.3292, time 93.82ms, mfu 3.55%
iter 280: loss 2.3405, time 93.02ms, mfu 3.59%
iter 290: loss 2.3024, time 93.28ms, mfu 3.63%
iter 300: loss 2.3082, time 78.23ms, mfu 3.75%
iter 310: loss 2.2996, time 93.22ms, mfu 3.77%
iter 320: loss 2.2906, time 93.62ms, mfu 3.79%
iter 330: loss 2.2466, time 79.84ms, mfu 3.88%
iter 340: loss 2.2640, time 108.42ms, mfu 3.84%
iter 350: loss 2.2272, time 108.25ms, mfu 3.80%
iter 360: loss 2.2377, time 108.18ms, mfu 3.76%
iter 370: loss 2.2237, time 93.22ms, mfu 3.78%
iter 380: loss 2.2112, time 92.98ms, mfu 3.81%
iter 390: loss 2.1649, time 93.24ms, mfu 3.83%
iter 400: loss 2.1024, time 94.42ms, mfu 3.84%
iter 410: loss 2.1155, time 94.10ms, mfu 3.85%
iter 420: loss 2.0616, time 93.23ms, mfu 3.86%
iter 430: loss 2.0583, time 93.44ms, mfu 3.88%
iter 440: loss 2.0821, time 93.61ms, mfu 3.89%
iter 450: loss 2.0326, time 94.23ms, mfu 3.89%
iter 460: loss 2.0045, time 92.66ms, mfu 3.91%
iter 470: loss 1.9621, time 93.31ms, mfu 3.92%
iter 480: loss 2.0022, time 108.53ms, mfu 3.87%
iter 490: loss 1.9533, time 93.63ms, mfu 3.88%
step 500: train loss 1.8468, val loss 1.9976
iter 500: loss 2.0343, time 11738.65ms, mfu 3.49%
iter 510: loss 1.9513, time 94.07ms, mfu 3.54%
iter 520: loss 1.9248, time 109.16ms, mfu 3.53%
iter 530: loss 1.9158, time 93.63ms, mfu 3.57%
iter 540: loss 1.8867, time 93.05ms, mfu 3.62%
iter 550: loss 1.9352, time 94.39ms, mfu 3.65%
iter 560: loss 1.8654, time 78.29ms, mfu 3.76%
iter 570: loss 1.8500, time 107.77ms, mfu 3.73%
iter 580: loss 1.8436, time 79.14ms, mfu 3.83%
iter 590: loss 1.8483, time 107.64ms, mfu 3.79%
iter 600: loss 1.8127, time 79.94ms, mfu 3.88%
iter 610: loss 1.7881, time 79.18ms, mfu 3.96%
iter 620: loss 1.7978, time 108.20ms, mfu 3.91%
iter 630: loss 1.8118, time 93.27ms, mfu 3.92%
iter 640: loss 1.7763, time 93.73ms, mfu 3.92%
iter 650: loss 1.7627, time 108.36ms, mfu 3.88%
iter 660: loss 1.7186, time 93.64ms, mfu 3.89%
iter 670: loss 1.7298, time 79.48ms, mfu 3.97%
iter 680: loss 1.7120, time 110.01ms, mfu 3.91%
iter 690: loss 1.7326, time 108.06ms, mfu 3.86%
iter 700: loss 1.6935, time 79.41ms, mfu 3.95%
iter 710: loss 1.6819, time 95.01ms, mfu 3.94%
iter 720: loss 1.7012, time 79.22ms, mfu 4.02%
iter 730: loss 1.7044, time 94.65ms, mfu 4.01%
iter 740: loss 1.6908, time 92.58ms, mfu 4.01%
step 750: train loss 1.5731, val loss 1.7644
iter 750: loss 1.6278, time 11861.81ms, mfu 3.61%
iter 760: loss 1.6671, time 94.09ms, mfu 3.65%
iter 770: loss 1.6453, time 108.43ms, mfu 3.63%
iter 780: loss 1.6189, time 107.84ms, mfu 3.61%
iter 790: loss 1.6617, time 108.45ms, mfu 3.59%
iter 800: loss 1.6412, time 79.65ms, mfu 3.70%
iter 810: loss 1.6346, time 93.81ms, mfu 3.73%
iter 820: loss 1.6355, time 93.76ms, mfu 3.75%
iter 830: loss 1.5929, time 94.06ms, mfu 3.77%
iter 840: loss 1.6153, time 94.33ms, mfu 3.79%
iter 850: loss 1.6172, time 94.84ms, mfu 3.81%
iter 860: loss 1.5625, time 93.64ms, mfu 3.82%
iter 870: loss 1.5913, time 109.33ms, mfu 3.78%
iter 880: loss 1.5927, time 78.44ms, mfu 3.88%
iter 890: loss 1.6017, time 93.96ms, mfu 3.89%
iter 900: loss 1.5892, time 93.13ms, mfu 3.90%
iter 910: loss 1.6068, time 94.48ms, mfu 3.90%
iter 920: loss 1.5477, time 108.70ms, mfu 3.86%
iter 930: loss 1.5742, time 93.52ms, mfu 3.87%
iter 940: loss 1.5852, time 109.49ms, mfu 3.82%
iter 950: loss 1.5102, time 92.68ms, mfu 3.84%
iter 960: loss 1.5461, time 94.84ms, mfu 3.85%
iter 970: loss 1.5578, time 109.21ms, mfu 3.81%
iter 980: loss 1.5635, time 94.28ms, mfu 3.82%
iter 990: loss 1.5621, time 93.62ms, mfu 3.84%
step 1000: train loss 1.4504, val loss 1.6736
iter 1000: loss 1.5610, time 11807.89ms, mfu 3.46%
iter 1010: loss 1.5343, time 93.16ms, mfu 3.51%
iter 1020: loss 1.5304, time 93.86ms, mfu 3.56%
iter 1030: loss 1.5233, time 94.83ms, mfu 3.59%
iter 1040: loss 1.4923, time 93.70ms, mfu 3.63%
iter 1050: loss 1.5285, time 94.10ms, mfu 3.67%
iter 1060: loss 1.5236, time 94.07ms, mfu 3.69%
iter 1070: loss 1.5115, time 93.39ms, mfu 3.72%
iter 1080: loss 1.5480, time 94.04ms, mfu 3.75%
iter 1090: loss 1.5188, time 93.44ms, mfu 3.77%
iter 1100: loss 1.4946, time 93.56ms, mfu 3.79%
iter 1110: loss 1.4971, time 93.12ms, mfu 3.81%
iter 1120: loss 1.5118, time 107.21ms, mfu 3.78%
iter 1130: loss 1.4653, time 93.97ms, mfu 3.80%
iter 1140: loss 1.5045, time 93.74ms, mfu 3.82%
iter 1150: loss 1.5461, time 107.37ms, mfu 3.78%
iter 1160: loss 1.4832, time 93.24ms, mfu 3.80%
iter 1170: loss 1.4857, time 108.07ms, mfu 3.77%
iter 1180: loss 1.4787, time 108.28ms, mfu 3.74%
iter 1190: loss 1.5068, time 92.90ms, mfu 3.76%
iter 1200: loss 1.4928, time 92.53ms, mfu 3.79%
iter 1210: loss 1.4611, time 79.02ms, mfu 3.88%
iter 1220: loss 1.4778, time 78.84ms, mfu 3.97%
iter 1230: loss 1.4053, time 92.78ms, mfu 3.97%
iter 1240: loss 1.4547, time 93.03ms, mfu 3.97%
step 1250: train loss 1.3764, val loss 1.6188
iter 1250: loss 1.4517, time 11885.38ms, mfu 3.58%
iter 1260: loss 1.4805, time 94.86ms, mfu 3.62%
iter 1270: loss 1.4592, time 94.21ms, mfu 3.65%
iter 1280: loss 1.4712, time 93.69ms, mfu 3.68%
iter 1290: loss 1.4605, time 94.43ms, mfu 3.71%
iter 1300: loss 1.4403, time 108.30ms, mfu 3.68%
iter 1310: loss 1.4573, time 92.53ms, mfu 3.72%
iter 1320: loss 1.4596, time 92.99ms, mfu 3.75%
iter 1330: loss 1.4306, time 93.99ms, mfu 3.77%
iter 1340: loss 1.4598, time 108.59ms, mfu 3.73%
iter 1350: loss 1.4066, time 79.18ms, mfu 3.83%
iter 1360: loss 1.4444, time 78.84ms, mfu 3.92%
iter 1370: loss 1.4540, time 94.36ms, mfu 3.92%
iter 1380: loss 1.4101, time 94.06ms, mfu 3.93%
iter 1390: loss 1.4227, time 93.24ms, mfu 3.93%
iter 1400: loss 1.4331, time 108.57ms, mfu 3.88%
iter 1410: loss 1.4525, time 93.35ms, mfu 3.89%
iter 1420: loss 1.4412, time 93.20ms, mfu 3.90%
iter 1430: loss 1.4398, time 94.80ms, mfu 3.91%
iter 1440: loss 1.4488, time 94.25ms, mfu 3.91%
iter 1450: loss 1.4162, time 93.80ms, mfu 3.92%
iter 1460: loss 1.3954, time 108.75ms, mfu 3.87%
iter 1470: loss 1.4086, time 92.69ms, mfu 3.88%
iter 1480: loss 1.4347, time 94.14ms, mfu 3.89%
iter 1490: loss 1.4449, time 108.66ms, mfu 3.85%
step 1500: train loss 1.3294, val loss 1.5788
iter 1500: loss 1.3946, time 12004.73ms, mfu 3.46%
iter 1510: loss 1.4129, time 93.34ms, mfu 3.52%
iter 1520: loss 1.4142, time 110.22ms, mfu 3.50%
iter 1530: loss 1.4043, time 92.06ms, mfu 3.56%
iter 1540: loss 1.4108, time 94.58ms, mfu 3.60%
iter 1550: loss 1.3982, time 94.52ms, mfu 3.63%
iter 1560: loss 1.4233, time 94.60ms, mfu 3.66%
iter 1570: loss 1.4190, time 94.03ms, mfu 3.69%
iter 1580: loss 1.3702, time 93.22ms, mfu 3.72%
iter 1590: loss 1.3807, time 93.65ms, mfu 3.75%
iter 1600: loss 1.3354, time 93.88ms, mfu 3.77%
iter 1610: loss 1.3788, time 93.50ms, mfu 3.79%
iter 1620: loss 1.3755, time 78.44ms, mfu 3.89%
iter 1630: loss 1.4070, time 93.03ms, mfu 3.90%
iter 1640: loss 1.4060, time 94.71ms, mfu 3.90%
iter 1650: loss 1.4020, time 107.98ms, mfu 3.86%
iter 1660: loss 1.3874, time 107.85ms, mfu 3.82%
iter 1670: loss 1.4353, time 93.51ms, mfu 3.83%
iter 1680: loss 1.4005, time 123.58ms, mfu 3.75%
iter 1690: loss 1.3768, time 94.38ms, mfu 3.77%
iter 1700: loss 1.3761, time 94.72ms, mfu 3.79%
iter 1710: loss 1.3737, time 94.44ms, mfu 3.80%
iter 1720: loss 1.3855, time 93.20ms, mfu 3.82%
iter 1730: loss 1.3452, time 92.11ms, mfu 3.85%
iter 1740: loss 1.3612, time 93.45ms, mfu 3.86%
step 1750: train loss 1.3016, val loss 1.5765
iter 1750: loss 1.3788, time 11845.60ms, mfu 3.48%
iter 1760: loss 1.4079, time 93.36ms, mfu 3.53%
iter 1770: loss 1.3641, time 93.85ms, mfu 3.57%
iter 1780: loss 1.3894, time 93.31ms, mfu 3.61%
iter 1790: loss 1.3768, time 107.67ms, mfu 3.60%
iter 1800: loss 1.3796, time 109.44ms, mfu 3.58%
iter 1810: loss 1.3740, time 94.02ms, mfu 3.62%
iter 1820: loss 1.4048, time 110.55ms, mfu 3.59%
iter 1830: loss 1.3547, time 93.58ms, mfu 3.63%
iter 1840: loss 1.3476, time 92.24ms, mfu 3.67%
iter 1850: loss 1.3734, time 94.16ms, mfu 3.70%
iter 1860: loss 1.3930, time 94.65ms, mfu 3.72%
iter 1870: loss 1.3051, time 78.32ms, mfu 3.83%
iter 1880: loss 1.3779, time 109.67ms, mfu 3.79%
iter 1890: loss 1.3335, time 92.44ms, mfu 3.81%
iter 1900: loss 1.3640, time 94.10ms, mfu 3.82%
iter 1910: loss 1.3657, time 93.06ms, mfu 3.84%
iter 1920: loss 1.3554, time 79.23ms, mfu 3.93%
iter 1930: loss 1.3445, time 92.51ms, mfu 3.94%
iter 1940: loss 1.3403, time 92.82ms, mfu 3.95%
iter 1950: loss 1.3855, time 93.75ms, mfu 3.95%
iter 1960: loss 1.3371, time 109.81ms, mfu 3.89%
iter 1970: loss 1.3554, time 91.80ms, mfu 3.91%
iter 1980: loss 1.3693, time 78.75ms, mfu 3.99%
iter 1990: loss 1.3514, time 93.47ms, mfu 3.99%
step 2000: train loss 1.2600, val loss 1.5624
iter 2000: loss 1.3846, time 11887.66ms, mfu 3.60%
iter 2010: loss 1.3633, time 93.89ms, mfu 3.63%
iter 2020: loss 1.3474, time 79.23ms, mfu 3.74%
iter 2030: loss 1.3515, time 92.50ms, mfu 3.77%
iter 2040: loss 1.3183, time 93.84ms, mfu 3.79%
iter 2050: loss 1.3402, time 77.99ms, mfu 3.89%
iter 2060: loss 1.3331, time 94.06ms, mfu 3.90%
iter 2070: loss 1.3315, time 109.28ms, mfu 3.85%
iter 2080: loss 1.3339, time 109.43ms, mfu 3.80%
iter 2090: loss 1.3356, time 79.69ms, mfu 3.89%
iter 2100: loss 1.3631, time 78.55ms, mfu 3.98%
iter 2110: loss 1.3689, time 94.78ms, mfu 3.97%
iter 2120: loss 1.3272, time 93.83ms, mfu 3.97%
iter 2130: loss 1.2984, time 94.28ms, mfu 3.97%
iter 2140: loss 1.3133, time 94.59ms, mfu 3.97%
iter 2150: loss 1.3299, time 93.58ms, mfu 3.97%
iter 2160: loss 1.3168, time 93.89ms, mfu 3.97%
iter 2170: loss 1.3171, time 107.82ms, mfu 3.92%
iter 2180: loss 1.3072, time 93.00ms, mfu 3.93%
iter 2190: loss 1.3155, time 93.71ms, mfu 3.93%
iter 2200: loss 1.2974, time 93.05ms, mfu 3.94%
iter 2210: loss 1.2984, time 78.20ms, mfu 4.02%
iter 2220: loss 1.2972, time 93.44ms, mfu 4.02%
iter 2230: loss 1.3047, time 93.58ms, mfu 4.01%
iter 2240: loss 1.2986, time 93.10ms, mfu 4.01%
step 2250: train loss 1.2244, val loss 1.5431
iter 2250: loss 1.3071, time 11879.14ms, mfu 3.61%
iter 2260: loss 1.2749, time 93.42ms, mfu 3.65%
iter 2270: loss 1.2985, time 93.03ms, mfu 3.69%
iter 2280: loss 1.2896, time 92.88ms, mfu 3.72%
iter 2290: loss 1.3106, time 94.34ms, mfu 3.74%
iter 2300: loss 1.3021, time 93.40ms, mfu 3.77%
iter 2310: loss 1.3265, time 93.14ms, mfu 3.79%
iter 2320: loss 1.2883, time 93.23ms, mfu 3.81%
iter 2330: loss 1.3085, time 92.53ms, mfu 3.83%
iter 2340: loss 1.2832, time 93.45ms, mfu 3.85%
iter 2350: loss 1.2970, time 93.58ms, mfu 3.86%
iter 2360: loss 1.3210, time 93.19ms, mfu 3.88%
iter 2370: loss 1.3001, time 93.30ms, mfu 3.89%
iter 2380: loss 1.2953, time 94.52ms, mfu 3.89%
iter 2390: loss 1.3081, time 107.71ms, mfu 3.85%
iter 2400: loss 1.2868, time 95.16ms, mfu 3.86%
iter 2410: loss 1.3195, time 108.41ms, mfu 3.81%
iter 2420: loss 1.2922, time 109.00ms, mfu 3.77%
iter 2430: loss 1.2789, time 109.02ms, mfu 3.74%
iter 2440: loss 1.2698, time 92.68ms, mfu 3.77%
iter 2450: loss 1.2687, time 93.20ms, mfu 3.79%
iter 2460: loss 1.2889, time 91.90ms, mfu 3.82%
iter 2470: loss 1.2688, time 94.09ms, mfu 3.83%
iter 2480: loss 1.2880, time 94.61ms, mfu 3.84%
iter 2490: loss 1.2521, time 94.49ms, mfu 3.85%
step 2500: train loss 1.2024, val loss 1.5352
iter 2500: loss 1.2719, time 11941.90ms, mfu 3.47%
iter 2510: loss 1.2976, time 93.38ms, mfu 3.52%
iter 2520: loss 1.2982, time 79.57ms, mfu 3.64%
iter 2530: loss 1.2930, time 93.71ms, mfu 3.67%
iter 2540: loss 1.2759, time 108.14ms, mfu 3.65%
iter 2550: loss 1.3100, time 108.14ms, mfu 3.63%
iter 2560: loss 1.2564, time 80.18ms, mfu 3.73%
iter 2570: loss 1.2865, time 93.32ms, mfu 3.76%
iter 2580: loss 1.2884, time 93.06ms, mfu 3.78%
iter 2590: loss 1.2740, time 92.80ms, mfu 3.81%
iter 2600: loss 1.2780, time 93.02ms, mfu 3.83%
iter 2610: loss 1.2847, time 109.14ms, mfu 3.78%
iter 2620: loss 1.2692, time 107.95ms, mfu 3.75%
iter 2630: loss 1.2740, time 95.04ms, mfu 3.77%
iter 2640: loss 1.2703, time 107.28ms, mfu 3.74%
iter 2650: loss 1.2448, time 107.62ms, mfu 3.71%
iter 2660: loss 1.2940, time 108.60ms, mfu 3.68%
iter 2670: loss 1.2974, time 94.56ms, mfu 3.71%
iter 2680: loss 1.2735, time 93.69ms, mfu 3.74%
iter 2690: loss 1.2842, time 78.76ms, mfu 3.83%
iter 2700: loss 1.2437, time 93.66ms, mfu 3.85%
iter 2710: loss 1.2683, time 107.48ms, mfu 3.81%
iter 2720: loss 1.2690, time 107.01ms, mfu 3.78%
iter 2730: loss 1.2683, time 108.06ms, mfu 3.75%
iter 2740: loss 1.2641, time 93.50ms, mfu 3.77%
step 2750: train loss 1.1840, val loss 1.5294
iter 2750: loss 1.2857, time 11771.96ms, mfu 3.40%
iter 2760: loss 1.2314, time 94.04ms, mfu 3.45%
iter 2770: loss 1.2822, time 94.27ms, mfu 3.50%
iter 2780: loss 1.2102, time 93.54ms, mfu 3.55%
iter 2790: loss 1.2546, time 79.20ms, mfu 3.67%
iter 2800: loss 1.2457, time 93.09ms, mfu 3.70%
iter 2810: loss 1.2849, time 93.18ms, mfu 3.73%
iter 2820: loss 1.2564, time 108.57ms, mfu 3.70%
iter 2830: loss 1.2325, time 92.38ms, mfu 3.73%
iter 2840: loss 1.2410, time 94.00ms, mfu 3.76%
iter 2850: loss 1.2572, time 93.29ms, mfu 3.78%
iter 2860: loss 1.2408, time 107.35ms, mfu 3.75%
iter 2870: loss 1.2554, time 93.58ms, mfu 3.77%
iter 2880: loss 1.2260, time 78.19ms, mfu 3.87%
iter 2890: loss 1.2735, time 108.99ms, mfu 3.83%
iter 2900: loss 1.2694, time 94.51ms, mfu 3.84%
iter 2910: loss 1.2463, time 94.68ms, mfu 3.85%
iter 2920: loss 1.2772, time 109.25ms, mfu 3.80%
iter 2930: loss 1.2000, time 94.14ms, mfu 3.82%
iter 2940: loss 1.2571, time 93.29ms, mfu 3.84%
iter 2950: loss 1.2746, time 78.53ms, mfu 3.93%
iter 2960: loss 1.2262, time 108.57ms, mfu 3.88%
iter 2970: loss 1.2511, time 108.58ms, mfu 3.83%
iter 2980: loss 1.2596, time 94.42ms, mfu 3.84%
iter 2990: loss 1.2184, time 93.32ms, mfu 3.86%
step 3000: train loss 1.1623, val loss 1.5384
iter 3000: loss 1.2480, time 11888.74ms, mfu 3.48%
iter 3010: loss 1.2260, time 93.82ms, mfu 3.53%
iter 3020: loss 1.2461, time 93.35ms, mfu 3.57%
iter 3030: loss 1.2418, time 93.64ms, mfu 3.61%
iter 3040: loss 1.2385, time 93.67ms, mfu 3.65%
iter 3050: loss 1.2385, time 93.73ms, mfu 3.68%
iter 3060: loss 1.2219, time 94.13ms, mfu 3.71%
iter 3070: loss 1.2030, time 94.12ms, mfu 3.74%
iter 3080: loss 1.2069, time 107.86ms, mfu 3.71%
iter 3090: loss 1.2292, time 94.25ms, mfu 3.73%
iter 3100: loss 1.2149, time 92.97ms, mfu 3.76%
iter 3110: loss 1.2047, time 94.87ms, mfu 3.78%
iter 3120: loss 1.2378, time 93.50ms, mfu 3.80%
iter 3130: loss 1.2098, time 93.44ms, mfu 3.82%
iter 3140: loss 1.2110, time 109.68ms, mfu 3.77%
iter 3150: loss 1.2359, time 94.53ms, mfu 3.79%
iter 3160: loss 1.2242, time 93.07ms, mfu 3.81%
iter 3170: loss 1.2200, time 78.62ms, mfu 3.91%
iter 3180: loss 1.2198, time 93.41ms, mfu 3.91%
iter 3190: loss 1.2309, time 93.00ms, mfu 3.92%
iter 3200: loss 1.1899, time 94.00ms, mfu 3.93%
iter 3210: loss 1.2235, time 93.97ms, mfu 3.93%
iter 3220: loss 1.1969, time 92.69ms, mfu 3.94%
iter 3230: loss 1.2201, time 93.66ms, mfu 3.94%
iter 3240: loss 1.2047, time 93.12ms, mfu 3.95%
step 3250: train loss 1.1506, val loss 1.5442
iter 3250: loss 1.2021, time 11866.88ms, mfu 3.56%
iter 3260: loss 1.1954, time 93.27ms, mfu 3.60%
iter 3270: loss 1.1794, time 106.90ms, mfu 3.59%
iter 3280: loss 1.2124, time 92.45ms, mfu 3.63%
iter 3290: loss 1.2028, time 93.69ms, mfu 3.67%
iter 3300: loss 1.1933, time 107.82ms, mfu 3.65%
iter 3310: loss 1.2086, time 79.28ms, mfu 3.75%
iter 3320: loss 1.2073, time 109.04ms, mfu 3.72%
iter 3330: loss 1.2020, time 94.50ms, mfu 3.74%
iter 3340: loss 1.2004, time 94.44ms, mfu 3.76%
iter 3350: loss 1.1948, time 94.11ms, mfu 3.78%
iter 3360: loss 1.1860, time 93.49ms, mfu 3.80%
iter 3370: loss 1.1616, time 93.43ms, mfu 3.82%
iter 3380: loss 1.2099, time 109.30ms, mfu 3.78%
iter 3390: loss 1.1843, time 93.22ms, mfu 3.80%
iter 3400: loss 1.1774, time 93.49ms, mfu 3.82%
iter 3410: loss 1.1940, time 94.16ms, mfu 3.83%
iter 3420: loss 1.2128, time 93.77ms, mfu 3.85%
iter 3430: loss 1.2288, time 107.11ms, mfu 3.81%
iter 3440: loss 1.1827, time 107.19ms, mfu 3.78%
iter 3450: loss 1.1908, time 94.47ms, mfu 3.79%
iter 3460: loss 1.1837, time 92.10ms, mfu 3.82%
iter 3470: loss 1.1756, time 108.64ms, mfu 3.78%
iter 3480: loss 1.1691, time 92.51ms, mfu 3.80%
iter 3490: loss 1.1999, time 78.85ms, mfu 3.90%
step 3500: train loss 1.1410, val loss 1.5679
iter 3500: loss 1.1746, time 11802.25ms, mfu 3.51%
iter 3510: loss 1.2329, time 94.98ms, mfu 3.55%
iter 3520: loss 1.1919, time 93.21ms, mfu 3.60%
iter 3530: loss 1.1681, time 92.74ms, mfu 3.64%
iter 3540: loss 1.2075, time 93.94ms, mfu 3.67%
iter 3550: loss 1.1844, time 93.25ms, mfu 3.70%
iter 3560: loss 1.2007, time 93.91ms, mfu 3.73%
iter 3570: loss 1.1990, time 93.22ms, mfu 3.76%
iter 3580: loss 1.1747, time 94.31ms, mfu 3.78%
iter 3590: loss 1.1652, time 93.56ms, mfu 3.80%
iter 3600: loss 1.1811, time 93.11ms, mfu 3.82%
iter 3610: loss 1.1809, time 93.12ms, mfu 3.84%
iter 3620: loss 1.1862, time 78.72ms, mfu 3.93%
iter 3630: loss 1.1934, time 94.09ms, mfu 3.93%
iter 3640: loss 1.1847, time 94.39ms, mfu 3.93%
iter 3650: loss 1.1914, time 93.84ms, mfu 3.94%
iter 3660: loss 1.1768, time 107.57ms, mfu 3.89%
iter 3670: loss 1.1789, time 107.77ms, mfu 3.84%
iter 3680: loss 1.1790, time 93.99ms, mfu 3.86%
iter 3690: loss 1.1946, time 93.72ms, mfu 3.87%
iter 3700: loss 1.1898, time 93.43ms, mfu 3.88%
iter 3710: loss 1.1969, time 93.11ms, mfu 3.89%
iter 3720: loss 1.1716, time 78.81ms, mfu 3.98%
iter 3730: loss 1.1798, time 79.56ms, mfu 4.05%
iter 3740: loss 1.1531, time 93.31ms, mfu 4.04%
step 3750: train loss 1.1367, val loss 1.5606
iter 3750: loss 1.1896, time 11733.05ms, mfu 3.64%
iter 3760: loss 1.1469, time 93.61ms, mfu 3.67%
iter 3770: loss 1.1627, time 94.56ms, mfu 3.70%
iter 3780: loss 1.1681, time 77.41ms, mfu 3.81%
iter 3790: loss 1.1516, time 92.39ms, mfu 3.83%
iter 3800: loss 1.1882, time 94.16ms, mfu 3.85%
iter 3810: loss 1.1689, time 94.19ms, mfu 3.86%
iter 3820: loss 1.1474, time 78.56ms, mfu 3.95%
iter 3830: loss 1.1605, time 78.77ms, mfu 4.02%
iter 3840: loss 1.1747, time 93.90ms, mfu 4.02%
iter 3850: loss 1.1562, time 79.88ms, mfu 4.08%
iter 3860: loss 1.1387, time 94.42ms, mfu 4.07%
iter 3870: loss 1.1742, time 94.66ms, mfu 4.06%
iter 3880: loss 1.1614, time 92.81ms, mfu 4.05%
iter 3890: loss 1.1777, time 94.25ms, mfu 4.04%
iter 3900: loss 1.1791, time 110.18ms, mfu 3.98%
iter 3910: loss 1.1869, time 108.98ms, mfu 3.92%
iter 3920: loss 1.1491, time 93.32ms, mfu 3.93%
iter 3930: loss 1.1568, time 92.86ms, mfu 3.94%
iter 3940: loss 1.1309, time 93.10ms, mfu 3.94%
iter 3950: loss 1.1580, time 108.14ms, mfu 3.89%
iter 3960: loss 1.1641, time 109.21ms, mfu 3.85%
iter 3970: loss 1.1574, time 93.25ms, mfu 3.86%
iter 3980: loss 1.1742, time 94.27ms, mfu 3.87%
iter 3990: loss 1.1335, time 93.44ms, mfu 3.88%
step 4000: train loss 1.1171, val loss 1.5666
iter 4000: loss 1.1426, time 11818.16ms, mfu 3.50%
iter 4010: loss 1.1772, time 93.15ms, mfu 3.55%
iter 4020: loss 1.1682, time 94.53ms, mfu 3.59%
iter 4030: loss 1.1603, time 93.72ms, mfu 3.63%
iter 4040: loss 1.1671, time 94.21ms, mfu 3.66%
iter 4050: loss 1.1473, time 94.23ms, mfu 3.69%
iter 4060: loss 1.1488, time 94.14ms, mfu 3.71%
iter 4070: loss 1.1732, time 93.84ms, mfu 3.74%
iter 4080: loss 1.1477, time 93.67ms, mfu 3.76%
iter 4090: loss 1.1837, time 93.55ms, mfu 3.79%
iter 4100: loss 1.1380, time 94.26ms, mfu 3.80%
iter 4110: loss 1.1482, time 94.02ms, mfu 3.82%
iter 4120: loss 1.1283, time 94.87ms, mfu 3.83%
iter 4130: loss 1.1222, time 108.57ms, mfu 3.79%
iter 4140: loss 1.1424, time 79.32ms, mfu 3.88%
iter 4150: loss 1.1725, time 94.10ms, mfu 3.89%
iter 4160: loss 1.1497, time 108.60ms, mfu 3.84%
iter 4170: loss 1.1122, time 108.45ms, mfu 3.80%
iter 4180: loss 1.1441, time 108.93ms, mfu 3.76%
iter 4190: loss 1.1459, time 92.68ms, mfu 3.79%
iter 4200: loss 1.1369, time 107.42ms, mfu 3.76%
iter 4210: loss 1.1508, time 109.16ms, mfu 3.72%
iter 4220: loss 1.1402, time 93.55ms, mfu 3.75%
iter 4230: loss 1.1498, time 78.63ms, mfu 3.85%
iter 4240: loss 1.1553, time 94.18ms, mfu 3.86%
step 4250: train loss 1.0855, val loss 1.5648
iter 4250: loss 1.1360, time 11752.85ms, mfu 3.48%
iter 4260: loss 1.1504, time 77.27ms, mfu 3.61%
iter 4270: loss 1.1560, time 79.28ms, mfu 3.72%
iter 4280: loss 1.1497, time 107.34ms, mfu 3.70%
iter 4290: loss 1.1443, time 93.37ms, mfu 3.72%
iter 4300: loss 1.1341, time 93.09ms, mfu 3.75%
iter 4310: loss 1.1147, time 94.43ms, mfu 3.77%
iter 4320: loss 1.1576, time 92.44ms, mfu 3.80%
iter 4330: loss 1.1374, time 93.56ms, mfu 3.82%
iter 4340: loss 1.1333, time 94.31ms, mfu 3.83%
iter 4350: loss 1.1367, time 94.29ms, mfu 3.84%
iter 4360: loss 1.1291, time 93.51ms, mfu 3.86%
iter 4370: loss 1.1389, time 92.51ms, mfu 3.87%
iter 4380: loss 1.1629, time 94.31ms, mfu 3.88%
iter 4390: loss 1.1149, time 79.10ms, mfu 3.96%
iter 4400: loss 1.1265, time 93.41ms, mfu 3.97%
iter 4410: loss 1.1677, time 94.46ms, mfu 3.96%
iter 4420: loss 1.1437, time 110.51ms, mfu 3.91%
iter 4430: loss 1.1173, time 94.62ms, mfu 3.91%
iter 4440: loss 1.1511, time 93.30ms, mfu 3.92%
iter 4450: loss 1.1742, time 93.93ms, mfu 3.92%
iter 4460: loss 1.1389, time 94.05ms, mfu 3.93%
iter 4470: loss 1.1163, time 93.85ms, mfu 3.93%
iter 4480: loss 1.1432, time 79.35ms, mfu 4.01%
iter 4490: loss 1.1136, time 92.99ms, mfu 4.01%
step 4500: train loss 1.0750, val loss 1.5626
iter 4500: loss 1.1730, time 11776.83ms, mfu 3.61%
iter 4510: loss 1.1093, time 93.11ms, mfu 3.65%
iter 4520: loss 1.0929, time 94.47ms, mfu 3.68%
iter 4530: loss 1.1152, time 94.45ms, mfu 3.70%
iter 4540: loss 1.1393, time 79.94ms, mfu 3.80%
iter 4550: loss 1.1286, time 92.98ms, mfu 3.82%
iter 4560: loss 1.1344, time 107.79ms, mfu 3.78%
iter 4570: loss 1.1637, time 93.66ms, mfu 3.80%
iter 4580: loss 1.1301, time 93.88ms, mfu 3.82%
iter 4590: loss 1.1285, time 92.87ms, mfu 3.84%
iter 4600: loss 1.1177, time 107.91ms, mfu 3.80%
iter 4610: loss 1.1301, time 92.82ms, mfu 3.82%
iter 4620: loss 1.1135, time 93.84ms, mfu 3.84%
iter 4630: loss 1.1145, time 76.74ms, mfu 3.94%
iter 4640: loss 1.1125, time 62.32ms, mfu 4.14%
iter 4650: loss 1.1154, time 62.22ms, mfu 4.33%
iter 4660: loss 1.1440, time 62.94ms, mfu 4.49%
iter 4670: loss 1.1387, time 93.58ms, mfu 4.44%
iter 4680: loss 1.1114, time 78.70ms, mfu 4.47%
iter 4690: loss 1.1077, time 93.14ms, mfu 4.42%
iter 4700: loss 1.1557, time 78.96ms, mfu 4.45%
iter 4710: loss 1.1314, time 77.40ms, mfu 4.49%
iter 4720: loss 1.1277, time 93.81ms, mfu 4.43%
iter 4730: loss 1.1270, time 93.61ms, mfu 4.39%
iter 4740: loss 1.0982, time 93.67ms, mfu 4.35%
step 4750: train loss 1.0557, val loss 1.5613
iter 4750: loss 1.1393, time 9981.00ms, mfu 3.92%
iter 4760: loss 1.1308, time 78.61ms, mfu 4.00%
iter 4770: loss 1.1182, time 92.66ms, mfu 4.00%
iter 4780: loss 1.1413, time 108.20ms, mfu 3.95%
iter 4790: loss 1.1189, time 78.84ms, mfu 4.02%
iter 4800: loss 1.1375, time 108.79ms, mfu 3.96%
iter 4810: loss 1.1087, time 93.18ms, mfu 3.97%
iter 4820: loss 1.1178, time 93.40ms, mfu 3.97%
iter 4830: loss 1.1012, time 93.08ms, mfu 3.97%
iter 4840: loss 1.0987, time 94.09ms, mfu 3.97%
iter 4850: loss 1.1359, time 78.66ms, mfu 4.05%
iter 4860: loss 1.1067, time 92.26ms, mfu 4.05%
iter 4870: loss 1.1189, time 93.05ms, mfu 4.04%
iter 4880: loss 1.1008, time 92.95ms, mfu 4.04%
iter 4890: loss 1.1492, time 78.98ms, mfu 4.11%
iter 4900: loss 1.1311, time 108.23ms, mfu 4.04%
iter 4910: loss 1.0856, time 78.69ms, mfu 4.11%
iter 4920: loss 1.0955, time 93.44ms, mfu 4.10%
iter 4930: loss 1.1245, time 107.47ms, mfu 4.04%
iter 4940: loss 1.1179, time 94.30ms, mfu 4.03%
iter 4950: loss 1.1347, time 79.39ms, mfu 4.09%
iter 4960: loss 1.1008, time 93.20ms, mfu 4.08%
iter 4970: loss 1.0858, time 93.02ms, mfu 4.08%
iter 4980: loss 1.1241, time 94.07ms, mfu 4.06%
iter 4990: loss 1.1202, time 94.02ms, mfu 4.05%
step 5000: train loss 1.0746, val loss 1.5754
iter 5000: loss 1.1099, time 11543.44ms, mfu 3.65%
