Overriding config with config/train_shakespeare_char.py:
# train a miniature character-level shakespeare model
# good for debugging and playing on macbooks and such

out_dir = 'out-shakespeare-char'
eval_interval = 250 # keep frequent because we'll overfit
eval_iters = 200
log_interval = 10 # don't print too too often

# we expect to overfit on this small dataset, so only save when val improves
always_save_checkpoint = False

wandb_log = False # override via command line if you like
wandb_project = 'shakespeare-char'
wandb_run_name = 'mini-gpt'

dataset = 'shakespeare_char'
gradient_accumulation_steps = 1
batch_size = 64
block_size = 256 # context of up to 256 previous characters

# baby GPT model :)
n_layer = 6
n_head = 6
n_embd = 384
dropout = 0.2

learning_rate = 1e-3 # with baby networks can afford to go a bit higher
max_iters = 5000
lr_decay_iters = 5000 # make equal to max_iters usually
min_lr = 1e-4 # learning_rate / 10 usually
beta2 = 0.99 # make a bit bigger because number of tokens per iter is small

warmup_iters = 100 # not super necessary potentially

# on macbook also add
# device = 'cpu'  # run on cpu only
# compile = False # do not torch compile the model

Overriding: compile = False
Overriding: out_dir = runs\rmsnorm_lr2e-3
Overriding: learning_rate = 0.002
Overriding: min_lr = 0.0002
Overriding: seed = 1337
Overriding: save_checkpoint = False
Overriding: norm_type = rmsnorm
tokens per iteration will be: 16,384
found vocab_size = 65 (inside data\shakespeare_char\meta.pkl)
Initializing a new model from scratch
number of parameters: 10.65M
C:\Users\86271\hw1work\nanoGPT\train.py:204: FutureWarning: `torch.cuda.amp.GradScaler(args...)` is deprecated. Please use `torch.amp.GradScaler('cuda', args...)` instead.
  scaler = torch.cuda.amp.GradScaler(enabled=(dtype == 'float16'))
num decayed parameter tensors: 26, with 10,740,096 parameters
num non-decayed parameter tensors: 13, with 4,992 parameters
using fused AdamW: True
step 0: train loss 4.2773, val loss 4.2723
iter 0: loss 4.2601, time 12257.10ms, mfu -100.00%
iter 10: loss 3.0250, time 109.83ms, mfu 3.39%
iter 20: loss 2.6423, time 109.49ms, mfu 3.39%
iter 30: loss 2.5818, time 123.29ms, mfu 3.36%
iter 40: loss 2.5465, time 123.63ms, mfu 3.32%
iter 50: loss 2.5101, time 125.32ms, mfu 3.29%
iter 60: loss 2.5020, time 109.48ms, mfu 3.30%
iter 70: loss 2.4889, time 125.73ms, mfu 3.27%
iter 80: loss 2.4888, time 124.22ms, mfu 3.24%
iter 90: loss 2.4623, time 123.73ms, mfu 3.22%
iter 100: loss 2.4560, time 109.66ms, mfu 3.23%
iter 110: loss 2.4360, time 109.11ms, mfu 3.25%
iter 120: loss 2.4296, time 109.05ms, mfu 3.27%
iter 130: loss 2.3982, time 110.48ms, mfu 3.28%
iter 140: loss 2.3842, time 111.83ms, mfu 3.28%
iter 150: loss 2.3481, time 139.13ms, mfu 3.22%
iter 160: loss 2.2655, time 124.80ms, mfu 3.20%
iter 170: loss 2.2009, time 110.34ms, mfu 3.22%
iter 180: loss 2.1359, time 138.40ms, mfu 3.17%
iter 190: loss 2.0888, time 110.59ms, mfu 3.19%
iter 200: loss 2.0526, time 124.74ms, mfu 3.17%
iter 210: loss 2.0080, time 125.23ms, mfu 3.15%
iter 220: loss 2.0041, time 109.95ms, mfu 3.17%
iter 230: loss 1.9445, time 109.30ms, mfu 3.19%
iter 240: loss 1.9621, time 124.14ms, mfu 3.18%
step 250: train loss 1.8448, val loss 1.9802
iter 250: loss 1.9316, time 12083.24ms, mfu 2.86%
iter 260: loss 1.8702, time 125.04ms, mfu 2.87%
iter 270: loss 1.8863, time 123.57ms, mfu 2.89%
iter 280: loss 1.8790, time 139.37ms, mfu 2.87%
iter 290: loss 1.8291, time 110.11ms, mfu 2.92%
iter 300: loss 1.8106, time 124.96ms, mfu 2.92%
iter 310: loss 1.7842, time 108.92ms, mfu 2.97%
iter 320: loss 1.7875, time 123.67ms, mfu 2.98%
iter 330: loss 1.7537, time 124.47ms, mfu 2.98%
iter 340: loss 1.7231, time 139.59ms, mfu 2.95%
iter 350: loss 1.7687, time 124.53ms, mfu 2.95%
iter 360: loss 1.7115, time 125.78ms, mfu 2.95%
iter 370: loss 1.6889, time 122.78ms, mfu 2.96%
iter 380: loss 1.6825, time 125.03ms, mfu 2.96%
iter 390: loss 1.6950, time 124.57ms, mfu 2.97%
iter 400: loss 1.7319, time 125.18ms, mfu 2.97%
iter 410: loss 1.6659, time 109.89ms, mfu 3.01%
iter 420: loss 1.6862, time 109.85ms, mfu 3.05%
iter 430: loss 1.6634, time 110.68ms, mfu 3.08%
iter 440: loss 1.6412, time 125.77ms, mfu 3.07%
iter 450: loss 1.6314, time 126.22ms, mfu 3.06%
iter 460: loss 1.5896, time 108.04ms, mfu 3.10%
iter 470: loss 1.6478, time 110.48ms, mfu 3.12%
iter 480: loss 1.6151, time 109.49ms, mfu 3.15%
iter 490: loss 1.5983, time 110.74ms, mfu 3.17%
step 500: train loss 1.5175, val loss 1.7306
iter 500: loss 1.5925, time 12236.09ms, mfu 2.86%
iter 510: loss 1.6016, time 125.09ms, mfu 2.87%
iter 520: loss 1.5973, time 109.85ms, mfu 2.92%
iter 530: loss 1.5586, time 125.39ms, mfu 2.93%
iter 540: loss 1.6086, time 109.54ms, mfu 2.98%
iter 550: loss 1.5691, time 139.70ms, mfu 2.94%
iter 560: loss 1.5651, time 125.45ms, mfu 2.95%
iter 570: loss 1.5654, time 125.21ms, mfu 2.95%
iter 580: loss 1.5396, time 110.20ms, mfu 2.99%
iter 590: loss 1.5019, time 137.78ms, mfu 2.96%
iter 600: loss 1.5198, time 124.40ms, mfu 2.97%
iter 610: loss 1.5567, time 123.65ms, mfu 2.97%
iter 620: loss 1.5360, time 108.97ms, mfu 3.02%
iter 630: loss 1.5125, time 139.45ms, mfu 2.98%
iter 640: loss 1.4663, time 125.97ms, mfu 2.98%
iter 650: loss 1.5038, time 126.30ms, mfu 2.98%
iter 660: loss 1.5084, time 110.50ms, mfu 3.02%
iter 670: loss 1.4511, time 124.37ms, mfu 3.01%
iter 680: loss 1.5174, time 125.73ms, mfu 3.01%
iter 690: loss 1.4640, time 109.21ms, mfu 3.05%
iter 700: loss 1.4916, time 123.57ms, mfu 3.05%
iter 710: loss 1.4642, time 124.17ms, mfu 3.04%
iter 720: loss 1.4473, time 123.80ms, mfu 3.04%
iter 730: loss 1.4235, time 124.05ms, mfu 3.03%
iter 740: loss 1.4376, time 124.41ms, mfu 3.03%
step 750: train loss 1.3693, val loss 1.5966
iter 750: loss 1.4327, time 12326.80ms, mfu 2.73%
iter 760: loss 1.4590, time 123.98ms, mfu 2.76%
iter 770: loss 1.4320, time 124.93ms, mfu 2.78%
iter 780: loss 1.4320, time 124.36ms, mfu 2.80%
iter 790: loss 1.4241, time 124.58ms, mfu 2.82%
iter 800: loss 1.4315, time 109.20ms, mfu 2.88%
iter 810: loss 1.4031, time 109.77ms, mfu 2.93%
iter 820: loss 1.4155, time 125.91ms, mfu 2.93%
iter 830: loss 1.4084, time 123.72ms, mfu 2.94%
iter 840: loss 1.4105, time 123.67ms, mfu 2.95%
iter 850: loss 1.3943, time 124.07ms, mfu 2.95%
iter 860: loss 1.4067, time 125.21ms, mfu 2.96%
iter 870: loss 1.4015, time 125.60ms, mfu 2.96%
iter 880: loss 1.3839, time 126.75ms, mfu 2.96%
iter 890: loss 1.3946, time 125.10ms, mfu 2.96%
iter 900: loss 1.3816, time 110.09ms, mfu 3.00%
iter 910: loss 1.3268, time 109.91ms, mfu 3.04%
iter 920: loss 1.3792, time 111.49ms, mfu 3.07%
iter 930: loss 1.3639, time 109.14ms, mfu 3.10%
iter 940: loss 1.3638, time 108.81ms, mfu 3.14%
iter 950: loss 1.3615, time 110.61ms, mfu 3.16%
iter 960: loss 1.3710, time 111.56ms, mfu 3.18%
iter 970: loss 1.3716, time 108.98ms, mfu 3.20%
iter 980: loss 1.3607, time 123.63ms, mfu 3.18%
iter 990: loss 1.3455, time 109.19ms, mfu 3.21%
step 1000: train loss 1.2774, val loss 1.5258
iter 1000: loss 1.3421, time 12339.52ms, mfu 2.89%
iter 1010: loss 1.3460, time 124.23ms, mfu 2.90%
iter 1020: loss 1.3215, time 108.82ms, mfu 2.95%
iter 1030: loss 1.3385, time 139.51ms, mfu 2.92%
iter 1040: loss 1.3745, time 125.92ms, mfu 2.93%
iter 1050: loss 1.2956, time 124.24ms, mfu 2.93%
iter 1060: loss 1.3455, time 123.89ms, mfu 2.94%
iter 1070: loss 1.3276, time 123.40ms, mfu 2.95%
iter 1080: loss 1.3392, time 123.80ms, mfu 2.96%
iter 1090: loss 1.3574, time 123.70ms, mfu 2.96%
iter 1100: loss 1.3248, time 123.80ms, mfu 2.97%
iter 1110: loss 1.2990, time 109.25ms, mfu 3.01%
iter 1120: loss 1.3050, time 109.43ms, mfu 3.05%
iter 1130: loss 1.3001, time 110.07ms, mfu 3.08%
iter 1140: loss 1.3056, time 123.32ms, mfu 3.08%
iter 1150: loss 1.3164, time 123.09ms, mfu 3.07%
iter 1160: loss 1.3356, time 123.53ms, mfu 3.07%
iter 1170: loss 1.3044, time 125.44ms, mfu 3.06%
iter 1180: loss 1.3257, time 122.93ms, mfu 3.05%
iter 1190: loss 1.2791, time 124.58ms, mfu 3.05%
iter 1200: loss 1.2957, time 138.93ms, mfu 3.01%
iter 1210: loss 1.2656, time 123.56ms, mfu 3.01%
iter 1220: loss 1.3116, time 123.26ms, mfu 3.01%
iter 1230: loss 1.3059, time 124.32ms, mfu 3.01%
iter 1240: loss 1.3166, time 125.90ms, mfu 3.01%
step 1250: train loss 1.2079, val loss 1.5025
iter 1250: loss 1.2803, time 12401.22ms, mfu 2.71%
iter 1260: loss 1.2934, time 124.61ms, mfu 2.74%
iter 1270: loss 1.2723, time 109.46ms, mfu 2.80%
iter 1280: loss 1.2631, time 109.37ms, mfu 2.86%
iter 1290: loss 1.2891, time 125.82ms, mfu 2.87%
iter 1300: loss 1.3115, time 109.19ms, mfu 2.93%
iter 1310: loss 1.2424, time 110.88ms, mfu 2.97%
iter 1320: loss 1.3138, time 125.36ms, mfu 2.97%
iter 1330: loss 1.2620, time 109.46ms, mfu 3.01%
iter 1340: loss 1.3047, time 125.04ms, mfu 3.01%
iter 1350: loss 1.2666, time 123.01ms, mfu 3.01%
iter 1360: loss 1.2771, time 110.16ms, mfu 3.05%
iter 1370: loss 1.2677, time 123.36ms, mfu 3.05%
iter 1380: loss 1.2660, time 110.80ms, mfu 3.08%
iter 1390: loss 1.2562, time 123.51ms, mfu 3.07%
iter 1400: loss 1.2568, time 109.83ms, mfu 3.10%
iter 1410: loss 1.2562, time 123.22ms, mfu 3.10%
iter 1420: loss 1.2712, time 110.61ms, mfu 3.12%
iter 1430: loss 1.2544, time 110.20ms, mfu 3.15%
iter 1440: loss 1.2611, time 108.41ms, mfu 3.18%
iter 1450: loss 1.2267, time 124.87ms, mfu 3.16%
iter 1460: loss 1.2428, time 124.90ms, mfu 3.14%
iter 1470: loss 1.2236, time 125.96ms, mfu 3.12%
iter 1480: loss 1.2212, time 125.94ms, mfu 3.11%
iter 1490: loss 1.2425, time 139.30ms, mfu 3.06%
step 1500: train loss 1.1597, val loss 1.4766
iter 1500: loss 1.1887, time 12491.83ms, mfu 2.76%
iter 1510: loss 1.2403, time 123.82ms, mfu 2.78%
iter 1520: loss 1.2337, time 110.59ms, mfu 2.84%
iter 1530: loss 1.2580, time 110.43ms, mfu 2.90%
iter 1540: loss 1.1879, time 123.41ms, mfu 2.91%
iter 1550: loss 1.2360, time 109.34ms, mfu 2.96%
iter 1560: loss 1.2158, time 109.65ms, mfu 3.00%
iter 1570: loss 1.2355, time 124.44ms, mfu 3.00%
iter 1580: loss 1.2097, time 110.49ms, mfu 3.04%
iter 1590: loss 1.1922, time 110.68ms, mfu 3.07%
iter 1600: loss 1.2044, time 123.56ms, mfu 3.07%
iter 1610: loss 1.2470, time 109.82ms, mfu 3.10%
iter 1620: loss 1.1925, time 124.58ms, mfu 3.09%
iter 1630: loss 1.2118, time 110.24ms, mfu 3.12%
iter 1640: loss 1.2090, time 108.61ms, mfu 3.15%
iter 1650: loss 1.1923, time 111.68ms, mfu 3.17%
iter 1660: loss 1.2296, time 108.98ms, mfu 3.19%
iter 1670: loss 1.2012, time 123.33ms, mfu 3.18%
iter 1680: loss 1.2044, time 123.46ms, mfu 3.16%
iter 1690: loss 1.2054, time 124.48ms, mfu 3.14%
iter 1700: loss 1.1862, time 124.22ms, mfu 3.13%
iter 1710: loss 1.1869, time 124.89ms, mfu 3.11%
iter 1720: loss 1.1888, time 124.13ms, mfu 3.10%
iter 1730: loss 1.2004, time 124.24ms, mfu 3.09%
iter 1740: loss 1.1685, time 139.82ms, mfu 3.05%
step 1750: train loss 1.1093, val loss 1.4589
iter 1750: loss 1.1962, time 12365.87ms, mfu 2.75%
iter 1760: loss 1.1944, time 109.51ms, mfu 2.81%
iter 1770: loss 1.2046, time 125.30ms, mfu 2.83%
iter 1780: loss 1.1967, time 138.55ms, mfu 2.82%
iter 1790: loss 1.2019, time 122.81ms, mfu 2.84%
iter 1800: loss 1.1906, time 108.18ms, mfu 2.90%
iter 1810: loss 1.1654, time 109.44ms, mfu 2.95%
iter 1820: loss 1.1715, time 109.48ms, mfu 2.99%
iter 1830: loss 1.1743, time 109.21ms, mfu 3.04%
iter 1840: loss 1.1654, time 124.99ms, mfu 3.03%
iter 1850: loss 1.1674, time 124.22ms, mfu 3.03%
iter 1860: loss 1.1836, time 110.24ms, mfu 3.06%
iter 1870: loss 1.1480, time 109.20ms, mfu 3.10%
iter 1880: loss 1.1810, time 109.94ms, mfu 3.13%
iter 1890: loss 1.1864, time 108.76ms, mfu 3.16%
iter 1900: loss 1.1309, time 124.18ms, mfu 3.14%
iter 1910: loss 1.1765, time 107.40ms, mfu 3.17%
iter 1920: loss 1.1716, time 124.41ms, mfu 3.16%
iter 1930: loss 1.1507, time 109.04ms, mfu 3.18%
iter 1940: loss 1.1317, time 108.95ms, mfu 3.21%
iter 1950: loss 1.1412, time 124.89ms, mfu 3.18%
iter 1960: loss 1.1563, time 125.50ms, mfu 3.16%
iter 1970: loss 1.1536, time 110.44ms, mfu 3.18%
iter 1980: loss 1.1542, time 109.90ms, mfu 3.20%
iter 1990: loss 1.1616, time 124.31ms, mfu 3.18%
step 2000: train loss 1.0624, val loss 1.4798
iter 2000: loss 1.1354, time 12331.15ms, mfu 2.87%
iter 2010: loss 1.1346, time 124.16ms, mfu 2.88%
iter 2020: loss 1.1271, time 124.69ms, mfu 2.89%
iter 2030: loss 1.1547, time 109.68ms, mfu 2.94%
iter 2040: loss 1.1476, time 109.22ms, mfu 2.99%
iter 2050: loss 1.1235, time 124.70ms, mfu 2.99%
iter 2060: loss 1.1108, time 124.25ms, mfu 2.99%
iter 2070: loss 1.1350, time 124.70ms, mfu 2.99%
iter 2080: loss 1.1255, time 109.25ms, mfu 3.03%
iter 2090: loss 1.1422, time 108.86ms, mfu 3.07%
iter 2100: loss 1.1350, time 109.58ms, mfu 3.10%
iter 2110: loss 1.1328, time 123.41ms, mfu 3.10%
iter 2120: loss 1.1344, time 109.55ms, mfu 3.13%
iter 2130: loss 1.1400, time 110.16ms, mfu 3.15%
iter 2140: loss 1.1418, time 108.74ms, mfu 3.18%
iter 2150: loss 1.1202, time 122.89ms, mfu 3.16%
iter 2160: loss 1.1475, time 123.78ms, mfu 3.15%
iter 2170: loss 1.1388, time 125.10ms, mfu 3.13%
iter 2180: loss 1.1161, time 139.80ms, mfu 3.09%
iter 2190: loss 1.1079, time 123.92ms, mfu 3.08%
iter 2200: loss 1.1387, time 122.96ms, mfu 3.07%
iter 2210: loss 1.1126, time 110.10ms, mfu 3.10%
iter 2220: loss 1.1216, time 124.76ms, mfu 3.09%
iter 2230: loss 1.1213, time 123.32ms, mfu 3.09%
iter 2240: loss 1.1269, time 126.15ms, mfu 3.07%
step 2250: train loss 1.0169, val loss 1.4908
iter 2250: loss 1.1112, time 12421.33ms, mfu 2.77%
iter 2260: loss 1.1093, time 108.28ms, mfu 2.84%
iter 2270: loss 1.1414, time 108.95ms, mfu 2.89%
iter 2280: loss 1.1028, time 124.59ms, mfu 2.90%
iter 2290: loss 1.1475, time 123.34ms, mfu 2.92%
iter 2300: loss 1.1299, time 109.00ms, mfu 2.97%
iter 2310: loss 1.1031, time 125.16ms, mfu 2.97%
iter 2320: loss 1.0991, time 94.33ms, mfu 3.07%
iter 2330: loss 1.1069, time 123.53ms, mfu 3.06%
iter 2340: loss 1.1176, time 124.31ms, mfu 3.05%
iter 2350: loss 1.1044, time 111.47ms, mfu 3.08%
iter 2360: loss 1.1121, time 111.35ms, mfu 3.11%
iter 2370: loss 1.0922, time 139.85ms, mfu 3.06%
iter 2380: loss 1.0897, time 110.60ms, mfu 3.10%
iter 2390: loss 1.0847, time 125.98ms, mfu 3.08%
iter 2400: loss 1.0852, time 124.74ms, mfu 3.07%
iter 2410: loss 1.0724, time 124.49ms, mfu 3.06%
iter 2420: loss 1.0871, time 108.67ms, mfu 3.10%
iter 2430: loss 1.0532, time 124.71ms, mfu 3.09%
iter 2440: loss 1.0624, time 123.82ms, mfu 3.08%
iter 2450: loss 1.0776, time 123.40ms, mfu 3.08%
iter 2460: loss 1.0901, time 124.10ms, mfu 3.07%
iter 2470: loss 1.0931, time 108.38ms, mfu 3.10%
iter 2480: loss 1.0821, time 123.98ms, mfu 3.09%
iter 2490: loss 1.0541, time 110.61ms, mfu 3.12%
step 2500: train loss 0.9678, val loss 1.4980
iter 2500: loss 1.0807, time 12435.29ms, mfu 2.81%
iter 2510: loss 1.0723, time 109.78ms, mfu 2.87%
iter 2520: loss 1.0535, time 108.93ms, mfu 2.93%
iter 2530: loss 1.0523, time 109.50ms, mfu 2.97%
iter 2540: loss 1.0585, time 123.80ms, mfu 2.98%
iter 2550: loss 1.0705, time 123.82ms, mfu 2.98%
iter 2560: loss 1.0573, time 123.61ms, mfu 2.98%
iter 2570: loss 1.0806, time 110.54ms, mfu 3.02%
iter 2580: loss 1.0696, time 125.42ms, mfu 3.02%
iter 2590: loss 1.0695, time 125.12ms, mfu 3.01%
iter 2600: loss 1.0614, time 111.42ms, mfu 3.05%
iter 2610: loss 1.0556, time 124.64ms, mfu 3.04%
iter 2620: loss 1.0451, time 124.10ms, mfu 3.04%
iter 2630: loss 1.0203, time 109.05ms, mfu 3.08%
iter 2640: loss 1.0483, time 109.80ms, mfu 3.11%
iter 2650: loss 1.0693, time 109.25ms, mfu 3.14%
iter 2660: loss 1.0434, time 108.04ms, mfu 3.17%
iter 2670: loss 1.0249, time 110.38ms, mfu 3.19%
iter 2680: loss 1.0560, time 126.20ms, mfu 3.17%
iter 2690: loss 1.0535, time 110.59ms, mfu 3.19%
iter 2700: loss 1.0203, time 125.21ms, mfu 3.16%
iter 2710: loss 1.0485, time 139.16ms, mfu 3.12%
iter 2720: loss 1.0472, time 110.58ms, mfu 3.14%
iter 2730: loss 1.0647, time 110.55ms, mfu 3.16%
iter 2740: loss 1.0275, time 138.17ms, mfu 3.12%
step 2750: train loss 0.9207, val loss 1.5125
iter 2750: loss 1.0394, time 12244.84ms, mfu 2.81%
iter 2760: loss 1.0376, time 139.38ms, mfu 2.80%
iter 2770: loss 1.0292, time 109.78ms, mfu 2.86%
iter 2780: loss 1.0258, time 123.48ms, mfu 2.87%
iter 2790: loss 1.0397, time 110.21ms, mfu 2.92%
iter 2800: loss 1.0043, time 122.73ms, mfu 2.93%
iter 2810: loss 1.0413, time 124.58ms, mfu 2.94%
iter 2820: loss 1.0313, time 124.67ms, mfu 2.94%
iter 2830: loss 1.0419, time 110.47ms, mfu 2.99%
iter 2840: loss 0.9905, time 139.81ms, mfu 2.96%
iter 2850: loss 1.0284, time 110.18ms, mfu 3.00%
iter 2860: loss 1.0279, time 140.15ms, mfu 2.96%
iter 2870: loss 1.0047, time 125.21ms, mfu 2.97%
iter 2880: loss 1.0333, time 124.82ms, mfu 2.97%
iter 2890: loss 1.0100, time 125.22ms, mfu 2.97%
iter 2900: loss 0.9856, time 124.58ms, mfu 2.97%
iter 2910: loss 1.0428, time 122.75ms, mfu 2.98%
iter 2920: loss 1.0069, time 123.64ms, mfu 2.98%
iter 2930: loss 0.9960, time 123.79ms, mfu 2.98%
iter 2940: loss 0.9913, time 110.38ms, mfu 3.02%
iter 2950: loss 1.0182, time 124.21ms, mfu 3.02%
iter 2960: loss 0.9957, time 125.40ms, mfu 3.02%
iter 2970: loss 0.9826, time 110.07ms, mfu 3.05%
iter 2980: loss 1.0081, time 125.74ms, mfu 3.04%
iter 2990: loss 0.9834, time 110.19ms, mfu 3.08%
step 3000: train loss 0.8711, val loss 1.5217
iter 3000: loss 0.9860, time 12164.91ms, mfu 2.77%
iter 3010: loss 0.9986, time 109.49ms, mfu 2.84%
iter 3020: loss 1.0006, time 124.42ms, mfu 2.85%
iter 3030: loss 1.0020, time 108.57ms, mfu 2.91%
iter 3040: loss 1.0287, time 122.45ms, mfu 2.92%
iter 3050: loss 0.9678, time 126.01ms, mfu 2.93%
iter 3060: loss 0.9921, time 108.82ms, mfu 2.98%
iter 3070: loss 1.0231, time 124.82ms, mfu 2.98%
iter 3080: loss 0.9996, time 110.06ms, mfu 3.02%
iter 3090: loss 0.9891, time 110.49ms, mfu 3.05%
iter 3100: loss 0.9877, time 137.47ms, mfu 3.02%
iter 3110: loss 0.9650, time 108.40ms, mfu 3.06%
iter 3120: loss 1.0000, time 125.64ms, mfu 3.05%
iter 3130: loss 0.9855, time 123.90ms, mfu 3.05%
iter 3140: loss 0.9721, time 125.08ms, mfu 3.04%
iter 3150: loss 0.9970, time 124.42ms, mfu 3.04%
iter 3160: loss 1.0122, time 137.67ms, mfu 3.00%
iter 3170: loss 0.9618, time 126.26ms, mfu 3.00%
iter 3180: loss 0.9685, time 110.10ms, mfu 3.04%
iter 3190: loss 0.9875, time 109.93ms, mfu 3.07%
iter 3200: loss 0.9598, time 124.84ms, mfu 3.06%
iter 3210: loss 0.9566, time 123.45ms, mfu 3.06%
iter 3220: loss 0.9568, time 123.40ms, mfu 3.05%
iter 3230: loss 0.9519, time 124.83ms, mfu 3.05%
iter 3240: loss 0.9592, time 123.27ms, mfu 3.05%
step 3250: train loss 0.8250, val loss 1.5691
iter 3250: loss 0.9676, time 12093.34ms, mfu 2.74%
iter 3260: loss 0.9528, time 155.41ms, mfu 2.71%
iter 3270: loss 0.9732, time 122.99ms, mfu 2.74%
iter 3280: loss 0.9452, time 124.50ms, mfu 2.77%
iter 3290: loss 0.9443, time 109.54ms, mfu 2.83%
iter 3300: loss 0.9422, time 125.24ms, mfu 2.84%
iter 3310: loss 0.9526, time 124.24ms, mfu 2.86%
iter 3320: loss 0.9620, time 125.39ms, mfu 2.87%
iter 3330: loss 0.9566, time 123.28ms, mfu 2.89%
iter 3340: loss 0.9514, time 123.90ms, mfu 2.90%
iter 3350: loss 0.9615, time 108.75ms, mfu 2.95%
iter 3360: loss 0.9177, time 124.13ms, mfu 2.96%
iter 3370: loss 0.9461, time 110.80ms, mfu 3.00%
iter 3380: loss 0.9506, time 125.61ms, mfu 2.99%
iter 3390: loss 0.9454, time 111.58ms, mfu 3.03%
iter 3400: loss 0.9530, time 125.92ms, mfu 3.02%
iter 3410: loss 0.9429, time 125.30ms, mfu 3.02%
iter 3420: loss 0.9427, time 110.20ms, mfu 3.05%
iter 3430: loss 0.9421, time 109.19ms, mfu 3.09%
iter 3440: loss 0.9756, time 123.47ms, mfu 3.08%
iter 3450: loss 0.9531, time 124.30ms, mfu 3.07%
iter 3460: loss 0.9408, time 108.52ms, mfu 3.11%
iter 3470: loss 0.9432, time 123.81ms, mfu 3.10%
iter 3480: loss 0.9397, time 110.88ms, mfu 3.13%
iter 3490: loss 0.9061, time 109.75ms, mfu 3.15%
step 3500: train loss 0.7772, val loss 1.5798
iter 3500: loss 0.8989, time 12225.45ms, mfu 2.84%
iter 3510: loss 0.9025, time 124.97ms, mfu 2.85%
iter 3520: loss 0.9178, time 126.62ms, mfu 2.86%
iter 3530: loss 0.9468, time 124.75ms, mfu 2.88%
iter 3540: loss 0.9168, time 124.33ms, mfu 2.89%
iter 3550: loss 0.9192, time 108.83ms, mfu 2.94%
iter 3560: loss 0.9439, time 109.87ms, mfu 2.99%
iter 3570: loss 0.9217, time 111.19ms, mfu 3.02%
iter 3580: loss 0.9279, time 123.37ms, mfu 3.02%
iter 3590: loss 0.9162, time 122.92ms, mfu 3.02%
iter 3600: loss 0.9068, time 154.39ms, mfu 2.96%
iter 3610: loss 0.9050, time 109.91ms, mfu 3.01%
iter 3620: loss 0.9028, time 139.53ms, mfu 2.97%
iter 3630: loss 0.9135, time 110.81ms, mfu 3.01%
iter 3640: loss 0.9098, time 123.72ms, mfu 3.01%
iter 3650: loss 0.9018, time 124.17ms, mfu 3.01%
iter 3660: loss 0.9352, time 138.56ms, mfu 2.98%
iter 3670: loss 0.9330, time 122.93ms, mfu 2.98%
iter 3680: loss 0.9034, time 125.88ms, mfu 2.98%
iter 3690: loss 0.9283, time 123.64ms, mfu 2.98%
iter 3700: loss 0.8614, time 109.21ms, mfu 3.03%
iter 3710: loss 0.8836, time 140.27ms, mfu 2.99%
iter 3720: loss 0.9013, time 123.73ms, mfu 2.99%
iter 3730: loss 0.8979, time 125.26ms, mfu 2.99%
iter 3740: loss 0.8898, time 94.61ms, mfu 3.09%
step 3750: train loss 0.7366, val loss 1.6073
iter 3750: loss 0.8885, time 12118.83ms, mfu 2.78%
iter 3760: loss 0.9235, time 108.54ms, mfu 2.85%
iter 3770: loss 0.9222, time 123.46ms, mfu 2.86%
iter 3780: loss 0.9141, time 123.32ms, mfu 2.88%
iter 3790: loss 0.8826, time 110.81ms, mfu 2.93%
iter 3800: loss 0.9052, time 108.50ms, mfu 2.98%
iter 3810: loss 0.9102, time 124.36ms, mfu 2.98%
iter 3820: loss 0.8716, time 124.60ms, mfu 2.98%
iter 3830: loss 0.8896, time 109.23ms, mfu 3.02%
iter 3840: loss 0.8742, time 123.98ms, mfu 3.02%
iter 3850: loss 0.8792, time 109.25ms, mfu 3.06%
iter 3860: loss 0.8600, time 110.49ms, mfu 3.09%
iter 3870: loss 0.8804, time 110.68ms, mfu 3.12%
iter 3880: loss 0.8766, time 123.45ms, mfu 3.11%
iter 3890: loss 0.8832, time 124.83ms, mfu 3.10%
iter 3900: loss 0.8893, time 110.11ms, mfu 3.13%
iter 3910: loss 0.8754, time 124.29ms, mfu 3.11%
iter 3920: loss 0.8568, time 109.17ms, mfu 3.14%
iter 3930: loss 0.8816, time 125.27ms, mfu 3.13%
iter 3940: loss 0.8631, time 125.48ms, mfu 3.11%
iter 3950: loss 0.8736, time 110.90ms, mfu 3.14%
iter 3960: loss 0.8888, time 110.10ms, mfu 3.16%
iter 3970: loss 0.8692, time 109.18ms, mfu 3.19%
iter 3980: loss 0.8968, time 111.29ms, mfu 3.20%
iter 3990: loss 0.8733, time 109.90ms, mfu 3.22%
step 4000: train loss 0.6972, val loss 1.6415
iter 4000: loss 0.8468, time 12317.11ms, mfu 2.90%
iter 4010: loss 0.8654, time 123.26ms, mfu 2.91%
iter 4020: loss 0.8772, time 139.54ms, mfu 2.89%
iter 4030: loss 0.8707, time 108.84ms, mfu 2.94%
iter 4040: loss 0.8674, time 123.17ms, mfu 2.95%
iter 4050: loss 0.8618, time 123.11ms, mfu 2.96%
iter 4060: loss 0.8486, time 109.75ms, mfu 3.00%
iter 4070: loss 0.8492, time 125.05ms, mfu 3.00%
iter 4080: loss 0.8697, time 124.48ms, mfu 3.00%
iter 4090: loss 0.8308, time 124.27ms, mfu 3.00%
iter 4100: loss 0.8876, time 111.26ms, mfu 3.03%
iter 4110: loss 0.8558, time 123.75ms, mfu 3.03%
iter 4120: loss 0.8669, time 110.45ms, mfu 3.07%
iter 4130: loss 0.8441, time 124.81ms, mfu 3.06%
iter 4140: loss 0.8582, time 123.43ms, mfu 3.05%
iter 4150: loss 0.8589, time 109.61ms, mfu 3.09%
iter 4160: loss 0.8381, time 125.05ms, mfu 3.08%
iter 4170: loss 0.8587, time 123.10ms, mfu 3.07%
iter 4180: loss 0.8481, time 110.27ms, mfu 3.10%
iter 4190: loss 0.8558, time 109.17ms, mfu 3.13%
iter 4200: loss 0.8459, time 125.37ms, mfu 3.12%
iter 4210: loss 0.8623, time 123.53ms, mfu 3.11%
iter 4220: loss 0.8471, time 109.12ms, mfu 3.14%
iter 4230: loss 0.8643, time 139.82ms, mfu 3.09%
iter 4240: loss 0.8516, time 123.43ms, mfu 3.08%
step 4250: train loss 0.6633, val loss 1.6676
iter 4250: loss 0.8583, time 12503.28ms, mfu 2.78%
iter 4260: loss 0.8474, time 111.50ms, mfu 2.83%
iter 4270: loss 0.8460, time 124.10ms, mfu 2.85%
iter 4280: loss 0.8435, time 124.34ms, mfu 2.87%
iter 4290: loss 0.8136, time 123.87ms, mfu 2.88%
iter 4300: loss 0.8165, time 110.14ms, mfu 2.93%
iter 4310: loss 0.8338, time 125.08ms, mfu 2.94%
iter 4320: loss 0.8251, time 109.61ms, mfu 2.98%
iter 4330: loss 0.8472, time 124.57ms, mfu 2.98%
iter 4340: loss 0.8169, time 124.35ms, mfu 2.98%
iter 4350: loss 0.8172, time 123.70ms, mfu 2.99%
iter 4360: loss 0.8403, time 111.74ms, mfu 3.02%
iter 4370: loss 0.8266, time 125.19ms, mfu 3.02%
iter 4380: loss 0.8266, time 124.73ms, mfu 3.01%
iter 4390: loss 0.8471, time 108.36ms, mfu 3.06%
iter 4400: loss 0.8255, time 125.27ms, mfu 3.05%
iter 4410: loss 0.8495, time 124.67ms, mfu 3.04%
iter 4420: loss 0.8445, time 123.72ms, mfu 3.04%
iter 4430: loss 0.8298, time 94.73ms, mfu 3.13%
iter 4440: loss 0.8292, time 109.57ms, mfu 3.16%
iter 4450: loss 0.8384, time 123.67ms, mfu 3.14%
iter 4460: loss 0.8172, time 123.50ms, mfu 3.13%
iter 4470: loss 0.8426, time 109.23ms, mfu 3.16%
iter 4480: loss 0.8162, time 123.63ms, mfu 3.14%
iter 4490: loss 0.8267, time 109.78ms, mfu 3.17%
step 4500: train loss 0.6357, val loss 1.6918
iter 4500: loss 0.8462, time 12560.55ms, mfu 2.85%
iter 4510: loss 0.8327, time 94.93ms, mfu 2.96%
iter 4520: loss 0.8240, time 125.42ms, mfu 2.96%
iter 4530: loss 0.8255, time 124.15ms, mfu 2.97%
iter 4540: loss 0.8320, time 109.26ms, mfu 3.01%
iter 4550: loss 0.8530, time 124.76ms, mfu 3.01%
iter 4560: loss 0.8246, time 124.55ms, mfu 3.01%
iter 4570: loss 0.8257, time 124.98ms, mfu 3.00%
iter 4580: loss 0.8391, time 110.39ms, mfu 3.04%
iter 4590: loss 0.8367, time 125.37ms, mfu 3.03%
iter 4600: loss 0.8130, time 124.25ms, mfu 3.03%
iter 4610: loss 0.8438, time 125.30ms, mfu 3.03%
iter 4620: loss 0.8191, time 122.63ms, mfu 3.03%
iter 4630: loss 0.8111, time 109.68ms, mfu 3.06%
iter 4640: loss 0.8280, time 125.73ms, mfu 3.05%
iter 4650: loss 0.8404, time 95.01ms, mfu 3.14%
iter 4660: loss 0.8331, time 125.10ms, mfu 3.12%
iter 4670: loss 0.8258, time 110.02ms, mfu 3.15%
iter 4680: loss 0.8339, time 110.03ms, mfu 3.17%
iter 4690: loss 0.8215, time 124.32ms, mfu 3.16%
iter 4700: loss 0.7981, time 109.05ms, mfu 3.18%
iter 4710: loss 0.7673, time 123.17ms, mfu 3.17%
iter 4720: loss 0.8136, time 92.74ms, mfu 3.25%
iter 4730: loss 0.8054, time 78.64ms, mfu 3.40%
iter 4740: loss 0.8062, time 78.04ms, mfu 3.54%
step 4750: train loss 0.6139, val loss 1.7088
iter 4750: loss 0.7834, time 11553.48ms, mfu 3.19%
iter 4760: loss 0.7986, time 78.61ms, mfu 3.34%
iter 4770: loss 0.7748, time 77.52ms, mfu 3.49%
iter 4780: loss 0.7878, time 94.92ms, mfu 3.53%
iter 4790: loss 0.8215, time 124.72ms, mfu 3.48%
iter 4800: loss 0.8007, time 109.60ms, mfu 3.47%
iter 4810: loss 0.8115, time 124.63ms, mfu 3.42%
iter 4820: loss 0.7925, time 109.79ms, mfu 3.42%
iter 4830: loss 0.8053, time 109.99ms, mfu 3.42%
iter 4840: loss 0.8062, time 109.80ms, mfu 3.41%
iter 4850: loss 0.7904, time 109.05ms, mfu 3.41%
iter 4860: loss 0.7998, time 109.15ms, mfu 3.41%
iter 4870: loss 0.7904, time 108.65ms, mfu 3.42%
iter 4880: loss 0.8134, time 110.32ms, mfu 3.41%
iter 4890: loss 0.7915, time 79.21ms, mfu 3.54%
iter 4900: loss 0.7818, time 109.72ms, mfu 3.53%
iter 4910: loss 0.8093, time 110.37ms, mfu 3.51%
iter 4920: loss 0.7963, time 124.77ms, mfu 3.46%
iter 4930: loss 0.7919, time 124.30ms, mfu 3.41%
iter 4940: loss 0.7783, time 122.74ms, mfu 3.38%
iter 4950: loss 0.8011, time 125.25ms, mfu 3.34%
iter 4960: loss 0.8062, time 124.26ms, mfu 3.30%
iter 4970: loss 0.7577, time 108.00ms, mfu 3.32%
iter 4980: loss 0.7733, time 124.76ms, mfu 3.28%
iter 4990: loss 0.7988, time 123.08ms, mfu 3.26%
step 5000: train loss 0.5975, val loss 1.7288
iter 5000: loss 0.7979, time 12485.16ms, mfu 2.94%
