Overriding config with config/train_shakespeare_char.py:
# train a miniature character-level shakespeare model
# good for debugging and playing on macbooks and such

out_dir = 'out-shakespeare-char'
eval_interval = 250 # keep frequent because we'll overfit
eval_iters = 200
log_interval = 10 # don't print too too often

# we expect to overfit on this small dataset, so only save when val improves
always_save_checkpoint = False

wandb_log = False # override via command line if you like
wandb_project = 'shakespeare-char'
wandb_run_name = 'mini-gpt'

dataset = 'shakespeare_char'
gradient_accumulation_steps = 1
batch_size = 64
block_size = 256 # context of up to 256 previous characters

# baby GPT model :)
n_layer = 6
n_head = 6
n_embd = 384
dropout = 0.2

learning_rate = 1e-3 # with baby networks can afford to go a bit higher
max_iters = 5000
lr_decay_iters = 5000 # make equal to max_iters usually
min_lr = 1e-4 # learning_rate / 10 usually
beta2 = 0.99 # make a bit bigger because number of tokens per iter is small

warmup_iters = 100 # not super necessary potentially

# on macbook also add
# device = 'cpu'  # run on cpu only
# compile = False # do not torch compile the model

Overriding: compile = False
Overriding: out_dir = runs\gqa_lr3e-3_s1339
Overriding: learning_rate = 0.003
Overriding: min_lr = 0.00030000000000000003
Overriding: seed = 1339
Overriding: save_checkpoint = False
Overriding: n_kv_head = 3
tokens per iteration will be: 16,384
found vocab_size = 65 (inside data\shakespeare_char\meta.pkl)
Initializing a new model from scratch
number of parameters: 9.76M
C:\Users\86271\hw1work\nanoGPT\train.py:204: FutureWarning: `torch.cuda.amp.GradScaler(args...)` is deprecated. Please use `torch.amp.GradScaler('cuda', args...)` instead.
  scaler = torch.cuda.amp.GradScaler(enabled=(dtype == 'float16'))
num decayed parameter tensors: 26, with 9,855,360 parameters
num non-decayed parameter tensors: 13, with 4,992 parameters
using fused AdamW: True
step 0: train loss 4.3203, val loss 4.3159
iter 0: loss 4.3062, time 10442.82ms, mfu -100.00%
iter 10: loss 2.9071, time 78.94ms, mfu 4.37%
iter 20: loss 2.6670, time 93.87ms, mfu 4.30%
iter 30: loss 2.5543, time 92.48ms, mfu 4.24%
iter 40: loss 2.5255, time 93.02ms, mfu 4.19%
iter 50: loss 2.5210, time 78.06ms, mfu 4.21%
iter 60: loss 2.4911, time 108.51ms, mfu 4.11%
iter 70: loss 2.4903, time 94.39ms, mfu 4.06%
iter 80: loss 2.4744, time 92.07ms, mfu 4.03%
iter 90: loss 2.4878, time 93.64ms, mfu 4.00%
iter 100: loss 2.4509, time 78.05ms, mfu 4.04%
iter 110: loss 2.4419, time 92.62ms, mfu 4.01%
iter 120: loss 2.4182, time 78.44ms, mfu 4.04%
iter 130: loss 2.3738, time 93.33ms, mfu 4.01%
iter 140: loss 2.3203, time 93.52ms, mfu 3.98%
iter 150: loss 2.2445, time 108.80ms, mfu 3.90%
iter 160: loss 2.1875, time 93.23ms, mfu 3.88%
iter 170: loss 2.1271, time 77.53ms, mfu 3.93%
iter 180: loss 2.1133, time 107.81ms, mfu 3.86%
iter 190: loss 2.0221, time 93.24ms, mfu 3.84%
iter 200: loss 2.0394, time 93.50ms, mfu 3.83%
iter 210: loss 1.9908, time 93.29ms, mfu 3.81%
iter 220: loss 1.9678, time 92.76ms, mfu 3.80%
iter 230: loss 1.9379, time 78.69ms, mfu 3.86%
iter 240: loss 1.9221, time 78.27ms, mfu 3.92%
step 250: train loss 1.7997, val loss 1.9599
iter 250: loss 1.9137, time 9849.35ms, mfu 3.53%
iter 260: loss 1.8577, time 77.81ms, mfu 3.62%
iter 270: loss 1.8513, time 78.59ms, mfu 3.70%
iter 280: loss 1.8567, time 92.40ms, mfu 3.70%
iter 290: loss 1.8326, time 93.26ms, mfu 3.70%
iter 300: loss 1.7824, time 92.68ms, mfu 3.70%
iter 310: loss 1.8244, time 93.14ms, mfu 3.70%
iter 320: loss 1.7738, time 93.62ms, mfu 3.70%
iter 330: loss 1.7765, time 78.80ms, mfu 3.77%
iter 340: loss 1.7693, time 108.43ms, mfu 3.71%
iter 350: loss 1.7712, time 108.45ms, mfu 3.66%
iter 360: loss 1.7255, time 78.41ms, mfu 3.73%
iter 370: loss 1.7383, time 79.03ms, mfu 3.79%
iter 380: loss 1.7593, time 108.17ms, mfu 3.73%
iter 390: loss 1.7355, time 78.37ms, mfu 3.80%
iter 400: loss 1.6818, time 77.19ms, mfu 3.87%
iter 410: loss 1.7087, time 93.36ms, mfu 3.85%
iter 420: loss 1.6884, time 78.48ms, mfu 3.90%
iter 430: loss 1.7019, time 93.67ms, mfu 3.88%
iter 440: loss 1.6681, time 77.83ms, mfu 3.94%
iter 450: loss 1.6731, time 94.05ms, mfu 3.91%
iter 460: loss 1.6659, time 93.11ms, mfu 3.89%
iter 470: loss 1.6424, time 93.25ms, mfu 3.87%
iter 480: loss 1.6638, time 78.76ms, mfu 3.92%
iter 490: loss 1.6375, time 78.02ms, mfu 3.97%
step 500: train loss 1.5388, val loss 1.7494
iter 500: loss 1.6414, time 10422.36ms, mfu 3.58%
iter 510: loss 1.6637, time 77.88ms, mfu 3.66%
iter 520: loss 1.6295, time 109.72ms, mfu 3.61%
iter 530: loss 1.6399, time 77.01ms, mfu 3.70%
iter 540: loss 1.6255, time 93.96ms, mfu 3.69%
iter 550: loss 1.5700, time 93.07ms, mfu 3.69%
iter 560: loss 1.6242, time 93.47ms, mfu 3.69%
iter 570: loss 1.6181, time 77.57ms, mfu 3.77%
iter 580: loss 1.5970, time 77.60ms, mfu 3.84%
iter 590: loss 1.5987, time 77.60ms, mfu 3.90%
iter 600: loss 1.5480, time 78.39ms, mfu 3.95%
iter 610: loss 1.5978, time 92.81ms, mfu 3.92%
iter 620: loss 1.5920, time 78.29ms, mfu 3.97%
iter 630: loss 1.6016, time 92.95ms, mfu 3.95%
iter 640: loss 1.5867, time 77.60ms, mfu 4.00%
iter 650: loss 1.5840, time 78.53ms, mfu 4.03%
iter 660: loss 1.5435, time 78.13ms, mfu 4.07%
iter 670: loss 1.5145, time 93.65ms, mfu 4.03%
iter 680: loss 1.5317, time 92.01ms, mfu 4.00%
iter 690: loss 1.5285, time 93.19ms, mfu 3.97%
iter 700: loss 1.5464, time 78.96ms, mfu 4.01%
iter 710: loss 1.5139, time 78.20ms, mfu 4.05%
iter 720: loss 1.5260, time 93.86ms, mfu 4.01%
iter 730: loss 1.5498, time 93.22ms, mfu 3.98%
iter 740: loss 1.5172, time 93.46ms, mfu 3.95%
step 750: train loss 1.4012, val loss 1.6138
iter 750: loss 1.4964, time 10652.64ms, mfu 3.56%
iter 760: loss 1.5169, time 93.75ms, mfu 3.57%
iter 770: loss 1.5029, time 77.58ms, mfu 3.66%
iter 780: loss 1.5020, time 77.81ms, mfu 3.74%
iter 790: loss 1.4988, time 92.10ms, mfu 3.74%
iter 800: loss 1.4962, time 107.89ms, mfu 3.68%
iter 810: loss 1.4691, time 92.85ms, mfu 3.69%
iter 820: loss 1.4722, time 78.02ms, mfu 3.76%
iter 830: loss 1.4646, time 77.62ms, mfu 3.83%
iter 840: loss 1.4325, time 92.65ms, mfu 3.82%
iter 850: loss 1.4377, time 78.12ms, mfu 3.88%
iter 860: loss 1.4418, time 94.19ms, mfu 3.86%
iter 870: loss 1.3985, time 93.64ms, mfu 3.84%
iter 880: loss 1.4555, time 92.68ms, mfu 3.83%
iter 890: loss 1.4231, time 93.40ms, mfu 3.81%
iter 900: loss 1.4138, time 92.77ms, mfu 3.80%
iter 910: loss 1.4268, time 92.84ms, mfu 3.79%
iter 920: loss 1.4490, time 92.89ms, mfu 3.79%
iter 930: loss 1.4199, time 93.15ms, mfu 3.78%
iter 940: loss 1.4054, time 77.74ms, mfu 3.84%
iter 950: loss 1.4090, time 77.26ms, mfu 3.90%
iter 960: loss 1.4397, time 79.63ms, mfu 3.95%
iter 970: loss 1.4150, time 78.40ms, mfu 3.99%
iter 980: loss 1.3873, time 78.05ms, mfu 4.03%
iter 990: loss 1.4075, time 78.31ms, mfu 4.07%
step 1000: train loss 1.3088, val loss 1.5520
iter 1000: loss 1.4047, time 10048.23ms, mfu 3.67%
iter 1010: loss 1.4123, time 109.50ms, mfu 3.62%
iter 1020: loss 1.3882, time 93.17ms, mfu 3.62%
iter 1030: loss 1.4158, time 92.99ms, mfu 3.63%
iter 1040: loss 1.4015, time 92.75ms, mfu 3.64%
iter 1050: loss 1.3948, time 92.60ms, mfu 3.65%
iter 1060: loss 1.4131, time 78.13ms, mfu 3.73%
iter 1070: loss 1.3707, time 93.25ms, mfu 3.72%
iter 1080: loss 1.3624, time 93.16ms, mfu 3.72%
iter 1090: loss 1.3741, time 77.86ms, mfu 3.79%
iter 1100: loss 1.3698, time 93.05ms, mfu 3.78%
iter 1110: loss 1.4141, time 92.78ms, mfu 3.78%
iter 1120: loss 1.3342, time 93.60ms, mfu 3.77%
iter 1130: loss 1.3514, time 93.65ms, mfu 3.76%
iter 1140: loss 1.3985, time 93.50ms, mfu 3.75%
iter 1150: loss 1.3703, time 94.37ms, mfu 3.74%
iter 1160: loss 1.3420, time 77.97ms, mfu 3.81%
iter 1170: loss 1.3569, time 78.51ms, mfu 3.87%
iter 1180: loss 1.3291, time 78.10ms, mfu 3.92%
iter 1190: loss 1.3770, time 94.29ms, mfu 3.90%
iter 1200: loss 1.3552, time 92.49ms, mfu 3.88%
iter 1210: loss 1.3376, time 92.41ms, mfu 3.86%
iter 1220: loss 1.3217, time 92.24ms, mfu 3.85%
iter 1230: loss 1.2953, time 92.78ms, mfu 3.84%
iter 1240: loss 1.3051, time 94.37ms, mfu 3.82%
step 1250: train loss 1.2458, val loss 1.5040
iter 1250: loss 1.3366, time 10036.84ms, mfu 3.44%
iter 1260: loss 1.3366, time 78.44ms, mfu 3.54%
iter 1270: loss 1.3474, time 77.92ms, mfu 3.63%
iter 1280: loss 1.3158, time 77.29ms, mfu 3.71%
iter 1290: loss 1.3247, time 77.83ms, mfu 3.78%
iter 1300: loss 1.3084, time 77.85ms, mfu 3.85%
iter 1310: loss 1.3087, time 92.89ms, mfu 3.83%
iter 1320: loss 1.3077, time 78.15ms, mfu 3.89%
iter 1330: loss 1.2815, time 93.43ms, mfu 3.87%
iter 1340: loss 1.3067, time 108.26ms, mfu 3.80%
iter 1350: loss 1.3008, time 78.17ms, mfu 3.86%
iter 1360: loss 1.3314, time 77.70ms, mfu 3.92%
iter 1370: loss 1.3092, time 78.28ms, mfu 3.97%
iter 1380: loss 1.2766, time 94.20ms, mfu 3.94%
iter 1390: loss 1.3074, time 92.91ms, mfu 3.91%
iter 1400: loss 1.2994, time 93.39ms, mfu 3.89%
iter 1410: loss 1.2994, time 107.55ms, mfu 3.82%
iter 1420: loss 1.2645, time 93.77ms, mfu 3.81%
iter 1430: loss 1.3008, time 93.54ms, mfu 3.80%
iter 1440: loss 1.3053, time 93.55ms, mfu 3.79%
iter 1450: loss 1.2877, time 77.81ms, mfu 3.85%
iter 1460: loss 1.2983, time 93.00ms, mfu 3.84%
iter 1470: loss 1.2991, time 92.60ms, mfu 3.82%
iter 1480: loss 1.2655, time 94.01ms, mfu 3.81%
iter 1490: loss 1.2915, time 93.10ms, mfu 3.80%
step 1500: train loss 1.1897, val loss 1.4735
iter 1500: loss 1.3000, time 10431.98ms, mfu 3.42%
iter 1510: loss 1.2568, time 64.07ms, mfu 3.62%
iter 1520: loss 1.2490, time 78.04ms, mfu 3.70%
iter 1530: loss 1.2619, time 78.11ms, mfu 3.77%
iter 1540: loss 1.2450, time 93.44ms, mfu 3.76%
iter 1550: loss 1.2117, time 92.98ms, mfu 3.76%
iter 1560: loss 1.2577, time 92.56ms, mfu 3.75%
iter 1570: loss 1.2683, time 93.80ms, mfu 3.74%
iter 1580: loss 1.2765, time 62.51ms, mfu 3.92%
iter 1590: loss 1.2752, time 76.31ms, mfu 3.98%
iter 1600: loss 1.2250, time 93.87ms, mfu 3.95%
iter 1610: loss 1.3023, time 92.77ms, mfu 3.93%
iter 1620: loss 1.2458, time 78.60ms, mfu 3.97%
iter 1630: loss 1.2450, time 77.86ms, mfu 4.02%
iter 1640: loss 1.2697, time 92.80ms, mfu 3.99%
iter 1650: loss 1.2424, time 92.10ms, mfu 3.96%
iter 1660: loss 1.2698, time 78.40ms, mfu 4.01%
iter 1670: loss 1.2746, time 78.16ms, mfu 4.05%
iter 1680: loss 1.2092, time 78.64ms, mfu 4.08%
iter 1690: loss 1.2218, time 93.34ms, mfu 4.04%
iter 1700: loss 1.2411, time 77.65ms, mfu 4.08%
iter 1710: loss 1.2298, time 78.00ms, mfu 4.12%
iter 1720: loss 1.2456, time 77.08ms, mfu 4.15%
iter 1730: loss 1.2197, time 93.41ms, mfu 4.11%
iter 1740: loss 1.2128, time 78.87ms, mfu 4.13%
step 1750: train loss 1.1417, val loss 1.4573
iter 1750: loss 1.2362, time 10494.59ms, mfu 3.72%
iter 1760: loss 1.2219, time 78.84ms, mfu 3.79%
iter 1770: loss 1.2470, time 78.61ms, mfu 3.85%
iter 1780: loss 1.2149, time 107.53ms, mfu 3.78%
iter 1790: loss 1.2705, time 78.12ms, mfu 3.85%
iter 1800: loss 1.2206, time 93.07ms, mfu 3.83%
iter 1810: loss 1.2129, time 93.87ms, mfu 3.82%
iter 1820: loss 1.2247, time 93.35ms, mfu 3.80%
iter 1830: loss 1.1793, time 78.29ms, mfu 3.86%
iter 1840: loss 1.2175, time 93.64ms, mfu 3.85%
iter 1850: loss 1.1875, time 93.18ms, mfu 3.83%
iter 1860: loss 1.2187, time 78.04ms, mfu 3.89%
iter 1870: loss 1.2204, time 93.93ms, mfu 3.87%
iter 1880: loss 1.1858, time 94.35ms, mfu 3.85%
iter 1890: loss 1.2299, time 108.43ms, mfu 3.78%
iter 1900: loss 1.2168, time 90.49ms, mfu 3.78%
iter 1910: loss 1.1898, time 77.53ms, mfu 3.85%
iter 1920: loss 1.2273, time 78.81ms, mfu 3.90%
iter 1930: loss 1.1856, time 92.66ms, mfu 3.88%
iter 1940: loss 1.1843, time 93.42ms, mfu 3.86%
iter 1950: loss 1.2043, time 77.51ms, mfu 3.92%
iter 1960: loss 1.2278, time 76.97ms, mfu 3.98%
iter 1970: loss 1.2048, time 93.35ms, mfu 3.95%
iter 1980: loss 1.1837, time 78.02ms, mfu 4.00%
iter 1990: loss 1.2023, time 78.05ms, mfu 4.04%
step 2000: train loss 1.0994, val loss 1.4574
iter 2000: loss 1.2306, time 10073.33ms, mfu 3.64%
iter 2010: loss 1.2160, time 108.15ms, mfu 3.59%
iter 2020: loss 1.1611, time 92.99ms, mfu 3.60%
iter 2030: loss 1.1581, time 92.93ms, mfu 3.62%
iter 2040: loss 1.1652, time 77.51ms, mfu 3.70%
iter 2050: loss 1.1688, time 78.02ms, mfu 3.77%
iter 2060: loss 1.2051, time 78.52ms, mfu 3.83%
iter 2070: loss 1.1936, time 78.37ms, mfu 3.89%
iter 2080: loss 1.1964, time 93.07ms, mfu 3.87%
iter 2090: loss 1.1843, time 78.12ms, mfu 3.92%
iter 2100: loss 1.1872, time 93.35ms, mfu 3.90%
iter 2110: loss 1.1826, time 93.11ms, mfu 3.88%
iter 2120: loss 1.1773, time 92.84ms, mfu 3.86%
iter 2130: loss 1.1761, time 109.54ms, mfu 3.79%
iter 2140: loss 1.1498, time 77.72ms, mfu 3.86%
iter 2150: loss 1.1865, time 92.67ms, mfu 3.84%
iter 2160: loss 1.1578, time 92.43ms, mfu 3.83%
iter 2170: loss 1.1671, time 78.16ms, mfu 3.89%
iter 2180: loss 1.1626, time 93.25ms, mfu 3.87%
iter 2190: loss 1.1599, time 94.20ms, mfu 3.85%
iter 2200: loss 1.1668, time 108.63ms, mfu 3.78%
iter 2210: loss 1.1599, time 92.73ms, mfu 3.78%
iter 2220: loss 1.1236, time 93.44ms, mfu 3.77%
iter 2230: loss 1.1334, time 77.78ms, mfu 3.83%
iter 2240: loss 1.1508, time 108.84ms, mfu 3.77%
step 2250: train loss 1.0630, val loss 1.4496
iter 2250: loss 1.1875, time 9997.24ms, mfu 3.39%
iter 2260: loss 1.1621, time 93.05ms, mfu 3.42%
iter 2270: loss 1.1665, time 93.21ms, mfu 3.45%
iter 2280: loss 1.1300, time 78.07ms, mfu 3.55%
iter 2290: loss 1.1631, time 93.37ms, mfu 3.56%
iter 2300: loss 1.1069, time 92.36ms, mfu 3.58%
iter 2310: loss 1.1496, time 93.28ms, mfu 3.59%
iter 2320: loss 1.1481, time 107.37ms, mfu 3.55%
iter 2330: loss 1.1463, time 92.80ms, mfu 3.57%
iter 2340: loss 1.1342, time 94.07ms, mfu 3.58%
iter 2350: loss 1.1290, time 93.58ms, mfu 3.59%
iter 2360: loss 1.1821, time 78.56ms, mfu 3.67%
iter 2370: loss 1.1427, time 94.26ms, mfu 3.67%
iter 2380: loss 1.1297, time 92.69ms, mfu 3.67%
iter 2390: loss 1.0998, time 108.75ms, mfu 3.62%
iter 2400: loss 1.1095, time 78.34ms, mfu 3.70%
iter 2410: loss 1.1615, time 92.69ms, mfu 3.70%
iter 2420: loss 1.1404, time 77.73ms, mfu 3.78%
iter 2430: loss 1.1345, time 93.53ms, mfu 3.77%
iter 2440: loss 1.1416, time 108.69ms, mfu 3.71%
iter 2450: loss 1.1249, time 93.98ms, mfu 3.70%
iter 2460: loss 1.1292, time 77.73ms, mfu 3.78%
iter 2470: loss 1.1271, time 77.77ms, mfu 3.84%
iter 2480: loss 1.1251, time 93.05ms, mfu 3.83%
iter 2490: loss 1.1392, time 92.94ms, mfu 3.82%
step 2500: train loss 1.0148, val loss 1.4565
iter 2500: loss 1.1247, time 10514.48ms, mfu 3.44%
iter 2510: loss 1.0942, time 92.78ms, mfu 3.47%
iter 2520: loss 1.0802, time 77.39ms, mfu 3.56%
iter 2530: loss 1.1057, time 93.46ms, mfu 3.58%
iter 2540: loss 1.0732, time 78.31ms, mfu 3.66%
iter 2550: loss 1.1120, time 92.94ms, mfu 3.66%
iter 2560: loss 1.1205, time 92.63ms, mfu 3.67%
iter 2570: loss 1.1356, time 93.25ms, mfu 3.67%
iter 2580: loss 1.0693, time 92.39ms, mfu 3.68%
iter 2590: loss 1.0868, time 92.49ms, mfu 3.68%
iter 2600: loss 1.0828, time 77.75ms, mfu 3.76%
iter 2610: loss 1.0974, time 92.24ms, mfu 3.76%
iter 2620: loss 1.0997, time 62.67ms, mfu 3.93%
iter 2630: loss 1.0878, time 78.48ms, mfu 3.98%
iter 2640: loss 1.0813, time 92.97ms, mfu 3.95%
iter 2650: loss 1.0891, time 78.33ms, mfu 4.00%
iter 2660: loss 1.1114, time 94.50ms, mfu 3.96%
iter 2670: loss 1.0768, time 93.46ms, mfu 3.93%
iter 2680: loss 1.0624, time 78.31ms, mfu 3.98%
iter 2690: loss 1.1075, time 77.81ms, mfu 4.03%
iter 2700: loss 1.0785, time 77.82ms, mfu 4.07%
iter 2710: loss 1.0856, time 93.42ms, mfu 4.03%
iter 2720: loss 1.0754, time 93.97ms, mfu 3.99%
iter 2730: loss 1.0932, time 94.33ms, mfu 3.96%
iter 2740: loss 1.0840, time 93.27ms, mfu 3.93%
step 2750: train loss 0.9739, val loss 1.4828
iter 2750: loss 1.0764, time 10497.57ms, mfu 3.54%
iter 2760: loss 1.0742, time 78.86ms, mfu 3.63%
iter 2770: loss 1.0778, time 93.44ms, mfu 3.63%
iter 2780: loss 1.0906, time 78.72ms, mfu 3.71%
iter 2790: loss 1.1132, time 78.05ms, mfu 3.78%
iter 2800: loss 1.0676, time 93.73ms, mfu 3.77%
iter 2810: loss 1.0533, time 93.64ms, mfu 3.76%
iter 2820: loss 1.0714, time 77.46ms, mfu 3.83%
iter 2830: loss 1.0742, time 93.20ms, mfu 3.82%
iter 2840: loss 1.0602, time 92.57ms, mfu 3.81%
iter 2850: loss 1.0683, time 93.22ms, mfu 3.80%
iter 2860: loss 1.0918, time 92.77ms, mfu 3.79%
iter 2870: loss 1.0637, time 93.65ms, mfu 3.78%
iter 2880: loss 1.0517, time 93.00ms, mfu 3.77%
iter 2890: loss 1.0601, time 92.71ms, mfu 3.76%
iter 2900: loss 1.0814, time 77.94ms, mfu 3.83%
iter 2910: loss 1.0574, time 79.09ms, mfu 3.88%
iter 2920: loss 1.0570, time 77.49ms, mfu 3.94%
iter 2930: loss 1.0393, time 93.69ms, mfu 3.91%
iter 2940: loss 1.0481, time 92.86ms, mfu 3.89%
iter 2950: loss 1.0668, time 93.88ms, mfu 3.87%
iter 2960: loss 1.0488, time 93.25ms, mfu 3.85%
iter 2970: loss 1.0311, time 78.13ms, mfu 3.91%
iter 2980: loss 1.0243, time 92.47ms, mfu 3.89%
iter 2990: loss 1.0320, time 77.75ms, mfu 3.95%
step 3000: train loss 0.9282, val loss 1.4972
iter 3000: loss 1.0412, time 9944.11ms, mfu 3.55%
iter 3010: loss 1.0469, time 62.49ms, mfu 3.75%
iter 3020: loss 1.0526, time 61.75ms, mfu 3.93%
iter 3030: loss 1.0444, time 61.87ms, mfu 4.10%
iter 3040: loss 1.0740, time 47.07ms, mfu 4.42%
iter 3050: loss 1.0050, time 62.28ms, mfu 4.53%
iter 3060: loss 1.0404, time 62.29ms, mfu 4.63%
iter 3070: loss 1.0468, time 62.57ms, mfu 4.72%
iter 3080: loss 1.0318, time 62.17ms, mfu 4.80%
iter 3090: loss 1.0278, time 62.56ms, mfu 4.87%
iter 3100: loss 1.0347, time 61.52ms, mfu 4.95%
iter 3110: loss 1.0322, time 61.56ms, mfu 5.01%
iter 3120: loss 1.0145, time 61.92ms, mfu 5.07%
iter 3130: loss 1.0388, time 62.59ms, mfu 5.11%
iter 3140: loss 1.0189, time 62.25ms, mfu 5.15%
iter 3150: loss 1.0299, time 63.27ms, mfu 5.18%
iter 3160: loss 1.0191, time 61.88ms, mfu 5.22%
iter 3170: loss 1.0325, time 63.74ms, mfu 5.24%
iter 3180: loss 1.0548, time 61.50ms, mfu 5.28%
iter 3190: loss 1.0226, time 62.42ms, mfu 5.30%
iter 3200: loss 1.0010, time 62.82ms, mfu 5.32%
iter 3210: loss 1.0148, time 62.22ms, mfu 5.34%
iter 3220: loss 0.9956, time 61.71ms, mfu 5.37%
iter 3230: loss 1.0111, time 62.14ms, mfu 5.39%
iter 3240: loss 1.0249, time 61.27ms, mfu 5.41%
step 3250: train loss 0.8840, val loss 1.5152
iter 3250: loss 0.9926, time 6838.04ms, mfu 4.87%
iter 3260: loss 1.0021, time 61.77ms, mfu 4.94%
iter 3270: loss 1.0183, time 47.70ms, mfu 5.17%
iter 3280: loss 1.0047, time 47.27ms, mfu 5.38%
iter 3290: loss 0.9993, time 61.42ms, mfu 5.41%
iter 3300: loss 1.0482, time 61.57ms, mfu 5.43%
iter 3310: loss 1.0033, time 62.13ms, mfu 5.44%
iter 3320: loss 1.0193, time 62.87ms, mfu 5.44%
iter 3330: loss 0.9964, time 61.57ms, mfu 5.46%
iter 3340: loss 0.9912, time 61.93ms, mfu 5.47%
iter 3350: loss 0.9806, time 48.82ms, mfu 5.63%
iter 3360: loss 1.0007, time 62.17ms, mfu 5.62%
iter 3370: loss 1.0010, time 60.59ms, mfu 5.63%
iter 3380: loss 0.9882, time 63.42ms, mfu 5.61%
iter 3390: loss 0.9850, time 62.81ms, mfu 5.60%
iter 3400: loss 0.9967, time 62.05ms, mfu 5.59%
iter 3410: loss 0.9699, time 62.55ms, mfu 5.58%
iter 3420: loss 1.0220, time 62.07ms, mfu 5.58%
iter 3430: loss 1.0003, time 62.66ms, mfu 5.57%
iter 3440: loss 0.9753, time 61.62ms, mfu 5.58%
iter 3450: loss 1.0056, time 62.62ms, mfu 5.57%
iter 3460: loss 0.9879, time 47.38ms, mfu 5.74%
iter 3470: loss 0.9854, time 62.44ms, mfu 5.72%
iter 3480: loss 0.9778, time 48.46ms, mfu 5.86%
iter 3490: loss 0.9649, time 61.54ms, mfu 5.83%
step 3500: train loss 0.8378, val loss 1.5373
iter 3500: loss 0.9583, time 7233.63ms, mfu 5.25%
iter 3510: loss 0.9668, time 61.86ms, mfu 5.29%
iter 3520: loss 0.9755, time 61.57ms, mfu 5.32%
iter 3530: loss 0.9656, time 61.99ms, mfu 5.34%
iter 3540: loss 0.9879, time 61.62ms, mfu 5.37%
iter 3550: loss 0.9616, time 61.45ms, mfu 5.39%
iter 3560: loss 0.9436, time 47.37ms, mfu 5.58%
iter 3570: loss 0.9538, time 47.95ms, mfu 5.74%
iter 3580: loss 0.9680, time 61.31ms, mfu 5.73%
iter 3590: loss 0.9813, time 61.17ms, mfu 5.72%
iter 3600: loss 0.9702, time 62.29ms, mfu 5.70%
iter 3610: loss 0.9632, time 47.59ms, mfu 5.86%
iter 3620: loss 0.9518, time 61.91ms, mfu 5.83%
iter 3630: loss 0.9416, time 47.03ms, mfu 5.98%
iter 3640: loss 0.9267, time 46.81ms, mfu 6.12%
iter 3650: loss 1.0063, time 48.65ms, mfu 6.21%
iter 3660: loss 0.9618, time 62.81ms, mfu 6.14%
iter 3670: loss 0.9501, time 75.38ms, mfu 5.98%
iter 3680: loss 0.9418, time 61.54ms, mfu 5.95%
iter 3690: loss 0.9626, time 62.43ms, mfu 5.90%
iter 3700: loss 0.9721, time 47.41ms, mfu 6.04%
iter 3710: loss 0.9502, time 61.64ms, mfu 6.00%
iter 3720: loss 0.9784, time 61.84ms, mfu 5.95%
iter 3730: loss 0.9569, time 62.60ms, mfu 5.91%
iter 3740: loss 0.9231, time 48.68ms, mfu 6.03%
step 3750: train loss 0.7999, val loss 1.5568
iter 3750: loss 0.9484, time 7302.57ms, mfu 5.43%
iter 3760: loss 0.9310, time 47.65ms, mfu 5.61%
iter 3770: loss 0.9585, time 62.71ms, mfu 5.60%
iter 3780: loss 0.9754, time 62.68ms, mfu 5.59%
iter 3790: loss 0.9331, time 61.92ms, mfu 5.59%
iter 3800: loss 0.9263, time 62.91ms, mfu 5.58%
iter 3810: loss 0.9471, time 62.11ms, mfu 5.57%
iter 3820: loss 0.9322, time 62.20ms, mfu 5.57%
iter 3830: loss 0.9520, time 62.00ms, mfu 5.57%
iter 3840: loss 0.9184, time 61.22ms, mfu 5.58%
iter 3850: loss 0.9493, time 47.20ms, mfu 5.75%
iter 3860: loss 0.9060, time 60.77ms, mfu 5.74%
iter 3870: loss 0.9395, time 61.67ms, mfu 5.73%
iter 3880: loss 0.9392, time 61.57ms, mfu 5.71%
iter 3890: loss 0.9113, time 46.83ms, mfu 5.88%
iter 3900: loss 0.9408, time 61.81ms, mfu 5.85%
iter 3910: loss 0.9370, time 62.24ms, mfu 5.82%
iter 3920: loss 0.8999, time 61.86ms, mfu 5.79%
iter 3930: loss 0.9329, time 47.79ms, mfu 5.93%
iter 3940: loss 0.9229, time 47.89ms, mfu 6.06%
iter 3950: loss 0.9172, time 60.92ms, mfu 6.02%
iter 3960: loss 0.9204, time 61.06ms, mfu 5.98%
iter 3970: loss 0.9128, time 62.01ms, mfu 5.94%
iter 3980: loss 0.9118, time 47.49ms, mfu 6.07%
iter 3990: loss 0.9241, time 62.26ms, mfu 6.02%
step 4000: train loss 0.7582, val loss 1.5913
iter 4000: loss 0.9024, time 7325.37ms, mfu 5.42%
iter 4010: loss 0.9304, time 62.23ms, mfu 5.43%
iter 4020: loss 0.9480, time 62.81ms, mfu 5.44%
iter 4030: loss 0.9251, time 61.77ms, mfu 5.45%
iter 4040: loss 0.9036, time 63.46ms, mfu 5.45%
iter 4050: loss 0.9265, time 61.67ms, mfu 5.47%
iter 4060: loss 0.9307, time 76.78ms, mfu 5.37%
iter 4070: loss 0.8932, time 47.94ms, mfu 5.55%
iter 4080: loss 0.9084, time 46.67ms, mfu 5.73%
iter 4090: loss 0.9111, time 47.31ms, mfu 5.89%
iter 4100: loss 0.9009, time 47.80ms, mfu 6.02%
iter 4110: loss 0.9390, time 61.79ms, mfu 5.98%
iter 4120: loss 0.9009, time 47.08ms, mfu 6.11%
iter 4130: loss 0.9209, time 77.47ms, mfu 5.95%
iter 4140: loss 0.8757, time 47.87ms, mfu 6.07%
iter 4150: loss 0.9151, time 62.60ms, mfu 6.01%
iter 4160: loss 0.8978, time 62.03ms, mfu 5.97%
iter 4170: loss 0.9231, time 47.89ms, mfu 6.09%
iter 4180: loss 0.9048, time 48.01ms, mfu 6.20%
iter 4190: loss 0.9082, time 61.20ms, mfu 6.14%
iter 4200: loss 0.8942, time 47.18ms, mfu 6.26%
iter 4210: loss 0.8830, time 61.49ms, mfu 6.20%
iter 4220: loss 0.8977, time 62.46ms, mfu 6.13%
iter 4230: loss 0.8960, time 47.33ms, mfu 6.24%
iter 4240: loss 0.8732, time 62.40ms, mfu 6.17%
step 4250: train loss 0.7258, val loss 1.6129
iter 4250: loss 0.9002, time 6478.37ms, mfu 5.56%
iter 4260: loss 0.9007, time 44.44ms, mfu 5.78%
iter 4270: loss 0.9060, time 31.50ms, mfu 6.30%
iter 4280: loss 0.8818, time 31.42ms, mfu 6.76%
iter 4290: loss 0.8750, time 31.24ms, mfu 7.19%
iter 4300: loss 0.9015, time 31.64ms, mfu 7.56%
iter 4310: loss 0.8779, time 31.53ms, mfu 7.90%
iter 4320: loss 0.8903, time 30.99ms, mfu 8.22%
iter 4330: loss 0.8733, time 30.71ms, mfu 8.52%
iter 4340: loss 0.8612, time 31.24ms, mfu 8.77%
iter 4350: loss 0.9016, time 31.72ms, mfu 8.98%
iter 4360: loss 0.9042, time 30.55ms, mfu 9.21%
iter 4370: loss 0.8817, time 30.95ms, mfu 9.41%
iter 4380: loss 0.8797, time 31.55ms, mfu 9.56%
iter 4390: loss 0.8593, time 32.00ms, mfu 9.68%
iter 4400: loss 0.8640, time 30.72ms, mfu 9.83%
iter 4410: loss 0.8768, time 30.99ms, mfu 9.96%
iter 4420: loss 0.8755, time 31.81ms, mfu 10.05%
iter 4430: loss 0.9105, time 31.79ms, mfu 10.13%
iter 4440: loss 0.8570, time 31.29ms, mfu 10.22%
iter 4450: loss 0.8889, time 30.81ms, mfu 10.32%
iter 4460: loss 0.8806, time 31.04ms, mfu 10.40%
iter 4470: loss 0.8765, time 31.43ms, mfu 10.45%
iter 4480: loss 0.8707, time 31.18ms, mfu 10.51%
iter 4490: loss 0.8609, time 31.96ms, mfu 10.54%
step 4500: train loss 0.7001, val loss 1.6393
iter 4500: loss 0.8844, time 4060.86ms, mfu 9.49%
iter 4510: loss 0.8593, time 30.79ms, mfu 9.66%
iter 4520: loss 0.8723, time 31.57ms, mfu 9.79%
iter 4530: loss 0.8546, time 40.00ms, mfu 9.67%
iter 4540: loss 0.8614, time 31.52ms, mfu 9.80%
iter 4550: loss 0.8700, time 30.83ms, mfu 9.94%
iter 4560: loss 0.8845, time 30.41ms, mfu 10.08%
iter 4570: loss 0.8962, time 31.20ms, mfu 10.17%
iter 4580: loss 0.8941, time 31.39ms, mfu 10.26%
iter 4590: loss 0.8471, time 31.00ms, mfu 10.34%
iter 4600: loss 0.8462, time 31.49ms, mfu 10.40%
iter 4610: loss 0.8691, time 30.90ms, mfu 10.48%
iter 4620: loss 0.8818, time 31.21ms, mfu 10.54%
iter 4630: loss 0.8818, time 31.07ms, mfu 10.59%
iter 4640: loss 0.8708, time 31.37ms, mfu 10.63%
iter 4650: loss 0.8567, time 31.07ms, mfu 10.68%
iter 4660: loss 0.8532, time 31.10ms, mfu 10.72%
iter 4670: loss 0.8433, time 30.95ms, mfu 10.76%
iter 4680: loss 0.8655, time 31.06ms, mfu 10.79%
iter 4690: loss 0.8705, time 30.97ms, mfu 10.83%
iter 4700: loss 0.8584, time 31.24ms, mfu 10.85%
iter 4710: loss 0.8779, time 31.24ms, mfu 10.87%
iter 4720: loss 0.8423, time 30.99ms, mfu 10.89%
iter 4730: loss 0.8434, time 31.32ms, mfu 10.90%
iter 4740: loss 0.8501, time 30.50ms, mfu 10.94%
step 4750: train loss 0.6762, val loss 1.6537
iter 4750: loss 0.8373, time 4042.90ms, mfu 9.86%
iter 4760: loss 0.8327, time 31.29ms, mfu 9.97%
iter 4770: loss 0.8449, time 31.00ms, mfu 10.09%
iter 4780: loss 0.8583, time 40.63ms, mfu 9.93%
iter 4790: loss 0.8600, time 44.82ms, mfu 9.70%
iter 4800: loss 0.8615, time 31.63ms, mfu 9.82%
iter 4810: loss 0.8673, time 31.22ms, mfu 9.95%
iter 4820: loss 0.8459, time 30.74ms, mfu 10.07%
iter 4830: loss 0.8563, time 31.16ms, mfu 10.17%
iter 4840: loss 0.8740, time 30.73ms, mfu 10.28%
iter 4850: loss 0.8819, time 31.10ms, mfu 10.36%
iter 4860: loss 0.8554, time 31.73ms, mfu 10.41%
iter 4870: loss 0.8490, time 31.18ms, mfu 10.47%
iter 4880: loss 0.8394, time 30.81ms, mfu 10.54%
iter 4890: loss 0.8647, time 30.91ms, mfu 10.61%
iter 4900: loss 0.8486, time 41.71ms, mfu 10.37%
iter 4910: loss 0.8550, time 30.79ms, mfu 10.45%
iter 4920: loss 0.8676, time 31.05ms, mfu 10.52%
iter 4930: loss 0.8427, time 41.40ms, mfu 10.30%
iter 4940: loss 0.8512, time 31.15ms, mfu 10.38%
iter 4950: loss 0.8311, time 31.85ms, mfu 10.42%
iter 4960: loss 0.8269, time 30.66ms, mfu 10.50%
iter 4970: loss 0.8421, time 31.70ms, mfu 10.54%
iter 4980: loss 0.8379, time 30.70ms, mfu 10.61%
iter 4990: loss 0.8448, time 31.39ms, mfu 10.65%
step 5000: train loss 0.6553, val loss 1.6714
iter 5000: loss 0.8574, time 4030.00ms, mfu 9.59%
