Overriding config with config/train_shakespeare_char.py:
# train a miniature character-level shakespeare model
# good for debugging and playing on macbooks and such

out_dir = 'out-shakespeare-char'
eval_interval = 250 # keep frequent because we'll overfit
eval_iters = 200
log_interval = 10 # don't print too too often

# we expect to overfit on this small dataset, so only save when val improves
always_save_checkpoint = False

wandb_log = False # override via command line if you like
wandb_project = 'shakespeare-char'
wandb_run_name = 'mini-gpt'

dataset = 'shakespeare_char'
gradient_accumulation_steps = 1
batch_size = 64
block_size = 256 # context of up to 256 previous characters

# baby GPT model :)
n_layer = 6
n_head = 6
n_embd = 384
dropout = 0.2

learning_rate = 1e-3 # with baby networks can afford to go a bit higher
max_iters = 5000
lr_decay_iters = 5000 # make equal to max_iters usually
min_lr = 1e-4 # learning_rate / 10 usually
beta2 = 0.99 # make a bit bigger because number of tokens per iter is small

warmup_iters = 100 # not super necessary potentially

# on macbook also add
# device = 'cpu'  # run on cpu only
# compile = False # do not torch compile the model

Overriding: compile = False
Overriding: out_dir = runs\swiglu_lr5e-4
Overriding: learning_rate = 0.0005
Overriding: min_lr = 5e-05
Overriding: seed = 1337
Overriding: save_checkpoint = False
Overriding: mlp_type = swiglu
tokens per iteration will be: 16,384
found vocab_size = 65 (inside data\shakespeare_char\meta.pkl)
Initializing a new model from scratch
number of parameters: 10.65M
C:\Users\86271\hw1work\nanoGPT\train.py:204: FutureWarning: `torch.cuda.amp.GradScaler(args...)` is deprecated. Please use `torch.amp.GradScaler('cuda', args...)` instead.
  scaler = torch.cuda.amp.GradScaler(enabled=(dtype == 'float16'))
num decayed parameter tensors: 26, with 10,740,096 parameters
num non-decayed parameter tensors: 13, with 4,992 parameters
using fused AdamW: True
step 0: train loss 4.3300, val loss 4.3197
iter 0: loss 4.3273, time 12434.49ms, mfu -100.00%
iter 10: loss 3.4517, time 108.04ms, mfu 3.45%
iter 20: loss 3.1338, time 107.69ms, mfu 3.45%
iter 30: loss 2.7499, time 109.09ms, mfu 3.45%
iter 40: loss 2.6113, time 109.10ms, mfu 3.44%
iter 50: loss 2.5447, time 108.08ms, mfu 3.44%
iter 60: loss 2.5071, time 108.10ms, mfu 3.44%
iter 70: loss 2.4851, time 109.21ms, mfu 3.44%
iter 80: loss 2.4677, time 109.40ms, mfu 3.44%
iter 90: loss 2.4607, time 93.56ms, mfu 3.49%
iter 100: loss 2.4459, time 109.75ms, mfu 3.48%
iter 110: loss 2.4162, time 109.32ms, mfu 3.47%
iter 120: loss 2.4028, time 123.90ms, mfu 3.43%
iter 130: loss 2.3768, time 107.84ms, mfu 3.43%
iter 140: loss 2.3578, time 93.18ms, mfu 3.49%
iter 150: loss 2.3637, time 93.65ms, mfu 3.54%
iter 160: loss 2.3510, time 94.30ms, mfu 3.58%
iter 170: loss 2.3024, time 109.79ms, mfu 3.56%
iter 180: loss 2.3142, time 110.51ms, mfu 3.54%
iter 190: loss 2.2640, time 110.33ms, mfu 3.52%
iter 200: loss 2.2057, time 109.94ms, mfu 3.51%
iter 210: loss 2.1672, time 123.51ms, mfu 3.46%
iter 220: loss 2.1308, time 94.87ms, mfu 3.51%
iter 230: loss 2.0749, time 109.67ms, mfu 3.50%
iter 240: loss 2.0311, time 108.61ms, mfu 3.49%
step 250: train loss 1.9320, val loss 2.0433
iter 250: loss 2.0199, time 12384.11ms, mfu 3.14%
iter 260: loss 1.9896, time 94.30ms, mfu 3.23%
iter 270: loss 1.9280, time 108.51ms, mfu 3.25%
iter 280: loss 1.8888, time 108.97ms, mfu 3.26%
iter 290: loss 1.9046, time 93.78ms, mfu 3.33%
iter 300: loss 1.8712, time 108.74ms, mfu 3.34%
iter 310: loss 1.8431, time 140.57ms, mfu 3.27%
iter 320: loss 1.8075, time 108.78ms, mfu 3.29%
iter 330: loss 1.7741, time 108.84ms, mfu 3.30%
iter 340: loss 1.7982, time 94.33ms, mfu 3.37%
iter 350: loss 1.7223, time 109.31ms, mfu 3.37%
iter 360: loss 1.7133, time 95.51ms, mfu 3.42%
iter 370: loss 1.7120, time 109.20ms, mfu 3.42%
iter 380: loss 1.7051, time 109.54ms, mfu 3.42%
iter 390: loss 1.6899, time 109.35ms, mfu 3.42%
iter 400: loss 1.6854, time 109.10ms, mfu 3.42%
iter 410: loss 1.6933, time 124.32ms, mfu 3.38%
iter 420: loss 1.6279, time 108.73ms, mfu 3.38%
iter 430: loss 1.6403, time 108.19ms, mfu 3.39%
iter 440: loss 1.6473, time 123.97ms, mfu 3.35%
iter 450: loss 1.6403, time 109.00ms, mfu 3.36%
iter 460: loss 1.5897, time 94.85ms, mfu 3.41%
iter 470: loss 1.6336, time 108.79ms, mfu 3.42%
iter 480: loss 1.6077, time 109.11ms, mfu 3.42%
iter 490: loss 1.5805, time 122.75ms, mfu 3.38%
step 500: train loss 1.4826, val loss 1.6871
iter 500: loss 1.5757, time 12606.36ms, mfu 3.04%
iter 510: loss 1.5822, time 93.76ms, mfu 3.14%
iter 520: loss 1.5904, time 93.76ms, mfu 3.22%
iter 530: loss 1.5643, time 93.72ms, mfu 3.30%
iter 540: loss 1.5459, time 93.84ms, mfu 3.36%
iter 550: loss 1.5691, time 108.44ms, mfu 3.37%
iter 560: loss 1.5170, time 109.65ms, mfu 3.37%
iter 570: loss 1.5167, time 108.78ms, mfu 3.38%
iter 580: loss 1.4993, time 109.73ms, mfu 3.38%
iter 590: loss 1.5369, time 109.31ms, mfu 3.38%
iter 600: loss 1.4921, time 109.53ms, mfu 3.38%
iter 610: loss 1.5078, time 109.87ms, mfu 3.39%
iter 620: loss 1.4798, time 109.28ms, mfu 3.39%
iter 630: loss 1.5107, time 108.44ms, mfu 3.39%
iter 640: loss 1.5039, time 107.54ms, mfu 3.40%
iter 650: loss 1.4907, time 109.46ms, mfu 3.40%
iter 660: loss 1.4864, time 109.23ms, mfu 3.40%
iter 670: loss 1.4778, time 108.71ms, mfu 3.40%
iter 680: loss 1.4507, time 108.23ms, mfu 3.41%
iter 690: loss 1.4472, time 109.41ms, mfu 3.41%
iter 700: loss 1.4555, time 110.50ms, mfu 3.40%
iter 710: loss 1.4313, time 109.13ms, mfu 3.41%
iter 720: loss 1.4418, time 109.41ms, mfu 3.41%
iter 730: loss 1.4274, time 108.54ms, mfu 3.41%
iter 740: loss 1.4286, time 95.60ms, mfu 3.46%
step 750: train loss 1.3471, val loss 1.5874
iter 750: loss 1.4353, time 12910.80ms, mfu 3.11%
iter 760: loss 1.4337, time 108.92ms, mfu 3.14%
iter 770: loss 1.4338, time 79.44ms, mfu 3.30%
iter 780: loss 1.4280, time 94.09ms, mfu 3.37%
iter 790: loss 1.4160, time 93.95ms, mfu 3.43%
iter 800: loss 1.4299, time 109.14ms, mfu 3.42%
iter 810: loss 1.3981, time 93.07ms, mfu 3.48%
iter 820: loss 1.3690, time 93.13ms, mfu 3.53%
iter 830: loss 1.3787, time 93.84ms, mfu 3.58%
iter 840: loss 1.4056, time 123.13ms, mfu 3.52%
iter 850: loss 1.3970, time 108.64ms, mfu 3.51%
iter 860: loss 1.3805, time 93.69ms, mfu 3.56%
iter 870: loss 1.4007, time 109.36ms, mfu 3.54%
iter 880: loss 1.3613, time 110.12ms, mfu 3.53%
iter 890: loss 1.3855, time 94.97ms, mfu 3.57%
iter 900: loss 1.3498, time 109.31ms, mfu 3.55%
iter 910: loss 1.3512, time 108.96ms, mfu 3.54%
iter 920: loss 1.3822, time 108.23ms, mfu 3.53%
iter 930: loss 1.3498, time 95.12ms, mfu 3.57%
iter 940: loss 1.3685, time 108.42ms, mfu 3.55%
iter 950: loss 1.3887, time 109.10ms, mfu 3.54%
iter 960: loss 1.3413, time 109.27ms, mfu 3.53%
iter 970: loss 1.3647, time 94.27ms, mfu 3.57%
iter 980: loss 1.3458, time 108.74ms, mfu 3.56%
iter 990: loss 1.3308, time 108.32ms, mfu 3.54%
step 1000: train loss 1.2690, val loss 1.5389
iter 1000: loss 1.3444, time 13094.78ms, mfu 3.19%
iter 1010: loss 1.3554, time 94.24ms, mfu 3.27%
iter 1020: loss 1.2985, time 93.59ms, mfu 3.34%
iter 1030: loss 1.3403, time 92.92ms, mfu 3.41%
iter 1040: loss 1.3240, time 92.67ms, mfu 3.47%
iter 1050: loss 1.3347, time 94.50ms, mfu 3.52%
iter 1060: loss 1.3234, time 93.70ms, mfu 3.56%
iter 1070: loss 1.3273, time 108.25ms, mfu 3.55%
iter 1080: loss 1.3074, time 94.55ms, mfu 3.59%
iter 1090: loss 1.3388, time 93.19ms, mfu 3.63%
iter 1100: loss 1.3254, time 108.08ms, mfu 3.61%
iter 1110: loss 1.3275, time 108.08ms, mfu 3.60%
iter 1120: loss 1.2959, time 124.85ms, mfu 3.53%
iter 1130: loss 1.3347, time 123.57ms, mfu 3.48%
iter 1140: loss 1.3015, time 108.71ms, mfu 3.48%
iter 1150: loss 1.3640, time 108.71ms, mfu 3.47%
iter 1160: loss 1.3389, time 124.23ms, mfu 3.42%
iter 1170: loss 1.3354, time 108.65ms, mfu 3.43%
iter 1180: loss 1.3268, time 109.18ms, mfu 3.42%
iter 1190: loss 1.3253, time 124.73ms, mfu 3.38%
iter 1200: loss 1.2951, time 109.75ms, mfu 3.38%
iter 1210: loss 1.3054, time 109.97ms, mfu 3.38%
iter 1220: loss 1.2843, time 108.89ms, mfu 3.39%
iter 1230: loss 1.3052, time 108.42ms, mfu 3.39%
iter 1240: loss 1.3125, time 110.18ms, mfu 3.39%
step 1250: train loss 1.2112, val loss 1.5143
iter 1250: loss 1.2942, time 13415.59ms, mfu 3.05%
iter 1260: loss 1.2885, time 108.32ms, mfu 3.09%
iter 1270: loss 1.2962, time 123.49ms, mfu 3.09%
iter 1280: loss 1.2772, time 93.46ms, mfu 3.18%
iter 1290: loss 1.2905, time 108.81ms, mfu 3.20%
iter 1300: loss 1.2789, time 93.82ms, mfu 3.28%
iter 1310: loss 1.3018, time 93.25ms, mfu 3.35%
iter 1320: loss 1.3125, time 93.79ms, mfu 3.41%
iter 1330: loss 1.2978, time 93.55ms, mfu 3.47%
iter 1340: loss 1.2448, time 94.20ms, mfu 3.52%
iter 1350: loss 1.2959, time 93.33ms, mfu 3.57%
iter 1360: loss 1.2929, time 108.84ms, mfu 3.55%
iter 1370: loss 1.2521, time 107.60ms, mfu 3.54%
iter 1380: loss 1.2843, time 109.05ms, mfu 3.53%
iter 1390: loss 1.2759, time 107.96ms, mfu 3.52%
iter 1400: loss 1.2361, time 93.78ms, mfu 3.57%
iter 1410: loss 1.2825, time 110.14ms, mfu 3.55%
iter 1420: loss 1.2512, time 96.97ms, mfu 3.58%
iter 1430: loss 1.2281, time 93.70ms, mfu 3.62%
iter 1440: loss 1.2419, time 94.55ms, mfu 3.65%
iter 1450: loss 1.2663, time 108.50ms, mfu 3.63%
iter 1460: loss 1.2244, time 124.11ms, mfu 3.57%
iter 1470: loss 1.2379, time 108.11ms, mfu 3.55%
iter 1480: loss 1.2806, time 109.58ms, mfu 3.54%
iter 1490: loss 1.2330, time 139.74ms, mfu 3.45%
step 1500: train loss 1.1588, val loss 1.5022
iter 1500: loss 1.2152, time 13242.19ms, mfu 3.11%
iter 1510: loss 1.2249, time 109.71ms, mfu 3.14%
iter 1520: loss 1.2337, time 109.25ms, mfu 3.17%
iter 1530: loss 1.2512, time 109.06ms, mfu 3.19%
iter 1540: loss 1.2493, time 92.65ms, mfu 3.27%
iter 1550: loss 1.2313, time 93.29ms, mfu 3.35%
iter 1560: loss 1.2251, time 108.21ms, mfu 3.36%
iter 1570: loss 1.2058, time 108.29ms, mfu 3.36%
iter 1580: loss 1.2141, time 109.58ms, mfu 3.37%
iter 1590: loss 1.2274, time 94.46ms, mfu 3.43%
iter 1600: loss 1.1943, time 94.28ms, mfu 3.48%
iter 1610: loss 1.2215, time 93.34ms, mfu 3.53%
iter 1620: loss 1.2423, time 109.17ms, mfu 3.52%
iter 1630: loss 1.2116, time 108.87ms, mfu 3.51%
iter 1640: loss 1.2389, time 93.85ms, mfu 3.55%
iter 1650: loss 1.2096, time 109.31ms, mfu 3.54%
iter 1660: loss 1.2095, time 108.07ms, mfu 3.53%
iter 1670: loss 1.2169, time 95.54ms, mfu 3.57%
iter 1680: loss 1.1968, time 93.74ms, mfu 3.61%
iter 1690: loss 1.2259, time 110.38ms, mfu 3.59%
iter 1700: loss 1.1848, time 110.07ms, mfu 3.57%
iter 1710: loss 1.1950, time 124.41ms, mfu 3.51%
iter 1720: loss 1.1938, time 93.41ms, mfu 3.56%
iter 1730: loss 1.2214, time 92.68ms, mfu 3.60%
iter 1740: loss 1.1987, time 108.05ms, mfu 3.59%
step 1750: train loss 1.1107, val loss 1.5008
iter 1750: loss 1.2044, time 13270.69ms, mfu 3.23%
iter 1760: loss 1.1990, time 109.15ms, mfu 3.25%
iter 1770: loss 1.1966, time 108.85ms, mfu 3.27%
iter 1780: loss 1.2061, time 94.10ms, mfu 3.34%
iter 1790: loss 1.2194, time 109.04ms, mfu 3.34%
iter 1800: loss 1.1908, time 109.47ms, mfu 3.35%
iter 1810: loss 1.1950, time 107.74ms, mfu 3.36%
iter 1820: loss 1.1534, time 109.57ms, mfu 3.37%
iter 1830: loss 1.1688, time 94.60ms, mfu 3.42%
iter 1840: loss 1.1649, time 108.42ms, mfu 3.42%
iter 1850: loss 1.2012, time 93.39ms, mfu 3.48%
iter 1860: loss 1.1819, time 109.47ms, mfu 3.47%
iter 1870: loss 1.1951, time 94.22ms, mfu 3.52%
iter 1880: loss 1.1644, time 93.86ms, mfu 3.57%
iter 1890: loss 1.1805, time 108.47ms, mfu 3.55%
iter 1900: loss 1.1904, time 93.11ms, mfu 3.60%
iter 1910: loss 1.1708, time 94.43ms, mfu 3.63%
iter 1920: loss 1.1801, time 93.26ms, mfu 3.67%
iter 1930: loss 1.1857, time 94.53ms, mfu 3.70%
iter 1940: loss 1.1754, time 93.67ms, mfu 3.72%
iter 1950: loss 1.1814, time 124.00ms, mfu 3.65%
iter 1960: loss 1.1794, time 108.50ms, mfu 3.63%
iter 1970: loss 1.1759, time 108.41ms, mfu 3.61%
iter 1980: loss 1.1983, time 124.15ms, mfu 3.55%
iter 1990: loss 1.1408, time 94.50ms, mfu 3.59%
step 2000: train loss 1.0695, val loss 1.5081
iter 2000: loss 1.2053, time 13350.81ms, mfu 3.23%
iter 2010: loss 1.1664, time 93.82ms, mfu 3.31%
iter 2020: loss 1.1713, time 110.46ms, mfu 3.31%
iter 2030: loss 1.1517, time 109.13ms, mfu 3.32%
iter 2040: loss 1.1505, time 109.21ms, mfu 3.33%
iter 2050: loss 1.1395, time 124.76ms, mfu 3.30%
iter 2060: loss 1.1347, time 108.94ms, mfu 3.31%
iter 2070: loss 1.1565, time 93.84ms, mfu 3.38%
iter 2080: loss 1.1535, time 107.92ms, mfu 3.38%
iter 2090: loss 1.1238, time 109.38ms, mfu 3.39%
iter 2100: loss 1.1597, time 94.03ms, mfu 3.44%
iter 2110: loss 1.1170, time 93.50ms, mfu 3.50%
iter 2120: loss 1.1083, time 92.83ms, mfu 3.55%
iter 2130: loss 1.1644, time 108.33ms, mfu 3.54%
iter 2140: loss 1.1493, time 93.81ms, mfu 3.58%
iter 2150: loss 1.1095, time 93.68ms, mfu 3.62%
iter 2160: loss 1.1230, time 93.64ms, mfu 3.66%
iter 2170: loss 1.1191, time 93.90ms, mfu 3.69%
iter 2180: loss 1.1474, time 92.92ms, mfu 3.72%
iter 2190: loss 1.1316, time 92.71ms, mfu 3.75%
iter 2200: loss 1.1519, time 93.12ms, mfu 3.78%
iter 2210: loss 1.1346, time 94.10ms, mfu 3.79%
iter 2220: loss 1.1307, time 78.53ms, mfu 3.89%
iter 2230: loss 1.1309, time 109.86ms, mfu 3.84%
iter 2240: loss 1.1550, time 94.07ms, mfu 3.85%
step 2250: train loss 1.0249, val loss 1.5118
iter 2250: loss 1.0820, time 13349.22ms, mfu 3.47%
iter 2260: loss 1.1235, time 109.39ms, mfu 3.46%
iter 2270: loss 1.1423, time 109.41ms, mfu 3.46%
iter 2280: loss 1.1095, time 93.61ms, mfu 3.51%
iter 2290: loss 1.1220, time 94.56ms, mfu 3.55%
iter 2300: loss 1.1367, time 109.59ms, mfu 3.54%
iter 2310: loss 1.1308, time 125.36ms, mfu 3.48%
iter 2320: loss 1.1119, time 124.62ms, mfu 3.43%
iter 2330: loss 1.1508, time 109.14ms, mfu 3.43%
iter 2340: loss 1.1193, time 124.65ms, mfu 3.39%
iter 2350: loss 1.1005, time 109.23ms, mfu 3.39%
iter 2360: loss 1.0971, time 108.74ms, mfu 3.39%
iter 2370: loss 1.1536, time 123.88ms, mfu 3.35%
iter 2380: loss 1.1006, time 93.59ms, mfu 3.42%
iter 2390: loss 1.0979, time 94.32ms, mfu 3.47%
iter 2400: loss 1.0998, time 93.17ms, mfu 3.52%
iter 2410: loss 1.0967, time 93.58ms, mfu 3.57%
iter 2420: loss 1.1302, time 93.68ms, mfu 3.61%
iter 2430: loss 1.1192, time 93.20ms, mfu 3.65%
iter 2440: loss 1.1031, time 109.57ms, mfu 3.62%
iter 2450: loss 1.0929, time 108.81ms, mfu 3.60%
iter 2460: loss 1.0984, time 93.14ms, mfu 3.64%
iter 2470: loss 1.0757, time 94.33ms, mfu 3.67%
iter 2480: loss 1.1180, time 80.04ms, mfu 3.77%
iter 2490: loss 1.1266, time 94.33ms, mfu 3.79%
step 2500: train loss 0.9836, val loss 1.5260
iter 2500: loss 1.1208, time 13317.29ms, mfu 3.41%
iter 2510: loss 1.1119, time 110.06ms, mfu 3.41%
iter 2520: loss 1.1025, time 123.67ms, mfu 3.37%
iter 2530: loss 1.0972, time 108.56ms, mfu 3.38%
iter 2540: loss 1.1030, time 124.99ms, mfu 3.34%
iter 2550: loss 1.1079, time 124.16ms, mfu 3.30%
iter 2560: loss 1.0771, time 123.45ms, mfu 3.28%
iter 2570: loss 1.0742, time 94.15ms, mfu 3.34%
iter 2580: loss 1.0827, time 109.25ms, mfu 3.35%
iter 2590: loss 1.0619, time 109.10ms, mfu 3.36%
iter 2600: loss 1.0599, time 108.89ms, mfu 3.36%
iter 2610: loss 1.0624, time 109.41ms, mfu 3.37%
iter 2620: loss 1.0527, time 108.09ms, mfu 3.38%
iter 2630: loss 1.0828, time 109.12ms, mfu 3.38%
iter 2640: loss 1.0528, time 109.07ms, mfu 3.38%
iter 2650: loss 1.0783, time 79.10ms, mfu 3.52%
iter 2660: loss 1.1061, time 79.11ms, mfu 3.64%
iter 2670: loss 1.0730, time 94.11ms, mfu 3.67%
iter 2680: loss 1.0626, time 93.91ms, mfu 3.70%
iter 2690: loss 1.0315, time 94.00ms, mfu 3.72%
iter 2700: loss 1.0573, time 94.67ms, mfu 3.75%
iter 2710: loss 1.0508, time 93.70ms, mfu 3.77%
iter 2720: loss 1.0552, time 94.44ms, mfu 3.79%
iter 2730: loss 1.0683, time 93.92ms, mfu 3.80%
iter 2740: loss 1.0480, time 93.28ms, mfu 3.82%
step 2750: train loss 0.9399, val loss 1.5375
iter 2750: loss 1.0358, time 13101.25ms, mfu 3.44%
iter 2760: loss 1.0581, time 92.71ms, mfu 3.50%
iter 2770: loss 1.0721, time 108.58ms, mfu 3.49%
iter 2780: loss 1.0617, time 108.74ms, mfu 3.49%
iter 2790: loss 1.0459, time 93.35ms, mfu 3.54%
iter 2800: loss 1.0697, time 108.56ms, mfu 3.53%
iter 2810: loss 1.0427, time 109.07ms, mfu 3.52%
iter 2820: loss 1.0441, time 108.89ms, mfu 3.51%
iter 2830: loss 1.0715, time 108.78ms, mfu 3.50%
iter 2840: loss 1.0521, time 109.32ms, mfu 3.49%
iter 2850: loss 1.0381, time 124.75ms, mfu 3.44%
iter 2860: loss 1.0151, time 110.07ms, mfu 3.43%
iter 2870: loss 1.0275, time 93.93ms, mfu 3.49%
iter 2880: loss 1.0423, time 110.05ms, mfu 3.48%
iter 2890: loss 1.0403, time 108.69ms, mfu 3.47%
iter 2900: loss 1.0369, time 109.17ms, mfu 3.47%
iter 2910: loss 1.0287, time 92.48ms, mfu 3.52%
iter 2920: loss 1.0398, time 109.35ms, mfu 3.51%
iter 2930: loss 1.0376, time 109.50ms, mfu 3.50%
iter 2940: loss 1.0188, time 108.26ms, mfu 3.49%
iter 2950: loss 1.0246, time 92.88ms, mfu 3.55%
iter 2960: loss 1.0437, time 93.98ms, mfu 3.59%
iter 2970: loss 1.0341, time 93.52ms, mfu 3.63%
iter 2980: loss 1.0389, time 92.68ms, mfu 3.67%
iter 2990: loss 1.0529, time 109.01ms, mfu 3.64%
step 3000: train loss 0.8967, val loss 1.5591
iter 3000: loss 1.0087, time 12776.53ms, mfu 3.28%
iter 3010: loss 1.0414, time 110.02ms, mfu 3.29%
iter 3020: loss 1.0237, time 109.15ms, mfu 3.30%
iter 3030: loss 1.0256, time 94.88ms, mfu 3.37%
iter 3040: loss 1.0430, time 108.90ms, mfu 3.37%
iter 3050: loss 1.0140, time 110.18ms, mfu 3.37%
iter 3060: loss 1.0261, time 107.75ms, mfu 3.38%
iter 3070: loss 1.0137, time 123.89ms, mfu 3.34%
iter 3080: loss 1.0094, time 110.46ms, mfu 3.35%
iter 3090: loss 1.0332, time 109.74ms, mfu 3.35%
iter 3100: loss 1.0229, time 93.77ms, mfu 3.41%
iter 3110: loss 0.9944, time 109.00ms, mfu 3.41%
iter 3120: loss 1.0405, time 110.10ms, mfu 3.41%
iter 3130: loss 0.9941, time 93.85ms, mfu 3.47%
iter 3140: loss 1.0262, time 108.46ms, mfu 3.46%
iter 3150: loss 1.0104, time 109.91ms, mfu 3.46%
iter 3160: loss 1.0405, time 108.69ms, mfu 3.45%
iter 3170: loss 1.0371, time 108.52ms, mfu 3.45%
iter 3180: loss 0.9717, time 109.24ms, mfu 3.45%
iter 3190: loss 1.0224, time 109.81ms, mfu 3.44%
iter 3200: loss 1.0181, time 123.75ms, mfu 3.40%
iter 3210: loss 0.9819, time 109.81ms, mfu 3.40%
iter 3220: loss 1.0144, time 108.18ms, mfu 3.40%
iter 3230: loss 0.9901, time 92.63ms, mfu 3.47%
iter 3240: loss 0.9875, time 94.62ms, mfu 3.51%
step 3250: train loss 0.8617, val loss 1.5883
iter 3250: loss 0.9927, time 12473.33ms, mfu 3.16%
iter 3260: loss 0.9756, time 93.69ms, mfu 3.25%
iter 3270: loss 1.0216, time 94.64ms, mfu 3.31%
iter 3280: loss 0.9847, time 94.16ms, mfu 3.38%
iter 3290: loss 1.0092, time 110.02ms, mfu 3.38%
iter 3300: loss 0.9780, time 108.79ms, mfu 3.38%
iter 3310: loss 1.0151, time 109.16ms, mfu 3.39%
iter 3320: loss 0.9891, time 109.06ms, mfu 3.39%
iter 3330: loss 1.0071, time 109.43ms, mfu 3.39%
iter 3340: loss 1.0000, time 124.66ms, mfu 3.35%
iter 3350: loss 0.9766, time 123.64ms, mfu 3.32%
iter 3360: loss 1.0124, time 109.19ms, mfu 3.33%
iter 3370: loss 1.0258, time 109.96ms, mfu 3.33%
iter 3380: loss 1.0065, time 108.39ms, mfu 3.34%
iter 3390: loss 0.9833, time 107.81ms, mfu 3.35%
iter 3400: loss 0.9810, time 108.10ms, mfu 3.36%
iter 3410: loss 0.9726, time 124.56ms, mfu 3.33%
iter 3420: loss 0.9795, time 109.10ms, mfu 3.34%
iter 3430: loss 1.0106, time 110.12ms, mfu 3.34%
iter 3440: loss 0.9860, time 109.23ms, mfu 3.35%
iter 3450: loss 0.9948, time 124.82ms, mfu 3.31%
iter 3460: loss 0.9903, time 108.41ms, mfu 3.32%
iter 3470: loss 0.9682, time 93.50ms, mfu 3.39%
iter 3480: loss 0.9620, time 108.47ms, mfu 3.39%
iter 3490: loss 0.9631, time 123.12ms, mfu 3.36%
step 3500: train loss 0.8262, val loss 1.5966
iter 3500: loss 0.9871, time 12154.28ms, mfu 3.03%
iter 3510: loss 0.9665, time 108.75ms, mfu 3.07%
iter 3520: loss 0.9694, time 108.65ms, mfu 3.10%
iter 3530: loss 0.9697, time 125.20ms, mfu 3.09%
iter 3540: loss 0.9553, time 109.53ms, mfu 3.12%
iter 3550: loss 0.9787, time 109.10ms, mfu 3.15%
iter 3560: loss 0.9678, time 93.18ms, mfu 3.23%
iter 3570: loss 0.9836, time 109.51ms, mfu 3.25%
iter 3580: loss 0.9840, time 125.96ms, mfu 3.22%
iter 3590: loss 0.9446, time 108.73ms, mfu 3.24%
iter 3600: loss 0.9500, time 109.66ms, mfu 3.26%
iter 3610: loss 0.9907, time 108.68ms, mfu 3.28%
iter 3620: loss 0.9474, time 109.14ms, mfu 3.29%
iter 3630: loss 0.9594, time 124.01ms, mfu 3.26%
iter 3640: loss 0.9623, time 109.40ms, mfu 3.28%
iter 3650: loss 0.9699, time 124.66ms, mfu 3.25%
iter 3660: loss 0.9521, time 110.02ms, mfu 3.26%
iter 3670: loss 0.9815, time 93.21ms, mfu 3.33%
iter 3680: loss 0.9599, time 108.33ms, mfu 3.34%
iter 3690: loss 0.9435, time 93.60ms, mfu 3.41%
iter 3700: loss 0.9551, time 109.84ms, mfu 3.41%
iter 3710: loss 0.9640, time 109.36ms, mfu 3.41%
iter 3720: loss 0.9310, time 108.68ms, mfu 3.41%
iter 3730: loss 0.9268, time 109.01ms, mfu 3.41%
iter 3740: loss 0.9457, time 108.17ms, mfu 3.41%
step 3750: train loss 0.7916, val loss 1.6230
iter 3750: loss 0.9634, time 12282.36ms, mfu 3.08%
iter 3760: loss 0.9335, time 108.73ms, mfu 3.11%
iter 3770: loss 0.9650, time 94.32ms, mfu 3.19%
iter 3780: loss 0.9476, time 108.95ms, mfu 3.22%
iter 3790: loss 0.9266, time 94.59ms, mfu 3.29%
iter 3800: loss 0.9665, time 108.40ms, mfu 3.30%
iter 3810: loss 0.9661, time 108.49ms, mfu 3.32%
iter 3820: loss 0.9678, time 94.31ms, mfu 3.38%
iter 3830: loss 0.9377, time 108.91ms, mfu 3.38%
iter 3840: loss 0.9532, time 109.38ms, mfu 3.39%
iter 3850: loss 0.9406, time 110.52ms, mfu 3.39%
iter 3860: loss 0.9424, time 124.94ms, mfu 3.34%
iter 3870: loss 0.9281, time 109.07ms, mfu 3.35%
iter 3880: loss 0.9679, time 95.01ms, mfu 3.41%
iter 3890: loss 0.9520, time 109.24ms, mfu 3.41%
iter 3900: loss 0.9540, time 108.82ms, mfu 3.41%
iter 3910: loss 0.9514, time 109.83ms, mfu 3.41%
iter 3920: loss 0.9370, time 109.49ms, mfu 3.41%
iter 3930: loss 0.9444, time 122.69ms, mfu 3.37%
iter 3940: loss 0.9401, time 108.13ms, mfu 3.38%
iter 3950: loss 0.9233, time 109.49ms, mfu 3.38%
iter 3960: loss 0.9388, time 123.47ms, mfu 3.34%
iter 3970: loss 0.9348, time 94.01ms, mfu 3.41%
iter 3980: loss 0.9553, time 94.13ms, mfu 3.46%
iter 3990: loss 0.9500, time 109.01ms, mfu 3.46%
step 4000: train loss 0.7633, val loss 1.6370
iter 4000: loss 0.9313, time 12549.21ms, mfu 3.11%
iter 4010: loss 0.9340, time 93.70ms, mfu 3.20%
iter 4020: loss 0.9206, time 108.71ms, mfu 3.22%
iter 4030: loss 0.9379, time 93.14ms, mfu 3.30%
iter 4040: loss 0.9465, time 108.48ms, mfu 3.31%
iter 4050: loss 0.9515, time 95.34ms, mfu 3.37%
iter 4060: loss 0.9398, time 108.44ms, mfu 3.38%
iter 4070: loss 0.9334, time 93.03ms, mfu 3.44%
iter 4080: loss 0.9317, time 124.11ms, mfu 3.40%
iter 4090: loss 0.9044, time 109.78ms, mfu 3.40%
iter 4100: loss 0.9136, time 108.66ms, mfu 3.40%
iter 4110: loss 0.9336, time 110.60ms, mfu 3.40%
iter 4120: loss 0.9067, time 124.20ms, mfu 3.36%
iter 4130: loss 0.9220, time 108.87ms, mfu 3.36%
iter 4140: loss 0.9311, time 124.60ms, mfu 3.33%
iter 4150: loss 0.9140, time 93.14ms, mfu 3.39%
iter 4160: loss 0.9353, time 108.83ms, mfu 3.40%
iter 4170: loss 0.9071, time 123.90ms, mfu 3.36%
iter 4180: loss 0.8835, time 107.77ms, mfu 3.37%
iter 4190: loss 0.9316, time 93.19ms, mfu 3.43%
iter 4200: loss 0.9074, time 108.78ms, mfu 3.43%
iter 4210: loss 0.9262, time 93.72ms, mfu 3.49%
iter 4220: loss 0.9228, time 110.03ms, mfu 3.48%
iter 4230: loss 0.9352, time 124.45ms, mfu 3.43%
iter 4240: loss 0.9215, time 108.37ms, mfu 3.43%
step 4250: train loss 0.7408, val loss 1.6519
iter 4250: loss 0.9066, time 12897.09ms, mfu 3.09%
iter 4260: loss 0.9222, time 109.17ms, mfu 3.12%
iter 4270: loss 0.9037, time 93.37ms, mfu 3.21%
iter 4280: loss 0.9132, time 94.33ms, mfu 3.28%
iter 4290: loss 0.9527, time 107.92ms, mfu 3.30%
iter 4300: loss 0.9255, time 94.38ms, mfu 3.36%
iter 4310: loss 0.9225, time 93.99ms, mfu 3.42%
iter 4320: loss 0.9056, time 109.70ms, mfu 3.42%
iter 4330: loss 0.9156, time 108.57ms, mfu 3.42%
iter 4340: loss 0.9092, time 93.63ms, mfu 3.48%
iter 4350: loss 0.9148, time 93.06ms, mfu 3.53%
iter 4360: loss 0.9260, time 108.69ms, mfu 3.52%
iter 4370: loss 0.9084, time 109.37ms, mfu 3.51%
iter 4380: loss 0.9059, time 108.88ms, mfu 3.50%
iter 4390: loss 0.9229, time 108.66ms, mfu 3.49%
iter 4400: loss 0.9077, time 124.07ms, mfu 3.44%
iter 4410: loss 0.9114, time 108.64ms, mfu 3.44%
iter 4420: loss 0.9107, time 108.37ms, mfu 3.44%
iter 4430: loss 0.9115, time 125.05ms, mfu 3.40%
iter 4440: loss 0.8901, time 124.96ms, mfu 3.35%
iter 4450: loss 0.8850, time 93.30ms, mfu 3.42%
iter 4460: loss 0.9295, time 93.69ms, mfu 3.47%
iter 4470: loss 0.9075, time 123.56ms, mfu 3.43%
iter 4480: loss 0.8842, time 94.56ms, mfu 3.48%
iter 4490: loss 0.9049, time 93.94ms, mfu 3.53%
step 4500: train loss 0.7226, val loss 1.6648
iter 4500: loss 0.9030, time 13002.55ms, mfu 3.18%
iter 4510: loss 0.9006, time 94.04ms, mfu 3.26%
iter 4520: loss 0.9008, time 93.60ms, mfu 3.33%
iter 4530: loss 0.9019, time 94.06ms, mfu 3.39%
iter 4540: loss 0.8934, time 94.10ms, mfu 3.45%
iter 4550: loss 0.9126, time 108.34ms, mfu 3.45%
iter 4560: loss 0.8887, time 93.81ms, mfu 3.50%
iter 4570: loss 0.8992, time 109.74ms, mfu 3.49%
iter 4580: loss 0.9145, time 94.72ms, mfu 3.53%
iter 4590: loss 0.9086, time 93.55ms, mfu 3.58%
iter 4600: loss 0.8827, time 107.84ms, mfu 3.57%
iter 4610: loss 0.9027, time 94.39ms, mfu 3.61%
iter 4620: loss 0.8652, time 95.65ms, mfu 3.63%
iter 4630: loss 0.8764, time 110.80ms, mfu 3.61%
iter 4640: loss 0.8793, time 108.79ms, mfu 3.59%
iter 4650: loss 0.9158, time 109.25ms, mfu 3.57%
iter 4660: loss 0.8851, time 109.59ms, mfu 3.55%
iter 4670: loss 0.8969, time 109.94ms, mfu 3.54%
iter 4680: loss 0.8991, time 108.51ms, mfu 3.53%
iter 4690: loss 0.8901, time 94.71ms, mfu 3.57%
iter 4700: loss 0.9031, time 94.07ms, mfu 3.61%
iter 4710: loss 0.9038, time 108.56ms, mfu 3.59%
iter 4720: loss 0.8797, time 108.73ms, mfu 3.57%
iter 4730: loss 0.9192, time 108.70ms, mfu 3.56%
iter 4740: loss 0.8752, time 111.45ms, mfu 3.54%
step 4750: train loss 0.7061, val loss 1.6872
iter 4750: loss 0.8700, time 13395.51ms, mfu 3.19%
iter 4760: loss 0.8922, time 108.43ms, mfu 3.21%
iter 4770: loss 0.8931, time 94.12ms, mfu 3.29%
iter 4780: loss 0.8832, time 92.93ms, mfu 3.36%
iter 4790: loss 0.8740, time 93.53ms, mfu 3.42%
iter 4800: loss 0.8891, time 108.00ms, mfu 3.42%
iter 4810: loss 0.8852, time 94.49ms, mfu 3.48%
iter 4820: loss 0.9041, time 92.09ms, mfu 3.53%
iter 4830: loss 0.8699, time 93.78ms, mfu 3.58%
iter 4840: loss 0.8859, time 93.02ms, mfu 3.62%
iter 4850: loss 0.8822, time 94.13ms, mfu 3.65%
iter 4860: loss 0.8976, time 93.97ms, mfu 3.68%
iter 4870: loss 0.8863, time 92.44ms, mfu 3.72%
iter 4880: loss 0.9038, time 107.99ms, mfu 3.69%
iter 4890: loss 0.8854, time 108.86ms, mfu 3.67%
iter 4900: loss 0.9097, time 109.40ms, mfu 3.64%
iter 4910: loss 0.8783, time 108.32ms, mfu 3.62%
iter 4920: loss 0.8897, time 79.14ms, mfu 3.73%
iter 4930: loss 0.8711, time 109.52ms, mfu 3.70%
iter 4940: loss 0.8856, time 93.51ms, mfu 3.72%
iter 4950: loss 0.8758, time 108.43ms, mfu 3.70%
iter 4960: loss 0.8781, time 108.24ms, mfu 3.67%
iter 4970: loss 0.8801, time 108.52ms, mfu 3.65%
iter 4980: loss 0.8932, time 108.78ms, mfu 3.62%
iter 4990: loss 0.8811, time 109.64ms, mfu 3.60%
step 5000: train loss 0.6932, val loss 1.6903
iter 5000: loss 0.8795, time 13367.12ms, mfu 3.24%
