Overriding config with config/train_shakespeare_char.py:
# train a miniature character-level shakespeare model
# good for debugging and playing on macbooks and such

out_dir = 'out-shakespeare-char'
eval_interval = 250 # keep frequent because we'll overfit
eval_iters = 200
log_interval = 10 # don't print too too often

# we expect to overfit on this small dataset, so only save when val improves
always_save_checkpoint = False

wandb_log = False # override via command line if you like
wandb_project = 'shakespeare-char'
wandb_run_name = 'mini-gpt'

dataset = 'shakespeare_char'
gradient_accumulation_steps = 1
batch_size = 64
block_size = 256 # context of up to 256 previous characters

# baby GPT model :)
n_layer = 6
n_head = 6
n_embd = 384
dropout = 0.2

learning_rate = 1e-3 # with baby networks can afford to go a bit higher
max_iters = 5000
lr_decay_iters = 5000 # make equal to max_iters usually
min_lr = 1e-4 # learning_rate / 10 usually
beta2 = 0.99 # make a bit bigger because number of tokens per iter is small

warmup_iters = 100 # not super necessary potentially

# on macbook also add
# device = 'cpu'  # run on cpu only
# compile = False # do not torch compile the model

Overriding: compile = False
Overriding: out_dir = runs\rmsnorm_lr1e-3
Overriding: learning_rate = 0.001
Overriding: min_lr = 0.0001
Overriding: seed = 1337
Overriding: save_checkpoint = False
Overriding: norm_type = rmsnorm
tokens per iteration will be: 16,384
found vocab_size = 65 (inside data\shakespeare_char\meta.pkl)
Initializing a new model from scratch
number of parameters: 10.65M
C:\Users\86271\hw1work\nanoGPT\train.py:204: FutureWarning: `torch.cuda.amp.GradScaler(args...)` is deprecated. Please use `torch.amp.GradScaler('cuda', args...)` instead.
  scaler = torch.cuda.amp.GradScaler(enabled=(dtype == 'float16'))
num decayed parameter tensors: 26, with 10,740,096 parameters
num non-decayed parameter tensors: 13, with 4,992 parameters
using fused AdamW: True
step 0: train loss 4.2773, val loss 4.2723
iter 0: loss 4.2601, time 8134.01ms, mfu -100.00%
iter 10: loss 3.1455, time 92.34ms, mfu 4.04%
iter 20: loss 2.7314, time 78.92ms, mfu 4.10%
iter 30: loss 2.6165, time 79.10ms, mfu 4.16%
iter 40: loss 2.5683, time 78.52ms, mfu 4.22%
iter 50: loss 2.5232, time 78.29ms, mfu 4.28%
iter 60: loss 2.5124, time 78.93ms, mfu 4.32%
iter 70: loss 2.4913, time 92.81ms, mfu 4.29%
iter 80: loss 2.4986, time 91.15ms, mfu 4.27%
iter 90: loss 2.4638, time 78.66ms, mfu 4.32%
iter 100: loss 2.4647, time 77.77ms, mfu 4.36%
iter 110: loss 2.4499, time 77.64ms, mfu 4.41%
iter 120: loss 2.4275, time 91.61ms, mfu 4.37%
iter 130: loss 2.4112, time 92.65ms, mfu 4.34%
iter 140: loss 2.4008, time 78.15ms, mfu 4.38%
iter 150: loss 2.4087, time 79.74ms, mfu 4.41%
iter 160: loss 2.3712, time 92.43ms, mfu 4.37%
iter 170: loss 2.3570, time 78.10ms, mfu 4.41%
iter 180: loss 2.3166, time 77.74ms, mfu 4.45%
iter 190: loss 2.2571, time 78.92ms, mfu 4.48%
iter 200: loss 2.2137, time 78.97ms, mfu 4.50%
iter 210: loss 2.1557, time 64.16ms, mfu 4.63%
iter 220: loss 2.1469, time 77.99ms, mfu 4.65%
iter 230: loss 2.0722, time 79.78ms, mfu 4.65%
iter 240: loss 2.0750, time 78.36ms, mfu 4.66%
step 250: train loss 1.9644, val loss 2.0699
iter 250: loss 2.0354, time 7945.55ms, mfu 4.20%
iter 260: loss 1.9795, time 77.42ms, mfu 4.26%
iter 270: loss 1.9726, time 79.14ms, mfu 4.30%
iter 280: loss 1.9802, time 79.08ms, mfu 4.35%
iter 290: loss 1.9094, time 78.77ms, mfu 4.38%
iter 300: loss 1.8952, time 78.91ms, mfu 4.42%
iter 310: loss 1.8628, time 78.11ms, mfu 4.45%
iter 320: loss 1.8496, time 78.01ms, mfu 4.49%
iter 330: loss 1.8159, time 109.19ms, mfu 4.38%
iter 340: loss 1.7786, time 93.77ms, mfu 4.34%
iter 350: loss 1.8314, time 108.29ms, mfu 4.25%
iter 360: loss 1.7664, time 124.05ms, mfu 4.12%
iter 370: loss 1.7417, time 108.90ms, mfu 4.05%
iter 380: loss 1.7295, time 111.18ms, mfu 3.98%
iter 390: loss 1.7338, time 108.91ms, mfu 3.93%
iter 400: loss 1.7638, time 122.98ms, mfu 3.84%
iter 410: loss 1.6948, time 108.43ms, mfu 3.80%
iter 420: loss 1.7095, time 95.05ms, mfu 3.81%
iter 430: loss 1.6860, time 109.23ms, mfu 3.77%
iter 440: loss 1.6505, time 77.65ms, mfu 3.87%
iter 450: loss 1.6506, time 109.86ms, mfu 3.82%
iter 460: loss 1.5949, time 108.70ms, mfu 3.78%
iter 470: loss 1.6599, time 110.02ms, mfu 3.75%
iter 480: loss 1.6164, time 139.36ms, mfu 3.64%
iter 490: loss 1.5990, time 123.08ms, mfu 3.58%
step 500: train loss 1.5301, val loss 1.7334
iter 500: loss 1.5938, time 12291.61ms, mfu 3.22%
iter 510: loss 1.6123, time 123.39ms, mfu 3.20%
iter 520: loss 1.5931, time 124.80ms, mfu 3.18%
iter 530: loss 1.5514, time 123.36ms, mfu 3.16%
iter 540: loss 1.6085, time 108.66ms, mfu 3.19%
iter 550: loss 1.5598, time 109.97ms, mfu 3.21%
iter 560: loss 1.5693, time 107.62ms, mfu 3.24%
iter 570: loss 1.5590, time 112.42ms, mfu 3.24%
iter 580: loss 1.5332, time 109.46ms, mfu 3.26%
iter 590: loss 1.4876, time 110.11ms, mfu 3.27%
iter 600: loss 1.5117, time 110.44ms, mfu 3.28%
iter 610: loss 1.5386, time 110.24ms, mfu 3.29%
iter 620: loss 1.5343, time 110.79ms, mfu 3.30%
iter 630: loss 1.5074, time 122.00ms, mfu 3.27%
iter 640: loss 1.4643, time 109.99ms, mfu 3.29%
iter 650: loss 1.5030, time 110.00ms, mfu 3.30%
iter 660: loss 1.5026, time 124.65ms, mfu 3.27%
iter 670: loss 1.4431, time 109.72ms, mfu 3.28%
iter 680: loss 1.5107, time 124.53ms, mfu 3.25%
iter 690: loss 1.4548, time 124.87ms, mfu 3.22%
iter 700: loss 1.4768, time 124.48ms, mfu 3.20%
iter 710: loss 1.4547, time 108.87ms, mfu 3.22%
iter 720: loss 1.4418, time 124.63ms, mfu 3.20%
iter 730: loss 1.4194, time 124.29ms, mfu 3.18%
iter 740: loss 1.4244, time 124.92ms, mfu 3.16%
step 750: train loss 1.3596, val loss 1.5991
iter 750: loss 1.4202, time 12146.06ms, mfu 2.85%
iter 760: loss 1.4421, time 109.08ms, mfu 2.90%
iter 770: loss 1.4365, time 126.08ms, mfu 2.91%
iter 780: loss 1.4177, time 109.69ms, mfu 2.96%
iter 790: loss 1.4185, time 110.50ms, mfu 3.00%
iter 800: loss 1.4287, time 110.45ms, mfu 3.04%
iter 810: loss 1.3961, time 124.35ms, mfu 3.03%
iter 820: loss 1.4058, time 124.43ms, mfu 3.03%
iter 830: loss 1.3836, time 124.28ms, mfu 3.03%
iter 840: loss 1.4003, time 109.06ms, mfu 3.06%
iter 850: loss 1.3821, time 124.43ms, mfu 3.06%
iter 860: loss 1.3915, time 124.52ms, mfu 3.05%
iter 870: loss 1.3899, time 110.52ms, mfu 3.08%
iter 880: loss 1.3746, time 124.56ms, mfu 3.07%
iter 890: loss 1.3796, time 110.91ms, mfu 3.10%
iter 900: loss 1.3663, time 123.06ms, mfu 3.10%
iter 910: loss 1.3162, time 123.63ms, mfu 3.09%
iter 920: loss 1.3597, time 110.35ms, mfu 3.12%
iter 930: loss 1.3562, time 108.64ms, mfu 3.15%
iter 940: loss 1.3453, time 110.63ms, mfu 3.17%
iter 950: loss 1.3565, time 109.15ms, mfu 3.19%
iter 960: loss 1.3608, time 122.83ms, mfu 3.18%
iter 970: loss 1.3602, time 124.17ms, mfu 3.16%
iter 980: loss 1.3493, time 124.02ms, mfu 3.14%
iter 990: loss 1.3349, time 125.74ms, mfu 3.13%
step 1000: train loss 1.2709, val loss 1.5173
iter 1000: loss 1.3354, time 12021.73ms, mfu 2.82%
iter 1010: loss 1.3347, time 110.61ms, mfu 2.87%
iter 1020: loss 1.3075, time 108.80ms, mfu 2.93%
iter 1030: loss 1.3305, time 108.73ms, mfu 2.98%
iter 1040: loss 1.3559, time 109.15ms, mfu 3.02%
iter 1050: loss 1.2882, time 123.66ms, mfu 3.02%
iter 1060: loss 1.3373, time 123.11ms, mfu 3.02%
iter 1070: loss 1.3364, time 124.79ms, mfu 3.02%
iter 1080: loss 1.3340, time 124.06ms, mfu 3.02%
iter 1090: loss 1.3517, time 123.56ms, mfu 3.02%
iter 1100: loss 1.3143, time 124.49ms, mfu 3.01%
iter 1110: loss 1.2916, time 123.07ms, mfu 3.02%
iter 1120: loss 1.2936, time 122.88ms, mfu 3.02%
iter 1130: loss 1.2904, time 125.10ms, mfu 3.01%
iter 1140: loss 1.3044, time 109.34ms, mfu 3.05%
iter 1150: loss 1.3018, time 123.31ms, mfu 3.05%
iter 1160: loss 1.3259, time 124.14ms, mfu 3.04%
iter 1170: loss 1.2946, time 139.43ms, mfu 3.01%
iter 1180: loss 1.3059, time 109.79ms, mfu 3.05%
iter 1190: loss 1.2657, time 125.47ms, mfu 3.04%
iter 1200: loss 1.2861, time 110.26ms, mfu 3.07%
iter 1210: loss 1.2691, time 108.52ms, mfu 3.11%
iter 1220: loss 1.3045, time 123.83ms, mfu 3.10%
iter 1230: loss 1.3056, time 123.33ms, mfu 3.09%
iter 1240: loss 1.3018, time 111.04ms, mfu 3.12%
step 1250: train loss 1.2009, val loss 1.4945
iter 1250: loss 1.2691, time 11675.82ms, mfu 2.81%
iter 1260: loss 1.2858, time 109.28ms, mfu 2.87%
iter 1270: loss 1.2617, time 109.19ms, mfu 2.92%
iter 1280: loss 1.2526, time 124.17ms, mfu 2.93%
iter 1290: loss 1.2829, time 109.81ms, mfu 2.98%
iter 1300: loss 1.3023, time 124.05ms, mfu 2.98%
iter 1310: loss 1.2360, time 124.58ms, mfu 2.98%
iter 1320: loss 1.3105, time 110.27ms, mfu 3.02%
iter 1330: loss 1.2660, time 123.44ms, mfu 3.02%
iter 1340: loss 1.2958, time 110.80ms, mfu 3.05%
iter 1350: loss 1.2579, time 124.22ms, mfu 3.05%
iter 1360: loss 1.2714, time 110.64ms, mfu 3.08%
iter 1370: loss 1.2470, time 125.44ms, mfu 3.07%
iter 1380: loss 1.2626, time 122.77ms, mfu 3.07%
iter 1390: loss 1.2413, time 109.19ms, mfu 3.10%
iter 1400: loss 1.2588, time 110.16ms, mfu 3.13%
iter 1410: loss 1.2479, time 124.09ms, mfu 3.12%
iter 1420: loss 1.2674, time 122.26ms, mfu 3.11%
iter 1430: loss 1.2419, time 110.32ms, mfu 3.14%
iter 1440: loss 1.2539, time 110.19ms, mfu 3.16%
iter 1450: loss 1.2272, time 122.48ms, mfu 3.15%
iter 1460: loss 1.2393, time 124.75ms, mfu 3.13%
iter 1470: loss 1.2158, time 124.88ms, mfu 3.12%
iter 1480: loss 1.2116, time 109.89ms, mfu 3.15%
iter 1490: loss 1.2324, time 124.22ms, mfu 3.13%
step 1500: train loss 1.1514, val loss 1.4809
iter 1500: loss 1.1817, time 11843.89ms, mfu 2.82%
iter 1510: loss 1.2369, time 123.50ms, mfu 2.84%
iter 1520: loss 1.2247, time 124.53ms, mfu 2.86%
iter 1530: loss 1.2481, time 141.06ms, mfu 2.83%
iter 1540: loss 1.1898, time 123.67ms, mfu 2.85%
iter 1550: loss 1.2328, time 125.75ms, mfu 2.86%
iter 1560: loss 1.2085, time 109.69ms, mfu 2.92%
iter 1570: loss 1.2349, time 125.23ms, mfu 2.92%
iter 1580: loss 1.2051, time 110.01ms, mfu 2.97%
iter 1590: loss 1.1865, time 109.58ms, mfu 3.01%
iter 1600: loss 1.1938, time 109.39ms, mfu 3.05%
iter 1610: loss 1.2338, time 109.99ms, mfu 3.09%
iter 1620: loss 1.1869, time 110.19ms, mfu 3.11%
iter 1630: loss 1.2065, time 123.74ms, mfu 3.10%
iter 1640: loss 1.1981, time 109.79ms, mfu 3.13%
iter 1650: loss 1.1824, time 110.00ms, mfu 3.16%
iter 1660: loss 1.2090, time 124.38ms, mfu 3.14%
iter 1670: loss 1.1975, time 124.80ms, mfu 3.13%
iter 1680: loss 1.2027, time 124.78ms, mfu 3.11%
iter 1690: loss 1.1938, time 111.13ms, mfu 3.14%
iter 1700: loss 1.1861, time 109.31ms, mfu 3.16%
iter 1710: loss 1.1766, time 124.90ms, mfu 3.15%
iter 1720: loss 1.1828, time 109.91ms, mfu 3.17%
iter 1730: loss 1.1991, time 108.75ms, mfu 3.20%
iter 1740: loss 1.1699, time 109.61ms, mfu 3.22%
step 1750: train loss 1.0979, val loss 1.4625
iter 1750: loss 1.1871, time 12135.05ms, mfu 2.90%
iter 1760: loss 1.1881, time 123.70ms, mfu 2.91%
iter 1770: loss 1.1935, time 109.64ms, mfu 2.96%
iter 1780: loss 1.1935, time 138.51ms, mfu 2.93%
iter 1790: loss 1.1860, time 111.01ms, mfu 2.97%
iter 1800: loss 1.1753, time 109.23ms, mfu 3.02%
iter 1810: loss 1.1544, time 125.07ms, mfu 3.01%
iter 1820: loss 1.1610, time 109.06ms, mfu 3.05%
iter 1830: loss 1.1627, time 124.51ms, mfu 3.05%
iter 1840: loss 1.1646, time 110.09ms, mfu 3.08%
iter 1850: loss 1.1604, time 141.06ms, mfu 3.04%
iter 1860: loss 1.1715, time 110.81ms, mfu 3.07%
iter 1870: loss 1.1442, time 122.36ms, mfu 3.07%
iter 1880: loss 1.1783, time 125.14ms, mfu 3.06%
iter 1890: loss 1.1850, time 123.78ms, mfu 3.05%
iter 1900: loss 1.1290, time 108.35ms, mfu 3.09%
iter 1910: loss 1.1630, time 108.69ms, mfu 3.13%
iter 1920: loss 1.1705, time 109.50ms, mfu 3.15%
iter 1930: loss 1.1407, time 124.26ms, mfu 3.14%
iter 1940: loss 1.1120, time 110.38ms, mfu 3.16%
iter 1950: loss 1.1354, time 124.19ms, mfu 3.15%
iter 1960: loss 1.1488, time 123.32ms, mfu 3.13%
iter 1970: loss 1.1528, time 125.09ms, mfu 3.12%
iter 1980: loss 1.1479, time 123.98ms, mfu 3.11%
iter 1990: loss 1.1499, time 126.31ms, mfu 3.09%
step 2000: train loss 1.0546, val loss 1.4762
iter 2000: loss 1.1233, time 12328.02ms, mfu 2.78%
iter 2010: loss 1.1261, time 108.71ms, mfu 2.85%
iter 2020: loss 1.1189, time 124.51ms, mfu 2.86%
iter 2030: loss 1.1509, time 109.18ms, mfu 2.92%
iter 2040: loss 1.1435, time 124.82ms, mfu 2.93%
iter 2050: loss 1.1104, time 125.27ms, mfu 2.93%
iter 2060: loss 1.1013, time 123.56ms, mfu 2.94%
iter 2070: loss 1.1257, time 138.81ms, mfu 2.91%
iter 2080: loss 1.1238, time 124.64ms, mfu 2.92%
iter 2090: loss 1.1355, time 109.63ms, mfu 2.97%
iter 2100: loss 1.1314, time 110.56ms, mfu 3.01%
iter 2110: loss 1.1305, time 123.24ms, mfu 3.01%
iter 2120: loss 1.1287, time 125.66ms, mfu 3.01%
iter 2130: loss 1.1352, time 107.94ms, mfu 3.05%
iter 2140: loss 1.1372, time 138.37ms, mfu 3.01%
iter 2150: loss 1.1206, time 107.26ms, mfu 3.06%
iter 2160: loss 1.1437, time 108.74ms, mfu 3.10%
iter 2170: loss 1.1304, time 124.58ms, mfu 3.09%
iter 2180: loss 1.1163, time 108.10ms, mfu 3.12%
iter 2190: loss 1.1029, time 109.71ms, mfu 3.15%
iter 2200: loss 1.1229, time 110.40ms, mfu 3.17%
iter 2210: loss 1.1063, time 124.87ms, mfu 3.15%
iter 2220: loss 1.1176, time 110.46ms, mfu 3.18%
iter 2230: loss 1.1152, time 110.72ms, mfu 3.19%
iter 2240: loss 1.1325, time 94.72ms, mfu 3.27%
step 2250: train loss 1.0082, val loss 1.4890
iter 2250: loss 1.1091, time 12268.04ms, mfu 2.94%
iter 2260: loss 1.1025, time 109.79ms, mfu 2.99%
iter 2270: loss 1.1302, time 125.75ms, mfu 2.99%
iter 2280: loss 1.0975, time 124.12ms, mfu 2.99%
iter 2290: loss 1.1400, time 125.44ms, mfu 2.99%
iter 2300: loss 1.1216, time 124.48ms, mfu 2.99%
iter 2310: loss 1.0886, time 108.94ms, mfu 3.03%
iter 2320: loss 1.0940, time 122.72ms, mfu 3.03%
iter 2330: loss 1.0985, time 108.63ms, mfu 3.07%
iter 2340: loss 1.1186, time 124.09ms, mfu 3.06%
iter 2350: loss 1.1019, time 109.92ms, mfu 3.10%
iter 2360: loss 1.1054, time 123.23ms, mfu 3.09%
iter 2370: loss 1.0854, time 95.59ms, mfu 3.17%
iter 2380: loss 1.0759, time 108.92ms, mfu 3.20%
iter 2390: loss 1.0782, time 110.14ms, mfu 3.21%
iter 2400: loss 1.0744, time 108.01ms, mfu 3.24%
iter 2410: loss 1.0617, time 108.34ms, mfu 3.26%
iter 2420: loss 1.0746, time 109.00ms, mfu 3.27%
iter 2430: loss 1.0488, time 124.32ms, mfu 3.25%
iter 2440: loss 1.0567, time 124.68ms, mfu 3.22%
iter 2450: loss 1.0650, time 124.03ms, mfu 3.20%
iter 2460: loss 1.0907, time 109.70ms, mfu 3.22%
iter 2470: loss 1.0924, time 124.42ms, mfu 3.20%
iter 2480: loss 1.0788, time 126.47ms, mfu 3.17%
iter 2490: loss 1.0513, time 109.23ms, mfu 3.20%
step 2500: train loss 0.9566, val loss 1.4999
iter 2500: loss 1.0800, time 12274.02ms, mfu 2.88%
iter 2510: loss 1.0624, time 109.29ms, mfu 2.93%
iter 2520: loss 1.0378, time 111.14ms, mfu 2.97%
iter 2530: loss 1.0534, time 110.19ms, mfu 3.01%
iter 2540: loss 1.0489, time 122.38ms, mfu 3.02%
iter 2550: loss 1.0685, time 110.36ms, mfu 3.05%
iter 2560: loss 1.0448, time 110.08ms, mfu 3.09%
iter 2570: loss 1.0759, time 108.99ms, mfu 3.12%
iter 2580: loss 1.0744, time 110.55ms, mfu 3.15%
iter 2590: loss 1.0560, time 109.60ms, mfu 3.17%
iter 2600: loss 1.0709, time 93.84ms, mfu 3.25%
iter 2610: loss 1.0466, time 109.13ms, mfu 3.27%
iter 2620: loss 1.0408, time 123.02ms, mfu 3.24%
iter 2630: loss 1.0200, time 109.36ms, mfu 3.26%
iter 2640: loss 1.0374, time 109.24ms, mfu 3.27%
iter 2650: loss 1.0641, time 109.73ms, mfu 3.29%
iter 2660: loss 1.0429, time 123.14ms, mfu 3.26%
iter 2670: loss 1.0157, time 124.61ms, mfu 3.23%
iter 2680: loss 1.0479, time 124.87ms, mfu 3.21%
iter 2690: loss 1.0549, time 124.29ms, mfu 3.19%
iter 2700: loss 1.0224, time 109.53ms, mfu 3.21%
iter 2710: loss 1.0410, time 109.23ms, mfu 3.23%
iter 2720: loss 1.0436, time 110.28ms, mfu 3.24%
iter 2730: loss 1.0602, time 124.01ms, mfu 3.22%
iter 2740: loss 1.0214, time 124.40ms, mfu 3.20%
step 2750: train loss 0.9118, val loss 1.5253
iter 2750: loss 1.0365, time 11955.04ms, mfu 2.88%
iter 2760: loss 1.0266, time 108.69ms, mfu 2.94%
iter 2770: loss 1.0242, time 108.72ms, mfu 2.99%
iter 2780: loss 1.0145, time 124.04ms, mfu 2.99%
iter 2790: loss 1.0330, time 139.79ms, mfu 2.95%
iter 2800: loss 1.0051, time 110.16ms, mfu 3.00%
iter 2810: loss 1.0326, time 109.67ms, mfu 3.04%
iter 2820: loss 1.0207, time 123.71ms, mfu 3.04%
iter 2830: loss 1.0291, time 110.78ms, mfu 3.07%
iter 2840: loss 0.9922, time 125.01ms, mfu 3.06%
iter 2850: loss 1.0228, time 139.81ms, mfu 3.02%
iter 2860: loss 1.0187, time 110.95ms, mfu 3.05%
iter 2870: loss 1.0022, time 109.82ms, mfu 3.09%
iter 2880: loss 1.0345, time 123.33ms, mfu 3.08%
iter 2890: loss 1.0038, time 125.37ms, mfu 3.07%
iter 2900: loss 0.9900, time 124.51ms, mfu 3.06%
iter 2910: loss 1.0321, time 108.17ms, mfu 3.10%
iter 2920: loss 1.0164, time 109.14ms, mfu 3.13%
iter 2930: loss 0.9853, time 125.64ms, mfu 3.12%
iter 2940: loss 0.9915, time 111.06ms, mfu 3.14%
iter 2950: loss 1.0119, time 124.29ms, mfu 3.13%
iter 2960: loss 1.0004, time 125.38ms, mfu 3.11%
iter 2970: loss 0.9834, time 109.86ms, mfu 3.14%
iter 2980: loss 0.9987, time 124.37ms, mfu 3.12%
iter 2990: loss 0.9809, time 110.72ms, mfu 3.15%
step 3000: train loss 0.8624, val loss 1.5305
iter 3000: loss 0.9903, time 11808.84ms, mfu 2.84%
iter 3010: loss 0.9880, time 125.80ms, mfu 2.85%
iter 3020: loss 1.0074, time 139.32ms, mfu 2.83%
iter 3030: loss 0.9927, time 124.67ms, mfu 2.85%
iter 3040: loss 1.0249, time 123.35ms, mfu 2.86%
iter 3050: loss 0.9811, time 124.95ms, mfu 2.88%
iter 3060: loss 0.9912, time 124.69ms, mfu 2.89%
iter 3070: loss 1.0154, time 110.42ms, mfu 2.94%
iter 3080: loss 0.9928, time 139.36ms, mfu 2.91%
iter 3090: loss 0.9805, time 123.42ms, mfu 2.92%
iter 3100: loss 0.9839, time 123.68ms, mfu 2.93%
iter 3110: loss 0.9650, time 124.58ms, mfu 2.94%
iter 3120: loss 0.9893, time 125.80ms, mfu 2.94%
iter 3130: loss 0.9747, time 111.23ms, mfu 2.98%
iter 3140: loss 0.9782, time 109.87ms, mfu 3.02%
iter 3150: loss 0.9945, time 123.53ms, mfu 3.02%
iter 3160: loss 1.0088, time 111.55ms, mfu 3.05%
iter 3170: loss 0.9638, time 110.79ms, mfu 3.08%
iter 3180: loss 0.9666, time 124.65ms, mfu 3.07%
iter 3190: loss 0.9947, time 139.39ms, mfu 3.03%
iter 3200: loss 0.9642, time 124.75ms, mfu 3.03%
iter 3210: loss 0.9600, time 110.52ms, mfu 3.06%
iter 3220: loss 0.9570, time 125.17ms, mfu 3.05%
iter 3230: loss 0.9545, time 125.56ms, mfu 3.05%
iter 3240: loss 0.9486, time 109.90ms, mfu 3.08%
step 3250: train loss 0.8193, val loss 1.5639
iter 3250: loss 0.9685, time 11710.49ms, mfu 2.78%
iter 3260: loss 0.9573, time 122.13ms, mfu 2.80%
iter 3270: loss 0.9700, time 109.24ms, mfu 2.86%
iter 3280: loss 0.9537, time 123.59ms, mfu 2.88%
iter 3290: loss 0.9418, time 110.25ms, mfu 2.93%
iter 3300: loss 0.9350, time 123.61ms, mfu 2.94%
iter 3310: loss 0.9479, time 110.46ms, mfu 2.98%
iter 3320: loss 0.9593, time 125.92ms, mfu 2.98%
iter 3330: loss 0.9554, time 108.77ms, mfu 3.02%
iter 3340: loss 0.9616, time 125.91ms, mfu 3.02%
iter 3350: loss 0.9537, time 125.00ms, mfu 3.01%
iter 3360: loss 0.9239, time 139.14ms, mfu 2.98%
iter 3370: loss 0.9567, time 123.32ms, mfu 2.98%
iter 3380: loss 0.9520, time 112.03ms, mfu 3.02%
iter 3390: loss 0.9546, time 124.74ms, mfu 3.02%
iter 3400: loss 0.9473, time 124.98ms, mfu 3.01%
iter 3410: loss 0.9468, time 109.51ms, mfu 3.05%
iter 3420: loss 0.9435, time 123.98ms, mfu 3.05%
iter 3430: loss 0.9451, time 123.94ms, mfu 3.04%
iter 3440: loss 0.9726, time 110.97ms, mfu 3.07%
iter 3450: loss 0.9545, time 109.77ms, mfu 3.11%
iter 3460: loss 0.9410, time 124.04ms, mfu 3.10%
iter 3470: loss 0.9376, time 109.51ms, mfu 3.13%
iter 3480: loss 0.9436, time 109.84ms, mfu 3.15%
iter 3490: loss 0.9084, time 108.38ms, mfu 3.18%
step 3500: train loss 0.7789, val loss 1.5805
iter 3500: loss 0.9074, time 12012.08ms, mfu 2.87%
iter 3510: loss 0.9112, time 109.77ms, mfu 2.92%
iter 3520: loss 0.9201, time 138.34ms, mfu 2.90%
iter 3530: loss 0.9438, time 110.13ms, mfu 2.95%
iter 3540: loss 0.9238, time 124.35ms, mfu 2.95%
iter 3550: loss 0.9151, time 125.01ms, mfu 2.95%
iter 3560: loss 0.9527, time 124.41ms, mfu 2.96%
iter 3570: loss 0.9213, time 124.08ms, mfu 2.96%
iter 3580: loss 0.9286, time 126.00ms, mfu 2.96%
iter 3590: loss 0.9159, time 137.71ms, mfu 2.94%
iter 3600: loss 0.9087, time 109.09ms, mfu 2.98%
iter 3610: loss 0.9135, time 109.62ms, mfu 3.03%
iter 3620: loss 0.9005, time 109.35ms, mfu 3.06%
iter 3630: loss 0.9190, time 124.74ms, mfu 3.06%
iter 3640: loss 0.9147, time 123.23ms, mfu 3.05%
iter 3650: loss 0.9084, time 110.07ms, mfu 3.09%
iter 3660: loss 0.9319, time 124.79ms, mfu 3.08%
iter 3670: loss 0.9385, time 108.38ms, mfu 3.11%
iter 3680: loss 0.9026, time 110.30ms, mfu 3.14%
iter 3690: loss 0.9289, time 125.82ms, mfu 3.12%
iter 3700: loss 0.8731, time 108.22ms, mfu 3.15%
iter 3710: loss 0.8803, time 123.71ms, mfu 3.14%
iter 3720: loss 0.8977, time 109.19ms, mfu 3.17%
iter 3730: loss 0.8959, time 108.64ms, mfu 3.19%
iter 3740: loss 0.9019, time 110.21ms, mfu 3.21%
step 3750: train loss 0.7396, val loss 1.6066
iter 3750: loss 0.9013, time 12314.28ms, mfu 2.89%
iter 3760: loss 0.9396, time 110.83ms, mfu 2.94%
iter 3770: loss 0.9342, time 109.64ms, mfu 2.99%
iter 3780: loss 0.9258, time 124.20ms, mfu 2.99%
iter 3790: loss 0.8985, time 110.86ms, mfu 3.03%
iter 3800: loss 0.9178, time 109.33ms, mfu 3.06%
iter 3810: loss 0.9178, time 125.22ms, mfu 3.05%
iter 3820: loss 0.8867, time 140.33ms, mfu 3.01%
iter 3830: loss 0.9009, time 110.24ms, mfu 3.05%
iter 3840: loss 0.8837, time 123.95ms, mfu 3.05%
iter 3850: loss 0.8814, time 123.89ms, mfu 3.04%
iter 3860: loss 0.8783, time 124.84ms, mfu 3.04%
iter 3870: loss 0.8893, time 109.33ms, mfu 3.07%
iter 3880: loss 0.8853, time 123.96ms, mfu 3.07%
iter 3890: loss 0.8859, time 110.01ms, mfu 3.10%
iter 3900: loss 0.8932, time 108.74ms, mfu 3.13%
iter 3910: loss 0.8833, time 124.64ms, mfu 3.12%
iter 3920: loss 0.8652, time 123.67ms, mfu 3.11%
iter 3930: loss 0.8898, time 124.82ms, mfu 3.10%
iter 3940: loss 0.8733, time 108.71ms, mfu 3.13%
iter 3950: loss 0.8757, time 108.40ms, mfu 3.16%
iter 3960: loss 0.9041, time 138.19ms, mfu 3.11%
iter 3970: loss 0.8815, time 110.32ms, mfu 3.14%
iter 3980: loss 0.8946, time 123.16ms, mfu 3.13%
iter 3990: loss 0.8678, time 124.37ms, mfu 3.11%
step 4000: train loss 0.7064, val loss 1.6311
iter 4000: loss 0.8573, time 12321.52ms, mfu 2.81%
iter 4010: loss 0.8746, time 123.82ms, mfu 2.83%
iter 4020: loss 0.8888, time 123.20ms, mfu 2.85%
iter 4030: loss 0.8714, time 109.63ms, mfu 2.90%
iter 4040: loss 0.8783, time 124.89ms, mfu 2.91%
iter 4050: loss 0.8684, time 111.96ms, mfu 2.95%
iter 4060: loss 0.8587, time 123.70ms, mfu 2.96%
iter 4070: loss 0.8594, time 108.97ms, mfu 3.00%
iter 4080: loss 0.8842, time 109.48ms, mfu 3.04%
iter 4090: loss 0.8430, time 109.47ms, mfu 3.08%
iter 4100: loss 0.8917, time 111.10ms, mfu 3.11%
iter 4110: loss 0.8638, time 108.39ms, mfu 3.14%
iter 4120: loss 0.8842, time 123.04ms, mfu 3.13%
iter 4130: loss 0.8623, time 110.44ms, mfu 3.15%
iter 4140: loss 0.8780, time 111.89ms, mfu 3.17%
iter 4150: loss 0.8658, time 111.31ms, mfu 3.19%
iter 4160: loss 0.8494, time 109.26ms, mfu 3.21%
iter 4170: loss 0.8650, time 109.26ms, mfu 3.23%
iter 4180: loss 0.8701, time 125.10ms, mfu 3.21%
iter 4190: loss 0.8702, time 110.21ms, mfu 3.22%
iter 4200: loss 0.8629, time 124.33ms, mfu 3.20%
iter 4210: loss 0.8671, time 111.26ms, mfu 3.22%
iter 4220: loss 0.8537, time 109.74ms, mfu 3.23%
iter 4230: loss 0.8782, time 123.86ms, mfu 3.21%
iter 4240: loss 0.8653, time 108.54ms, mfu 3.23%
step 4250: train loss 0.6752, val loss 1.6507
iter 4250: loss 0.8669, time 12342.23ms, mfu 2.91%
iter 4260: loss 0.8704, time 109.67ms, mfu 2.96%
iter 4270: loss 0.8602, time 111.32ms, mfu 3.00%
iter 4280: loss 0.8507, time 110.31ms, mfu 3.04%
iter 4290: loss 0.8253, time 94.54ms, mfu 3.13%
iter 4300: loss 0.8311, time 109.73ms, mfu 3.15%
iter 4310: loss 0.8461, time 124.94ms, mfu 3.14%
iter 4320: loss 0.8482, time 123.57ms, mfu 3.13%
iter 4330: loss 0.8487, time 125.23ms, mfu 3.11%
iter 4340: loss 0.8301, time 110.38ms, mfu 3.14%
iter 4350: loss 0.8393, time 108.56ms, mfu 3.17%
iter 4360: loss 0.8568, time 110.43ms, mfu 3.19%
iter 4370: loss 0.8541, time 124.09ms, mfu 3.17%
iter 4380: loss 0.8320, time 109.20ms, mfu 3.19%
iter 4390: loss 0.8607, time 110.10ms, mfu 3.21%
iter 4400: loss 0.8501, time 124.04ms, mfu 3.19%
iter 4410: loss 0.8595, time 125.09ms, mfu 3.17%
iter 4420: loss 0.8625, time 125.49ms, mfu 3.15%
iter 4430: loss 0.8466, time 110.15ms, mfu 3.17%
iter 4440: loss 0.8446, time 110.78ms, mfu 3.19%
iter 4450: loss 0.8550, time 123.60ms, mfu 3.17%
iter 4460: loss 0.8275, time 124.71ms, mfu 3.16%
iter 4470: loss 0.8509, time 123.20ms, mfu 3.14%
iter 4480: loss 0.8274, time 139.45ms, mfu 3.10%
iter 4490: loss 0.8381, time 138.68ms, mfu 3.05%
step 4500: train loss 0.6507, val loss 1.6756
iter 4500: loss 0.8592, time 12036.85ms, mfu 2.75%
iter 4510: loss 0.8415, time 124.78ms, mfu 2.78%
iter 4520: loss 0.8408, time 125.20ms, mfu 2.80%
iter 4530: loss 0.8416, time 123.38ms, mfu 2.82%
iter 4540: loss 0.8552, time 109.06ms, mfu 2.88%
iter 4550: loss 0.8730, time 109.55ms, mfu 2.93%
iter 4560: loss 0.8422, time 123.95ms, mfu 2.94%
iter 4570: loss 0.8421, time 125.40ms, mfu 2.94%
iter 4580: loss 0.8429, time 124.69ms, mfu 2.95%
iter 4590: loss 0.8509, time 110.15ms, mfu 2.99%
iter 4600: loss 0.8228, time 123.69ms, mfu 2.99%
iter 4610: loss 0.8684, time 109.58ms, mfu 3.03%
iter 4620: loss 0.8316, time 110.62ms, mfu 3.07%
iter 4630: loss 0.8214, time 108.91ms, mfu 3.10%
iter 4640: loss 0.8398, time 109.72ms, mfu 3.13%
iter 4650: loss 0.8664, time 123.00ms, mfu 3.12%
iter 4660: loss 0.8429, time 125.46ms, mfu 3.11%
iter 4670: loss 0.8394, time 122.35ms, mfu 3.10%
iter 4680: loss 0.8515, time 123.27ms, mfu 3.09%
iter 4690: loss 0.8428, time 125.94ms, mfu 3.08%
iter 4700: loss 0.8147, time 124.75ms, mfu 3.07%
iter 4710: loss 0.7824, time 137.93ms, mfu 3.03%
iter 4720: loss 0.8327, time 109.87ms, mfu 3.07%
iter 4730: loss 0.8192, time 123.69ms, mfu 3.06%
iter 4740: loss 0.8280, time 124.49ms, mfu 3.06%
step 4750: train loss 0.6329, val loss 1.6925
iter 4750: loss 0.8052, time 11834.19ms, mfu 2.75%
iter 4760: loss 0.8197, time 122.94ms, mfu 2.78%
iter 4770: loss 0.7951, time 109.64ms, mfu 2.84%
iter 4780: loss 0.8094, time 76.50ms, mfu 3.05%
iter 4790: loss 0.8323, time 78.57ms, mfu 3.22%
iter 4800: loss 0.8156, time 79.84ms, mfu 3.36%
iter 4810: loss 0.8337, time 110.69ms, mfu 3.36%
iter 4820: loss 0.8175, time 108.25ms, mfu 3.37%
iter 4830: loss 0.8263, time 107.81ms, mfu 3.38%
iter 4840: loss 0.8277, time 111.38ms, mfu 3.37%
iter 4850: loss 0.8180, time 126.41ms, mfu 3.33%
iter 4860: loss 0.8081, time 123.52ms, mfu 3.30%
iter 4870: loss 0.8025, time 110.89ms, mfu 3.31%
iter 4880: loss 0.8316, time 125.04ms, mfu 3.27%
iter 4890: loss 0.8121, time 94.61ms, mfu 3.34%
iter 4900: loss 0.8053, time 125.14ms, mfu 3.30%
iter 4910: loss 0.8252, time 109.07ms, mfu 3.32%
iter 4920: loss 0.8226, time 95.27ms, mfu 3.37%
iter 4930: loss 0.8054, time 138.93ms, mfu 3.31%
iter 4940: loss 0.8023, time 110.08ms, mfu 3.31%
iter 4950: loss 0.8322, time 125.87ms, mfu 3.28%
iter 4960: loss 0.8321, time 123.68ms, mfu 3.25%
iter 4970: loss 0.7874, time 124.72ms, mfu 3.23%
iter 4980: loss 0.7940, time 108.36ms, mfu 3.25%
iter 4990: loss 0.8295, time 126.00ms, mfu 3.22%
step 5000: train loss 0.6197, val loss 1.7099
iter 5000: loss 0.8182, time 12286.18ms, mfu 2.90%
