Overriding config with config/train_shakespeare_char.py:
# train a miniature character-level shakespeare model
# good for debugging and playing on macbooks and such

out_dir = 'out-shakespeare-char'
eval_interval = 250 # keep frequent because we'll overfit
eval_iters = 200
log_interval = 10 # don't print too too often

# we expect to overfit on this small dataset, so only save when val improves
always_save_checkpoint = False

wandb_log = False # override via command line if you like
wandb_project = 'shakespeare-char'
wandb_run_name = 'mini-gpt'

dataset = 'shakespeare_char'
gradient_accumulation_steps = 1
batch_size = 64
block_size = 256 # context of up to 256 previous characters

# baby GPT model :)
n_layer = 6
n_head = 6
n_embd = 384
dropout = 0.2

learning_rate = 1e-3 # with baby networks can afford to go a bit higher
max_iters = 5000
lr_decay_iters = 5000 # make equal to max_iters usually
min_lr = 1e-4 # learning_rate / 10 usually
beta2 = 0.99 # make a bit bigger because number of tokens per iter is small

warmup_iters = 100 # not super necessary potentially

# on macbook also add
# device = 'cpu'  # run on cpu only
# compile = False # do not torch compile the model

Overriding: compile = False
Overriding: out_dir = runs\baseline_lr4e-3_s1339
Overriding: learning_rate = 0.004
Overriding: min_lr = 0.0004
Overriding: seed = 1339
Overriding: save_checkpoint = False
tokens per iteration will be: 16,384
found vocab_size = 65 (inside data\shakespeare_char\meta.pkl)
Initializing a new model from scratch
number of parameters: 10.65M
C:\Users\86271\hw1work\nanoGPT\train.py:204: FutureWarning: `torch.cuda.amp.GradScaler(args...)` is deprecated. Please use `torch.amp.GradScaler('cuda', args...)` instead.
  scaler = torch.cuda.amp.GradScaler(enabled=(dtype == 'float16'))
num decayed parameter tensors: 26, with 10,740,096 parameters
num non-decayed parameter tensors: 13, with 4,992 parameters
using fused AdamW: True
step 0: train loss 4.2468, val loss 4.2417
iter 0: loss 4.2417, time 11116.88ms, mfu -100.00%
iter 10: loss 2.9583, time 63.64ms, mfu 5.85%
iter 20: loss 2.6154, time 108.83ms, mfu 5.61%
iter 30: loss 2.5399, time 110.31ms, mfu 5.39%
iter 40: loss 2.5142, time 94.69ms, mfu 5.24%
iter 50: loss 2.5158, time 92.50ms, mfu 5.12%
iter 60: loss 2.4849, time 78.95ms, mfu 5.08%
iter 70: loss 2.4852, time 109.50ms, mfu 4.91%
iter 80: loss 2.4920, time 94.60ms, mfu 4.82%
iter 90: loss 2.5042, time 109.52ms, mfu 4.67%
iter 100: loss 2.5131, time 110.19ms, mfu 4.55%
iter 110: loss 2.4397, time 108.40ms, mfu 4.43%
iter 120: loss 2.4532, time 93.37ms, mfu 4.39%
iter 130: loss 2.4593, time 94.06ms, mfu 4.35%
iter 140: loss 2.4143, time 109.63ms, mfu 4.25%
iter 150: loss 2.3062, time 110.31ms, mfu 4.17%
iter 160: loss 2.2040, time 125.05ms, mfu 4.05%
iter 170: loss 2.1914, time 94.27ms, mfu 4.04%
iter 180: loss 2.1173, time 94.03ms, mfu 4.03%
iter 190: loss 2.1218, time 125.59ms, mfu 3.92%
iter 200: loss 2.0744, time 108.09ms, mfu 3.88%
iter 210: loss 2.0464, time 107.95ms, mfu 3.83%
iter 220: loss 2.0111, time 93.50ms, mfu 3.85%
iter 230: loss 1.9819, time 95.12ms, mfu 3.86%
iter 240: loss 1.9701, time 94.14ms, mfu 3.87%
step 250: train loss 1.8528, val loss 1.9822
iter 250: loss 1.9540, time 11462.23ms, mfu 3.48%
iter 260: loss 1.9194, time 93.75ms, mfu 3.53%
iter 270: loss 1.8870, time 93.17ms, mfu 3.58%
iter 280: loss 1.8882, time 93.79ms, mfu 3.62%
iter 290: loss 1.8611, time 93.27ms, mfu 3.66%
iter 300: loss 1.8672, time 93.85ms, mfu 3.69%
iter 310: loss 1.8404, time 92.68ms, mfu 3.72%
iter 320: loss 1.8262, time 123.53ms, mfu 3.65%
iter 330: loss 1.7972, time 94.87ms, mfu 3.68%
iter 340: loss 1.8141, time 94.06ms, mfu 3.71%
iter 350: loss 1.8102, time 109.29ms, mfu 3.68%
iter 360: loss 1.7955, time 108.53ms, mfu 3.65%
iter 370: loss 1.7737, time 110.72ms, mfu 3.62%
iter 380: loss 1.7849, time 109.57ms, mfu 3.60%
iter 390: loss 1.7561, time 107.99ms, mfu 3.59%
iter 400: loss 1.7754, time 108.05ms, mfu 3.57%
iter 410: loss 1.8031, time 108.67ms, mfu 3.56%
iter 420: loss 1.7470, time 109.34ms, mfu 3.54%
iter 430: loss 1.7032, time 94.02ms, mfu 3.59%
iter 440: loss 1.7799, time 93.96ms, mfu 3.62%
iter 450: loss 1.7191, time 94.08ms, mfu 3.66%
iter 460: loss 1.7296, time 123.81ms, mfu 3.59%
iter 470: loss 1.7288, time 108.40ms, mfu 3.58%
iter 480: loss 1.7419, time 108.03ms, mfu 3.56%
iter 490: loss 1.7091, time 94.98ms, mfu 3.60%
step 500: train loss 1.6155, val loss 1.8043
iter 500: loss 1.6585, time 11731.73ms, mfu 3.24%
iter 510: loss 1.7229, time 93.76ms, mfu 3.32%
iter 520: loss 1.6934, time 109.83ms, mfu 3.32%
iter 530: loss 1.6861, time 93.14ms, mfu 3.39%
iter 540: loss 1.7117, time 94.20ms, mfu 3.45%
iter 550: loss 1.6824, time 93.73ms, mfu 3.50%
iter 560: loss 1.6909, time 107.98ms, mfu 3.50%
iter 570: loss 1.6902, time 92.77ms, mfu 3.55%
iter 580: loss 1.6704, time 94.66ms, mfu 3.59%
iter 590: loss 1.6599, time 93.65ms, mfu 3.63%
iter 600: loss 1.6434, time 92.56ms, mfu 3.67%
iter 610: loss 1.6586, time 109.94ms, mfu 3.64%
iter 620: loss 1.6773, time 92.85ms, mfu 3.68%
iter 630: loss 1.6774, time 94.57ms, mfu 3.70%
iter 640: loss 1.6442, time 93.68ms, mfu 3.73%
iter 650: loss 1.6531, time 93.07ms, mfu 3.76%
iter 660: loss 1.6309, time 93.73ms, mfu 3.78%
iter 670: loss 1.6366, time 94.61ms, mfu 3.79%
iter 680: loss 1.6156, time 107.98ms, mfu 3.76%
iter 690: loss 1.6192, time 108.19ms, mfu 3.73%
iter 700: loss 1.6311, time 94.41ms, mfu 3.75%
iter 710: loss 1.6427, time 109.57ms, mfu 3.72%
iter 720: loss 1.6172, time 78.07ms, mfu 3.82%
iter 730: loss 1.6032, time 94.18ms, mfu 3.83%
iter 740: loss 1.5900, time 109.97ms, mfu 3.79%
step 750: train loss 1.4889, val loss 1.7004
iter 750: loss 1.5987, time 11844.44ms, mfu 3.41%
iter 760: loss 1.6023, time 94.74ms, mfu 3.47%
iter 770: loss 1.5970, time 78.50ms, mfu 3.59%
iter 780: loss 1.5982, time 80.22ms, mfu 3.70%
iter 790: loss 1.5795, time 109.59ms, mfu 3.67%
iter 800: loss 1.5781, time 94.11ms, mfu 3.70%
iter 810: loss 1.5702, time 93.98ms, mfu 3.73%
iter 820: loss 1.5398, time 108.99ms, mfu 3.69%
iter 830: loss 1.5246, time 93.06ms, mfu 3.73%
iter 840: loss 1.5641, time 78.75ms, mfu 3.83%
iter 850: loss 1.5301, time 93.72ms, mfu 3.84%
iter 860: loss 1.5389, time 79.33ms, mfu 3.93%
iter 870: loss 1.5330, time 108.60ms, mfu 3.88%
iter 880: loss 1.5091, time 93.46ms, mfu 3.89%
iter 890: loss 1.5187, time 93.85ms, mfu 3.90%
iter 900: loss 1.4956, time 94.03ms, mfu 3.90%
iter 910: loss 1.5387, time 94.55ms, mfu 3.91%
iter 920: loss 1.5227, time 94.41ms, mfu 3.91%
iter 930: loss 1.5152, time 94.18ms, mfu 3.92%
iter 940: loss 1.4965, time 107.90ms, mfu 3.87%
iter 950: loss 1.4947, time 109.42ms, mfu 3.82%
iter 960: loss 1.5163, time 93.95ms, mfu 3.84%
iter 970: loss 1.5202, time 108.59ms, mfu 3.80%
iter 980: loss 1.4939, time 93.75ms, mfu 3.81%
iter 990: loss 1.4766, time 94.59ms, mfu 3.83%
step 1000: train loss 1.3793, val loss 1.6114
iter 1000: loss 1.4639, time 11934.13ms, mfu 3.45%
iter 1010: loss 1.4842, time 94.34ms, mfu 3.50%
iter 1020: loss 1.4608, time 106.12ms, mfu 3.50%
iter 1030: loss 1.4904, time 106.37ms, mfu 3.50%
iter 1040: loss 1.4613, time 78.85ms, mfu 3.62%
iter 1050: loss 1.4761, time 92.56ms, mfu 3.66%
iter 1060: loss 1.4744, time 123.76ms, mfu 3.60%
iter 1070: loss 1.4846, time 109.89ms, mfu 3.58%
iter 1080: loss 1.4558, time 110.90ms, mfu 3.55%
iter 1090: loss 1.4050, time 109.72ms, mfu 3.54%
iter 1100: loss 1.4429, time 107.15ms, mfu 3.53%
iter 1110: loss 1.4499, time 79.96ms, mfu 3.65%
iter 1120: loss 1.4204, time 93.45ms, mfu 3.68%
iter 1130: loss 1.4234, time 92.83ms, mfu 3.71%
iter 1140: loss 1.4796, time 94.05ms, mfu 3.74%
iter 1150: loss 1.4040, time 94.94ms, mfu 3.76%
iter 1160: loss 1.4372, time 92.45ms, mfu 3.78%
iter 1170: loss 1.4097, time 93.78ms, mfu 3.80%
iter 1180: loss 1.3974, time 93.30ms, mfu 3.82%
iter 1190: loss 1.4536, time 94.38ms, mfu 3.83%
iter 1200: loss 1.4216, time 93.13ms, mfu 3.85%
iter 1210: loss 1.4115, time 93.40ms, mfu 3.87%
iter 1220: loss 1.4332, time 108.10ms, mfu 3.82%
iter 1230: loss 1.4299, time 108.02ms, mfu 3.79%
iter 1240: loss 1.4242, time 93.96ms, mfu 3.80%
step 1250: train loss 1.3074, val loss 1.5574
iter 1250: loss 1.4429, time 11905.45ms, mfu 3.43%
iter 1260: loss 1.4252, time 93.26ms, mfu 3.48%
iter 1270: loss 1.4213, time 124.58ms, mfu 3.43%
iter 1280: loss 1.3979, time 92.41ms, mfu 3.49%
iter 1290: loss 1.3969, time 94.85ms, mfu 3.54%
iter 1300: loss 1.4273, time 109.29ms, mfu 3.52%
iter 1310: loss 1.3912, time 109.22ms, mfu 3.51%
iter 1320: loss 1.3904, time 108.81ms, mfu 3.50%
iter 1330: loss 1.3669, time 93.36ms, mfu 3.55%
iter 1340: loss 1.3879, time 109.59ms, mfu 3.54%
iter 1350: loss 1.3625, time 93.79ms, mfu 3.58%
iter 1360: loss 1.3592, time 108.99ms, mfu 3.57%
iter 1370: loss 1.3907, time 93.36ms, mfu 3.61%
iter 1380: loss 1.3496, time 95.22ms, mfu 3.64%
iter 1390: loss 1.3674, time 108.86ms, mfu 3.62%
iter 1400: loss 1.3605, time 108.00ms, mfu 3.60%
iter 1410: loss 1.3337, time 94.09ms, mfu 3.64%
iter 1420: loss 1.3714, time 107.43ms, mfu 3.62%
iter 1430: loss 1.3861, time 95.66ms, mfu 3.65%
iter 1440: loss 1.3312, time 79.70ms, mfu 3.75%
iter 1450: loss 1.3819, time 109.05ms, mfu 3.72%
iter 1460: loss 1.3726, time 93.64ms, mfu 3.74%
iter 1470: loss 1.3369, time 93.49ms, mfu 3.77%
iter 1480: loss 1.3369, time 92.38ms, mfu 3.79%
iter 1490: loss 1.3593, time 93.44ms, mfu 3.81%
step 1500: train loss 1.2453, val loss 1.5192
iter 1500: loss 1.3094, time 12252.51ms, mfu 3.43%
iter 1510: loss 1.3607, time 95.30ms, mfu 3.48%
iter 1520: loss 1.3324, time 94.35ms, mfu 3.53%
iter 1530: loss 1.3608, time 92.55ms, mfu 3.58%
iter 1540: loss 1.3232, time 109.61ms, mfu 3.56%
iter 1550: loss 1.2899, time 93.82ms, mfu 3.60%
iter 1560: loss 1.3346, time 93.42ms, mfu 3.64%
iter 1570: loss 1.3181, time 95.89ms, mfu 3.67%
iter 1580: loss 1.3179, time 94.19ms, mfu 3.69%
iter 1590: loss 1.3525, time 108.96ms, mfu 3.67%
iter 1600: loss 1.3279, time 93.86ms, mfu 3.70%
iter 1610: loss 1.3261, time 93.56ms, mfu 3.73%
iter 1620: loss 1.3171, time 93.27ms, mfu 3.75%
iter 1630: loss 1.3133, time 94.63ms, mfu 3.77%
iter 1640: loss 1.3380, time 108.08ms, mfu 3.74%
iter 1650: loss 1.3100, time 123.85ms, mfu 3.67%
iter 1660: loss 1.3278, time 94.44ms, mfu 3.69%
iter 1670: loss 1.3347, time 107.53ms, mfu 3.67%
iter 1680: loss 1.3366, time 109.45ms, mfu 3.64%
iter 1690: loss 1.3460, time 93.71ms, mfu 3.68%
iter 1700: loss 1.3390, time 108.39ms, mfu 3.65%
iter 1710: loss 1.2934, time 94.83ms, mfu 3.68%
iter 1720: loss 1.3052, time 94.26ms, mfu 3.71%
iter 1730: loss 1.2975, time 78.28ms, mfu 3.81%
iter 1740: loss 1.3030, time 108.72ms, mfu 3.77%
step 1750: train loss 1.1996, val loss 1.5007
iter 1750: loss 1.3094, time 11984.53ms, mfu 3.40%
iter 1760: loss 1.2840, time 108.66ms, mfu 3.40%
iter 1770: loss 1.2725, time 125.14ms, mfu 3.36%
iter 1780: loss 1.2649, time 109.30ms, mfu 3.37%
iter 1790: loss 1.2959, time 79.16ms, mfu 3.50%
iter 1800: loss 1.2733, time 108.81ms, mfu 3.49%
iter 1810: loss 1.3070, time 109.55ms, mfu 3.48%
iter 1820: loss 1.2771, time 107.67ms, mfu 3.48%
iter 1830: loss 1.2347, time 93.58ms, mfu 3.53%
iter 1840: loss 1.2842, time 110.28ms, mfu 3.52%
iter 1850: loss 1.2936, time 94.76ms, mfu 3.56%
iter 1860: loss 1.3109, time 93.39ms, mfu 3.60%
iter 1870: loss 1.2560, time 109.17ms, mfu 3.58%
iter 1880: loss 1.3043, time 109.64ms, mfu 3.56%
iter 1890: loss 1.2573, time 109.64ms, mfu 3.55%
iter 1900: loss 1.2864, time 77.74ms, mfu 3.67%
iter 1910: loss 1.2491, time 78.50ms, mfu 3.78%
iter 1920: loss 1.2476, time 108.79ms, mfu 3.74%
iter 1930: loss 1.2566, time 94.15ms, mfu 3.77%
iter 1940: loss 1.2597, time 109.05ms, mfu 3.73%
iter 1950: loss 1.2734, time 78.42ms, mfu 3.83%
iter 1960: loss 1.2530, time 125.07ms, mfu 3.75%
iter 1970: loss 1.2509, time 108.86ms, mfu 3.71%
iter 1980: loss 1.2520, time 107.43ms, mfu 3.69%
iter 1990: loss 1.2597, time 94.70ms, mfu 3.71%
step 2000: train loss 1.1581, val loss 1.4850
iter 2000: loss 1.2665, time 11278.38ms, mfu 3.35%
iter 2010: loss 1.2597, time 108.19ms, mfu 3.36%
iter 2020: loss 1.2555, time 108.01ms, mfu 3.37%
iter 2030: loss 1.2319, time 77.42ms, mfu 3.51%
iter 2040: loss 1.2546, time 108.91ms, mfu 3.50%
iter 2050: loss 1.2553, time 77.89ms, mfu 3.63%
iter 2060: loss 1.2632, time 109.29ms, mfu 3.61%
iter 2070: loss 1.2585, time 106.97ms, mfu 3.60%
iter 2080: loss 1.2431, time 110.22ms, mfu 3.57%
iter 2090: loss 1.2357, time 94.80ms, mfu 3.61%
iter 2100: loss 1.2258, time 93.80ms, mfu 3.65%
iter 2110: loss 1.2129, time 109.55ms, mfu 3.62%
iter 2120: loss 1.1869, time 108.77ms, mfu 3.60%
iter 2130: loss 1.2416, time 94.31ms, mfu 3.64%
iter 2140: loss 1.2354, time 92.79ms, mfu 3.67%
iter 2150: loss 1.2339, time 109.11ms, mfu 3.65%
iter 2160: loss 1.2386, time 107.48ms, mfu 3.63%
iter 2170: loss 1.2465, time 93.97ms, mfu 3.66%
iter 2180: loss 1.2548, time 108.88ms, mfu 3.64%
iter 2190: loss 1.2371, time 109.75ms, mfu 3.62%
iter 2200: loss 1.2267, time 93.79ms, mfu 3.65%
iter 2210: loss 1.2146, time 94.37ms, mfu 3.68%
iter 2220: loss 1.2103, time 108.06ms, mfu 3.66%
iter 2230: loss 1.2250, time 108.44ms, mfu 3.64%
iter 2240: loss 1.2168, time 94.12ms, mfu 3.67%
step 2250: train loss 1.1199, val loss 1.4799
iter 2250: loss 1.1997, time 11372.98ms, mfu 3.30%
iter 2260: loss 1.2162, time 93.51ms, mfu 3.37%
iter 2270: loss 1.2266, time 95.41ms, mfu 3.43%
iter 2280: loss 1.2178, time 93.23ms, mfu 3.48%
iter 2290: loss 1.1862, time 92.83ms, mfu 3.54%
iter 2300: loss 1.1834, time 108.78ms, mfu 3.52%
iter 2310: loss 1.2147, time 109.82ms, mfu 3.51%
iter 2320: loss 1.1941, time 123.49ms, mfu 3.46%
iter 2330: loss 1.2252, time 93.52ms, mfu 3.51%
iter 2340: loss 1.1748, time 93.63ms, mfu 3.56%
iter 2350: loss 1.2237, time 93.78ms, mfu 3.60%
iter 2360: loss 1.1946, time 93.87ms, mfu 3.64%
iter 2370: loss 1.1759, time 95.26ms, mfu 3.67%
iter 2380: loss 1.1995, time 108.72ms, mfu 3.64%
iter 2390: loss 1.1911, time 78.62ms, mfu 3.75%
iter 2400: loss 1.2071, time 108.92ms, mfu 3.72%
iter 2410: loss 1.1801, time 93.02ms, mfu 3.75%
iter 2420: loss 1.1615, time 80.42ms, mfu 3.84%
iter 2430: loss 1.2043, time 94.68ms, mfu 3.85%
iter 2440: loss 1.2048, time 80.75ms, mfu 3.92%
iter 2450: loss 1.1948, time 94.56ms, mfu 3.92%
iter 2460: loss 1.1456, time 95.31ms, mfu 3.92%
iter 2470: loss 1.1970, time 109.97ms, mfu 3.87%
iter 2480: loss 1.1793, time 109.36ms, mfu 3.82%
iter 2490: loss 1.1912, time 94.39ms, mfu 3.84%
step 2500: train loss 1.0826, val loss 1.4714
iter 2500: loss 1.1724, time 11616.39ms, mfu 3.46%
iter 2510: loss 1.1775, time 93.85ms, mfu 3.51%
iter 2520: loss 1.1790, time 109.06ms, mfu 3.50%
iter 2530: loss 1.1803, time 94.18ms, mfu 3.54%
iter 2540: loss 1.1699, time 95.29ms, mfu 3.58%
iter 2550: loss 1.1792, time 108.50ms, mfu 3.57%
iter 2560: loss 1.1627, time 78.76ms, mfu 3.68%
iter 2570: loss 1.1817, time 93.82ms, mfu 3.71%
iter 2580: loss 1.1696, time 93.65ms, mfu 3.74%
iter 2590: loss 1.2020, time 94.26ms, mfu 3.76%
iter 2600: loss 1.1907, time 108.26ms, mfu 3.73%
iter 2610: loss 1.1805, time 95.06ms, mfu 3.75%
iter 2620: loss 1.1629, time 107.19ms, mfu 3.72%
iter 2630: loss 1.1724, time 107.57ms, mfu 3.69%
iter 2640: loss 1.1637, time 108.74ms, mfu 3.67%
iter 2650: loss 1.1588, time 108.82ms, mfu 3.64%
iter 2660: loss 1.1772, time 109.72ms, mfu 3.62%
iter 2670: loss 1.1454, time 93.82ms, mfu 3.65%
iter 2680: loss 1.1515, time 94.79ms, mfu 3.68%
iter 2690: loss 1.1817, time 92.47ms, mfu 3.72%
iter 2700: loss 1.1963, time 109.57ms, mfu 3.68%
iter 2710: loss 1.1551, time 108.54ms, mfu 3.66%
iter 2720: loss 1.1409, time 107.72ms, mfu 3.64%
iter 2730: loss 1.1492, time 108.18ms, mfu 3.62%
iter 2740: loss 1.1483, time 93.08ms, mfu 3.66%
step 2750: train loss 1.0409, val loss 1.4727
iter 2750: loss 1.1636, time 11740.18ms, mfu 3.30%
iter 2760: loss 1.1190, time 123.92ms, mfu 3.27%
iter 2770: loss 1.1111, time 94.07ms, mfu 3.34%
iter 2780: loss 1.1379, time 92.94ms, mfu 3.40%
iter 2790: loss 1.1683, time 94.05ms, mfu 3.46%
iter 2800: loss 1.1366, time 78.33ms, mfu 3.59%
iter 2810: loss 1.0996, time 93.62ms, mfu 3.63%
iter 2820: loss 1.1330, time 92.35ms, mfu 3.67%
iter 2830: loss 1.1000, time 93.38ms, mfu 3.70%
iter 2840: loss 1.1474, time 77.90ms, mfu 3.81%
iter 2850: loss 1.1371, time 93.94ms, mfu 3.83%
iter 2860: loss 1.1314, time 93.53ms, mfu 3.84%
iter 2870: loss 1.1484, time 93.60ms, mfu 3.85%
iter 2880: loss 1.1359, time 94.59ms, mfu 3.86%
iter 2890: loss 1.0942, time 93.69ms, mfu 3.87%
iter 2900: loss 1.1176, time 94.62ms, mfu 3.88%
iter 2910: loss 1.1396, time 94.32ms, mfu 3.89%
iter 2920: loss 1.1344, time 108.43ms, mfu 3.84%
iter 2930: loss 1.1032, time 109.39ms, mfu 3.80%
iter 2940: loss 1.0978, time 93.51ms, mfu 3.82%
iter 2950: loss 1.1042, time 108.56ms, mfu 3.78%
iter 2960: loss 1.1401, time 109.10ms, mfu 3.74%
iter 2970: loss 1.0898, time 108.64ms, mfu 3.71%
iter 2980: loss 1.0969, time 93.15ms, mfu 3.74%
iter 2990: loss 1.0997, time 94.34ms, mfu 3.76%
step 3000: train loss 1.0034, val loss 1.4778
iter 3000: loss 1.0973, time 11934.22ms, mfu 3.39%
iter 3010: loss 1.0910, time 93.92ms, mfu 3.45%
iter 3020: loss 1.1444, time 109.79ms, mfu 3.44%
iter 3030: loss 1.1144, time 93.61ms, mfu 3.49%
iter 3040: loss 1.0853, time 95.77ms, mfu 3.53%
iter 3050: loss 1.0992, time 93.27ms, mfu 3.58%
iter 3060: loss 1.1194, time 94.07ms, mfu 3.62%
iter 3070: loss 1.1052, time 109.54ms, mfu 3.60%
iter 3080: loss 1.0949, time 109.66ms, mfu 3.58%
iter 3090: loss 1.1245, time 92.99ms, mfu 3.62%
iter 3100: loss 1.1030, time 94.63ms, mfu 3.65%
iter 3110: loss 1.1255, time 93.25ms, mfu 3.69%
iter 3120: loss 1.0911, time 109.07ms, mfu 3.66%
iter 3130: loss 1.0684, time 94.94ms, mfu 3.69%
iter 3140: loss 1.0943, time 93.30ms, mfu 3.72%
iter 3150: loss 1.1058, time 93.46ms, mfu 3.74%
iter 3160: loss 1.0833, time 109.13ms, mfu 3.71%
iter 3170: loss 1.0715, time 94.02ms, mfu 3.74%
iter 3180: loss 1.1001, time 93.89ms, mfu 3.76%
iter 3190: loss 1.0613, time 94.51ms, mfu 3.78%
iter 3200: loss 1.0711, time 94.24ms, mfu 3.80%
iter 3210: loss 1.0766, time 93.95ms, mfu 3.81%
iter 3220: loss 1.0391, time 77.90ms, mfu 3.91%
iter 3230: loss 1.0626, time 93.69ms, mfu 3.92%
iter 3240: loss 1.0757, time 93.59ms, mfu 3.92%
step 3250: train loss 0.9600, val loss 1.4869
iter 3250: loss 1.0494, time 11953.97ms, mfu 3.53%
iter 3260: loss 1.0563, time 107.70ms, mfu 3.53%
iter 3270: loss 1.0552, time 109.61ms, mfu 3.51%
iter 3280: loss 1.0558, time 109.14ms, mfu 3.50%
iter 3290: loss 1.0870, time 108.63ms, mfu 3.50%
iter 3300: loss 1.0747, time 109.25ms, mfu 3.49%
iter 3310: loss 1.0875, time 109.20ms, mfu 3.48%
iter 3320: loss 1.0309, time 109.29ms, mfu 3.47%
iter 3330: loss 1.0769, time 94.68ms, mfu 3.52%
iter 3340: loss 1.0938, time 93.10ms, mfu 3.57%
iter 3350: loss 1.0735, time 94.40ms, mfu 3.61%
iter 3360: loss 1.0742, time 108.08ms, mfu 3.59%
iter 3370: loss 1.0546, time 78.94ms, mfu 3.70%
iter 3380: loss 1.0432, time 94.58ms, mfu 3.73%
iter 3390: loss 1.0352, time 108.27ms, mfu 3.70%
iter 3400: loss 1.0867, time 94.77ms, mfu 3.72%
iter 3410: loss 1.0912, time 109.46ms, mfu 3.69%
iter 3420: loss 1.0529, time 108.86ms, mfu 3.66%
iter 3430: loss 1.0412, time 94.77ms, mfu 3.69%
iter 3440: loss 1.0660, time 109.53ms, mfu 3.66%
iter 3450: loss 1.0612, time 109.02ms, mfu 3.64%
iter 3460: loss 1.0478, time 108.70ms, mfu 3.62%
iter 3470: loss 1.0434, time 94.46ms, mfu 3.65%
iter 3480: loss 1.0235, time 94.19ms, mfu 3.68%
iter 3490: loss 1.0637, time 80.02ms, mfu 3.78%
step 3500: train loss 0.9236, val loss 1.4872
iter 3500: loss 1.0283, time 11982.37ms, mfu 3.40%
iter 3510: loss 1.0307, time 93.39ms, mfu 3.46%
iter 3520: loss 1.0521, time 110.07ms, mfu 3.45%
iter 3530: loss 1.0446, time 95.01ms, mfu 3.50%
iter 3540: loss 1.0487, time 93.92ms, mfu 3.55%
iter 3550: loss 1.0435, time 94.03ms, mfu 3.59%
iter 3560: loss 1.0522, time 108.52ms, mfu 3.57%
iter 3570: loss 1.0472, time 94.63ms, mfu 3.61%
iter 3580: loss 1.0455, time 108.48ms, mfu 3.59%
iter 3590: loss 1.0267, time 93.88ms, mfu 3.63%
iter 3600: loss 1.0454, time 94.12ms, mfu 3.66%
iter 3610: loss 1.0276, time 93.65ms, mfu 3.69%
iter 3620: loss 1.0313, time 108.16ms, mfu 3.67%
iter 3630: loss 1.0317, time 94.11ms, mfu 3.70%
iter 3640: loss 1.0457, time 124.47ms, mfu 3.63%
iter 3650: loss 1.0045, time 78.17ms, mfu 3.74%
iter 3660: loss 1.0316, time 94.59ms, mfu 3.76%
iter 3670: loss 1.0379, time 94.78ms, mfu 3.78%
iter 3680: loss 1.0153, time 93.59ms, mfu 3.80%
iter 3690: loss 1.0489, time 110.03ms, mfu 3.76%
iter 3700: loss 1.0358, time 93.43ms, mfu 3.78%
iter 3710: loss 1.0381, time 94.17ms, mfu 3.80%
iter 3720: loss 0.9975, time 94.38ms, mfu 3.81%
iter 3730: loss 1.0406, time 94.18ms, mfu 3.83%
iter 3740: loss 1.0078, time 110.02ms, mfu 3.78%
step 3750: train loss 0.8839, val loss 1.5246
iter 3750: loss 1.0492, time 11821.76ms, mfu 3.41%
iter 3760: loss 1.0048, time 125.99ms, mfu 3.36%
iter 3770: loss 1.0038, time 108.56ms, mfu 3.37%
iter 3780: loss 1.0220, time 109.14ms, mfu 3.37%
iter 3790: loss 1.0363, time 109.56ms, mfu 3.38%
iter 3800: loss 1.0224, time 92.84ms, mfu 3.44%
iter 3810: loss 1.0008, time 124.76ms, mfu 3.40%
iter 3820: loss 0.9840, time 109.24ms, mfu 3.40%
iter 3830: loss 0.9766, time 108.47ms, mfu 3.40%
iter 3840: loss 1.0263, time 110.16ms, mfu 3.40%
iter 3850: loss 0.9707, time 108.55ms, mfu 3.40%
iter 3860: loss 1.0118, time 93.58ms, mfu 3.46%
iter 3870: loss 0.9900, time 123.89ms, mfu 3.42%
iter 3880: loss 0.9848, time 108.08ms, mfu 3.42%
iter 3890: loss 1.0253, time 80.17ms, mfu 3.54%
iter 3900: loss 0.9789, time 109.24ms, mfu 3.53%
iter 3910: loss 1.0175, time 123.11ms, mfu 3.48%
iter 3920: loss 1.0043, time 93.34ms, mfu 3.53%
iter 3930: loss 0.9739, time 109.45ms, mfu 3.52%
iter 3940: loss 0.9774, time 109.62ms, mfu 3.51%
iter 3950: loss 1.0282, time 93.25ms, mfu 3.55%
iter 3960: loss 0.9986, time 108.80ms, mfu 3.54%
iter 3970: loss 0.9961, time 93.08ms, mfu 3.59%
iter 3980: loss 0.9940, time 109.26ms, mfu 3.57%
iter 3990: loss 0.9967, time 93.49ms, mfu 3.61%
step 4000: train loss 0.8459, val loss 1.5441
iter 4000: loss 0.9701, time 11469.54ms, mfu 3.25%
iter 4010: loss 0.9535, time 93.91ms, mfu 3.32%
iter 4020: loss 0.9851, time 93.95ms, mfu 3.39%
iter 4030: loss 1.0239, time 92.88ms, mfu 3.45%
iter 4040: loss 0.9992, time 110.23ms, mfu 3.44%
iter 4050: loss 0.9945, time 93.99ms, mfu 3.50%
iter 4060: loss 0.9752, time 109.51ms, mfu 3.49%
iter 4070: loss 0.9617, time 94.05ms, mfu 3.53%
iter 4080: loss 0.9623, time 108.76ms, mfu 3.52%
iter 4090: loss 0.9800, time 109.33ms, mfu 3.51%
iter 4100: loss 0.9406, time 124.01ms, mfu 3.46%
iter 4110: loss 0.9771, time 108.97ms, mfu 3.46%
iter 4120: loss 0.9856, time 108.47ms, mfu 3.45%
iter 4130: loss 0.9640, time 108.04ms, mfu 3.45%
iter 4140: loss 0.9660, time 93.57ms, mfu 3.51%
iter 4150: loss 0.9863, time 79.00ms, mfu 3.63%
iter 4160: loss 0.9594, time 107.94ms, mfu 3.61%
iter 4170: loss 0.9724, time 92.66ms, mfu 3.65%
iter 4180: loss 0.9714, time 93.30ms, mfu 3.69%
iter 4190: loss 0.9642, time 108.49ms, mfu 3.66%
iter 4200: loss 0.9588, time 108.29ms, mfu 3.64%
iter 4210: loss 0.9531, time 94.72ms, mfu 3.67%
iter 4220: loss 0.9775, time 109.84ms, mfu 3.64%
iter 4230: loss 0.9679, time 93.22ms, mfu 3.68%
iter 4240: loss 0.9766, time 94.61ms, mfu 3.70%
step 4250: train loss 0.8149, val loss 1.5630
iter 4250: loss 0.9840, time 11306.53ms, mfu 3.34%
iter 4260: loss 0.9881, time 93.33ms, mfu 3.40%
iter 4270: loss 0.9610, time 93.11ms, mfu 3.46%
iter 4280: loss 0.9690, time 94.49ms, mfu 3.51%
iter 4290: loss 0.9470, time 93.21ms, mfu 3.56%
iter 4300: loss 0.9523, time 108.82ms, mfu 3.54%
iter 4310: loss 0.9390, time 108.89ms, mfu 3.53%
iter 4320: loss 0.9790, time 94.31ms, mfu 3.57%
iter 4330: loss 0.9624, time 93.70ms, mfu 3.61%
iter 4340: loss 0.9348, time 107.72ms, mfu 3.60%
iter 4350: loss 0.9442, time 93.91ms, mfu 3.64%
iter 4360: loss 0.9396, time 94.67ms, mfu 3.67%
iter 4370: loss 0.9355, time 109.79ms, mfu 3.64%
iter 4380: loss 0.9310, time 92.96ms, mfu 3.68%
iter 4390: loss 0.9669, time 93.16ms, mfu 3.71%
iter 4400: loss 0.9583, time 109.16ms, mfu 3.68%
iter 4410: loss 0.9527, time 120.32ms, mfu 3.62%
iter 4420: loss 0.9435, time 94.94ms, mfu 3.65%
iter 4430: loss 0.9365, time 109.08ms, mfu 3.63%
iter 4440: loss 0.9678, time 93.23ms, mfu 3.66%
iter 4450: loss 0.9544, time 93.28ms, mfu 3.70%
iter 4460: loss 0.9433, time 93.94ms, mfu 3.72%
iter 4470: loss 0.9765, time 108.92ms, mfu 3.69%
iter 4480: loss 0.9208, time 94.66ms, mfu 3.72%
iter 4490: loss 0.9554, time 109.05ms, mfu 3.69%
step 4500: train loss 0.7843, val loss 1.5793
iter 4500: loss 0.9414, time 11731.56ms, mfu 3.32%
iter 4510: loss 0.9630, time 108.93ms, mfu 3.33%
iter 4520: loss 0.9263, time 108.12ms, mfu 3.34%
iter 4530: loss 0.9785, time 93.65ms, mfu 3.41%
iter 4540: loss 0.9418, time 108.24ms, mfu 3.41%
iter 4550: loss 0.9584, time 93.08ms, mfu 3.47%
iter 4560: loss 0.9545, time 108.68ms, mfu 3.47%
iter 4570: loss 0.9452, time 92.79ms, mfu 3.52%
iter 4580: loss 0.9252, time 108.77ms, mfu 3.51%
iter 4590: loss 0.9287, time 79.38ms, mfu 3.63%
iter 4600: loss 0.9338, time 110.25ms, mfu 3.60%
iter 4610: loss 0.9159, time 110.10ms, mfu 3.58%
iter 4620: loss 0.9109, time 108.19ms, mfu 3.57%
iter 4630: loss 0.9237, time 108.95ms, mfu 3.55%
iter 4640: loss 0.9589, time 106.73ms, mfu 3.55%
iter 4650: loss 0.9279, time 108.31ms, mfu 3.54%
iter 4660: loss 0.9436, time 93.20ms, mfu 3.58%
iter 4670: loss 0.9294, time 109.25ms, mfu 3.57%
iter 4680: loss 0.9544, time 93.76ms, mfu 3.61%
iter 4690: loss 0.9380, time 110.24ms, mfu 3.58%
iter 4700: loss 0.9309, time 110.05ms, mfu 3.56%
iter 4710: loss 0.9386, time 108.57ms, mfu 3.55%
iter 4720: loss 0.9501, time 93.41ms, mfu 3.59%
iter 4730: loss 0.9273, time 93.49ms, mfu 3.63%
iter 4740: loss 0.9179, time 93.95ms, mfu 3.67%
step 4750: train loss 0.7639, val loss 1.5953
iter 4750: loss 0.9405, time 11580.49ms, mfu 3.30%
iter 4760: loss 0.9176, time 79.07ms, mfu 3.44%
iter 4770: loss 0.9232, time 94.77ms, mfu 3.49%
iter 4780: loss 0.9493, time 92.68ms, mfu 3.55%
iter 4790: loss 0.9149, time 108.84ms, mfu 3.53%
iter 4800: loss 0.9478, time 94.18ms, mfu 3.58%
iter 4810: loss 0.9182, time 92.77ms, mfu 3.62%
iter 4820: loss 0.9110, time 108.87ms, mfu 3.60%
iter 4830: loss 0.9141, time 108.81ms, mfu 3.58%
iter 4840: loss 0.9122, time 93.12ms, mfu 3.62%
iter 4850: loss 0.9374, time 93.09ms, mfu 3.66%
iter 4860: loss 0.9122, time 108.97ms, mfu 3.64%
iter 4870: loss 0.9145, time 107.75ms, mfu 3.62%
iter 4880: loss 0.9014, time 92.84ms, mfu 3.66%
iter 4890: loss 0.8995, time 93.18ms, mfu 3.69%
iter 4900: loss 0.9253, time 108.69ms, mfu 3.67%
iter 4910: loss 0.9342, time 110.29ms, mfu 3.64%
iter 4920: loss 0.9294, time 109.77ms, mfu 3.61%
iter 4930: loss 0.9136, time 109.74ms, mfu 3.59%
iter 4940: loss 0.9255, time 93.93ms, mfu 3.63%
iter 4950: loss 0.9157, time 109.23ms, mfu 3.61%
iter 4960: loss 0.9025, time 93.30ms, mfu 3.65%
iter 4970: loss 0.9414, time 93.94ms, mfu 3.68%
iter 4980: loss 0.9237, time 94.02ms, mfu 3.71%
iter 4990: loss 0.8842, time 93.48ms, mfu 3.73%
step 5000: train loss 0.7442, val loss 1.6082
iter 5000: loss 0.9000, time 11514.76ms, mfu 3.36%
