Overriding config with config/train_shakespeare_char.py:
# train a miniature character-level shakespeare model
# good for debugging and playing on macbooks and such

out_dir = 'out-shakespeare-char'
eval_interval = 250 # keep frequent because we'll overfit
eval_iters = 200
log_interval = 10 # don't print too too often

# we expect to overfit on this small dataset, so only save when val improves
always_save_checkpoint = False

wandb_log = False # override via command line if you like
wandb_project = 'shakespeare-char'
wandb_run_name = 'mini-gpt'

dataset = 'shakespeare_char'
gradient_accumulation_steps = 1
batch_size = 64
block_size = 256 # context of up to 256 previous characters

# baby GPT model :)
n_layer = 6
n_head = 6
n_embd = 384
dropout = 0.2

learning_rate = 1e-3 # with baby networks can afford to go a bit higher
max_iters = 5000
lr_decay_iters = 5000 # make equal to max_iters usually
min_lr = 1e-4 # learning_rate / 10 usually
beta2 = 0.99 # make a bit bigger because number of tokens per iter is small

warmup_iters = 100 # not super necessary potentially

# on macbook also add
# device = 'cpu'  # run on cpu only
# compile = False # do not torch compile the model

Overriding: compile = False
Overriding: out_dir = runs\rmsnorm_lr3e-3_s1338
Overriding: learning_rate = 0.003
Overriding: min_lr = 0.00030000000000000003
Overriding: seed = 1338
Overriding: save_checkpoint = False
Overriding: norm_type = rmsnorm
tokens per iteration will be: 16,384
found vocab_size = 65 (inside data\shakespeare_char\meta.pkl)
Initializing a new model from scratch
number of parameters: 10.65M
C:\Users\86271\hw1work\nanoGPT\train.py:204: FutureWarning: `torch.cuda.amp.GradScaler(args...)` is deprecated. Please use `torch.amp.GradScaler('cuda', args...)` instead.
  scaler = torch.cuda.amp.GradScaler(enabled=(dtype == 'float16'))
num decayed parameter tensors: 26, with 10,740,096 parameters
num non-decayed parameter tensors: 13, with 4,992 parameters
using fused AdamW: True
step 0: train loss 4.2403, val loss 4.2324
iter 0: loss 4.2373, time 12161.67ms, mfu -100.00%
iter 10: loss 2.9556, time 139.40ms, mfu 2.67%
iter 20: loss 2.6334, time 109.76ms, mfu 2.75%
iter 30: loss 2.5558, time 124.95ms, mfu 2.77%
iter 40: loss 2.5094, time 110.86ms, mfu 2.83%
iter 50: loss 2.5166, time 124.10ms, mfu 2.85%
iter 60: loss 2.4882, time 125.50ms, mfu 2.86%
iter 70: loss 2.4910, time 125.00ms, mfu 2.87%
iter 80: loss 2.4958, time 125.32ms, mfu 2.88%
iter 90: loss 2.4764, time 121.79ms, mfu 2.90%
iter 100: loss 2.4658, time 109.20ms, mfu 2.95%
iter 110: loss 2.4346, time 111.22ms, mfu 2.99%
iter 120: loss 2.4692, time 110.93ms, mfu 3.03%
iter 130: loss 2.4370, time 123.89ms, mfu 3.02%
iter 140: loss 2.4141, time 125.02ms, mfu 3.02%
iter 150: loss 2.2498, time 124.63ms, mfu 3.02%
iter 160: loss 2.2168, time 108.48ms, mfu 3.06%
iter 170: loss 2.1466, time 123.87ms, mfu 3.05%
iter 180: loss 2.1265, time 111.42ms, mfu 3.08%
iter 190: loss 2.0812, time 125.64ms, mfu 3.07%
iter 200: loss 2.0863, time 123.35ms, mfu 3.07%
iter 210: loss 2.0276, time 108.89ms, mfu 3.10%
iter 220: loss 1.9948, time 93.50ms, mfu 3.19%
iter 230: loss 1.9600, time 110.57ms, mfu 3.21%
iter 240: loss 1.9561, time 108.24ms, mfu 3.23%
step 250: train loss 1.8213, val loss 1.9581
iter 250: loss 1.9146, time 12156.44ms, mfu 2.91%
iter 260: loss 1.9077, time 126.02ms, mfu 2.92%
iter 270: loss 1.8437, time 124.36ms, mfu 2.92%
iter 280: loss 1.8349, time 109.72ms, mfu 2.97%
iter 290: loss 1.8240, time 124.33ms, mfu 2.97%
iter 300: loss 1.8350, time 123.20ms, mfu 2.98%
iter 310: loss 1.8228, time 125.14ms, mfu 2.98%
iter 320: loss 1.8032, time 124.28ms, mfu 2.98%
iter 330: loss 1.7931, time 124.23ms, mfu 2.98%
iter 340: loss 1.7432, time 154.06ms, mfu 2.93%
iter 350: loss 1.7480, time 110.72ms, mfu 2.97%
iter 360: loss 1.7576, time 124.58ms, mfu 2.97%
iter 370: loss 1.7497, time 110.16ms, mfu 3.01%
iter 380: loss 1.7385, time 138.36ms, mfu 2.98%
iter 390: loss 1.7169, time 110.27ms, mfu 3.02%
iter 400: loss 1.6919, time 108.75ms, mfu 3.06%
iter 410: loss 1.7027, time 123.55ms, mfu 3.06%
iter 420: loss 1.7169, time 109.34ms, mfu 3.09%
iter 430: loss 1.7039, time 97.07ms, mfu 3.17%
iter 440: loss 1.6802, time 124.37ms, mfu 3.15%
iter 450: loss 1.6505, time 108.60ms, mfu 3.18%
iter 460: loss 1.6939, time 110.39ms, mfu 3.20%
iter 470: loss 1.6672, time 94.95ms, mfu 3.27%
iter 480: loss 1.6759, time 94.36ms, mfu 3.34%
iter 490: loss 1.6337, time 123.61ms, mfu 3.31%
step 500: train loss 1.5446, val loss 1.7480
iter 500: loss 1.6379, time 12652.81ms, mfu 2.98%
iter 510: loss 1.6470, time 110.68ms, mfu 3.02%
iter 520: loss 1.6146, time 123.54ms, mfu 3.02%
iter 530: loss 1.6474, time 109.65ms, mfu 3.06%
iter 540: loss 1.6106, time 125.50ms, mfu 3.05%
iter 550: loss 1.6124, time 124.44ms, mfu 3.04%
iter 560: loss 1.6119, time 108.20ms, mfu 3.08%
iter 570: loss 1.6279, time 123.02ms, mfu 3.08%
iter 580: loss 1.5847, time 109.90ms, mfu 3.11%
iter 590: loss 1.6014, time 108.89ms, mfu 3.14%
iter 600: loss 1.5771, time 126.68ms, mfu 3.12%
iter 610: loss 1.6000, time 124.06ms, mfu 3.11%
iter 620: loss 1.5640, time 94.22ms, mfu 3.19%
iter 630: loss 1.6166, time 109.09ms, mfu 3.21%
iter 640: loss 1.5296, time 109.59ms, mfu 3.23%
iter 650: loss 1.5819, time 79.82ms, mfu 3.38%
iter 660: loss 1.5676, time 112.09ms, mfu 3.37%
iter 670: loss 1.5693, time 109.92ms, mfu 3.37%
iter 680: loss 1.5360, time 110.33ms, mfu 3.37%
iter 690: loss 1.5421, time 125.26ms, mfu 3.33%
iter 700: loss 1.5354, time 96.01ms, mfu 3.39%
iter 710: loss 1.5717, time 123.92ms, mfu 3.35%
iter 720: loss 1.5238, time 110.24ms, mfu 3.35%
iter 730: loss 1.5181, time 123.29ms, mfu 3.32%
iter 740: loss 1.5083, time 108.52ms, mfu 3.33%
step 750: train loss 1.4216, val loss 1.6424
iter 750: loss 1.5247, time 12523.46ms, mfu 3.00%
iter 760: loss 1.4722, time 139.70ms, mfu 2.97%
iter 770: loss 1.5013, time 125.14ms, mfu 2.97%
iter 780: loss 1.4970, time 123.68ms, mfu 2.97%
iter 790: loss 1.4778, time 110.59ms, mfu 3.01%
iter 800: loss 1.5012, time 110.50ms, mfu 3.05%
iter 810: loss 1.5096, time 109.37ms, mfu 3.08%
iter 820: loss 1.4763, time 125.16ms, mfu 3.07%
iter 830: loss 1.4775, time 108.83ms, mfu 3.11%
iter 840: loss 1.4764, time 124.98ms, mfu 3.10%
iter 850: loss 1.5014, time 125.36ms, mfu 3.08%
iter 860: loss 1.4523, time 122.40ms, mfu 3.08%
iter 870: loss 1.4863, time 96.28ms, mfu 3.16%
iter 880: loss 1.4369, time 125.37ms, mfu 3.14%
iter 890: loss 1.4629, time 108.67ms, mfu 3.17%
iter 900: loss 1.4389, time 109.84ms, mfu 3.19%
iter 910: loss 1.4706, time 109.13ms, mfu 3.21%
iter 920: loss 1.4523, time 109.23ms, mfu 3.23%
iter 930: loss 1.4228, time 123.64ms, mfu 3.21%
iter 940: loss 1.4463, time 110.85ms, mfu 3.23%
iter 950: loss 1.4364, time 138.10ms, mfu 3.17%
iter 960: loss 1.4598, time 110.54ms, mfu 3.19%
iter 970: loss 1.4501, time 125.08ms, mfu 3.17%
iter 980: loss 1.4429, time 109.36ms, mfu 3.20%
iter 990: loss 1.3884, time 125.47ms, mfu 3.17%
step 1000: train loss 1.3227, val loss 1.5507
iter 1000: loss 1.4144, time 12627.39ms, mfu 2.86%
iter 1010: loss 1.4412, time 125.29ms, mfu 2.87%
iter 1020: loss 1.4276, time 125.47ms, mfu 2.88%
iter 1030: loss 1.3962, time 109.68ms, mfu 2.93%
iter 1040: loss 1.3775, time 108.55ms, mfu 2.98%
iter 1050: loss 1.3678, time 121.56ms, mfu 2.99%
iter 1060: loss 1.3901, time 109.04ms, mfu 3.03%
iter 1070: loss 1.4011, time 110.11ms, mfu 3.07%
iter 1080: loss 1.3981, time 109.26ms, mfu 3.10%
iter 1090: loss 1.4329, time 122.92ms, mfu 3.10%
iter 1100: loss 1.3555, time 109.24ms, mfu 3.13%
iter 1110: loss 1.3818, time 96.28ms, mfu 3.20%
iter 1120: loss 1.3705, time 109.77ms, mfu 3.22%
iter 1130: loss 1.3727, time 106.78ms, mfu 3.25%
iter 1140: loss 1.3664, time 109.50ms, mfu 3.26%
iter 1150: loss 1.3612, time 109.31ms, mfu 3.28%
iter 1160: loss 1.3550, time 126.27ms, mfu 3.24%
iter 1170: loss 1.3439, time 124.53ms, mfu 3.22%
iter 1180: loss 1.3442, time 110.46ms, mfu 3.24%
iter 1190: loss 1.3996, time 127.36ms, mfu 3.20%
iter 1200: loss 1.3649, time 110.36ms, mfu 3.22%
iter 1210: loss 1.3672, time 110.03ms, mfu 3.24%
iter 1220: loss 1.3576, time 137.57ms, mfu 3.18%
iter 1230: loss 1.3181, time 124.31ms, mfu 3.17%
iter 1240: loss 1.3373, time 110.18ms, mfu 3.19%
step 1250: train loss 1.2554, val loss 1.5207
iter 1250: loss 1.3671, time 12798.63ms, mfu 2.87%
iter 1260: loss 1.3720, time 123.40ms, mfu 2.89%
iter 1270: loss 1.3628, time 109.31ms, mfu 2.94%
iter 1280: loss 1.3383, time 109.67ms, mfu 2.98%
iter 1290: loss 1.3701, time 109.34ms, mfu 3.03%
iter 1300: loss 1.3636, time 110.90ms, mfu 3.06%
iter 1310: loss 1.3159, time 109.69ms, mfu 3.09%
iter 1320: loss 1.3489, time 108.02ms, mfu 3.13%
iter 1330: loss 1.3324, time 124.25ms, mfu 3.12%
iter 1340: loss 1.3061, time 124.79ms, mfu 3.10%
iter 1350: loss 1.3129, time 124.35ms, mfu 3.09%
iter 1360: loss 1.3561, time 124.77ms, mfu 3.08%
iter 1370: loss 1.3300, time 109.17ms, mfu 3.12%
iter 1380: loss 1.3144, time 124.19ms, mfu 3.10%
iter 1390: loss 1.3224, time 109.10ms, mfu 3.13%
iter 1400: loss 1.3281, time 124.31ms, mfu 3.12%
iter 1410: loss 1.3198, time 124.73ms, mfu 3.11%
iter 1420: loss 1.3057, time 110.14ms, mfu 3.14%
iter 1430: loss 1.2930, time 94.78ms, mfu 3.21%
iter 1440: loss 1.2811, time 139.33ms, mfu 3.16%
iter 1450: loss 1.3405, time 125.53ms, mfu 3.14%
iter 1460: loss 1.3020, time 125.13ms, mfu 3.13%
iter 1470: loss 1.2849, time 108.96ms, mfu 3.15%
iter 1480: loss 1.2885, time 123.79ms, mfu 3.14%
iter 1490: loss 1.3058, time 123.16ms, mfu 3.13%
step 1500: train loss 1.2014, val loss 1.4931
iter 1500: loss 1.3089, time 12318.60ms, mfu 2.82%
iter 1510: loss 1.2907, time 108.42ms, mfu 2.88%
iter 1520: loss 1.2985, time 108.09ms, mfu 2.94%
iter 1530: loss 1.2787, time 124.82ms, mfu 2.94%
iter 1540: loss 1.3072, time 121.93ms, mfu 2.95%
iter 1550: loss 1.2884, time 125.16ms, mfu 2.96%
iter 1560: loss 1.3131, time 124.18ms, mfu 2.96%
iter 1570: loss 1.2726, time 110.96ms, mfu 3.00%
iter 1580: loss 1.2588, time 126.21ms, mfu 3.00%
iter 1590: loss 1.2644, time 110.29ms, mfu 3.03%
iter 1600: loss 1.2763, time 125.00ms, mfu 3.03%
iter 1610: loss 1.2463, time 138.83ms, mfu 2.99%
iter 1620: loss 1.2722, time 139.25ms, mfu 2.96%
iter 1630: loss 1.2951, time 110.38ms, mfu 3.00%
iter 1640: loss 1.2856, time 95.06ms, mfu 3.10%
iter 1650: loss 1.2645, time 108.97ms, mfu 3.13%
iter 1660: loss 1.2614, time 123.92ms, mfu 3.12%
iter 1670: loss 1.2810, time 109.98ms, mfu 3.14%
iter 1680: loss 1.2400, time 124.66ms, mfu 3.13%
iter 1690: loss 1.2510, time 109.26ms, mfu 3.16%
iter 1700: loss 1.2426, time 154.08ms, mfu 3.08%
iter 1710: loss 1.2086, time 123.61ms, mfu 3.08%
iter 1720: loss 1.2385, time 109.72ms, mfu 3.11%
iter 1730: loss 1.2527, time 139.85ms, mfu 3.06%
iter 1740: loss 1.2570, time 124.98ms, mfu 3.05%
step 1750: train loss 1.1555, val loss 1.4732
iter 1750: loss 1.2433, time 11793.04ms, mfu 2.75%
iter 1760: loss 1.2624, time 110.06ms, mfu 2.82%
iter 1770: loss 1.2588, time 125.14ms, mfu 2.83%
iter 1780: loss 1.2015, time 124.78ms, mfu 2.85%
iter 1790: loss 1.2359, time 110.84ms, mfu 2.90%
iter 1800: loss 1.2037, time 124.32ms, mfu 2.91%
iter 1810: loss 1.2273, time 108.47ms, mfu 2.96%
iter 1820: loss 1.2364, time 124.10ms, mfu 2.97%
iter 1830: loss 1.2515, time 110.39ms, mfu 3.01%
iter 1840: loss 1.2307, time 122.37ms, mfu 3.01%
iter 1850: loss 1.2470, time 124.75ms, mfu 3.01%
iter 1860: loss 1.2808, time 109.57ms, mfu 3.05%
iter 1870: loss 1.2383, time 110.53ms, mfu 3.08%
iter 1880: loss 1.2156, time 95.42ms, mfu 3.16%
iter 1890: loss 1.2091, time 124.41ms, mfu 3.15%
iter 1900: loss 1.2190, time 125.35ms, mfu 3.13%
iter 1910: loss 1.2267, time 109.87ms, mfu 3.15%
iter 1920: loss 1.2058, time 109.50ms, mfu 3.18%
iter 1930: loss 1.2349, time 111.78ms, mfu 3.19%
iter 1940: loss 1.2102, time 111.65ms, mfu 3.21%
iter 1950: loss 1.1918, time 110.31ms, mfu 3.23%
iter 1960: loss 1.2187, time 125.14ms, mfu 3.20%
iter 1970: loss 1.2011, time 110.16ms, mfu 3.22%
iter 1980: loss 1.2534, time 125.12ms, mfu 3.20%
iter 1990: loss 1.1967, time 109.17ms, mfu 3.22%
step 2000: train loss 1.1154, val loss 1.4610
iter 2000: loss 1.1874, time 12101.18ms, mfu 2.90%
iter 2010: loss 1.2071, time 123.87ms, mfu 2.91%
iter 2020: loss 1.1879, time 109.44ms, mfu 2.96%
iter 2030: loss 1.2120, time 107.92ms, mfu 3.01%
iter 2040: loss 1.2096, time 108.01ms, mfu 3.05%
iter 2050: loss 1.1787, time 107.96ms, mfu 3.09%
iter 2060: loss 1.1811, time 124.96ms, mfu 3.08%
iter 2070: loss 1.2066, time 124.49ms, mfu 3.07%
iter 2080: loss 1.1658, time 125.16ms, mfu 3.06%
iter 2090: loss 1.1812, time 155.68ms, mfu 3.00%
iter 2100: loss 1.1907, time 124.01ms, mfu 3.00%
iter 2110: loss 1.2019, time 123.38ms, mfu 3.00%
iter 2120: loss 1.2072, time 124.45ms, mfu 3.00%
iter 2130: loss 1.1985, time 124.74ms, mfu 3.00%
iter 2140: loss 1.1631, time 110.31ms, mfu 3.04%
iter 2150: loss 1.1764, time 111.14ms, mfu 3.07%
iter 2160: loss 1.1623, time 124.74ms, mfu 3.06%
iter 2170: loss 1.1790, time 124.25ms, mfu 3.05%
iter 2180: loss 1.1742, time 108.41ms, mfu 3.09%
iter 2190: loss 1.2169, time 94.43ms, mfu 3.18%
iter 2200: loss 1.2022, time 108.69ms, mfu 3.20%
iter 2210: loss 1.1845, time 110.32ms, mfu 3.22%
iter 2220: loss 1.1819, time 123.37ms, mfu 3.20%
iter 2230: loss 1.1529, time 95.80ms, mfu 3.27%
iter 2240: loss 1.1741, time 96.28ms, mfu 3.33%
step 2250: train loss 1.0707, val loss 1.4636
iter 2250: loss 1.1787, time 12384.45ms, mfu 3.00%
iter 2260: loss 1.1711, time 124.19ms, mfu 3.00%
iter 2270: loss 1.1608, time 123.33ms, mfu 3.00%
iter 2280: loss 1.1458, time 108.95ms, mfu 3.04%
iter 2290: loss 1.1367, time 125.71ms, mfu 3.04%
iter 2300: loss 1.1976, time 125.69ms, mfu 3.03%
iter 2310: loss 1.1541, time 138.54ms, mfu 2.99%
iter 2320: loss 1.1400, time 109.75ms, mfu 3.03%
iter 2330: loss 1.1620, time 125.13ms, mfu 3.03%
iter 2340: loss 1.1445, time 139.49ms, mfu 2.99%
iter 2350: loss 1.1349, time 123.42ms, mfu 3.00%
iter 2360: loss 1.1490, time 125.14ms, mfu 2.99%
iter 2370: loss 1.1618, time 127.06ms, mfu 2.99%
iter 2380: loss 1.1529, time 124.49ms, mfu 2.99%
iter 2390: loss 1.1479, time 108.11ms, mfu 3.03%
iter 2400: loss 1.1097, time 109.17ms, mfu 3.07%
iter 2410: loss 1.1526, time 108.79ms, mfu 3.11%
iter 2420: loss 1.1307, time 108.84ms, mfu 3.14%
iter 2430: loss 1.1157, time 107.93ms, mfu 3.17%
iter 2440: loss 1.1132, time 94.02ms, mfu 3.25%
iter 2450: loss 1.1361, time 108.73ms, mfu 3.27%
iter 2460: loss 1.1436, time 111.33ms, mfu 3.28%
iter 2470: loss 1.1413, time 123.82ms, mfu 3.25%
iter 2480: loss 1.1229, time 95.26ms, mfu 3.32%
iter 2490: loss 1.1366, time 122.69ms, mfu 3.29%
step 2500: train loss 1.0271, val loss 1.4652
iter 2500: loss 1.1443, time 12580.17ms, mfu 2.96%
iter 2510: loss 1.1166, time 140.19ms, mfu 2.93%
iter 2520: loss 1.1234, time 109.95ms, mfu 2.98%
iter 2530: loss 1.1347, time 140.00ms, mfu 2.95%
iter 2540: loss 1.1086, time 110.91ms, mfu 2.99%
iter 2550: loss 1.1221, time 122.75ms, mfu 2.99%
iter 2560: loss 1.1221, time 122.84ms, mfu 3.00%
iter 2570: loss 1.1088, time 111.05ms, mfu 3.03%
iter 2580: loss 1.1052, time 125.17ms, mfu 3.03%
iter 2590: loss 1.1189, time 125.71ms, mfu 3.02%
iter 2600: loss 1.1248, time 111.24ms, mfu 3.05%
iter 2610: loss 1.0912, time 109.76ms, mfu 3.09%
iter 2620: loss 1.1199, time 124.11ms, mfu 3.08%
iter 2630: loss 1.1330, time 124.15ms, mfu 3.07%
iter 2640: loss 1.0758, time 109.19ms, mfu 3.11%
iter 2650: loss 1.1073, time 91.23ms, mfu 3.20%
iter 2660: loss 1.1138, time 109.28ms, mfu 3.22%
iter 2670: loss 1.1022, time 108.85ms, mfu 3.24%
iter 2680: loss 1.1014, time 94.19ms, mfu 3.31%
iter 2690: loss 1.1211, time 108.32ms, mfu 3.33%
iter 2700: loss 1.0616, time 124.59ms, mfu 3.29%
iter 2710: loss 1.0967, time 126.58ms, mfu 3.26%
iter 2720: loss 1.0599, time 111.20ms, mfu 3.27%
iter 2730: loss 1.0994, time 110.73ms, mfu 3.28%
iter 2740: loss 1.0983, time 110.25ms, mfu 3.29%
step 2750: train loss 0.9867, val loss 1.4679
iter 2750: loss 1.1158, time 12902.24ms, mfu 2.96%
iter 2760: loss 1.0767, time 124.84ms, mfu 2.96%
iter 2770: loss 1.1034, time 94.66ms, mfu 3.06%
iter 2780: loss 1.1010, time 126.26ms, mfu 3.05%
iter 2790: loss 1.0895, time 123.17ms, mfu 3.05%
iter 2800: loss 1.0779, time 110.34ms, mfu 3.08%
iter 2810: loss 1.0862, time 109.57ms, mfu 3.11%
iter 2820: loss 1.1009, time 111.43ms, mfu 3.14%
iter 2830: loss 1.0493, time 123.84ms, mfu 3.12%
iter 2840: loss 1.0717, time 94.40ms, mfu 3.21%
iter 2850: loss 1.0712, time 110.42ms, mfu 3.22%
iter 2860: loss 1.0671, time 112.15ms, mfu 3.23%
iter 2870: loss 1.0896, time 110.15ms, mfu 3.25%
iter 2880: loss 1.0888, time 124.04ms, mfu 3.22%
iter 2890: loss 1.0763, time 123.06ms, mfu 3.20%
iter 2900: loss 1.0945, time 95.39ms, mfu 3.27%
iter 2910: loss 1.0715, time 124.88ms, mfu 3.24%
iter 2920: loss 1.0383, time 107.92ms, mfu 3.27%
iter 2930: loss 1.0655, time 108.63ms, mfu 3.28%
iter 2940: loss 1.0534, time 109.13ms, mfu 3.30%
iter 2950: loss 1.0407, time 110.01ms, mfu 3.30%
iter 2960: loss 1.0715, time 125.67ms, mfu 3.27%
iter 2970: loss 1.0526, time 124.79ms, mfu 3.24%
iter 2980: loss 1.0707, time 123.96ms, mfu 3.22%
iter 2990: loss 1.0569, time 137.60ms, mfu 3.17%
step 3000: train loss 0.9423, val loss 1.4880
iter 3000: loss 1.0564, time 13117.23ms, mfu 2.85%
iter 3010: loss 1.0878, time 123.20ms, mfu 2.87%
iter 3020: loss 1.0613, time 122.94ms, mfu 2.89%
iter 3030: loss 1.0723, time 125.39ms, mfu 2.90%
iter 3040: loss 1.0482, time 124.12ms, mfu 2.91%
iter 3050: loss 1.0548, time 123.13ms, mfu 2.92%
iter 3060: loss 1.0567, time 95.56ms, mfu 3.02%
iter 3070: loss 1.0587, time 95.06ms, mfu 3.11%
iter 3080: loss 1.0563, time 122.52ms, mfu 3.10%
iter 3090: loss 1.0672, time 110.13ms, mfu 3.13%
iter 3100: loss 1.0370, time 108.76ms, mfu 3.16%
iter 3110: loss 1.0445, time 109.76ms, mfu 3.18%
iter 3120: loss 1.0435, time 124.84ms, mfu 3.16%
iter 3130: loss 1.0537, time 139.85ms, mfu 3.11%
iter 3140: loss 1.0593, time 110.54ms, mfu 3.14%
iter 3150: loss 1.0284, time 111.45ms, mfu 3.16%
iter 3160: loss 1.0379, time 109.65ms, mfu 3.18%
iter 3170: loss 1.0164, time 125.80ms, mfu 3.16%
iter 3180: loss 1.0155, time 108.90ms, mfu 3.19%
iter 3190: loss 1.0412, time 123.24ms, mfu 3.17%
iter 3200: loss 1.0501, time 109.99ms, mfu 3.19%
iter 3210: loss 1.0577, time 110.27ms, mfu 3.21%
iter 3220: loss 1.0412, time 109.21ms, mfu 3.23%
iter 3230: loss 1.0521, time 124.14ms, mfu 3.21%
iter 3240: loss 0.9972, time 139.36ms, mfu 3.15%
step 3250: train loss 0.8951, val loss 1.5085
iter 3250: loss 1.0568, time 12484.47ms, mfu 2.84%
iter 3260: loss 1.0463, time 110.18ms, mfu 2.90%
iter 3270: loss 1.0305, time 108.79ms, mfu 2.95%
iter 3280: loss 1.0180, time 109.75ms, mfu 2.99%
iter 3290: loss 1.0120, time 108.63ms, mfu 3.04%
iter 3300: loss 1.0151, time 124.12ms, mfu 3.03%
iter 3310: loss 1.0297, time 107.30ms, mfu 3.08%
iter 3320: loss 1.0001, time 140.30ms, mfu 3.04%
iter 3330: loss 1.0112, time 139.09ms, mfu 3.00%
iter 3340: loss 1.0342, time 123.23ms, mfu 3.00%
iter 3350: loss 1.0340, time 94.03ms, mfu 3.10%
iter 3360: loss 1.0036, time 111.07ms, mfu 3.12%
iter 3370: loss 0.9986, time 125.23ms, mfu 3.11%
iter 3380: loss 1.0114, time 138.94ms, mfu 3.07%
iter 3390: loss 1.0025, time 126.00ms, mfu 3.06%
iter 3400: loss 1.0036, time 125.77ms, mfu 3.05%
iter 3410: loss 1.0117, time 125.33ms, mfu 3.04%
iter 3420: loss 0.9987, time 122.96ms, mfu 3.04%
iter 3430: loss 1.0005, time 138.19ms, mfu 3.00%
iter 3440: loss 0.9971, time 126.09ms, mfu 3.00%
iter 3450: loss 0.9887, time 109.52ms, mfu 3.04%
iter 3460: loss 1.0459, time 124.58ms, mfu 3.03%
iter 3470: loss 0.9858, time 94.27ms, mfu 3.13%
iter 3480: loss 0.9989, time 109.93ms, mfu 3.15%
iter 3490: loss 1.0154, time 109.93ms, mfu 3.18%
step 3500: train loss 0.8525, val loss 1.5228
iter 3500: loss 0.9760, time 11974.57ms, mfu 2.86%
iter 3510: loss 1.0104, time 108.76ms, mfu 2.92%
iter 3520: loss 0.9716, time 109.53ms, mfu 2.97%
iter 3530: loss 0.9800, time 138.52ms, mfu 2.94%
iter 3540: loss 1.0030, time 94.83ms, mfu 3.04%
iter 3550: loss 0.9790, time 110.00ms, mfu 3.07%
iter 3560: loss 1.0097, time 126.47ms, mfu 3.06%
iter 3570: loss 0.9871, time 124.88ms, mfu 3.05%
iter 3580: loss 0.9865, time 125.20ms, mfu 3.05%
iter 3590: loss 0.9954, time 126.01ms, mfu 3.04%
iter 3600: loss 0.9772, time 110.98ms, mfu 3.07%
iter 3610: loss 0.9782, time 124.56ms, mfu 3.06%
iter 3620: loss 0.9997, time 111.13ms, mfu 3.09%
iter 3630: loss 0.9588, time 122.14ms, mfu 3.09%
iter 3640: loss 0.9805, time 109.89ms, mfu 3.12%
iter 3650: loss 0.9958, time 123.66ms, mfu 3.11%
iter 3660: loss 0.9645, time 110.29ms, mfu 3.13%
iter 3670: loss 0.9505, time 110.01ms, mfu 3.16%
iter 3680: loss 0.9490, time 123.08ms, mfu 3.15%
iter 3690: loss 0.9646, time 110.77ms, mfu 3.17%
iter 3700: loss 0.9619, time 112.07ms, mfu 3.18%
iter 3710: loss 0.9342, time 123.66ms, mfu 3.17%
iter 3720: loss 0.9687, time 126.05ms, mfu 3.15%
iter 3730: loss 0.9671, time 126.22ms, mfu 3.13%
iter 3740: loss 0.9419, time 109.41ms, mfu 3.15%
step 3750: train loss 0.8086, val loss 1.5563
iter 3750: loss 0.9766, time 12183.11ms, mfu 2.84%
iter 3760: loss 0.9429, time 124.23ms, mfu 2.86%
iter 3770: loss 0.9524, time 141.77ms, mfu 2.83%
iter 3780: loss 0.9655, time 125.90ms, mfu 2.85%
iter 3790: loss 0.9252, time 124.74ms, mfu 2.86%
iter 3800: loss 0.9517, time 123.80ms, mfu 2.88%
iter 3810: loss 0.9763, time 124.15ms, mfu 2.89%
iter 3820: loss 0.9632, time 111.06ms, mfu 2.94%
iter 3830: loss 0.9504, time 125.12ms, mfu 2.94%
iter 3840: loss 0.9563, time 126.48ms, mfu 2.94%
iter 3850: loss 0.9597, time 124.16ms, mfu 2.95%
iter 3860: loss 0.9285, time 125.89ms, mfu 2.95%
iter 3870: loss 0.9263, time 110.73ms, mfu 2.99%
iter 3880: loss 0.9388, time 109.65ms, mfu 3.03%
iter 3890: loss 0.9413, time 123.20ms, mfu 3.03%
iter 3900: loss 0.9878, time 123.91ms, mfu 3.03%
iter 3910: loss 0.9283, time 123.38ms, mfu 3.03%
iter 3920: loss 0.9513, time 122.65ms, mfu 3.03%
iter 3930: loss 0.9513, time 123.29ms, mfu 3.03%
iter 3940: loss 0.9467, time 108.63ms, mfu 3.07%
iter 3950: loss 0.9378, time 106.81ms, mfu 3.11%
iter 3960: loss 0.9269, time 108.97ms, mfu 3.14%
iter 3970: loss 0.9129, time 110.05ms, mfu 3.17%
iter 3980: loss 0.9572, time 109.12ms, mfu 3.19%
iter 3990: loss 0.9404, time 108.76ms, mfu 3.21%
step 4000: train loss 0.7725, val loss 1.5718
iter 4000: loss 0.9452, time 12292.47ms, mfu 2.90%
iter 4010: loss 0.9393, time 124.26ms, mfu 2.91%
iter 4020: loss 0.9004, time 139.59ms, mfu 2.88%
iter 4030: loss 0.9333, time 109.99ms, mfu 2.93%
iter 4040: loss 0.9130, time 123.70ms, mfu 2.94%
iter 4050: loss 0.8936, time 110.13ms, mfu 2.98%
iter 4060: loss 0.9229, time 123.93ms, mfu 2.99%
iter 4070: loss 0.9469, time 124.58ms, mfu 2.99%
iter 4080: loss 0.9387, time 96.17ms, mfu 3.08%
iter 4090: loss 0.9002, time 93.67ms, mfu 3.17%
iter 4100: loss 0.9332, time 109.41ms, mfu 3.19%
iter 4110: loss 0.9508, time 123.63ms, mfu 3.17%
iter 4120: loss 0.8956, time 110.52ms, mfu 3.19%
iter 4130: loss 0.8997, time 123.94ms, mfu 3.17%
iter 4140: loss 0.9223, time 95.12ms, mfu 3.25%
iter 4150: loss 0.9062, time 125.20ms, mfu 3.22%
iter 4160: loss 0.8938, time 108.31ms, mfu 3.24%
iter 4170: loss 0.9104, time 110.12ms, mfu 3.26%
iter 4180: loss 0.9306, time 109.91ms, mfu 3.27%
iter 4190: loss 0.9171, time 107.45ms, mfu 3.29%
iter 4200: loss 0.8975, time 123.61ms, mfu 3.26%
iter 4210: loss 0.9319, time 108.40ms, mfu 3.28%
iter 4220: loss 0.9026, time 108.73ms, mfu 3.29%
iter 4230: loss 0.9230, time 110.31ms, mfu 3.30%
iter 4240: loss 0.9101, time 94.91ms, mfu 3.37%
step 4250: train loss 0.7390, val loss 1.5927
iter 4250: loss 0.9065, time 12617.08ms, mfu 3.03%
iter 4260: loss 0.9256, time 123.22ms, mfu 3.03%
iter 4270: loss 0.8838, time 126.55ms, mfu 3.02%
iter 4280: loss 0.9130, time 126.15ms, mfu 3.02%
iter 4290: loss 0.8912, time 125.46ms, mfu 3.01%
iter 4300: loss 0.9017, time 125.24ms, mfu 3.01%
iter 4310: loss 0.8998, time 111.29ms, mfu 3.04%
iter 4320: loss 0.8987, time 108.84ms, mfu 3.08%
iter 4330: loss 0.9170, time 111.80ms, mfu 3.11%
iter 4340: loss 0.9153, time 125.37ms, mfu 3.09%
iter 4350: loss 0.9083, time 123.38ms, mfu 3.08%
iter 4360: loss 0.8872, time 108.98ms, mfu 3.12%
iter 4370: loss 0.8652, time 95.64ms, mfu 3.20%
iter 4380: loss 0.9031, time 109.53ms, mfu 3.22%
iter 4390: loss 0.8819, time 109.35ms, mfu 3.24%
iter 4400: loss 0.8703, time 109.69ms, mfu 3.25%
iter 4410: loss 0.8985, time 106.87ms, mfu 3.28%
iter 4420: loss 0.8900, time 108.86ms, mfu 3.29%
iter 4430: loss 0.8923, time 108.75ms, mfu 3.30%
iter 4440: loss 0.8680, time 109.84ms, mfu 3.31%
iter 4450: loss 0.8994, time 107.78ms, mfu 3.33%
iter 4460: loss 0.8887, time 76.92ms, mfu 3.48%
iter 4470: loss 0.8966, time 42.56ms, mfu 4.01%
iter 4480: loss 0.9008, time 32.21ms, mfu 4.76%
iter 4490: loss 0.8661, time 44.11ms, mfu 5.13%
step 4500: train loss 0.7087, val loss 1.6179
iter 4500: loss 0.8973, time 10687.87ms, mfu 4.62%
iter 4510: loss 0.8875, time 125.61ms, mfu 4.46%
iter 4520: loss 0.8828, time 78.48ms, mfu 4.49%
iter 4530: loss 0.8708, time 124.15ms, mfu 4.34%
iter 4540: loss 0.8704, time 110.98ms, mfu 4.24%
iter 4550: loss 0.8765, time 139.04ms, mfu 4.08%
iter 4560: loss 0.8775, time 124.56ms, mfu 3.97%
iter 4570: loss 0.8752, time 126.38ms, mfu 3.87%
iter 4580: loss 0.8575, time 111.56ms, mfu 3.82%
iter 4590: loss 0.8629, time 108.33ms, mfu 3.78%
iter 4600: loss 0.8813, time 123.38ms, mfu 3.70%
iter 4610: loss 0.8682, time 126.21ms, mfu 3.63%
iter 4620: loss 0.8510, time 110.60ms, mfu 3.60%
iter 4630: loss 0.8857, time 125.30ms, mfu 3.54%
iter 4640: loss 0.8958, time 124.23ms, mfu 3.49%
iter 4650: loss 0.8722, time 125.72ms, mfu 3.43%
iter 4660: loss 0.8952, time 110.45ms, mfu 3.43%
iter 4670: loss 0.8952, time 125.77ms, mfu 3.38%
iter 4680: loss 0.8992, time 123.10ms, mfu 3.35%
iter 4690: loss 0.8689, time 109.22ms, mfu 3.35%
iter 4700: loss 0.8730, time 124.18ms, mfu 3.32%
iter 4710: loss 0.8884, time 110.67ms, mfu 3.32%
iter 4720: loss 0.8761, time 109.75ms, mfu 3.33%
iter 4730: loss 0.8796, time 123.33ms, mfu 3.30%
iter 4740: loss 0.8624, time 123.09ms, mfu 3.27%
step 4750: train loss 0.6876, val loss 1.6484
iter 4750: loss 0.8700, time 11853.70ms, mfu 2.95%
iter 4760: loss 0.8710, time 110.02ms, mfu 2.99%
iter 4770: loss 0.8850, time 124.43ms, mfu 2.99%
iter 4780: loss 0.8628, time 109.76ms, mfu 3.03%
iter 4790: loss 0.8537, time 125.23ms, mfu 3.03%
iter 4800: loss 0.8450, time 124.94ms, mfu 3.02%
iter 4810: loss 0.8769, time 125.36ms, mfu 3.02%
iter 4820: loss 0.8979, time 123.51ms, mfu 3.02%
iter 4830: loss 0.8744, time 139.63ms, mfu 2.98%
iter 4840: loss 0.8519, time 124.51ms, mfu 2.98%
iter 4850: loss 0.8384, time 139.84ms, mfu 2.95%
iter 4860: loss 0.8492, time 139.72ms, mfu 2.92%
iter 4870: loss 0.8520, time 124.15ms, mfu 2.93%
iter 4880: loss 0.8450, time 110.13ms, mfu 2.98%
iter 4890: loss 0.8595, time 125.02ms, mfu 2.98%
iter 4900: loss 0.8391, time 125.07ms, mfu 2.98%
iter 4910: loss 0.8529, time 124.72ms, mfu 2.98%
iter 4920: loss 0.8531, time 137.42ms, mfu 2.95%
iter 4930: loss 0.8605, time 110.64ms, mfu 2.99%
iter 4940: loss 0.8858, time 110.65ms, mfu 3.03%
iter 4950: loss 0.8732, time 109.88ms, mfu 3.07%
iter 4960: loss 0.8988, time 95.86ms, mfu 3.15%
iter 4970: loss 0.8416, time 110.92ms, mfu 3.17%
iter 4980: loss 0.8257, time 109.15ms, mfu 3.19%
iter 4990: loss 0.8414, time 94.83ms, mfu 3.27%
step 5000: train loss 0.6674, val loss 1.6607
iter 5000: loss 0.8348, time 11992.06ms, mfu 2.94%
