Overriding config with config/train_shakespeare_char.py:
# train a miniature character-level shakespeare model
# good for debugging and playing on macbooks and such

out_dir = 'out-shakespeare-char'
eval_interval = 250 # keep frequent because we'll overfit
eval_iters = 200
log_interval = 10 # don't print too too often

# we expect to overfit on this small dataset, so only save when val improves
always_save_checkpoint = False

wandb_log = False # override via command line if you like
wandb_project = 'shakespeare-char'
wandb_run_name = 'mini-gpt'

dataset = 'shakespeare_char'
gradient_accumulation_steps = 1
batch_size = 64
block_size = 256 # context of up to 256 previous characters

# baby GPT model :)
n_layer = 6
n_head = 6
n_embd = 384
dropout = 0.2

learning_rate = 1e-3 # with baby networks can afford to go a bit higher
max_iters = 5000
lr_decay_iters = 5000 # make equal to max_iters usually
min_lr = 1e-4 # learning_rate / 10 usually
beta2 = 0.99 # make a bit bigger because number of tokens per iter is small

warmup_iters = 100 # not super necessary potentially

# on macbook also add
# device = 'cpu'  # run on cpu only
# compile = False # do not torch compile the model

Overriding: compile = False
Overriding: out_dir = runs\gqa_lr3e-3
Overriding: learning_rate = 0.003
Overriding: min_lr = 0.00030000000000000003
Overriding: seed = 1337
Overriding: save_checkpoint = False
Overriding: n_kv_head = 3
tokens per iteration will be: 16,384
found vocab_size = 65 (inside data\shakespeare_char\meta.pkl)
Initializing a new model from scratch
number of parameters: 9.76M
C:\Users\86271\hw1work\nanoGPT\train.py:204: FutureWarning: `torch.cuda.amp.GradScaler(args...)` is deprecated. Please use `torch.amp.GradScaler('cuda', args...)` instead.
  scaler = torch.cuda.amp.GradScaler(enabled=(dtype == 'float16'))
num decayed parameter tensors: 26, with 9,855,360 parameters
num non-decayed parameter tensors: 13, with 4,992 parameters
using fused AdamW: True
step 0: train loss 4.2952, val loss 4.2869
iter 0: loss 4.2839, time 11408.02ms, mfu -100.00%
iter 10: loss 2.9517, time 94.34ms, mfu 3.65%
iter 20: loss 2.6500, time 78.43ms, mfu 3.73%
iter 30: loss 2.5610, time 93.33ms, mfu 3.73%
iter 40: loss 2.5442, time 93.93ms, mfu 3.72%
iter 50: loss 2.5079, time 109.10ms, mfu 3.66%
iter 60: loss 2.4864, time 78.44ms, mfu 3.74%
iter 70: loss 2.4822, time 93.55ms, mfu 3.73%
iter 80: loss 2.4950, time 77.95ms, mfu 3.80%
iter 90: loss 2.5000, time 93.38ms, mfu 3.79%
iter 100: loss 2.4714, time 77.86ms, mfu 3.85%
iter 110: loss 2.4605, time 93.05ms, mfu 3.84%
iter 120: loss 2.4424, time 79.31ms, mfu 3.89%
iter 130: loss 2.4090, time 106.82ms, mfu 3.82%
iter 140: loss 2.3563, time 92.50ms, mfu 3.81%
iter 150: loss 2.3478, time 64.67ms, mfu 3.97%
iter 160: loss 2.2107, time 93.70ms, mfu 3.94%
iter 170: loss 2.1886, time 92.66ms, mfu 3.92%
iter 180: loss 2.1204, time 78.14ms, mfu 3.96%
iter 190: loss 2.1110, time 93.73ms, mfu 3.94%
iter 200: loss 2.0544, time 76.91ms, mfu 3.99%
iter 210: loss 2.0276, time 78.47ms, mfu 4.03%
iter 220: loss 2.0140, time 93.98ms, mfu 3.99%
iter 230: loss 2.0055, time 77.97ms, mfu 4.04%
iter 240: loss 1.9489, time 93.52ms, mfu 4.00%
step 250: train loss 1.8189, val loss 1.9513
iter 250: loss 1.9182, time 9141.66ms, mfu 3.61%
iter 260: loss 1.8625, time 77.95ms, mfu 3.69%
iter 270: loss 1.8717, time 78.59ms, mfu 3.76%
iter 280: loss 1.8548, time 93.63ms, mfu 3.75%
iter 290: loss 1.8287, time 62.52ms, mfu 3.93%
iter 300: loss 1.8294, time 93.59ms, mfu 3.90%
iter 310: loss 1.8438, time 77.97ms, mfu 3.95%
iter 320: loss 1.8275, time 93.32ms, mfu 3.93%
iter 330: loss 1.7985, time 79.43ms, mfu 3.97%
iter 340: loss 1.7777, time 63.24ms, mfu 4.12%
iter 350: loss 1.7607, time 93.18ms, mfu 4.08%
iter 360: loss 1.7902, time 92.47ms, mfu 4.04%
iter 370: loss 1.7432, time 93.49ms, mfu 4.01%
iter 380: loss 1.7536, time 107.62ms, mfu 3.93%
iter 390: loss 1.7465, time 78.67ms, mfu 3.97%
iter 400: loss 1.6845, time 94.28ms, mfu 3.94%
iter 410: loss 1.7553, time 94.20ms, mfu 3.91%
iter 420: loss 1.7166, time 78.85ms, mfu 3.96%
iter 430: loss 1.7273, time 77.84ms, mfu 4.00%
iter 440: loss 1.6941, time 78.43ms, mfu 4.04%
iter 450: loss 1.7076, time 95.22ms, mfu 4.00%
iter 460: loss 1.7165, time 93.55ms, mfu 3.97%
iter 470: loss 1.6912, time 91.84ms, mfu 3.95%
iter 480: loss 1.6895, time 93.27ms, mfu 3.92%
iter 490: loss 1.6589, time 108.81ms, mfu 3.85%
step 500: train loss 1.5754, val loss 1.7645
iter 500: loss 1.6694, time 10999.11ms, mfu 3.47%
iter 510: loss 1.6656, time 78.13ms, mfu 3.56%
iter 520: loss 1.6823, time 78.22ms, mfu 3.65%
iter 530: loss 1.6537, time 77.99ms, mfu 3.72%
iter 540: loss 1.6458, time 78.78ms, mfu 3.79%
iter 550: loss 1.6693, time 92.77ms, mfu 3.78%
iter 560: loss 1.6349, time 93.67ms, mfu 3.77%
iter 570: loss 1.6236, time 93.19ms, mfu 3.76%
iter 580: loss 1.6026, time 77.71ms, mfu 3.83%
iter 590: loss 1.6239, time 78.26ms, mfu 3.89%
iter 600: loss 1.6284, time 91.92ms, mfu 3.87%
iter 610: loss 1.6224, time 92.90ms, mfu 3.86%
iter 620: loss 1.6500, time 77.81ms, mfu 3.92%
iter 630: loss 1.5952, time 78.68ms, mfu 3.96%
iter 640: loss 1.5925, time 78.77ms, mfu 4.00%
iter 650: loss 1.5855, time 77.52ms, mfu 4.05%
iter 660: loss 1.6012, time 78.26ms, mfu 4.08%
iter 670: loss 1.5504, time 77.88ms, mfu 4.12%
iter 680: loss 1.5214, time 77.85ms, mfu 4.15%
iter 690: loss 1.5437, time 108.74ms, mfu 4.05%
iter 700: loss 1.5345, time 79.78ms, mfu 4.08%
iter 710: loss 1.5292, time 78.25ms, mfu 4.11%
iter 720: loss 1.5345, time 92.80ms, mfu 4.07%
iter 730: loss 1.5230, time 93.46ms, mfu 4.03%
iter 740: loss 1.5185, time 78.73ms, mfu 4.07%
step 750: train loss 1.4232, val loss 1.6331
iter 750: loss 1.5424, time 10972.72ms, mfu 3.66%
iter 760: loss 1.5159, time 77.50ms, mfu 3.74%
iter 770: loss 1.5013, time 93.15ms, mfu 3.74%
iter 780: loss 1.4933, time 93.36ms, mfu 3.73%
iter 790: loss 1.4595, time 109.92ms, mfu 3.67%
iter 800: loss 1.4707, time 76.93ms, mfu 3.75%
iter 810: loss 1.4758, time 94.04ms, mfu 3.75%
iter 820: loss 1.4758, time 92.79ms, mfu 3.74%
iter 830: loss 1.4963, time 108.17ms, mfu 3.69%
iter 840: loss 1.4819, time 78.74ms, mfu 3.76%
iter 850: loss 1.4462, time 93.89ms, mfu 3.75%
iter 860: loss 1.4635, time 93.32ms, mfu 3.74%
iter 870: loss 1.4777, time 92.94ms, mfu 3.74%
iter 880: loss 1.4308, time 92.51ms, mfu 3.74%
iter 890: loss 1.4896, time 77.67ms, mfu 3.81%
iter 900: loss 1.4519, time 77.78ms, mfu 3.87%
iter 910: loss 1.4321, time 78.09ms, mfu 3.92%
iter 920: loss 1.4744, time 77.82ms, mfu 3.98%
iter 930: loss 1.4440, time 78.27ms, mfu 4.02%
iter 940: loss 1.4007, time 78.46ms, mfu 4.06%
iter 950: loss 1.4093, time 78.27ms, mfu 4.09%
iter 960: loss 1.4201, time 78.89ms, mfu 4.12%
iter 970: loss 1.4246, time 78.95ms, mfu 4.14%
iter 980: loss 1.4057, time 77.22ms, mfu 4.18%
iter 990: loss 1.4485, time 77.50ms, mfu 4.20%
step 1000: train loss 1.3226, val loss 1.5423
iter 1000: loss 1.4070, time 10630.53ms, mfu 3.79%
iter 1010: loss 1.4102, time 78.97ms, mfu 3.84%
iter 1020: loss 1.3666, time 93.88ms, mfu 3.83%
iter 1030: loss 1.4013, time 123.37ms, mfu 3.72%
iter 1040: loss 1.3893, time 77.57ms, mfu 3.80%
iter 1050: loss 1.4034, time 94.12ms, mfu 3.78%
iter 1060: loss 1.3732, time 94.34ms, mfu 3.77%
iter 1070: loss 1.3963, time 94.29ms, mfu 3.76%
iter 1080: loss 1.3814, time 93.67ms, mfu 3.75%
iter 1090: loss 1.3628, time 109.56ms, mfu 3.69%
iter 1100: loss 1.3608, time 77.25ms, mfu 3.77%
iter 1110: loss 1.3722, time 93.03ms, mfu 3.76%
iter 1120: loss 1.4118, time 93.22ms, mfu 3.75%
iter 1130: loss 1.3970, time 109.20ms, mfu 3.70%
iter 1140: loss 1.3750, time 91.63ms, mfu 3.70%
iter 1150: loss 1.3733, time 78.04ms, mfu 3.77%
iter 1160: loss 1.3701, time 94.98ms, mfu 3.76%
iter 1170: loss 1.3549, time 93.59ms, mfu 3.75%
iter 1180: loss 1.3682, time 79.06ms, mfu 3.81%
iter 1190: loss 1.3587, time 93.21ms, mfu 3.80%
iter 1200: loss 1.3490, time 78.26ms, mfu 3.86%
iter 1210: loss 1.3521, time 93.38ms, mfu 3.84%
iter 1220: loss 1.3468, time 107.53ms, mfu 3.78%
iter 1230: loss 1.3235, time 77.70ms, mfu 3.85%
iter 1240: loss 1.3385, time 79.05ms, mfu 3.90%
step 1250: train loss 1.2487, val loss 1.4946
iter 1250: loss 1.3004, time 9912.16ms, mfu 3.51%
iter 1260: loss 1.3405, time 93.39ms, mfu 3.53%
iter 1270: loss 1.3298, time 78.21ms, mfu 3.62%
iter 1280: loss 1.3306, time 93.57ms, mfu 3.62%
iter 1290: loss 1.3605, time 93.24ms, mfu 3.63%
iter 1300: loss 1.3444, time 93.68ms, mfu 3.64%
iter 1310: loss 1.3359, time 94.49ms, mfu 3.64%
iter 1320: loss 1.2881, time 93.87ms, mfu 3.64%
iter 1330: loss 1.2910, time 93.88ms, mfu 3.64%
iter 1340: loss 1.3163, time 93.59ms, mfu 3.65%
iter 1350: loss 1.3048, time 78.69ms, mfu 3.72%
iter 1360: loss 1.3020, time 78.23ms, mfu 3.79%
iter 1370: loss 1.3191, time 78.97ms, mfu 3.85%
iter 1380: loss 1.2898, time 94.93ms, mfu 3.83%
iter 1390: loss 1.3102, time 78.32ms, mfu 3.88%
iter 1400: loss 1.3106, time 108.51ms, mfu 3.81%
iter 1410: loss 1.2796, time 93.99ms, mfu 3.80%
iter 1420: loss 1.2853, time 61.92ms, mfu 3.98%
iter 1430: loss 1.3448, time 93.29ms, mfu 3.95%
iter 1440: loss 1.2910, time 79.65ms, mfu 3.99%
iter 1450: loss 1.3116, time 63.67ms, mfu 4.13%
iter 1460: loss 1.2810, time 64.08ms, mfu 4.25%
iter 1470: loss 1.2907, time 92.52ms, mfu 4.20%
iter 1480: loss 1.2649, time 93.31ms, mfu 4.15%
iter 1490: loss 1.3057, time 92.99ms, mfu 4.11%
step 1500: train loss 1.1932, val loss 1.4784
iter 1500: loss 1.2971, time 10799.03ms, mfu 3.70%
iter 1510: loss 1.2958, time 93.27ms, mfu 3.70%
iter 1520: loss 1.2979, time 79.22ms, mfu 3.76%
iter 1530: loss 1.2312, time 78.70ms, mfu 3.83%
iter 1540: loss 1.2817, time 92.32ms, mfu 3.82%
iter 1550: loss 1.2635, time 78.48ms, mfu 3.87%
iter 1560: loss 1.2889, time 93.12ms, mfu 3.86%
iter 1570: loss 1.2557, time 79.14ms, mfu 3.91%
iter 1580: loss 1.2562, time 78.75ms, mfu 3.95%
iter 1590: loss 1.2841, time 94.58ms, mfu 3.92%
iter 1600: loss 1.2804, time 93.70ms, mfu 3.90%
iter 1610: loss 1.2581, time 93.31ms, mfu 3.88%
iter 1620: loss 1.2547, time 93.61ms, mfu 3.86%
iter 1630: loss 1.2438, time 108.58ms, mfu 3.79%
iter 1640: loss 1.2424, time 78.32ms, mfu 3.85%
iter 1650: loss 1.2856, time 92.25ms, mfu 3.84%
iter 1660: loss 1.2487, time 89.97ms, mfu 3.84%
iter 1670: loss 1.2826, time 107.10ms, mfu 3.78%
iter 1680: loss 1.2490, time 79.03ms, mfu 3.84%
iter 1690: loss 1.2446, time 79.54ms, mfu 3.89%
iter 1700: loss 1.2216, time 93.27ms, mfu 3.87%
iter 1710: loss 1.2531, time 79.81ms, mfu 3.91%
iter 1720: loss 1.2597, time 107.97ms, mfu 3.84%
iter 1730: loss 1.2337, time 109.00ms, mfu 3.77%
iter 1740: loss 1.2763, time 78.65ms, mfu 3.83%
step 1750: train loss 1.1520, val loss 1.4659
iter 1750: loss 1.2586, time 11064.15ms, mfu 3.45%
iter 1760: loss 1.2558, time 93.14ms, mfu 3.48%
iter 1770: loss 1.2389, time 78.92ms, mfu 3.57%
iter 1780: loss 1.2406, time 79.84ms, mfu 3.64%
iter 1790: loss 1.2377, time 93.63ms, mfu 3.65%
iter 1800: loss 1.2332, time 93.57ms, mfu 3.65%
iter 1810: loss 1.2175, time 78.19ms, mfu 3.73%
iter 1820: loss 1.2221, time 79.27ms, mfu 3.79%
iter 1830: loss 1.2076, time 77.27ms, mfu 3.86%
iter 1840: loss 1.2370, time 93.22ms, mfu 3.84%
iter 1850: loss 1.1990, time 93.34ms, mfu 3.83%
iter 1860: loss 1.2228, time 77.71ms, mfu 3.89%
iter 1870: loss 1.2240, time 93.72ms, mfu 3.87%
iter 1880: loss 1.1967, time 78.61ms, mfu 3.92%
iter 1890: loss 1.2390, time 78.58ms, mfu 3.96%
iter 1900: loss 1.2216, time 93.21ms, mfu 3.94%
iter 1910: loss 1.2159, time 94.21ms, mfu 3.91%
iter 1920: loss 1.2152, time 93.68ms, mfu 3.89%
iter 1930: loss 1.2373, time 78.25ms, mfu 3.94%
iter 1940: loss 1.1917, time 77.11ms, mfu 3.99%
iter 1950: loss 1.2023, time 92.41ms, mfu 3.97%
iter 1960: loss 1.1777, time 93.73ms, mfu 3.94%
iter 1970: loss 1.2272, time 78.11ms, mfu 3.98%
iter 1980: loss 1.1752, time 109.62ms, mfu 3.90%
iter 1990: loss 1.1674, time 109.10ms, mfu 3.83%
step 2000: train loss 1.1082, val loss 1.4472
iter 2000: loss 1.1884, time 11199.82ms, mfu 3.45%
iter 2010: loss 1.1805, time 92.98ms, mfu 3.47%
iter 2020: loss 1.2006, time 94.18ms, mfu 3.49%
iter 2030: loss 1.1841, time 78.05ms, mfu 3.58%
iter 2040: loss 1.1842, time 93.51ms, mfu 3.59%
iter 2050: loss 1.1994, time 93.38ms, mfu 3.60%
iter 2060: loss 1.1639, time 108.83ms, mfu 3.56%
iter 2070: loss 1.1655, time 109.47ms, mfu 3.52%
iter 2080: loss 1.1733, time 94.16ms, mfu 3.53%
iter 2090: loss 1.1684, time 77.58ms, mfu 3.62%
iter 2100: loss 1.1443, time 94.07ms, mfu 3.63%
iter 2110: loss 1.1906, time 94.05ms, mfu 3.63%
iter 2120: loss 1.1538, time 92.48ms, mfu 3.64%
iter 2130: loss 1.1890, time 94.14ms, mfu 3.64%
iter 2140: loss 1.2114, time 92.99ms, mfu 3.65%
iter 2150: loss 1.2093, time 92.47ms, mfu 3.66%
iter 2160: loss 1.1757, time 76.71ms, mfu 3.74%
iter 2170: loss 1.1548, time 78.49ms, mfu 3.81%
iter 2180: loss 1.1736, time 93.06ms, mfu 3.80%
iter 2190: loss 1.1784, time 92.68ms, mfu 3.79%
iter 2200: loss 1.1768, time 78.03ms, mfu 3.85%
iter 2210: loss 1.1897, time 79.12ms, mfu 3.90%
iter 2220: loss 1.1370, time 63.86ms, mfu 4.05%
iter 2230: loss 1.1466, time 77.97ms, mfu 4.09%
iter 2240: loss 1.1741, time 62.66ms, mfu 4.23%
step 2250: train loss 1.0630, val loss 1.4517
iter 2250: loss 1.1626, time 10610.44ms, mfu 3.81%
iter 2260: loss 1.1693, time 93.45ms, mfu 3.80%
iter 2270: loss 1.1627, time 93.92ms, mfu 3.79%
iter 2280: loss 1.1548, time 78.62ms, mfu 3.85%
iter 2290: loss 1.1385, time 92.63ms, mfu 3.83%
iter 2300: loss 1.1280, time 95.10ms, mfu 3.81%
iter 2310: loss 1.1498, time 78.35ms, mfu 3.87%
iter 2320: loss 1.1546, time 78.19ms, mfu 3.92%
iter 2330: loss 1.1615, time 93.11ms, mfu 3.90%
iter 2340: loss 1.1506, time 71.44ms, mfu 3.99%
iter 2350: loss 1.1696, time 64.81ms, mfu 4.13%
iter 2360: loss 1.1754, time 55.95ms, mfu 4.33%
iter 2370: loss 1.1721, time 59.08ms, mfu 4.48%
iter 2380: loss 1.1279, time 36.16ms, mfu 4.99%
iter 2390: loss 1.1678, time 86.46ms, mfu 4.89%
iter 2400: loss 1.1120, time 77.74ms, mfu 4.84%
iter 2410: loss 1.1481, time 93.74ms, mfu 4.73%
iter 2420: loss 1.1366, time 108.67ms, mfu 4.57%
iter 2430: loss 1.1296, time 93.38ms, mfu 4.48%
iter 2440: loss 1.1132, time 78.91ms, mfu 4.47%
iter 2450: loss 1.1345, time 64.43ms, mfu 4.56%
iter 2460: loss 1.1040, time 78.41ms, mfu 4.54%
iter 2470: loss 1.0964, time 93.58ms, mfu 4.46%
iter 2480: loss 1.1391, time 94.13ms, mfu 4.38%
iter 2490: loss 1.1514, time 78.51ms, mfu 4.38%
step 2500: train loss 1.0231, val loss 1.4674
iter 2500: loss 1.1037, time 9441.04ms, mfu 3.94%
iter 2510: loss 1.1088, time 78.24ms, mfu 3.99%
iter 2520: loss 1.1289, time 62.83ms, mfu 4.14%
iter 2530: loss 1.1141, time 63.83ms, mfu 4.27%
iter 2540: loss 1.0950, time 93.90ms, mfu 4.21%
iter 2550: loss 1.1369, time 78.15ms, mfu 4.23%
iter 2560: loss 1.1224, time 77.70ms, mfu 4.25%
iter 2570: loss 1.1024, time 77.88ms, mfu 4.27%
iter 2580: loss 1.1056, time 92.62ms, mfu 4.21%
iter 2590: loss 1.1186, time 93.71ms, mfu 4.16%
iter 2600: loss 1.1254, time 94.10ms, mfu 4.11%
iter 2610: loss 1.1212, time 93.34ms, mfu 4.07%
iter 2620: loss 1.0857, time 79.21ms, mfu 4.10%
iter 2630: loss 1.1099, time 93.51ms, mfu 4.05%
iter 2640: loss 1.0835, time 77.10ms, mfu 4.10%
iter 2650: loss 1.0995, time 94.66ms, mfu 4.05%
iter 2660: loss 1.0875, time 79.41ms, mfu 4.08%
iter 2670: loss 1.1212, time 94.31ms, mfu 4.04%
iter 2680: loss 1.1030, time 77.97ms, mfu 4.08%
iter 2690: loss 1.1040, time 94.32ms, mfu 4.03%
iter 2700: loss 1.0706, time 92.99ms, mfu 4.00%
iter 2710: loss 1.1019, time 94.21ms, mfu 3.97%
iter 2720: loss 1.0878, time 77.94ms, mfu 4.01%
iter 2730: loss 1.0698, time 94.08ms, mfu 3.98%
iter 2740: loss 1.1025, time 63.87ms, mfu 4.12%
step 2750: train loss 0.9815, val loss 1.4767
iter 2750: loss 1.0622, time 11010.92ms, mfu 3.71%
iter 2760: loss 1.0519, time 93.95ms, mfu 3.71%
iter 2770: loss 1.0780, time 91.79ms, mfu 3.71%
iter 2780: loss 1.0786, time 92.85ms, mfu 3.71%
iter 2790: loss 1.0771, time 78.01ms, mfu 3.78%
iter 2800: loss 1.1044, time 93.84ms, mfu 3.77%
iter 2810: loss 1.0733, time 78.06ms, mfu 3.84%
iter 2820: loss 1.1072, time 77.41ms, mfu 3.90%
iter 2830: loss 1.0702, time 78.37ms, mfu 3.95%
iter 2840: loss 1.0678, time 78.99ms, mfu 3.99%
iter 2850: loss 1.0695, time 92.67ms, mfu 3.96%
iter 2860: loss 1.0720, time 78.19ms, mfu 4.01%
iter 2870: loss 1.0443, time 63.57ms, mfu 4.15%
iter 2880: loss 1.0714, time 93.92ms, mfu 4.10%
iter 2890: loss 1.0853, time 79.12ms, mfu 4.13%
iter 2900: loss 1.0550, time 91.97ms, mfu 4.09%
iter 2910: loss 1.0623, time 92.90ms, mfu 4.05%
iter 2920: loss 1.0992, time 78.04ms, mfu 4.09%
iter 2930: loss 1.0462, time 93.57ms, mfu 4.05%
iter 2940: loss 1.0599, time 93.01ms, mfu 4.01%
iter 2950: loss 1.0701, time 93.57ms, mfu 3.98%
iter 2960: loss 1.0532, time 77.58ms, mfu 4.03%
iter 2970: loss 1.0344, time 92.69ms, mfu 4.00%
iter 2980: loss 1.0566, time 93.84ms, mfu 3.96%
iter 2990: loss 1.0624, time 93.53ms, mfu 3.94%
step 3000: train loss 0.9346, val loss 1.4859
iter 3000: loss 1.0498, time 10909.28ms, mfu 3.55%
iter 3010: loss 1.0433, time 95.14ms, mfu 3.55%
iter 3020: loss 1.0495, time 78.39ms, mfu 3.64%
iter 3030: loss 1.0591, time 77.94ms, mfu 3.72%
iter 3040: loss 1.0538, time 95.13ms, mfu 3.71%
iter 3050: loss 1.0640, time 93.47ms, mfu 3.71%
iter 3060: loss 1.0387, time 93.64ms, mfu 3.70%
iter 3070: loss 1.0313, time 77.71ms, mfu 3.78%
iter 3080: loss 1.0534, time 92.69ms, mfu 3.77%
iter 3090: loss 1.0604, time 78.30ms, mfu 3.83%
iter 3100: loss 1.0395, time 78.60ms, mfu 3.89%
iter 3110: loss 1.0668, time 109.14ms, mfu 3.82%
iter 3120: loss 1.0113, time 79.50ms, mfu 3.87%
iter 3130: loss 1.0046, time 93.55ms, mfu 3.85%
iter 3140: loss 1.0107, time 79.43ms, mfu 3.90%
iter 3150: loss 1.0599, time 77.47ms, mfu 3.95%
iter 3160: loss 1.0558, time 78.46ms, mfu 4.00%
iter 3170: loss 1.0210, time 77.63ms, mfu 4.04%
iter 3180: loss 1.0155, time 77.88ms, mfu 4.08%
iter 3190: loss 1.0119, time 77.58ms, mfu 4.12%
iter 3200: loss 1.0228, time 92.75ms, mfu 4.08%
iter 3210: loss 1.0181, time 77.42ms, mfu 4.11%
iter 3220: loss 1.0120, time 78.29ms, mfu 4.14%
iter 3230: loss 1.0309, time 80.06ms, mfu 4.16%
iter 3240: loss 1.0242, time 78.11ms, mfu 4.19%
step 3250: train loss 0.8897, val loss 1.5021
iter 3250: loss 1.0103, time 10794.75ms, mfu 3.77%
iter 3260: loss 0.9995, time 109.48ms, mfu 3.71%
iter 3270: loss 1.0427, time 78.15ms, mfu 3.78%
iter 3280: loss 1.0204, time 79.94ms, mfu 3.83%
iter 3290: loss 1.0031, time 92.28ms, mfu 3.82%
iter 3300: loss 1.0402, time 93.85ms, mfu 3.81%
iter 3310: loss 1.0193, time 78.75ms, mfu 3.86%
iter 3320: loss 1.0169, time 109.20ms, mfu 3.79%
iter 3330: loss 1.0142, time 79.10ms, mfu 3.85%
iter 3340: loss 1.0048, time 94.20ms, mfu 3.83%
iter 3350: loss 1.0395, time 77.96ms, mfu 3.89%
iter 3360: loss 0.9772, time 78.80ms, mfu 3.94%
iter 3370: loss 0.9904, time 92.86ms, mfu 3.92%
iter 3380: loss 1.0347, time 94.58ms, mfu 3.89%
iter 3390: loss 1.0101, time 93.27ms, mfu 3.87%
iter 3400: loss 0.9884, time 93.29ms, mfu 3.85%
iter 3410: loss 0.9823, time 94.52ms, mfu 3.83%
iter 3420: loss 0.9826, time 79.04ms, mfu 3.88%
iter 3430: loss 0.9843, time 94.71ms, mfu 3.86%
iter 3440: loss 1.0109, time 79.05ms, mfu 3.91%
iter 3450: loss 1.0136, time 76.91ms, mfu 3.97%
iter 3460: loss 0.9799, time 79.13ms, mfu 4.01%
iter 3470: loss 0.9748, time 92.64ms, mfu 3.98%
iter 3480: loss 0.9823, time 92.46ms, mfu 3.95%
iter 3490: loss 0.9958, time 94.01ms, mfu 3.92%
step 3500: train loss 0.8484, val loss 1.5286
iter 3500: loss 0.9758, time 9981.17ms, mfu 3.54%
iter 3510: loss 0.9618, time 92.73ms, mfu 3.55%
iter 3520: loss 0.9929, time 93.69ms, mfu 3.57%
iter 3530: loss 0.9793, time 92.83ms, mfu 3.58%
iter 3540: loss 0.9796, time 108.34ms, mfu 3.54%
iter 3550: loss 0.9593, time 93.93ms, mfu 3.55%
iter 3560: loss 0.9619, time 93.65ms, mfu 3.57%
iter 3570: loss 0.9600, time 93.13ms, mfu 3.58%
iter 3580: loss 0.9450, time 78.91ms, mfu 3.66%
iter 3590: loss 0.9773, time 92.71ms, mfu 3.67%
iter 3600: loss 0.9537, time 93.51ms, mfu 3.67%
iter 3610: loss 0.9451, time 78.53ms, mfu 3.74%
iter 3620: loss 0.9791, time 78.85ms, mfu 3.80%
iter 3630: loss 0.9813, time 94.14ms, mfu 3.79%
iter 3640: loss 0.9421, time 78.61ms, mfu 3.85%
iter 3650: loss 0.9768, time 94.62ms, mfu 3.83%
iter 3660: loss 0.9263, time 76.57ms, mfu 3.90%
iter 3670: loss 0.9669, time 77.92ms, mfu 3.95%
iter 3680: loss 0.9469, time 78.21ms, mfu 3.99%
iter 3690: loss 0.9760, time 93.89ms, mfu 3.96%
iter 3700: loss 0.9668, time 94.84ms, mfu 3.93%
iter 3710: loss 0.9649, time 93.60ms, mfu 3.90%
iter 3720: loss 0.9567, time 92.77ms, mfu 3.89%
iter 3730: loss 0.9635, time 93.74ms, mfu 3.87%
iter 3740: loss 0.9520, time 93.43ms, mfu 3.85%
step 3750: train loss 0.8075, val loss 1.5452
iter 3750: loss 0.9523, time 10625.22ms, mfu 3.47%
iter 3760: loss 0.9668, time 78.01ms, mfu 3.56%
iter 3770: loss 0.9706, time 92.66ms, mfu 3.58%
iter 3780: loss 0.9464, time 93.19ms, mfu 3.59%
iter 3790: loss 0.9478, time 77.95ms, mfu 3.67%
iter 3800: loss 0.9368, time 92.27ms, mfu 3.68%
iter 3810: loss 0.9781, time 92.45ms, mfu 3.68%
iter 3820: loss 0.9461, time 78.95ms, mfu 3.75%
iter 3830: loss 0.9312, time 77.25ms, mfu 3.82%
iter 3840: loss 0.9562, time 78.82ms, mfu 3.88%
iter 3850: loss 0.9551, time 77.60ms, mfu 3.93%
iter 3860: loss 0.9598, time 93.09ms, mfu 3.91%
iter 3870: loss 0.9195, time 93.00ms, mfu 3.89%
iter 3880: loss 0.9440, time 93.83ms, mfu 3.87%
iter 3890: loss 0.9359, time 107.89ms, mfu 3.80%
iter 3900: loss 0.9209, time 93.97ms, mfu 3.79%
iter 3910: loss 0.9356, time 78.36ms, mfu 3.85%
iter 3920: loss 0.9669, time 93.21ms, mfu 3.83%
iter 3930: loss 0.9403, time 93.02ms, mfu 3.82%
iter 3940: loss 0.9220, time 109.79ms, mfu 3.75%
iter 3950: loss 0.9027, time 94.08ms, mfu 3.74%
iter 3960: loss 0.9132, time 93.16ms, mfu 3.74%
iter 3970: loss 0.9305, time 92.88ms, mfu 3.74%
iter 3980: loss 0.9218, time 78.25ms, mfu 3.80%
iter 3990: loss 0.9169, time 93.04ms, mfu 3.79%
step 4000: train loss 0.7672, val loss 1.5719
iter 4000: loss 0.9234, time 10991.40ms, mfu 3.42%
iter 4010: loss 0.9054, time 93.91ms, mfu 3.44%
iter 4020: loss 0.9160, time 93.67ms, mfu 3.47%
iter 4030: loss 0.9069, time 77.66ms, mfu 3.56%
iter 4040: loss 0.9236, time 107.27ms, mfu 3.53%
iter 4050: loss 0.9275, time 77.57ms, mfu 3.62%
iter 4060: loss 0.9369, time 91.91ms, mfu 3.63%
iter 4070: loss 0.9171, time 93.55ms, mfu 3.64%
iter 4080: loss 0.9003, time 93.08ms, mfu 3.65%
iter 4090: loss 0.9336, time 92.43ms, mfu 3.65%
iter 4100: loss 0.9252, time 77.01ms, mfu 3.74%
iter 4110: loss 0.9245, time 94.05ms, mfu 3.73%
iter 4120: loss 0.9204, time 78.05ms, mfu 3.80%
iter 4130: loss 0.9285, time 77.98ms, mfu 3.86%
iter 4140: loss 0.9040, time 62.60ms, mfu 4.02%
iter 4150: loss 0.9082, time 77.38ms, mfu 4.07%
iter 4160: loss 0.9249, time 78.60ms, mfu 4.10%
iter 4170: loss 0.8963, time 78.86ms, mfu 4.13%
iter 4180: loss 0.9127, time 77.95ms, mfu 4.16%
iter 4190: loss 0.9390, time 93.64ms, mfu 4.11%
iter 4200: loss 0.8932, time 92.70ms, mfu 4.07%
iter 4210: loss 0.8972, time 93.98ms, mfu 4.03%
iter 4220: loss 0.8883, time 77.25ms, mfu 4.07%
iter 4230: loss 0.8898, time 93.08ms, mfu 4.04%
iter 4240: loss 0.9008, time 93.52ms, mfu 4.00%
step 4250: train loss 0.7381, val loss 1.5990
iter 4250: loss 0.9245, time 11212.37ms, mfu 3.60%
iter 4260: loss 0.8808, time 77.78ms, mfu 3.69%
iter 4270: loss 0.9043, time 92.52ms, mfu 3.69%
iter 4280: loss 0.8801, time 93.97ms, mfu 3.69%
iter 4290: loss 0.8880, time 78.95ms, mfu 3.76%
iter 4300: loss 0.8846, time 93.25ms, mfu 3.75%
iter 4310: loss 0.8821, time 78.50ms, mfu 3.81%
iter 4320: loss 0.8670, time 94.20ms, mfu 3.80%
iter 4330: loss 0.9074, time 77.70ms, mfu 3.86%
iter 4340: loss 0.8845, time 93.47ms, mfu 3.85%
iter 4350: loss 0.9004, time 94.58ms, mfu 3.83%
iter 4360: loss 0.9152, time 123.61ms, mfu 3.72%
iter 4370: loss 0.9095, time 78.71ms, mfu 3.79%
iter 4380: loss 0.8850, time 93.27ms, mfu 3.78%
iter 4390: loss 0.8900, time 78.32ms, mfu 3.84%
iter 4400: loss 0.8681, time 77.39ms, mfu 3.90%
iter 4410: loss 0.8925, time 78.10ms, mfu 3.95%
iter 4420: loss 0.9081, time 93.34ms, mfu 3.93%
iter 4430: loss 0.8984, time 92.73ms, mfu 3.91%
iter 4440: loss 0.9123, time 77.74ms, mfu 3.96%
iter 4450: loss 0.8848, time 62.99ms, mfu 4.11%
iter 4460: loss 0.8884, time 92.41ms, mfu 4.07%
iter 4470: loss 0.8867, time 76.15ms, mfu 4.12%
iter 4480: loss 0.8822, time 92.38ms, mfu 4.08%
iter 4490: loss 0.8722, time 63.31ms, mfu 4.22%
step 4500: train loss 0.7063, val loss 1.6177
iter 4500: loss 0.8896, time 9945.55ms, mfu 3.80%
iter 4510: loss 0.8619, time 77.31ms, mfu 3.86%
iter 4520: loss 0.8776, time 93.43ms, mfu 3.85%
iter 4530: loss 0.8298, time 92.45ms, mfu 3.83%
iter 4540: loss 0.8773, time 79.83ms, mfu 3.88%
iter 4550: loss 0.8908, time 93.44ms, mfu 3.86%
iter 4560: loss 0.8648, time 92.89ms, mfu 3.85%
iter 4570: loss 0.8811, time 78.73ms, mfu 3.90%
iter 4580: loss 0.8848, time 108.52ms, mfu 3.83%
iter 4590: loss 0.8746, time 78.49ms, mfu 3.89%
iter 4600: loss 0.8537, time 78.21ms, mfu 3.94%
iter 4610: loss 0.8731, time 77.99ms, mfu 3.99%
iter 4620: loss 0.8608, time 93.02ms, mfu 3.96%
iter 4630: loss 0.8847, time 93.76ms, mfu 3.93%
iter 4640: loss 0.8810, time 93.74ms, mfu 3.90%
iter 4650: loss 0.8885, time 92.85ms, mfu 3.89%
iter 4660: loss 0.8685, time 109.39ms, mfu 3.81%
iter 4670: loss 0.8534, time 93.49ms, mfu 3.80%
iter 4680: loss 0.8630, time 107.56ms, mfu 3.74%
iter 4690: loss 0.8717, time 78.89ms, mfu 3.80%
iter 4700: loss 0.8675, time 78.74ms, mfu 3.86%
iter 4710: loss 0.8409, time 93.45ms, mfu 3.84%
iter 4720: loss 0.8662, time 77.74ms, mfu 3.90%
iter 4730: loss 0.8518, time 92.84ms, mfu 3.88%
iter 4740: loss 0.8591, time 78.15ms, mfu 3.94%
step 4750: train loss 0.6873, val loss 1.6313
iter 4750: loss 0.8682, time 9998.99ms, mfu 3.55%
iter 4760: loss 0.8765, time 77.57ms, mfu 3.64%
iter 4770: loss 0.8547, time 63.64ms, mfu 3.81%
iter 4780: loss 0.8557, time 77.96ms, mfu 3.87%
iter 4790: loss 0.8600, time 79.12ms, mfu 3.92%
iter 4800: loss 0.8769, time 77.73ms, mfu 3.97%
iter 4810: loss 0.8606, time 78.91ms, mfu 4.01%
iter 4820: loss 0.8705, time 76.61ms, mfu 4.06%
iter 4830: loss 0.8567, time 77.13ms, mfu 4.10%
iter 4840: loss 0.8499, time 63.57ms, mfu 4.24%
iter 4850: loss 0.8637, time 62.96ms, mfu 4.36%
iter 4860: loss 0.8712, time 77.00ms, mfu 4.37%
iter 4870: loss 0.8599, time 62.39ms, mfu 4.49%
iter 4880: loss 0.8378, time 48.51ms, mfu 4.75%
iter 4890: loss 0.8253, time 93.08ms, mfu 4.64%
iter 4900: loss 0.8697, time 78.08ms, mfu 4.62%
iter 4910: loss 0.8761, time 108.65ms, mfu 4.48%
iter 4920: loss 0.8642, time 77.44ms, mfu 4.47%
iter 4930: loss 0.8407, time 78.28ms, mfu 4.47%
iter 4940: loss 0.8743, time 93.55ms, mfu 4.39%
iter 4950: loss 0.8448, time 93.76ms, mfu 4.32%
iter 4960: loss 0.8460, time 93.24ms, mfu 4.26%
iter 4970: loss 0.8884, time 109.04ms, mfu 4.15%
iter 4980: loss 0.8351, time 108.19ms, mfu 4.05%
iter 4990: loss 0.8623, time 108.23ms, mfu 3.96%
step 5000: train loss 0.6701, val loss 1.6414
iter 5000: loss 0.8678, time 11087.18ms, mfu 3.57%
