Overriding config with config/train_shakespeare_char.py:
# train a miniature character-level shakespeare model
# good for debugging and playing on macbooks and such

out_dir = 'out-shakespeare-char'
eval_interval = 250 # keep frequent because we'll overfit
eval_iters = 200
log_interval = 10 # don't print too too often

# we expect to overfit on this small dataset, so only save when val improves
always_save_checkpoint = False

wandb_log = False # override via command line if you like
wandb_project = 'shakespeare-char'
wandb_run_name = 'mini-gpt'

dataset = 'shakespeare_char'
gradient_accumulation_steps = 1
batch_size = 64
block_size = 256 # context of up to 256 previous characters

# baby GPT model :)
n_layer = 6
n_head = 6
n_embd = 384
dropout = 0.2

learning_rate = 1e-3 # with baby networks can afford to go a bit higher
max_iters = 5000
lr_decay_iters = 5000 # make equal to max_iters usually
min_lr = 1e-4 # learning_rate / 10 usually
beta2 = 0.99 # make a bit bigger because number of tokens per iter is small

warmup_iters = 100 # not super necessary potentially

# on macbook also add
# device = 'cpu'  # run on cpu only
# compile = False # do not torch compile the model

Overriding: compile = False
Overriding: out_dir = runs\rope_lr3e-3
Overriding: learning_rate = 0.003
Overriding: min_lr = 0.00030000000000000003
Overriding: seed = 1337
Overriding: save_checkpoint = False
Overriding: pos_type = rope
tokens per iteration will be: 16,384
found vocab_size = 65 (inside data\shakespeare_char\meta.pkl)
Initializing a new model from scratch
number of parameters: 10.65M
C:\Users\86271\hw1work\nanoGPT\train.py:204: FutureWarning: `torch.cuda.amp.GradScaler(args...)` is deprecated. Please use `torch.amp.GradScaler('cuda', args...)` instead.
  scaler = torch.cuda.amp.GradScaler(enabled=(dtype == 'float16'))
num decayed parameter tensors: 25, with 10,641,792 parameters
num non-decayed parameter tensors: 13, with 4,992 parameters
using fused AdamW: True
step 0: train loss 4.1935, val loss 4.2004
iter 0: loss 4.2161, time 15617.71ms, mfu -100.00%
iter 10: loss 2.8751, time 123.00ms, mfu 3.03%
iter 20: loss 2.6107, time 93.75ms, mfu 3.12%
iter 30: loss 2.4728, time 108.88ms, mfu 3.15%
iter 40: loss 2.3673, time 109.59ms, mfu 3.18%
iter 50: loss 2.2957, time 109.53ms, mfu 3.20%
iter 60: loss 2.2000, time 108.75ms, mfu 3.22%
iter 70: loss 2.1801, time 95.94ms, mfu 3.29%
iter 80: loss 2.1246, time 123.78ms, mfu 3.26%
iter 90: loss 2.0579, time 109.23ms, mfu 3.28%
iter 100: loss 2.0472, time 107.87ms, mfu 3.29%
iter 110: loss 2.0079, time 107.70ms, mfu 3.31%
iter 120: loss 2.0295, time 108.63ms, mfu 3.32%
iter 130: loss 1.8903, time 109.30ms, mfu 3.33%
iter 140: loss 1.9094, time 124.33ms, mfu 3.30%
iter 150: loss 1.8574, time 109.13ms, mfu 3.31%
iter 160: loss 1.8054, time 125.04ms, mfu 3.28%
iter 170: loss 1.7869, time 109.80ms, mfu 3.29%
iter 180: loss 1.7884, time 108.97ms, mfu 3.30%
iter 190: loss 1.7598, time 124.00ms, mfu 3.27%
iter 200: loss 1.7161, time 76.44ms, mfu 3.43%
iter 210: loss 1.7015, time 77.05ms, mfu 3.57%
iter 220: loss 1.7216, time 63.30ms, mfu 3.80%
iter 230: loss 1.6862, time 94.69ms, mfu 3.82%
iter 240: loss 1.6599, time 107.76ms, mfu 3.78%
step 250: train loss 1.5762, val loss 1.7647
iter 250: loss 1.6370, time 13555.13ms, mfu 3.41%
iter 260: loss 1.6036, time 95.61ms, mfu 3.45%
iter 270: loss 1.6263, time 123.83ms, mfu 3.41%
iter 280: loss 1.6439, time 123.09ms, mfu 3.37%
iter 290: loss 1.6159, time 125.00ms, mfu 3.33%
iter 300: loss 1.6132, time 108.74ms, mfu 3.34%
iter 310: loss 1.5698, time 123.88ms, mfu 3.31%
iter 320: loss 1.5757, time 109.67ms, mfu 3.32%
iter 330: loss 1.5311, time 124.70ms, mfu 3.28%
iter 340: loss 1.5410, time 108.92ms, mfu 3.30%
iter 350: loss 1.5378, time 108.89ms, mfu 3.31%
iter 360: loss 1.5427, time 123.82ms, mfu 3.28%
iter 370: loss 1.5397, time 108.32ms, mfu 3.30%
iter 380: loss 1.5067, time 123.26ms, mfu 3.27%
iter 390: loss 1.5070, time 122.66ms, mfu 3.25%
iter 400: loss 1.4598, time 108.98ms, mfu 3.26%
iter 410: loss 1.5002, time 125.71ms, mfu 3.23%
iter 420: loss 1.4358, time 109.34ms, mfu 3.25%
iter 430: loss 1.4421, time 108.83ms, mfu 3.27%
iter 440: loss 1.4726, time 109.14ms, mfu 3.28%
iter 450: loss 1.4666, time 123.63ms, mfu 3.26%
iter 460: loss 1.4115, time 124.69ms, mfu 3.23%
iter 470: loss 1.4132, time 109.44ms, mfu 3.25%
iter 480: loss 1.4249, time 126.15ms, mfu 3.22%
iter 490: loss 1.4175, time 108.65ms, mfu 3.24%
step 500: train loss 1.3464, val loss 1.5641
iter 500: loss 1.4816, time 13339.01ms, mfu 2.92%
iter 510: loss 1.4355, time 108.76ms, mfu 2.97%
iter 520: loss 1.4189, time 124.97ms, mfu 2.97%
iter 530: loss 1.4158, time 124.67ms, mfu 2.97%
iter 540: loss 1.4068, time 93.54ms, mfu 3.07%
iter 550: loss 1.4063, time 109.72ms, mfu 3.11%
iter 560: loss 1.3891, time 109.40ms, mfu 3.14%
iter 570: loss 1.3900, time 109.73ms, mfu 3.16%
iter 580: loss 1.3758, time 109.76ms, mfu 3.18%
iter 590: loss 1.4175, time 108.89ms, mfu 3.21%
iter 600: loss 1.3758, time 94.02ms, mfu 3.28%
iter 610: loss 1.3385, time 124.84ms, mfu 3.25%
iter 620: loss 1.3636, time 122.87ms, mfu 3.23%
iter 630: loss 1.3796, time 124.84ms, mfu 3.21%
iter 640: loss 1.3597, time 139.50ms, mfu 3.15%
iter 650: loss 1.3642, time 125.41ms, mfu 3.14%
iter 660: loss 1.3139, time 110.37ms, mfu 3.16%
iter 670: loss 1.3428, time 109.39ms, mfu 3.18%
iter 680: loss 1.3024, time 109.96ms, mfu 3.20%
iter 690: loss 1.3338, time 109.13ms, mfu 3.23%
iter 700: loss 1.2983, time 108.98ms, mfu 3.24%
iter 710: loss 1.3122, time 108.07ms, mfu 3.27%
iter 720: loss 1.3229, time 94.57ms, mfu 3.33%
iter 730: loss 1.3473, time 79.24ms, mfu 3.47%
iter 740: loss 1.3107, time 108.57ms, mfu 3.47%
step 750: train loss 1.2643, val loss 1.5156
iter 750: loss 1.2925, time 13963.43ms, mfu 3.12%
iter 760: loss 1.3264, time 96.47ms, mfu 3.20%
iter 770: loss 1.3090, time 123.95ms, mfu 3.18%
iter 780: loss 1.2856, time 126.39ms, mfu 3.15%
iter 790: loss 1.3235, time 123.29ms, mfu 3.14%
iter 800: loss 1.2804, time 109.55ms, mfu 3.17%
iter 810: loss 1.2910, time 124.47ms, mfu 3.15%
iter 820: loss 1.2963, time 124.49ms, mfu 3.13%
iter 830: loss 1.2636, time 109.71ms, mfu 3.16%
iter 840: loss 1.2731, time 107.36ms, mfu 3.19%
iter 850: loss 1.3028, time 109.24ms, mfu 3.21%
iter 860: loss 1.2662, time 95.98ms, mfu 3.28%
iter 870: loss 1.2655, time 108.46ms, mfu 3.30%
iter 880: loss 1.2735, time 108.38ms, mfu 3.31%
iter 890: loss 1.2970, time 109.63ms, mfu 3.32%
iter 900: loss 1.2763, time 110.06ms, mfu 3.33%
iter 910: loss 1.2794, time 108.55ms, mfu 3.34%
iter 920: loss 1.2645, time 109.80ms, mfu 3.34%
iter 930: loss 1.2795, time 95.18ms, mfu 3.40%
iter 940: loss 1.2749, time 93.99ms, mfu 3.46%
iter 950: loss 1.2200, time 110.44ms, mfu 3.45%
iter 960: loss 1.2526, time 124.96ms, mfu 3.40%
iter 970: loss 1.2741, time 108.51ms, mfu 3.40%
iter 980: loss 1.2707, time 124.37ms, mfu 3.36%
iter 990: loss 1.2657, time 108.84ms, mfu 3.37%
step 1000: train loss 1.1934, val loss 1.4884
iter 1000: loss 1.2682, time 14078.14ms, mfu 3.04%
iter 1010: loss 1.2434, time 108.48ms, mfu 3.08%
iter 1020: loss 1.2525, time 123.98ms, mfu 3.07%
iter 1030: loss 1.2376, time 109.42ms, mfu 3.10%
iter 1040: loss 1.2208, time 93.98ms, mfu 3.19%
iter 1050: loss 1.2661, time 109.35ms, mfu 3.21%
iter 1060: loss 1.2554, time 111.32ms, mfu 3.22%
iter 1070: loss 1.2482, time 124.66ms, mfu 3.20%
iter 1080: loss 1.2646, time 124.86ms, mfu 3.18%
iter 1090: loss 1.2524, time 108.23ms, mfu 3.21%
iter 1100: loss 1.2328, time 126.50ms, mfu 3.18%
iter 1110: loss 1.2321, time 124.56ms, mfu 3.16%
iter 1120: loss 1.2400, time 108.82ms, mfu 3.19%
iter 1130: loss 1.2064, time 140.81ms, mfu 3.13%
iter 1140: loss 1.2382, time 139.88ms, mfu 3.09%
iter 1150: loss 1.2750, time 139.48ms, mfu 3.04%
iter 1160: loss 1.2191, time 110.48ms, mfu 3.08%
iter 1170: loss 1.2236, time 124.62ms, mfu 3.07%
iter 1180: loss 1.2224, time 124.38ms, mfu 3.06%
iter 1190: loss 1.2385, time 108.47ms, mfu 3.10%
iter 1200: loss 1.2281, time 139.98ms, mfu 3.06%
iter 1210: loss 1.2046, time 109.19ms, mfu 3.09%
iter 1220: loss 1.2179, time 108.89ms, mfu 3.12%
iter 1230: loss 1.1673, time 109.18ms, mfu 3.15%
iter 1240: loss 1.2078, time 94.26ms, mfu 3.23%
step 1250: train loss 1.1445, val loss 1.4785
iter 1250: loss 1.2045, time 14000.10ms, mfu 2.91%
iter 1260: loss 1.2255, time 108.86ms, mfu 2.96%
iter 1270: loss 1.1900, time 123.52ms, mfu 2.97%
iter 1280: loss 1.2294, time 123.71ms, mfu 2.97%
iter 1290: loss 1.2086, time 109.60ms, mfu 3.02%
iter 1300: loss 1.1866, time 123.68ms, mfu 3.02%
iter 1310: loss 1.1993, time 124.81ms, mfu 3.01%
iter 1320: loss 1.1998, time 122.55ms, mfu 3.02%
iter 1330: loss 1.1875, time 109.09ms, mfu 3.06%
iter 1340: loss 1.1998, time 123.44ms, mfu 3.05%
iter 1350: loss 1.1746, time 125.53ms, mfu 3.04%
iter 1360: loss 1.1949, time 126.18ms, mfu 3.03%
iter 1370: loss 1.2031, time 123.40ms, mfu 3.03%
iter 1380: loss 1.1574, time 109.65ms, mfu 3.07%
iter 1390: loss 1.1731, time 124.31ms, mfu 3.06%
iter 1400: loss 1.1843, time 109.24ms, mfu 3.10%
iter 1410: loss 1.1991, time 124.28ms, mfu 3.09%
iter 1420: loss 1.1901, time 109.29ms, mfu 3.12%
iter 1430: loss 1.1832, time 108.55ms, mfu 3.15%
iter 1440: loss 1.1935, time 125.23ms, mfu 3.13%
iter 1450: loss 1.1600, time 119.80ms, mfu 3.13%
iter 1460: loss 1.1573, time 124.65ms, mfu 3.12%
iter 1470: loss 1.1701, time 124.17ms, mfu 3.11%
iter 1480: loss 1.1670, time 125.61ms, mfu 3.09%
iter 1490: loss 1.2099, time 110.02ms, mfu 3.12%
step 1500: train loss 1.1015, val loss 1.4736
iter 1500: loss 1.1527, time 13693.71ms, mfu 2.81%
iter 1510: loss 1.1663, time 96.42ms, mfu 2.92%
iter 1520: loss 1.1659, time 123.32ms, mfu 2.93%
iter 1530: loss 1.1543, time 108.59ms, mfu 2.98%
iter 1540: loss 1.1854, time 108.29ms, mfu 3.02%
iter 1550: loss 1.1505, time 109.13ms, mfu 3.06%
iter 1560: loss 1.1697, time 109.37ms, mfu 3.10%
iter 1570: loss 1.1767, time 110.31ms, mfu 3.13%
iter 1580: loss 1.1348, time 93.67ms, mfu 3.21%
iter 1590: loss 1.1398, time 107.23ms, mfu 3.24%
iter 1600: loss 1.1027, time 108.71ms, mfu 3.26%
iter 1610: loss 1.1352, time 108.87ms, mfu 3.27%
iter 1620: loss 1.1441, time 93.74ms, mfu 3.34%
iter 1630: loss 1.1589, time 124.90ms, mfu 3.31%
iter 1640: loss 1.1668, time 124.14ms, mfu 3.28%
iter 1650: loss 1.1627, time 110.36ms, mfu 3.29%
iter 1660: loss 1.1324, time 105.94ms, mfu 3.31%
iter 1670: loss 1.1757, time 124.03ms, mfu 3.28%
iter 1680: loss 1.1552, time 107.77ms, mfu 3.30%
iter 1690: loss 1.1309, time 125.11ms, mfu 3.27%
iter 1700: loss 1.1358, time 124.88ms, mfu 3.24%
iter 1710: loss 1.1363, time 125.50ms, mfu 3.21%
iter 1720: loss 1.1432, time 107.35ms, mfu 3.24%
iter 1730: loss 1.1128, time 108.61ms, mfu 3.26%
iter 1740: loss 1.1263, time 109.79ms, mfu 3.27%
step 1750: train loss 1.0545, val loss 1.4698
iter 1750: loss 1.1274, time 14069.20ms, mfu 2.95%
iter 1760: loss 1.1462, time 109.87ms, mfu 2.99%
iter 1770: loss 1.1219, time 123.16ms, mfu 2.99%
iter 1780: loss 1.1314, time 94.25ms, mfu 3.09%
iter 1790: loss 1.1249, time 124.83ms, mfu 3.08%
iter 1800: loss 1.1281, time 109.18ms, mfu 3.11%
iter 1810: loss 1.1367, time 94.86ms, mfu 3.19%
iter 1820: loss 1.1496, time 94.37ms, mfu 3.27%
iter 1830: loss 1.0981, time 93.65ms, mfu 3.34%
iter 1840: loss 1.0939, time 109.67ms, mfu 3.35%
iter 1850: loss 1.1306, time 109.12ms, mfu 3.35%
iter 1860: loss 1.1359, time 109.49ms, mfu 3.36%
iter 1870: loss 1.0671, time 94.95ms, mfu 3.41%
iter 1880: loss 1.1372, time 94.77ms, mfu 3.47%
iter 1890: loss 1.1008, time 123.91ms, mfu 3.42%
iter 1900: loss 1.1238, time 109.00ms, mfu 3.42%
iter 1910: loss 1.1289, time 124.72ms, mfu 3.38%
iter 1920: loss 1.1066, time 124.48ms, mfu 3.34%
iter 1930: loss 1.1070, time 109.60ms, mfu 3.34%
iter 1940: loss 1.0975, time 108.91ms, mfu 3.35%
iter 1950: loss 1.1280, time 94.61ms, mfu 3.41%
iter 1960: loss 1.0886, time 123.99ms, mfu 3.37%
iter 1970: loss 1.1133, time 109.71ms, mfu 3.37%
iter 1980: loss 1.1179, time 109.68ms, mfu 3.38%
iter 1990: loss 1.1152, time 109.01ms, mfu 3.38%
step 2000: train loss 1.0080, val loss 1.4959
iter 2000: loss 1.1358, time 13925.56ms, mfu 3.04%
iter 2010: loss 1.1197, time 125.14ms, mfu 3.04%
iter 2020: loss 1.0898, time 108.81ms, mfu 3.08%
iter 2030: loss 1.1065, time 123.57ms, mfu 3.07%
iter 2040: loss 1.0683, time 108.32ms, mfu 3.11%
iter 2050: loss 1.0922, time 123.86ms, mfu 3.10%
iter 2060: loss 1.0864, time 109.10ms, mfu 3.13%
iter 2070: loss 1.0893, time 109.75ms, mfu 3.16%
iter 2080: loss 1.0945, time 111.01ms, mfu 3.18%
iter 2090: loss 1.0782, time 93.11ms, mfu 3.26%
iter 2100: loss 1.1070, time 109.25ms, mfu 3.27%
iter 2110: loss 1.1132, time 108.32ms, mfu 3.29%
iter 2120: loss 1.0848, time 94.35ms, mfu 3.36%
iter 2130: loss 1.0663, time 124.78ms, mfu 3.32%
iter 2140: loss 1.0699, time 140.87ms, mfu 3.25%
iter 2150: loss 1.0828, time 109.81ms, mfu 3.27%
iter 2160: loss 1.0642, time 110.38ms, mfu 3.28%
iter 2170: loss 1.0626, time 123.85ms, mfu 3.25%
iter 2180: loss 1.0604, time 124.91ms, mfu 3.22%
iter 2190: loss 1.0687, time 138.61ms, mfu 3.17%
iter 2200: loss 1.0616, time 123.69ms, mfu 3.15%
iter 2210: loss 1.0549, time 109.77ms, mfu 3.18%
iter 2220: loss 1.0506, time 109.35ms, mfu 3.20%
iter 2230: loss 1.0637, time 108.60ms, mfu 3.22%
iter 2240: loss 1.0560, time 109.67ms, mfu 3.24%
step 2250: train loss 0.9631, val loss 1.4866
iter 2250: loss 1.0500, time 15270.62ms, mfu 2.92%
iter 2260: loss 1.0306, time 125.30ms, mfu 2.93%
iter 2270: loss 1.0570, time 123.80ms, mfu 2.93%
iter 2280: loss 1.0529, time 109.80ms, mfu 2.98%
iter 2290: loss 1.0580, time 125.00ms, mfu 2.98%
iter 2300: loss 1.0547, time 125.06ms, mfu 2.98%
iter 2310: loss 1.0753, time 124.47ms, mfu 2.98%
iter 2320: loss 1.0468, time 110.21ms, mfu 3.02%
iter 2330: loss 1.0438, time 109.93ms, mfu 3.06%
iter 2340: loss 1.0366, time 124.76ms, mfu 3.05%
iter 2350: loss 1.0445, time 109.83ms, mfu 3.09%
iter 2360: loss 1.0468, time 138.88ms, mfu 3.04%
iter 2370: loss 1.0530, time 123.46ms, mfu 3.04%
iter 2380: loss 1.0475, time 141.32ms, mfu 3.00%
iter 2390: loss 1.0591, time 110.23ms, mfu 3.04%
iter 2400: loss 1.0421, time 109.76ms, mfu 3.08%
iter 2410: loss 1.0582, time 140.14ms, mfu 3.03%
iter 2420: loss 1.0243, time 110.25ms, mfu 3.07%
iter 2430: loss 1.0163, time 123.36ms, mfu 3.06%
iter 2440: loss 1.0129, time 110.56ms, mfu 3.09%
iter 2450: loss 1.0161, time 109.31ms, mfu 3.13%
iter 2460: loss 1.0339, time 110.64ms, mfu 3.15%
iter 2470: loss 1.0263, time 123.17ms, mfu 3.14%
iter 2480: loss 1.0351, time 94.12ms, mfu 3.22%
iter 2490: loss 1.0024, time 123.05ms, mfu 3.20%
step 2500: train loss 0.9197, val loss 1.5084
iter 2500: loss 1.0230, time 14559.68ms, mfu 2.88%
iter 2510: loss 1.0390, time 124.52ms, mfu 2.89%
iter 2520: loss 1.0348, time 124.69ms, mfu 2.90%
iter 2530: loss 1.0309, time 123.16ms, mfu 2.92%
iter 2540: loss 1.0251, time 95.38ms, mfu 3.01%
iter 2550: loss 1.0272, time 124.55ms, mfu 3.01%
iter 2560: loss 0.9963, time 109.34ms, mfu 3.05%
iter 2570: loss 1.0277, time 108.43ms, mfu 3.09%
iter 2580: loss 1.0251, time 109.57ms, mfu 3.12%
iter 2590: loss 1.0218, time 109.04ms, mfu 3.15%
iter 2600: loss 1.0161, time 108.78ms, mfu 3.18%
iter 2610: loss 1.0304, time 110.18ms, mfu 3.20%
iter 2620: loss 1.0087, time 110.32ms, mfu 3.22%
iter 2630: loss 1.0200, time 109.88ms, mfu 3.23%
iter 2640: loss 1.0122, time 108.13ms, mfu 3.26%
iter 2650: loss 0.9936, time 123.98ms, mfu 3.23%
iter 2660: loss 1.0292, time 124.14ms, mfu 3.21%
iter 2670: loss 1.0293, time 140.84ms, mfu 3.15%
iter 2680: loss 0.9966, time 125.32ms, mfu 3.13%
iter 2690: loss 1.0119, time 139.05ms, mfu 3.09%
iter 2700: loss 0.9767, time 125.42ms, mfu 3.08%
iter 2710: loss 1.0069, time 138.25ms, mfu 3.04%
iter 2720: loss 0.9862, time 110.09ms, mfu 3.07%
iter 2730: loss 0.9957, time 108.40ms, mfu 3.11%
iter 2740: loss 0.9980, time 123.29ms, mfu 3.10%
step 2750: train loss 0.8694, val loss 1.5194
iter 2750: loss 1.0083, time 15200.19ms, mfu 2.79%
iter 2760: loss 0.9791, time 156.45ms, mfu 2.75%
iter 2770: loss 0.9909, time 108.14ms, mfu 2.82%
iter 2780: loss 0.9443, time 125.52ms, mfu 2.84%
iter 2790: loss 0.9805, time 111.10ms, mfu 2.89%
iter 2800: loss 0.9762, time 107.58ms, mfu 2.95%
iter 2810: loss 1.0093, time 140.51ms, mfu 2.92%
iter 2820: loss 0.9835, time 139.18ms, mfu 2.89%
iter 2830: loss 0.9538, time 124.59ms, mfu 2.90%
iter 2840: loss 0.9674, time 108.38ms, mfu 2.96%
iter 2850: loss 0.9798, time 108.98ms, mfu 3.00%
iter 2860: loss 0.9713, time 122.91ms, mfu 3.00%
iter 2870: loss 0.9753, time 140.37ms, mfu 2.97%
iter 2880: loss 0.9602, time 93.12ms, mfu 3.07%
iter 2890: loss 0.9834, time 124.81ms, mfu 3.06%
iter 2900: loss 0.9791, time 124.77ms, mfu 3.06%
iter 2910: loss 0.9750, time 125.11ms, mfu 3.05%
iter 2920: loss 0.9904, time 94.68ms, mfu 3.14%
iter 2930: loss 0.9288, time 124.19ms, mfu 3.12%
iter 2940: loss 0.9693, time 126.51ms, mfu 3.11%
iter 2950: loss 0.9906, time 94.63ms, mfu 3.19%
iter 2960: loss 0.9394, time 140.58ms, mfu 3.14%
iter 2970: loss 0.9610, time 108.39ms, mfu 3.17%
iter 2980: loss 0.9581, time 124.34ms, mfu 3.15%
iter 2990: loss 0.9380, time 123.94ms, mfu 3.13%
step 3000: train loss 0.8235, val loss 1.5569
iter 3000: loss 0.9716, time 15225.52ms, mfu 2.82%
iter 3010: loss 0.9467, time 125.27ms, mfu 2.84%
iter 3020: loss 0.9523, time 109.26ms, mfu 2.90%
iter 3030: loss 0.9684, time 123.80ms, mfu 2.91%
iter 3040: loss 0.9467, time 140.22ms, mfu 2.88%
iter 3050: loss 0.9603, time 123.77ms, mfu 2.90%
iter 3060: loss 0.9444, time 126.11ms, mfu 2.90%
iter 3070: loss 0.9327, time 141.63ms, mfu 2.87%
iter 3080: loss 0.9285, time 124.74ms, mfu 2.89%
iter 3090: loss 0.9363, time 125.24ms, mfu 2.89%
iter 3100: loss 0.9434, time 124.31ms, mfu 2.90%
iter 3110: loss 0.9221, time 109.85ms, mfu 2.95%
iter 3120: loss 0.9523, time 111.27ms, mfu 2.99%
iter 3130: loss 0.9145, time 109.46ms, mfu 3.03%
iter 3140: loss 0.9369, time 109.15ms, mfu 3.07%
iter 3150: loss 0.9450, time 124.69ms, mfu 3.06%
iter 3160: loss 0.9233, time 109.27ms, mfu 3.10%
iter 3170: loss 0.9349, time 108.88ms, mfu 3.13%
iter 3180: loss 0.9350, time 123.47ms, mfu 3.12%
iter 3190: loss 0.9224, time 140.78ms, mfu 3.07%
iter 3200: loss 0.9067, time 124.70ms, mfu 3.06%
iter 3210: loss 0.9315, time 125.61ms, mfu 3.05%
iter 3220: loss 0.9128, time 108.02ms, mfu 3.09%
iter 3230: loss 0.9221, time 123.63ms, mfu 3.09%
iter 3240: loss 0.9140, time 110.32ms, mfu 3.11%
step 3250: train loss 0.7748, val loss 1.5827
iter 3250: loss 0.9111, time 16126.70ms, mfu 2.81%
iter 3260: loss 0.9081, time 125.39ms, mfu 2.82%
iter 3270: loss 0.8869, time 124.74ms, mfu 2.84%
iter 3280: loss 0.9247, time 109.36ms, mfu 2.90%
iter 3290: loss 0.9024, time 122.94ms, mfu 2.91%
iter 3300: loss 0.9012, time 109.44ms, mfu 2.96%
iter 3310: loss 0.9023, time 107.74ms, mfu 3.01%
iter 3320: loss 0.9179, time 110.03ms, mfu 3.05%
iter 3330: loss 0.9031, time 94.42ms, mfu 3.14%
iter 3340: loss 0.8923, time 109.05ms, mfu 3.16%
iter 3350: loss 0.9006, time 109.16ms, mfu 3.19%
iter 3360: loss 0.8751, time 124.86ms, mfu 3.17%
iter 3370: loss 0.8797, time 109.43ms, mfu 3.19%
iter 3380: loss 0.8959, time 94.53ms, mfu 3.27%
iter 3390: loss 0.8705, time 109.25ms, mfu 3.28%
iter 3400: loss 0.8904, time 94.40ms, mfu 3.35%
iter 3410: loss 0.8919, time 108.72ms, mfu 3.36%
iter 3420: loss 0.9053, time 124.83ms, mfu 3.32%
iter 3430: loss 0.9253, time 125.01ms, mfu 3.29%
iter 3440: loss 0.8765, time 124.24ms, mfu 3.26%
iter 3450: loss 0.8869, time 111.22ms, mfu 3.27%
iter 3460: loss 0.8772, time 139.83ms, mfu 3.21%
iter 3470: loss 0.8732, time 109.09ms, mfu 3.23%
iter 3480: loss 0.8740, time 94.45ms, mfu 3.30%
iter 3490: loss 0.8833, time 110.18ms, mfu 3.31%
step 3500: train loss 0.7236, val loss 1.6367
iter 3500: loss 0.8681, time 15394.51ms, mfu 2.98%
iter 3510: loss 0.9141, time 124.87ms, mfu 2.98%
iter 3520: loss 0.8808, time 125.28ms, mfu 2.98%
iter 3530: loss 0.8646, time 141.21ms, mfu 2.94%
iter 3540: loss 0.8916, time 93.64ms, mfu 3.05%
iter 3550: loss 0.8639, time 124.63ms, mfu 3.04%
iter 3560: loss 0.8845, time 124.42ms, mfu 3.04%
iter 3570: loss 0.8811, time 107.90ms, mfu 3.08%
iter 3580: loss 0.8864, time 109.14ms, mfu 3.11%
iter 3590: loss 0.8467, time 123.95ms, mfu 3.10%
iter 3600: loss 0.8523, time 109.84ms, mfu 3.13%
iter 3610: loss 0.8566, time 124.79ms, mfu 3.12%
iter 3620: loss 0.8648, time 124.17ms, mfu 3.11%
iter 3630: loss 0.8767, time 111.11ms, mfu 3.13%
iter 3640: loss 0.8575, time 109.29ms, mfu 3.16%
iter 3650: loss 0.8687, time 123.52ms, mfu 3.14%
iter 3660: loss 0.8745, time 109.95ms, mfu 3.17%
iter 3670: loss 0.8505, time 123.64ms, mfu 3.15%
iter 3680: loss 0.8577, time 94.99ms, mfu 3.23%
iter 3690: loss 0.8803, time 109.52ms, mfu 3.25%
iter 3700: loss 0.8681, time 141.25ms, mfu 3.19%
iter 3710: loss 0.8809, time 109.56ms, mfu 3.21%
iter 3720: loss 0.8554, time 109.66ms, mfu 3.23%
iter 3730: loss 0.8578, time 109.78ms, mfu 3.24%
iter 3740: loss 0.8441, time 94.10ms, mfu 3.32%
step 3750: train loss 0.6805, val loss 1.6582
iter 3750: loss 0.8531, time 12121.19ms, mfu 2.99%
iter 3760: loss 0.8365, time 108.76ms, mfu 3.03%
iter 3770: loss 0.8574, time 109.04ms, mfu 3.07%
iter 3780: loss 0.8417, time 94.46ms, mfu 3.16%
iter 3790: loss 0.8266, time 110.82ms, mfu 3.18%
iter 3800: loss 0.8541, time 123.07ms, mfu 3.16%
iter 3810: loss 0.8398, time 109.18ms, mfu 3.19%
iter 3820: loss 0.8429, time 110.47ms, mfu 3.21%
iter 3830: loss 0.8376, time 108.14ms, mfu 3.23%
iter 3840: loss 0.8375, time 108.53ms, mfu 3.25%
iter 3850: loss 0.8217, time 79.70ms, mfu 3.39%
iter 3860: loss 0.8288, time 124.41ms, mfu 3.35%
iter 3870: loss 0.8342, time 110.23ms, mfu 3.36%
iter 3880: loss 0.8393, time 109.77ms, mfu 3.36%
iter 3890: loss 0.8414, time 124.37ms, mfu 3.32%
iter 3900: loss 0.8338, time 110.26ms, mfu 3.33%
iter 3910: loss 0.8499, time 122.92ms, mfu 3.30%
iter 3920: loss 0.8195, time 138.14ms, mfu 3.24%
iter 3930: loss 0.8346, time 94.84ms, mfu 3.31%
iter 3940: loss 0.8037, time 123.46ms, mfu 3.28%
iter 3950: loss 0.8341, time 124.62ms, mfu 3.25%
iter 3960: loss 0.8372, time 108.20ms, mfu 3.27%
iter 3970: loss 0.8242, time 93.35ms, mfu 3.34%
iter 3980: loss 0.8338, time 108.98ms, mfu 3.35%
iter 3990: loss 0.7979, time 110.04ms, mfu 3.35%
step 4000: train loss 0.6407, val loss 1.6800
iter 4000: loss 0.8205, time 14009.84ms, mfu 3.02%
iter 4010: loss 0.8425, time 94.11ms, mfu 3.11%
iter 4020: loss 0.8426, time 94.49ms, mfu 3.20%
iter 4030: loss 0.8238, time 94.33ms, mfu 3.27%
iter 4040: loss 0.8249, time 109.12ms, mfu 3.29%
iter 4050: loss 0.7977, time 110.45ms, mfu 3.30%
iter 4060: loss 0.8206, time 93.41ms, mfu 3.36%
iter 4070: loss 0.8297, time 95.14ms, mfu 3.42%
iter 4080: loss 0.8093, time 94.40ms, mfu 3.47%
iter 4090: loss 0.8293, time 109.35ms, mfu 3.47%
iter 4100: loss 0.7987, time 109.51ms, mfu 3.46%
iter 4110: loss 0.8069, time 124.85ms, mfu 3.41%
iter 4120: loss 0.7896, time 109.65ms, mfu 3.41%
iter 4130: loss 0.7959, time 108.91ms, mfu 3.41%
iter 4140: loss 0.7911, time 108.78ms, mfu 3.41%
iter 4150: loss 0.8198, time 93.42ms, mfu 3.47%
iter 4160: loss 0.8026, time 110.30ms, mfu 3.46%
iter 4170: loss 0.7742, time 109.41ms, mfu 3.46%
iter 4180: loss 0.7964, time 108.72ms, mfu 3.45%
iter 4190: loss 0.8037, time 109.59ms, mfu 3.45%
iter 4200: loss 0.8001, time 125.76ms, mfu 3.40%
iter 4210: loss 0.8117, time 110.70ms, mfu 3.40%
iter 4220: loss 0.8146, time 93.59ms, mfu 3.45%
iter 4230: loss 0.7850, time 122.66ms, mfu 3.41%
iter 4240: loss 0.8124, time 107.68ms, mfu 3.42%
step 4250: train loss 0.6066, val loss 1.7111
iter 4250: loss 0.7917, time 13990.34ms, mfu 3.08%
iter 4260: loss 0.8017, time 108.59ms, mfu 3.11%
iter 4270: loss 0.8142, time 94.77ms, mfu 3.20%
iter 4280: loss 0.8072, time 124.75ms, mfu 3.17%
iter 4290: loss 0.8038, time 92.04ms, mfu 3.26%
iter 4300: loss 0.7995, time 110.05ms, mfu 3.27%
iter 4310: loss 0.7884, time 122.38ms, mfu 3.25%
iter 4320: loss 0.8074, time 93.37ms, mfu 3.33%
iter 4330: loss 0.7886, time 124.13ms, mfu 3.29%
iter 4340: loss 0.7793, time 109.43ms, mfu 3.30%
iter 4350: loss 0.7899, time 111.34ms, mfu 3.31%
iter 4360: loss 0.8047, time 96.68ms, mfu 3.36%
iter 4370: loss 0.7934, time 124.96ms, mfu 3.33%
iter 4380: loss 0.7970, time 107.16ms, mfu 3.34%
iter 4390: loss 0.7753, time 109.47ms, mfu 3.35%
iter 4400: loss 0.7749, time 122.89ms, mfu 3.32%
iter 4410: loss 0.8040, time 96.34ms, mfu 3.37%
iter 4420: loss 0.7924, time 124.69ms, mfu 3.33%
iter 4430: loss 0.7813, time 96.09ms, mfu 3.39%
iter 4440: loss 0.7996, time 126.91ms, mfu 3.34%
iter 4450: loss 0.7983, time 109.59ms, mfu 3.35%
iter 4460: loss 0.7823, time 110.33ms, mfu 3.35%
iter 4470: loss 0.7878, time 109.78ms, mfu 3.35%
iter 4480: loss 0.7843, time 93.81ms, mfu 3.42%
iter 4490: loss 0.7841, time 79.40ms, mfu 3.54%
step 4500: train loss 0.5788, val loss 1.7275
iter 4500: loss 0.8075, time 13739.87ms, mfu 3.19%
iter 4510: loss 0.7638, time 108.83ms, mfu 3.22%
iter 4520: loss 0.7718, time 94.73ms, mfu 3.29%
iter 4530: loss 0.7748, time 93.15ms, mfu 3.36%
iter 4540: loss 0.7808, time 109.81ms, mfu 3.36%
iter 4550: loss 0.7763, time 108.93ms, mfu 3.37%
iter 4560: loss 0.7774, time 109.56ms, mfu 3.37%
iter 4570: loss 0.7972, time 93.82ms, mfu 3.43%
iter 4580: loss 0.7843, time 110.23ms, mfu 3.43%
iter 4590: loss 0.7766, time 109.30ms, mfu 3.42%
iter 4600: loss 0.7756, time 109.29ms, mfu 3.42%
iter 4610: loss 0.7750, time 123.63ms, mfu 3.38%
iter 4620: loss 0.7525, time 109.22ms, mfu 3.39%
iter 4630: loss 0.7604, time 110.21ms, mfu 3.38%
iter 4640: loss 0.7696, time 81.44ms, mfu 3.50%
iter 4650: loss 0.7588, time 108.57ms, mfu 3.50%
iter 4660: loss 0.7706, time 92.98ms, mfu 3.55%
iter 4670: loss 0.7691, time 94.02ms, mfu 3.59%
iter 4680: loss 0.7519, time 109.35ms, mfu 3.57%
iter 4690: loss 0.7422, time 122.93ms, mfu 3.52%
iter 4700: loss 0.7690, time 124.34ms, mfu 3.47%
iter 4710: loss 0.7709, time 107.96ms, mfu 3.46%
iter 4720: loss 0.7618, time 127.40ms, mfu 3.41%
iter 4730: loss 0.7627, time 95.05ms, mfu 3.46%
iter 4740: loss 0.7483, time 123.00ms, mfu 3.42%
step 4750: train loss 0.5550, val loss 1.7528
iter 4750: loss 0.7662, time 14320.58ms, mfu 3.08%
iter 4760: loss 0.7706, time 108.31ms, mfu 3.11%
iter 4770: loss 0.7429, time 109.06ms, mfu 3.14%
iter 4780: loss 0.7721, time 126.69ms, mfu 3.12%
iter 4790: loss 0.7632, time 110.10ms, mfu 3.15%
iter 4800: loss 0.7680, time 93.49ms, mfu 3.23%
iter 4810: loss 0.7471, time 94.04ms, mfu 3.31%
iter 4820: loss 0.7584, time 109.23ms, mfu 3.32%
iter 4830: loss 0.7533, time 95.44ms, mfu 3.38%
iter 4840: loss 0.7459, time 108.83ms, mfu 3.38%
iter 4850: loss 0.7575, time 109.91ms, mfu 3.38%
iter 4860: loss 0.7662, time 109.88ms, mfu 3.38%
iter 4870: loss 0.7536, time 108.14ms, mfu 3.39%
iter 4880: loss 0.7474, time 109.55ms, mfu 3.39%
iter 4890: loss 0.7803, time 109.22ms, mfu 3.39%
iter 4900: loss 0.7659, time 94.08ms, mfu 3.45%
iter 4910: loss 0.7418, time 94.77ms, mfu 3.50%
iter 4920: loss 0.7449, time 108.80ms, mfu 3.49%
iter 4930: loss 0.7573, time 109.33ms, mfu 3.48%
iter 4940: loss 0.7560, time 109.71ms, mfu 3.47%
iter 4950: loss 0.7568, time 124.61ms, mfu 3.43%
iter 4960: loss 0.7307, time 124.55ms, mfu 3.38%
iter 4970: loss 0.7308, time 95.88ms, mfu 3.43%
iter 4980: loss 0.7505, time 108.66ms, mfu 3.43%
iter 4990: loss 0.7571, time 107.75ms, mfu 3.43%
step 5000: train loss 0.5355, val loss 1.7717
iter 5000: loss 0.7473, time 14006.49ms, mfu 3.09%
