Overriding config with config/train_shakespeare_char.py:
# train a miniature character-level shakespeare model
# good for debugging and playing on macbooks and such

out_dir = 'out-shakespeare-char'
eval_interval = 250 # keep frequent because we'll overfit
eval_iters = 200
log_interval = 10 # don't print too too often

# we expect to overfit on this small dataset, so only save when val improves
always_save_checkpoint = False

wandb_log = False # override via command line if you like
wandb_project = 'shakespeare-char'
wandb_run_name = 'mini-gpt'

dataset = 'shakespeare_char'
gradient_accumulation_steps = 1
batch_size = 64
block_size = 256 # context of up to 256 previous characters

# baby GPT model :)
n_layer = 6
n_head = 6
n_embd = 384
dropout = 0.2

learning_rate = 1e-3 # with baby networks can afford to go a bit higher
max_iters = 5000
lr_decay_iters = 5000 # make equal to max_iters usually
min_lr = 1e-4 # learning_rate / 10 usually
beta2 = 0.99 # make a bit bigger because number of tokens per iter is small

warmup_iters = 100 # not super necessary potentially

# on macbook also add
# device = 'cpu'  # run on cpu only
# compile = False # do not torch compile the model

Overriding: compile = False
Overriding: out_dir = runs\rmsnorm_lr4e-3
Overriding: learning_rate = 0.004
Overriding: min_lr = 0.0004
Overriding: seed = 1337
Overriding: save_checkpoint = False
Overriding: norm_type = rmsnorm
tokens per iteration will be: 16,384
found vocab_size = 65 (inside data\shakespeare_char\meta.pkl)
Initializing a new model from scratch
number of parameters: 10.65M
C:\Users\86271\hw1work\nanoGPT\train.py:204: FutureWarning: `torch.cuda.amp.GradScaler(args...)` is deprecated. Please use `torch.amp.GradScaler('cuda', args...)` instead.
  scaler = torch.cuda.amp.GradScaler(enabled=(dtype == 'float16'))
num decayed parameter tensors: 26, with 10,740,096 parameters
num non-decayed parameter tensors: 13, with 4,992 parameters
using fused AdamW: True
step 0: train loss 4.2773, val loss 4.2723
iter 0: loss 4.2601, time 12159.33ms, mfu -100.00%
iter 10: loss 2.9375, time 126.10ms, mfu 2.95%
iter 20: loss 2.6139, time 110.27ms, mfu 3.00%
iter 30: loss 2.5613, time 108.48ms, mfu 3.04%
iter 40: loss 2.5414, time 124.66ms, mfu 3.04%
iter 50: loss 2.5020, time 126.18ms, mfu 3.03%
iter 60: loss 2.5048, time 124.17ms, mfu 3.02%
iter 70: loss 2.4857, time 97.40ms, mfu 3.11%
iter 80: loss 2.4928, time 110.04ms, mfu 3.13%
iter 90: loss 2.4686, time 110.95ms, mfu 3.16%
iter 100: loss 2.4535, time 109.30ms, mfu 3.18%
iter 110: loss 2.5227, time 125.62ms, mfu 3.16%
iter 120: loss 2.7409, time 126.17ms, mfu 3.14%
iter 130: loss 2.5217, time 110.05ms, mfu 3.16%
iter 140: loss 2.4861, time 124.28ms, mfu 3.15%
iter 150: loss 2.4689, time 125.39ms, mfu 3.13%
iter 160: loss 2.4152, time 126.12ms, mfu 3.11%
iter 170: loss 2.3696, time 109.03ms, mfu 3.14%
iter 180: loss 2.2959, time 138.38ms, mfu 3.10%
iter 190: loss 2.2188, time 108.58ms, mfu 3.13%
iter 200: loss 2.1799, time 110.84ms, mfu 3.15%
iter 210: loss 2.1343, time 125.41ms, mfu 3.14%
iter 220: loss 2.1445, time 123.71ms, mfu 3.12%
iter 230: loss 2.0974, time 110.57ms, mfu 3.15%
iter 240: loss 2.1067, time 108.63ms, mfu 3.18%
step 250: train loss 1.9970, val loss 2.0879
iter 250: loss 2.0751, time 12164.28ms, mfu 2.86%
iter 260: loss 2.0241, time 111.25ms, mfu 2.91%
iter 270: loss 2.0388, time 111.27ms, mfu 2.95%
iter 280: loss 2.0513, time 124.13ms, mfu 2.96%
iter 290: loss 1.9947, time 124.60ms, mfu 2.96%
iter 300: loss 1.9835, time 109.68ms, mfu 3.01%
iter 310: loss 1.9470, time 95.40ms, mfu 3.10%
iter 320: loss 1.9462, time 108.40ms, mfu 3.13%
iter 330: loss 1.9106, time 139.61ms, mfu 3.08%
iter 340: loss 1.8922, time 109.94ms, mfu 3.11%
iter 350: loss 1.9282, time 109.52ms, mfu 3.14%
iter 360: loss 1.8647, time 125.08ms, mfu 3.13%
iter 370: loss 1.8519, time 108.45ms, mfu 3.16%
iter 380: loss 1.8341, time 109.85ms, mfu 3.18%
iter 390: loss 1.8609, time 124.23ms, mfu 3.16%
iter 400: loss 1.8833, time 109.64ms, mfu 3.19%
iter 410: loss 1.8155, time 109.15ms, mfu 3.21%
iter 420: loss 1.8416, time 95.36ms, mfu 3.28%
iter 430: loss 1.8182, time 109.33ms, mfu 3.29%
iter 440: loss 1.7773, time 110.82ms, mfu 3.30%
iter 450: loss 1.7893, time 110.28ms, mfu 3.31%
iter 460: loss 1.7473, time 108.60ms, mfu 3.32%
iter 470: loss 1.8052, time 109.31ms, mfu 3.33%
iter 480: loss 1.7679, time 109.36ms, mfu 3.34%
iter 490: loss 1.7529, time 109.80ms, mfu 3.34%
step 500: train loss 1.6583, val loss 1.8357
iter 500: loss 1.7536, time 12411.87ms, mfu 3.01%
iter 510: loss 1.7591, time 125.22ms, mfu 3.01%
iter 520: loss 1.7545, time 109.76ms, mfu 3.05%
iter 530: loss 1.7230, time 125.62ms, mfu 3.04%
iter 540: loss 1.7768, time 126.30ms, mfu 3.03%
iter 550: loss 1.7299, time 124.82ms, mfu 3.02%
iter 560: loss 1.7392, time 110.50ms, mfu 3.06%
iter 570: loss 1.7378, time 111.15ms, mfu 3.09%
iter 580: loss 1.7205, time 126.12ms, mfu 3.08%
iter 590: loss 1.6900, time 124.71ms, mfu 3.07%
iter 600: loss 1.7075, time 123.28ms, mfu 3.06%
iter 610: loss 1.7259, time 109.36ms, mfu 3.10%
iter 620: loss 1.7276, time 109.19ms, mfu 3.13%
iter 630: loss 1.6985, time 93.94ms, mfu 3.21%
iter 640: loss 1.6601, time 109.88ms, mfu 3.23%
iter 650: loss 1.7031, time 95.68ms, mfu 3.30%
iter 660: loss 1.7146, time 95.53ms, mfu 3.36%
iter 670: loss 1.6458, time 124.54ms, mfu 3.32%
iter 680: loss 1.7084, time 124.55ms, mfu 3.29%
iter 690: loss 1.6742, time 109.38ms, mfu 3.30%
iter 700: loss 1.6888, time 108.92ms, mfu 3.31%
iter 710: loss 1.6608, time 110.27ms, mfu 3.32%
iter 720: loss 1.6361, time 108.94ms, mfu 3.33%
iter 730: loss 1.6270, time 110.99ms, mfu 3.33%
iter 740: loss 1.6293, time 123.01ms, mfu 3.30%
step 750: train loss 1.5385, val loss 1.7433
iter 750: loss 1.6244, time 12708.37ms, mfu 2.97%
iter 760: loss 1.6468, time 125.30ms, mfu 2.97%
iter 770: loss 1.6404, time 125.14ms, mfu 2.97%
iter 780: loss 1.6337, time 125.29ms, mfu 2.97%
iter 790: loss 1.6301, time 110.93ms, mfu 3.01%
iter 800: loss 1.6363, time 124.90ms, mfu 3.01%
iter 810: loss 1.6077, time 140.10ms, mfu 2.97%
iter 820: loss 1.6190, time 125.28ms, mfu 2.97%
iter 830: loss 1.6028, time 110.32ms, mfu 3.02%
iter 840: loss 1.6148, time 124.59ms, mfu 3.01%
iter 850: loss 1.5993, time 124.75ms, mfu 3.01%
iter 860: loss 1.5971, time 124.72ms, mfu 3.01%
iter 870: loss 1.5974, time 124.71ms, mfu 3.01%
iter 880: loss 1.5909, time 123.13ms, mfu 3.01%
iter 890: loss 1.5968, time 93.90ms, mfu 3.10%
iter 900: loss 1.5877, time 109.10ms, mfu 3.14%
iter 910: loss 1.5217, time 122.73ms, mfu 3.13%
iter 920: loss 1.5633, time 109.11ms, mfu 3.15%
iter 930: loss 1.5542, time 109.50ms, mfu 3.18%
iter 940: loss 1.5447, time 123.96ms, mfu 3.16%
iter 950: loss 1.5573, time 124.10ms, mfu 3.15%
iter 960: loss 1.5543, time 124.90ms, mfu 3.13%
iter 970: loss 1.5626, time 125.19ms, mfu 3.11%
iter 980: loss 1.5429, time 124.14ms, mfu 3.10%
iter 990: loss 1.5386, time 110.29ms, mfu 3.13%
step 1000: train loss 1.4294, val loss 1.6408
iter 1000: loss 1.5307, time 12787.62ms, mfu 2.82%
iter 1010: loss 1.5194, time 109.31ms, mfu 2.88%
iter 1020: loss 1.4973, time 110.17ms, mfu 2.93%
iter 1030: loss 1.5319, time 125.41ms, mfu 2.93%
iter 1040: loss 1.5421, time 109.06ms, mfu 2.98%
iter 1050: loss 1.4696, time 110.79ms, mfu 3.02%
iter 1060: loss 1.5219, time 110.40ms, mfu 3.06%
iter 1070: loss 1.5178, time 110.13ms, mfu 3.09%
iter 1080: loss 1.5098, time 123.50ms, mfu 3.08%
iter 1090: loss 1.5340, time 123.33ms, mfu 3.08%
iter 1100: loss 1.5035, time 108.61ms, mfu 3.11%
iter 1110: loss 1.4726, time 124.16ms, mfu 3.10%
iter 1120: loss 1.4710, time 109.57ms, mfu 3.13%
iter 1130: loss 1.4693, time 111.04ms, mfu 3.15%
iter 1140: loss 1.4700, time 109.85ms, mfu 3.18%
iter 1150: loss 1.4760, time 122.65ms, mfu 3.16%
iter 1160: loss 1.5141, time 110.23ms, mfu 3.18%
iter 1170: loss 1.4728, time 122.37ms, mfu 3.17%
iter 1180: loss 1.4847, time 109.42ms, mfu 3.19%
iter 1190: loss 1.4451, time 108.76ms, mfu 3.22%
iter 1200: loss 1.4583, time 94.50ms, mfu 3.29%
iter 1210: loss 1.4411, time 124.32ms, mfu 3.26%
iter 1220: loss 1.4675, time 108.58ms, mfu 3.28%
iter 1230: loss 1.4721, time 124.62ms, mfu 3.25%
iter 1240: loss 1.4649, time 125.28ms, mfu 3.22%
step 1250: train loss 1.3408, val loss 1.5719
iter 1250: loss 1.4399, time 12824.55ms, mfu 2.90%
iter 1260: loss 1.4470, time 108.84ms, mfu 2.95%
iter 1270: loss 1.4226, time 110.50ms, mfu 3.00%
iter 1280: loss 1.4140, time 111.38ms, mfu 3.03%
iter 1290: loss 1.4404, time 108.79ms, mfu 3.07%
iter 1300: loss 1.4590, time 108.59ms, mfu 3.11%
iter 1310: loss 1.3941, time 125.49ms, mfu 3.09%
iter 1320: loss 1.4656, time 109.05ms, mfu 3.13%
iter 1330: loss 1.4203, time 110.08ms, mfu 3.15%
iter 1340: loss 1.4524, time 109.16ms, mfu 3.18%
iter 1350: loss 1.4094, time 124.80ms, mfu 3.16%
iter 1360: loss 1.4342, time 124.27ms, mfu 3.14%
iter 1370: loss 1.4050, time 124.59ms, mfu 3.13%
iter 1380: loss 1.4209, time 126.06ms, mfu 3.11%
iter 1390: loss 1.4072, time 108.81ms, mfu 3.14%
iter 1400: loss 1.4107, time 125.30ms, mfu 3.12%
iter 1410: loss 1.3985, time 124.74ms, mfu 3.11%
iter 1420: loss 1.4202, time 123.19ms, mfu 3.10%
iter 1430: loss 1.4001, time 124.35ms, mfu 3.09%
iter 1440: loss 1.4072, time 123.93ms, mfu 3.08%
iter 1450: loss 1.3735, time 109.59ms, mfu 3.11%
iter 1460: loss 1.3941, time 109.27ms, mfu 3.14%
iter 1470: loss 1.3736, time 108.89ms, mfu 3.17%
iter 1480: loss 1.3595, time 111.41ms, mfu 3.19%
iter 1490: loss 1.3864, time 108.36ms, mfu 3.21%
step 1500: train loss 1.2836, val loss 1.5298
iter 1500: loss 1.3405, time 12569.19ms, mfu 2.90%
iter 1510: loss 1.3843, time 110.52ms, mfu 2.94%
iter 1520: loss 1.3747, time 111.05ms, mfu 2.98%
iter 1530: loss 1.4008, time 109.47ms, mfu 3.03%
iter 1540: loss 1.3363, time 124.71ms, mfu 3.02%
iter 1550: loss 1.3784, time 124.31ms, mfu 3.02%
iter 1560: loss 1.3602, time 139.41ms, mfu 2.99%
iter 1570: loss 1.3827, time 124.26ms, mfu 2.99%
iter 1580: loss 1.3520, time 124.36ms, mfu 2.99%
iter 1590: loss 1.3367, time 109.54ms, mfu 3.03%
iter 1600: loss 1.3390, time 109.25ms, mfu 3.07%
iter 1610: loss 1.3779, time 139.18ms, mfu 3.03%
iter 1620: loss 1.3249, time 123.24ms, mfu 3.03%
iter 1630: loss 1.3538, time 94.00ms, mfu 3.12%
iter 1640: loss 1.3438, time 109.83ms, mfu 3.15%
iter 1650: loss 1.3135, time 138.85ms, mfu 3.10%
iter 1660: loss 1.3669, time 108.79ms, mfu 3.13%
iter 1670: loss 1.3393, time 110.55ms, mfu 3.16%
iter 1680: loss 1.3429, time 124.27ms, mfu 3.14%
iter 1690: loss 1.3467, time 124.86ms, mfu 3.13%
iter 1700: loss 1.3207, time 138.99ms, mfu 3.08%
iter 1710: loss 1.3242, time 95.11ms, mfu 3.17%
iter 1720: loss 1.3247, time 109.54ms, mfu 3.19%
iter 1730: loss 1.3357, time 108.88ms, mfu 3.21%
iter 1740: loss 1.2984, time 123.85ms, mfu 3.19%
step 1750: train loss 1.2289, val loss 1.5007
iter 1750: loss 1.3309, time 12320.58ms, mfu 2.88%
iter 1760: loss 1.3302, time 123.05ms, mfu 2.89%
iter 1770: loss 1.3310, time 109.52ms, mfu 2.94%
iter 1780: loss 1.3310, time 125.73ms, mfu 2.94%
iter 1790: loss 1.3307, time 124.82ms, mfu 2.95%
iter 1800: loss 1.3215, time 125.54ms, mfu 2.95%
iter 1810: loss 1.2920, time 109.47ms, mfu 3.00%
iter 1820: loss 1.3037, time 108.86ms, mfu 3.04%
iter 1830: loss 1.3117, time 141.48ms, mfu 3.00%
iter 1840: loss 1.3011, time 125.68ms, mfu 2.99%
iter 1850: loss 1.2957, time 109.31ms, mfu 3.04%
iter 1860: loss 1.3136, time 124.11ms, mfu 3.03%
iter 1870: loss 1.2716, time 124.92ms, mfu 3.03%
iter 1880: loss 1.3115, time 123.27ms, mfu 3.03%
iter 1890: loss 1.3186, time 109.92ms, mfu 3.06%
iter 1900: loss 1.2650, time 110.31ms, mfu 3.09%
iter 1910: loss 1.3042, time 124.40ms, mfu 3.09%
iter 1920: loss 1.3013, time 109.39ms, mfu 3.12%
iter 1930: loss 1.2899, time 138.33ms, mfu 3.07%
iter 1940: loss 1.2631, time 123.15ms, mfu 3.07%
iter 1950: loss 1.2820, time 109.11ms, mfu 3.10%
iter 1960: loss 1.2907, time 109.91ms, mfu 3.13%
iter 1970: loss 1.2792, time 125.80ms, mfu 3.12%
iter 1980: loss 1.2912, time 110.10ms, mfu 3.14%
iter 1990: loss 1.2816, time 109.97ms, mfu 3.17%
step 2000: train loss 1.1911, val loss 1.4874
iter 2000: loss 1.2794, time 12497.75ms, mfu 2.85%
iter 2010: loss 1.2695, time 123.71ms, mfu 2.87%
iter 2020: loss 1.2567, time 110.48ms, mfu 2.92%
iter 2030: loss 1.2954, time 124.38ms, mfu 2.93%
iter 2040: loss 1.2800, time 123.26ms, mfu 2.94%
iter 2050: loss 1.2349, time 111.52ms, mfu 2.98%
iter 2060: loss 1.2343, time 110.06ms, mfu 3.02%
iter 2070: loss 1.2535, time 122.38ms, mfu 3.02%
iter 2080: loss 1.2539, time 124.54ms, mfu 3.02%
iter 2090: loss 1.2744, time 124.19ms, mfu 3.02%
iter 2100: loss 1.2649, time 94.91ms, mfu 3.11%
iter 2110: loss 1.2490, time 123.93ms, mfu 3.10%
iter 2120: loss 1.2637, time 110.21ms, mfu 3.13%
iter 2130: loss 1.2759, time 124.99ms, mfu 3.11%
iter 2140: loss 1.2727, time 124.74ms, mfu 3.10%
iter 2150: loss 1.2581, time 110.72ms, mfu 3.13%
iter 2160: loss 1.2804, time 140.16ms, mfu 3.08%
iter 2170: loss 1.2720, time 110.63ms, mfu 3.11%
iter 2180: loss 1.2505, time 109.74ms, mfu 3.14%
iter 2190: loss 1.2418, time 124.13ms, mfu 3.12%
iter 2200: loss 1.2662, time 108.85ms, mfu 3.15%
iter 2210: loss 1.2385, time 108.89ms, mfu 3.18%
iter 2220: loss 1.2556, time 109.92ms, mfu 3.20%
iter 2230: loss 1.2524, time 110.96ms, mfu 3.22%
iter 2240: loss 1.2755, time 110.03ms, mfu 3.23%
step 2250: train loss 1.1490, val loss 1.4803
iter 2250: loss 1.2530, time 12667.43ms, mfu 2.91%
iter 2260: loss 1.2421, time 110.62ms, mfu 2.96%
iter 2270: loss 1.2801, time 108.89ms, mfu 3.01%
iter 2280: loss 1.2290, time 109.36ms, mfu 3.05%
iter 2290: loss 1.2772, time 110.63ms, mfu 3.08%
iter 2300: loss 1.2634, time 108.86ms, mfu 3.11%
iter 2310: loss 1.2286, time 122.87ms, mfu 3.10%
iter 2320: loss 1.2322, time 124.05ms, mfu 3.09%
iter 2330: loss 1.2317, time 109.89ms, mfu 3.12%
iter 2340: loss 1.2520, time 111.05ms, mfu 3.15%
iter 2350: loss 1.2429, time 110.85ms, mfu 3.17%
iter 2360: loss 1.2386, time 125.46ms, mfu 3.15%
iter 2370: loss 1.2274, time 109.39ms, mfu 3.17%
iter 2380: loss 1.2179, time 109.05ms, mfu 3.20%
iter 2390: loss 1.2111, time 123.27ms, mfu 3.18%
iter 2400: loss 1.2103, time 125.29ms, mfu 3.16%
iter 2410: loss 1.2038, time 124.92ms, mfu 3.14%
iter 2420: loss 1.2094, time 108.69ms, mfu 3.17%
iter 2430: loss 1.1939, time 110.60ms, mfu 3.19%
iter 2440: loss 1.1898, time 110.90ms, mfu 3.21%
iter 2450: loss 1.2097, time 107.57ms, mfu 3.23%
iter 2460: loss 1.2185, time 109.76ms, mfu 3.25%
iter 2470: loss 1.2242, time 109.85ms, mfu 3.26%
iter 2480: loss 1.2223, time 109.70ms, mfu 3.28%
iter 2490: loss 1.1866, time 138.69ms, mfu 3.22%
step 2500: train loss 1.1113, val loss 1.4670
iter 2500: loss 1.2173, time 12813.51ms, mfu 2.90%
iter 2510: loss 1.2088, time 109.71ms, mfu 2.95%
iter 2520: loss 1.1940, time 109.27ms, mfu 3.00%
iter 2530: loss 1.1903, time 123.45ms, mfu 3.00%
iter 2540: loss 1.1811, time 108.74ms, mfu 3.04%
iter 2550: loss 1.2031, time 125.93ms, mfu 3.03%
iter 2560: loss 1.1851, time 109.13ms, mfu 3.07%
iter 2570: loss 1.2162, time 124.35ms, mfu 3.06%
iter 2580: loss 1.2173, time 110.43ms, mfu 3.09%
iter 2590: loss 1.2105, time 110.38ms, mfu 3.12%
iter 2600: loss 1.1896, time 111.45ms, mfu 3.14%
iter 2610: loss 1.1863, time 139.22ms, mfu 3.10%
iter 2620: loss 1.1754, time 110.10ms, mfu 3.13%
iter 2630: loss 1.1591, time 138.65ms, mfu 3.08%
iter 2640: loss 1.1774, time 107.52ms, mfu 3.12%
iter 2650: loss 1.2140, time 109.67ms, mfu 3.15%
iter 2660: loss 1.1799, time 111.26ms, mfu 3.17%
iter 2670: loss 1.1662, time 124.17ms, mfu 3.15%
iter 2680: loss 1.1840, time 109.72ms, mfu 3.18%
iter 2690: loss 1.1812, time 124.54ms, mfu 3.16%
iter 2700: loss 1.1641, time 139.22ms, mfu 3.11%
iter 2710: loss 1.1875, time 110.43ms, mfu 3.14%
iter 2720: loss 1.1821, time 139.48ms, mfu 3.09%
iter 2730: loss 1.1983, time 138.63ms, mfu 3.05%
iter 2740: loss 1.1586, time 126.57ms, mfu 3.04%
step 2750: train loss 1.0727, val loss 1.4698
iter 2750: loss 1.1751, time 12741.58ms, mfu 2.74%
iter 2760: loss 1.1683, time 124.86ms, mfu 2.76%
iter 2770: loss 1.1622, time 125.41ms, mfu 2.78%
iter 2780: loss 1.1565, time 110.48ms, mfu 2.84%
iter 2790: loss 1.1754, time 110.35ms, mfu 2.90%
iter 2800: loss 1.1556, time 110.74ms, mfu 2.94%
iter 2810: loss 1.1753, time 110.46ms, mfu 2.99%
iter 2820: loss 1.1701, time 109.56ms, mfu 3.03%
iter 2830: loss 1.1719, time 124.34ms, mfu 3.02%
iter 2840: loss 1.1294, time 124.07ms, mfu 3.02%
iter 2850: loss 1.1742, time 109.53ms, mfu 3.06%
iter 2860: loss 1.1548, time 124.10ms, mfu 3.05%
iter 2870: loss 1.1517, time 110.01ms, mfu 3.09%
iter 2880: loss 1.1754, time 108.36ms, mfu 3.12%
iter 2890: loss 1.1462, time 110.85ms, mfu 3.15%
iter 2900: loss 1.1308, time 122.90ms, mfu 3.14%
iter 2910: loss 1.1838, time 123.60ms, mfu 3.12%
iter 2920: loss 1.1516, time 127.09ms, mfu 3.10%
iter 2930: loss 1.1314, time 124.03ms, mfu 3.09%
iter 2940: loss 1.1271, time 109.60ms, mfu 3.12%
iter 2950: loss 1.1621, time 123.66ms, mfu 3.11%
iter 2960: loss 1.1295, time 109.54ms, mfu 3.14%
iter 2970: loss 1.1235, time 124.39ms, mfu 3.13%
iter 2980: loss 1.1260, time 109.30ms, mfu 3.16%
iter 2990: loss 1.1269, time 123.42ms, mfu 3.14%
step 3000: train loss 1.0355, val loss 1.4608
iter 3000: loss 1.1187, time 12539.03ms, mfu 2.83%
iter 3010: loss 1.1338, time 109.36ms, mfu 2.89%
iter 3020: loss 1.1473, time 109.10ms, mfu 2.94%
iter 3030: loss 1.1384, time 93.50ms, mfu 3.05%
iter 3040: loss 1.1702, time 109.41ms, mfu 3.08%
iter 3050: loss 1.1212, time 110.08ms, mfu 3.11%
iter 3060: loss 1.1332, time 109.30ms, mfu 3.14%
iter 3070: loss 1.1534, time 110.51ms, mfu 3.16%
iter 3080: loss 1.1519, time 109.87ms, mfu 3.19%
iter 3090: loss 1.1193, time 122.99ms, mfu 3.17%
iter 3100: loss 1.1380, time 107.85ms, mfu 3.20%
iter 3110: loss 1.1071, time 125.32ms, mfu 3.18%
iter 3120: loss 1.1370, time 126.26ms, mfu 3.15%
iter 3130: loss 1.1212, time 109.43ms, mfu 3.18%
iter 3140: loss 1.1199, time 123.80ms, mfu 3.16%
iter 3150: loss 1.1422, time 108.73ms, mfu 3.19%
iter 3160: loss 1.1606, time 124.23ms, mfu 3.17%
iter 3170: loss 1.1002, time 125.07ms, mfu 3.15%
iter 3180: loss 1.1087, time 140.08ms, mfu 3.10%
iter 3190: loss 1.1222, time 125.24ms, mfu 3.09%
iter 3200: loss 1.1080, time 155.21ms, mfu 3.02%
iter 3210: loss 1.1005, time 122.97ms, mfu 3.02%
iter 3220: loss 1.0967, time 108.87ms, mfu 3.06%
iter 3230: loss 1.1035, time 95.52ms, mfu 3.15%
iter 3240: loss 1.0920, time 109.86ms, mfu 3.17%
step 3250: train loss 0.9981, val loss 1.4829
iter 3250: loss 1.1148, time 12223.90ms, mfu 2.86%
iter 3260: loss 1.1076, time 109.89ms, mfu 2.91%
iter 3270: loss 1.1208, time 94.29ms, mfu 3.01%
iter 3280: loss 1.0913, time 109.47ms, mfu 3.05%
iter 3290: loss 1.0865, time 124.10ms, mfu 3.05%
iter 3300: loss 1.0848, time 125.36ms, mfu 3.04%
iter 3310: loss 1.0990, time 124.35ms, mfu 3.04%
iter 3320: loss 1.1059, time 140.27ms, mfu 3.00%
iter 3330: loss 1.0961, time 123.69ms, mfu 3.00%
iter 3340: loss 1.1006, time 110.15ms, mfu 3.04%
iter 3350: loss 1.0991, time 110.16ms, mfu 3.07%
iter 3360: loss 1.0627, time 109.97ms, mfu 3.10%
iter 3370: loss 1.1014, time 140.24ms, mfu 3.06%
iter 3380: loss 1.0839, time 125.95ms, mfu 3.05%
iter 3390: loss 1.0942, time 111.25ms, mfu 3.08%
iter 3400: loss 1.0958, time 123.77ms, mfu 3.07%
iter 3410: loss 1.0878, time 123.43ms, mfu 3.07%
iter 3420: loss 1.1006, time 124.30ms, mfu 3.06%
iter 3430: loss 1.0900, time 95.80ms, mfu 3.14%
iter 3440: loss 1.1239, time 110.86ms, mfu 3.16%
iter 3450: loss 1.0904, time 109.08ms, mfu 3.19%
iter 3460: loss 1.0917, time 123.58ms, mfu 3.17%
iter 3470: loss 1.0833, time 124.03ms, mfu 3.16%
iter 3480: loss 1.0912, time 138.32ms, mfu 3.11%
iter 3490: loss 1.0607, time 122.37ms, mfu 3.10%
step 3500: train loss 0.9606, val loss 1.4937
iter 3500: loss 1.0517, time 12114.37ms, mfu 2.80%
iter 3510: loss 1.0504, time 125.29ms, mfu 2.81%
iter 3520: loss 1.0671, time 110.58ms, mfu 2.87%
iter 3530: loss 1.0932, time 107.85ms, mfu 2.93%
iter 3540: loss 1.0736, time 108.35ms, mfu 2.98%
iter 3550: loss 1.0624, time 138.81ms, mfu 2.95%
iter 3560: loss 1.1035, time 126.00ms, mfu 2.95%
iter 3570: loss 1.0844, time 124.19ms, mfu 2.96%
iter 3580: loss 1.0809, time 109.07ms, mfu 3.00%
iter 3590: loss 1.0803, time 94.64ms, mfu 3.09%
iter 3600: loss 1.0692, time 124.88ms, mfu 3.08%
iter 3610: loss 1.0636, time 125.37ms, mfu 3.07%
iter 3620: loss 1.0476, time 124.70ms, mfu 3.06%
iter 3630: loss 1.0596, time 124.22ms, mfu 3.06%
iter 3640: loss 1.0544, time 112.29ms, mfu 3.08%
iter 3650: loss 1.0510, time 109.40ms, mfu 3.12%
iter 3660: loss 1.0848, time 109.09ms, mfu 3.15%
iter 3670: loss 1.0763, time 110.46ms, mfu 3.17%
iter 3680: loss 1.0480, time 109.01ms, mfu 3.19%
iter 3690: loss 1.0785, time 124.12ms, mfu 3.17%
iter 3700: loss 1.0167, time 110.10ms, mfu 3.20%
iter 3710: loss 1.0220, time 138.66ms, mfu 3.14%
iter 3720: loss 1.0575, time 124.04ms, mfu 3.13%
iter 3730: loss 1.0400, time 109.60ms, mfu 3.16%
iter 3740: loss 1.0457, time 110.43ms, mfu 3.18%
step 3750: train loss 0.9246, val loss 1.5022
iter 3750: loss 1.0421, time 12001.41ms, mfu 2.86%
iter 3760: loss 1.0758, time 110.34ms, mfu 2.92%
iter 3770: loss 1.0740, time 125.09ms, mfu 2.92%
iter 3780: loss 1.0667, time 94.78ms, mfu 3.02%
iter 3790: loss 1.0307, time 139.87ms, mfu 2.99%
iter 3800: loss 1.0443, time 125.85ms, mfu 2.98%
iter 3810: loss 1.0641, time 125.12ms, mfu 2.98%
iter 3820: loss 1.0367, time 124.85ms, mfu 2.98%
iter 3830: loss 1.0408, time 125.16ms, mfu 2.98%
iter 3840: loss 1.0271, time 109.58ms, mfu 3.02%
iter 3850: loss 1.0158, time 109.29ms, mfu 3.06%
iter 3860: loss 1.0201, time 125.37ms, mfu 3.05%
iter 3870: loss 1.0297, time 109.89ms, mfu 3.09%
iter 3880: loss 1.0281, time 138.92ms, mfu 3.05%
iter 3890: loss 1.0267, time 108.38ms, mfu 3.09%
iter 3900: loss 1.0341, time 125.42ms, mfu 3.07%
iter 3910: loss 1.0374, time 124.15ms, mfu 3.07%
iter 3920: loss 1.0038, time 123.77ms, mfu 3.06%
iter 3930: loss 1.0380, time 109.08ms, mfu 3.10%
iter 3940: loss 1.0121, time 141.03ms, mfu 3.05%
iter 3950: loss 1.0255, time 110.45ms, mfu 3.08%
iter 3960: loss 1.0462, time 108.99ms, mfu 3.12%
iter 3970: loss 1.0316, time 94.47ms, mfu 3.20%
iter 3980: loss 1.0393, time 110.01ms, mfu 3.22%
iter 3990: loss 1.0182, time 109.42ms, mfu 3.24%
step 4000: train loss 0.8897, val loss 1.5201
iter 4000: loss 0.9985, time 12562.95ms, mfu 2.92%
iter 4010: loss 1.0178, time 140.23ms, mfu 2.89%
iter 4020: loss 1.0259, time 123.28ms, mfu 2.90%
iter 4030: loss 1.0144, time 125.31ms, mfu 2.91%
iter 4040: loss 1.0191, time 123.61ms, mfu 2.92%
iter 4050: loss 1.0121, time 109.70ms, mfu 2.97%
iter 4060: loss 1.0026, time 125.34ms, mfu 2.97%
iter 4070: loss 1.0109, time 110.48ms, mfu 3.01%
iter 4080: loss 1.0215, time 123.57ms, mfu 3.01%
iter 4090: loss 0.9734, time 125.20ms, mfu 3.01%
iter 4100: loss 1.0425, time 110.13ms, mfu 3.04%
iter 4110: loss 1.0100, time 94.97ms, mfu 3.13%
iter 4120: loss 1.0137, time 123.34ms, mfu 3.12%
iter 4130: loss 0.9948, time 123.87ms, mfu 3.11%
iter 4140: loss 1.0303, time 124.11ms, mfu 3.10%
iter 4150: loss 1.0058, time 108.85ms, mfu 3.13%
iter 4160: loss 0.9936, time 94.71ms, mfu 3.21%
iter 4170: loss 1.0037, time 124.90ms, mfu 3.19%
iter 4180: loss 1.0057, time 122.83ms, mfu 3.17%
iter 4190: loss 1.0118, time 108.69ms, mfu 3.20%
iter 4200: loss 0.9943, time 109.60ms, mfu 3.22%
iter 4210: loss 1.0167, time 94.73ms, mfu 3.29%
iter 4220: loss 0.9960, time 123.39ms, mfu 3.26%
iter 4230: loss 1.0155, time 108.72ms, mfu 3.28%
iter 4240: loss 1.0047, time 108.74ms, mfu 3.29%
step 4250: train loss 0.8571, val loss 1.5351
iter 4250: loss 0.9990, time 12684.47ms, mfu 2.97%
iter 4260: loss 0.9928, time 124.59ms, mfu 2.97%
iter 4270: loss 1.0071, time 123.69ms, mfu 2.97%
iter 4280: loss 0.9911, time 110.28ms, mfu 3.01%
iter 4290: loss 0.9585, time 108.77ms, mfu 3.06%
iter 4300: loss 0.9534, time 138.42ms, mfu 3.02%
iter 4310: loss 0.9932, time 123.39ms, mfu 3.02%
iter 4320: loss 0.9627, time 109.23ms, mfu 3.06%
iter 4330: loss 0.9981, time 124.45ms, mfu 3.05%
iter 4340: loss 0.9726, time 139.98ms, mfu 3.01%
iter 4350: loss 0.9774, time 140.31ms, mfu 2.98%
iter 4360: loss 0.9933, time 125.02ms, mfu 2.98%
iter 4370: loss 0.9910, time 124.08ms, mfu 2.98%
iter 4380: loss 0.9634, time 110.53ms, mfu 3.02%
iter 4390: loss 1.0020, time 124.25ms, mfu 3.02%
iter 4400: loss 0.9833, time 123.15ms, mfu 3.02%
iter 4410: loss 1.0044, time 109.31ms, mfu 3.06%
iter 4420: loss 0.9991, time 109.36ms, mfu 3.09%
iter 4430: loss 0.9748, time 108.75ms, mfu 3.13%
iter 4440: loss 0.9810, time 124.47ms, mfu 3.11%
iter 4450: loss 0.9756, time 110.20ms, mfu 3.14%
iter 4460: loss 0.9716, time 78.38ms, mfu 3.30%
iter 4470: loss 0.9915, time 77.27ms, mfu 3.45%
iter 4480: loss 0.9596, time 78.02ms, mfu 3.59%
iter 4490: loss 0.9697, time 77.71ms, mfu 3.71%
step 4500: train loss 0.8277, val loss 1.5603
iter 4500: loss 1.0013, time 12105.15ms, mfu 3.34%
iter 4510: loss 0.9797, time 107.96ms, mfu 3.35%
iter 4520: loss 0.9669, time 126.51ms, mfu 3.31%
iter 4530: loss 0.9806, time 123.77ms, mfu 3.28%
iter 4540: loss 0.9797, time 111.10ms, mfu 3.29%
iter 4550: loss 1.0290, time 110.32ms, mfu 3.30%
iter 4560: loss 0.9838, time 124.21ms, mfu 3.27%
iter 4570: loss 0.9776, time 126.08ms, mfu 3.24%
iter 4580: loss 0.9889, time 124.18ms, mfu 3.21%
iter 4590: loss 0.9896, time 124.38ms, mfu 3.19%
iter 4600: loss 0.9614, time 125.43ms, mfu 3.17%
iter 4610: loss 1.0071, time 110.45ms, mfu 3.19%
iter 4620: loss 0.9681, time 121.66ms, mfu 3.18%
iter 4630: loss 0.9422, time 124.14ms, mfu 3.16%
iter 4640: loss 0.9818, time 111.98ms, mfu 3.18%
iter 4650: loss 0.9928, time 108.72ms, mfu 3.20%
iter 4660: loss 0.9852, time 110.44ms, mfu 3.22%
iter 4670: loss 0.9656, time 126.57ms, mfu 3.19%
iter 4680: loss 0.9817, time 109.32ms, mfu 3.21%
iter 4690: loss 0.9686, time 122.61ms, mfu 3.20%
iter 4700: loss 0.9504, time 108.94ms, mfu 3.22%
iter 4710: loss 0.9252, time 110.46ms, mfu 3.23%
iter 4720: loss 0.9676, time 108.77ms, mfu 3.25%
iter 4730: loss 0.9545, time 107.98ms, mfu 3.27%
iter 4740: loss 0.9637, time 110.48ms, mfu 3.28%
step 4750: train loss 0.8088, val loss 1.5719
iter 4750: loss 0.9273, time 8232.97ms, mfu 2.96%
iter 4760: loss 0.9521, time 79.25ms, mfu 3.13%
iter 4770: loss 0.9327, time 77.88ms, mfu 3.30%
iter 4780: loss 0.9306, time 78.15ms, mfu 3.45%
iter 4790: loss 0.9694, time 78.26ms, mfu 3.58%
iter 4800: loss 0.9521, time 77.18ms, mfu 3.70%
iter 4810: loss 0.9684, time 92.28ms, mfu 3.74%
iter 4820: loss 0.9410, time 90.03ms, mfu 3.78%
iter 4830: loss 0.9570, time 92.42ms, mfu 3.80%
iter 4840: loss 0.9552, time 77.27ms, mfu 3.90%
iter 4850: loss 0.9544, time 78.23ms, mfu 3.99%
iter 4860: loss 0.9454, time 78.61ms, mfu 4.06%
iter 4870: loss 0.9310, time 77.09ms, mfu 4.14%
iter 4880: loss 0.9630, time 93.21ms, mfu 4.13%
iter 4890: loss 0.9386, time 91.62ms, mfu 4.12%
iter 4900: loss 0.9256, time 77.25ms, mfu 4.19%
iter 4910: loss 0.9569, time 91.83ms, mfu 4.18%
iter 4920: loss 0.9449, time 76.19ms, mfu 4.25%
iter 4930: loss 0.9431, time 78.29ms, mfu 4.30%
iter 4940: loss 0.9190, time 77.95ms, mfu 4.35%
iter 4950: loss 0.9639, time 78.19ms, mfu 4.39%
iter 4960: loss 0.9721, time 78.18ms, mfu 4.43%
iter 4970: loss 0.9134, time 78.12ms, mfu 4.46%
iter 4980: loss 0.9230, time 77.34ms, mfu 4.50%
iter 4990: loss 0.9607, time 77.66ms, mfu 4.53%
step 5000: train loss 0.7916, val loss 1.5884
iter 5000: loss 0.9515, time 8370.81ms, mfu 4.08%
