Overriding config with config/train_shakespeare_char.py:
# train a miniature character-level shakespeare model
# good for debugging and playing on macbooks and such

out_dir = 'out-shakespeare-char'
eval_interval = 250 # keep frequent because we'll overfit
eval_iters = 200
log_interval = 10 # don't print too too often

# we expect to overfit on this small dataset, so only save when val improves
always_save_checkpoint = False

wandb_log = False # override via command line if you like
wandb_project = 'shakespeare-char'
wandb_run_name = 'mini-gpt'

dataset = 'shakespeare_char'
gradient_accumulation_steps = 1
batch_size = 64
block_size = 256 # context of up to 256 previous characters

# baby GPT model :)
n_layer = 6
n_head = 6
n_embd = 384
dropout = 0.2

learning_rate = 1e-3 # with baby networks can afford to go a bit higher
max_iters = 5000
lr_decay_iters = 5000 # make equal to max_iters usually
min_lr = 1e-4 # learning_rate / 10 usually
beta2 = 0.99 # make a bit bigger because number of tokens per iter is small

warmup_iters = 100 # not super necessary potentially

# on macbook also add
# device = 'cpu'  # run on cpu only
# compile = False # do not torch compile the model

Overriding: compile = False
Overriding: out_dir = runs\baseline_lr3e-3
Overriding: learning_rate = 0.003
Overriding: min_lr = 0.00030000000000000003
Overriding: seed = 1337
Overriding: save_checkpoint = False
tokens per iteration will be: 16,384
found vocab_size = 65 (inside data\shakespeare_char\meta.pkl)
Initializing a new model from scratch
number of parameters: 10.65M
C:\Users\86271\hw1work\nanoGPT\train.py:204: FutureWarning: `torch.cuda.amp.GradScaler(args...)` is deprecated. Please use `torch.amp.GradScaler('cuda', args...)` instead.
  scaler = torch.cuda.amp.GradScaler(enabled=(dtype == 'float16'))
num decayed parameter tensors: 26, with 10,740,096 parameters
num non-decayed parameter tensors: 13, with 4,992 parameters
using fused AdamW: True
step 0: train loss 4.2874, val loss 4.2823
iter 0: loss 4.2670, time 12850.82ms, mfu -100.00%
iter 10: loss 2.9940, time 109.11ms, mfu 3.41%
iter 20: loss 2.6154, time 92.49ms, mfu 3.48%
iter 30: loss 2.5604, time 93.91ms, mfu 3.53%
iter 40: loss 2.5322, time 93.92ms, mfu 3.57%
iter 50: loss 2.5050, time 93.53ms, mfu 3.61%
iter 60: loss 2.5032, time 107.89ms, mfu 3.60%
iter 70: loss 2.4892, time 109.66ms, mfu 3.58%
iter 80: loss 2.4877, time 78.15ms, mfu 3.69%
iter 90: loss 2.4758, time 93.22ms, mfu 3.73%
iter 100: loss 2.4564, time 94.45ms, mfu 3.75%
iter 110: loss 2.4224, time 94.37ms, mfu 3.77%
iter 120: loss 2.4452, time 91.87ms, mfu 3.80%
iter 130: loss 2.3896, time 78.34ms, mfu 3.89%
iter 140: loss 2.3858, time 93.02ms, mfu 3.90%
iter 150: loss 2.3110, time 94.35ms, mfu 3.91%
iter 160: loss 2.2204, time 93.78ms, mfu 3.91%
iter 170: loss 2.1762, time 78.12ms, mfu 4.00%
iter 180: loss 2.1234, time 93.45ms, mfu 4.00%
iter 190: loss 2.0726, time 108.97ms, mfu 3.94%
iter 200: loss 2.0488, time 78.12ms, mfu 4.02%
iter 210: loss 1.9935, time 94.03ms, mfu 4.02%
iter 220: loss 1.9923, time 108.14ms, mfu 3.96%
iter 230: loss 1.9369, time 93.14ms, mfu 3.96%
iter 240: loss 1.9699, time 109.42ms, mfu 3.91%
step 250: train loss 1.8303, val loss 1.9674
iter 250: loss 1.9199, time 12299.92ms, mfu 3.52%
iter 260: loss 1.8699, time 95.29ms, mfu 3.56%
iter 270: loss 1.8830, time 108.52ms, mfu 3.55%
iter 280: loss 1.8882, time 78.07ms, mfu 3.67%
iter 290: loss 1.8325, time 95.01ms, mfu 3.69%
iter 300: loss 1.8242, time 108.62ms, mfu 3.67%
iter 310: loss 1.7929, time 94.28ms, mfu 3.70%
iter 320: loss 1.8047, time 93.02ms, mfu 3.73%
iter 330: loss 1.7701, time 109.04ms, mfu 3.70%
iter 340: loss 1.7536, time 108.62ms, mfu 3.67%
iter 350: loss 1.7909, time 109.48ms, mfu 3.64%
iter 360: loss 1.7408, time 93.74ms, mfu 3.68%
iter 370: loss 1.7212, time 93.17ms, mfu 3.71%
iter 380: loss 1.7147, time 93.19ms, mfu 3.74%
iter 390: loss 1.7338, time 108.42ms, mfu 3.71%
iter 400: loss 1.7732, time 93.66ms, mfu 3.73%
iter 410: loss 1.7026, time 78.57ms, mfu 3.84%
iter 420: loss 1.7235, time 93.10ms, mfu 3.85%
iter 430: loss 1.7083, time 93.87ms, mfu 3.86%
iter 440: loss 1.6774, time 93.73ms, mfu 3.88%
iter 450: loss 1.6833, time 95.24ms, mfu 3.88%
iter 460: loss 1.6444, time 93.56ms, mfu 3.89%
iter 470: loss 1.6985, time 93.69ms, mfu 3.90%
iter 480: loss 1.6751, time 108.04ms, mfu 3.85%
iter 490: loss 1.6541, time 92.98ms, mfu 3.87%
step 500: train loss 1.5664, val loss 1.7746
iter 500: loss 1.6537, time 12263.84ms, mfu 3.48%
iter 510: loss 1.6676, time 78.52ms, mfu 3.61%
iter 520: loss 1.6553, time 124.14ms, mfu 3.55%
iter 530: loss 1.6204, time 109.70ms, mfu 3.53%
iter 540: loss 1.6765, time 93.44ms, mfu 3.58%
iter 550: loss 1.6283, time 93.52ms, mfu 3.62%
iter 560: loss 1.6345, time 108.11ms, mfu 3.60%
iter 570: loss 1.6378, time 94.61ms, mfu 3.64%
iter 580: loss 1.6211, time 109.91ms, mfu 3.61%
iter 590: loss 1.5826, time 109.18ms, mfu 3.59%
iter 600: loss 1.5960, time 77.99ms, mfu 3.71%
iter 610: loss 1.6192, time 110.52ms, mfu 3.68%
iter 620: loss 1.6136, time 108.71ms, mfu 3.65%
iter 630: loss 1.5969, time 109.10ms, mfu 3.63%
iter 640: loss 1.5517, time 94.00ms, mfu 3.66%
iter 650: loss 1.5887, time 108.55ms, mfu 3.64%
iter 660: loss 1.5905, time 93.15ms, mfu 3.68%
iter 670: loss 1.5305, time 92.99ms, mfu 3.71%
iter 680: loss 1.5958, time 93.79ms, mfu 3.73%
iter 690: loss 1.5495, time 94.32ms, mfu 3.76%
iter 700: loss 1.5781, time 93.70ms, mfu 3.78%
iter 710: loss 1.5478, time 92.91ms, mfu 3.80%
iter 720: loss 1.5250, time 78.14ms, mfu 3.90%
iter 730: loss 1.5049, time 93.06ms, mfu 3.91%
iter 740: loss 1.5064, time 94.84ms, mfu 3.91%
step 750: train loss 1.4241, val loss 1.6434
iter 750: loss 1.5118, time 11813.01ms, mfu 3.52%
iter 760: loss 1.5276, time 109.03ms, mfu 3.51%
iter 770: loss 1.5151, time 94.04ms, mfu 3.56%
iter 780: loss 1.4998, time 94.50ms, mfu 3.60%
iter 790: loss 1.4985, time 93.28ms, mfu 3.64%
iter 800: loss 1.5162, time 108.74ms, mfu 3.61%
iter 810: loss 1.4885, time 109.06ms, mfu 3.60%
iter 820: loss 1.4906, time 107.81ms, mfu 3.58%
iter 830: loss 1.4656, time 94.00ms, mfu 3.62%
iter 840: loss 1.4912, time 93.80ms, mfu 3.65%
iter 850: loss 1.4771, time 94.35ms, mfu 3.68%
iter 860: loss 1.4682, time 78.33ms, mfu 3.79%
iter 870: loss 1.4690, time 93.35ms, mfu 3.81%
iter 880: loss 1.4597, time 110.10ms, mfu 3.77%
iter 890: loss 1.4659, time 93.51ms, mfu 3.79%
iter 900: loss 1.4523, time 123.65ms, mfu 3.71%
iter 910: loss 1.4015, time 78.55ms, mfu 3.82%
iter 920: loss 1.4440, time 77.73ms, mfu 3.91%
iter 930: loss 1.4357, time 109.37ms, mfu 3.86%
iter 940: loss 1.4217, time 108.70ms, mfu 3.82%
iter 950: loss 1.4285, time 93.14ms, mfu 3.84%
iter 960: loss 1.4392, time 94.47ms, mfu 3.85%
iter 970: loss 1.4369, time 109.02ms, mfu 3.81%
iter 980: loss 1.4282, time 108.81ms, mfu 3.77%
iter 990: loss 1.4129, time 109.17ms, mfu 3.73%
step 1000: train loss 1.3319, val loss 1.5584
iter 1000: loss 1.4089, time 11369.38ms, mfu 3.36%
iter 1010: loss 1.4087, time 94.02ms, mfu 3.42%
iter 1020: loss 1.3852, time 110.17ms, mfu 3.42%
iter 1030: loss 1.4091, time 95.24ms, mfu 3.47%
iter 1040: loss 1.4362, time 124.49ms, mfu 3.42%
iter 1050: loss 1.3546, time 93.99ms, mfu 3.47%
iter 1060: loss 1.4199, time 108.00ms, mfu 3.47%
iter 1070: loss 1.4060, time 93.42ms, mfu 3.52%
iter 1080: loss 1.4059, time 93.46ms, mfu 3.57%
iter 1090: loss 1.4093, time 108.72ms, mfu 3.56%
iter 1100: loss 1.3863, time 92.38ms, mfu 3.60%
iter 1110: loss 1.3676, time 108.68ms, mfu 3.59%
iter 1120: loss 1.3639, time 108.37ms, mfu 3.57%
iter 1130: loss 1.3618, time 93.60ms, mfu 3.61%
iter 1140: loss 1.3696, time 123.76ms, mfu 3.55%
iter 1150: loss 1.3796, time 108.99ms, mfu 3.54%
iter 1160: loss 1.3956, time 108.20ms, mfu 3.53%
iter 1170: loss 1.3589, time 78.83ms, mfu 3.65%
iter 1180: loss 1.3841, time 92.95ms, mfu 3.69%
iter 1190: loss 1.3401, time 109.37ms, mfu 3.66%
iter 1200: loss 1.3479, time 93.83ms, mfu 3.69%
iter 1210: loss 1.3321, time 107.10ms, mfu 3.67%
iter 1220: loss 1.3666, time 108.66ms, mfu 3.64%
iter 1230: loss 1.3722, time 107.39ms, mfu 3.63%
iter 1240: loss 1.3609, time 108.86ms, mfu 3.61%
step 1250: train loss 1.2551, val loss 1.5151
iter 1250: loss 1.3390, time 11546.32ms, mfu 3.25%
iter 1260: loss 1.3413, time 108.35ms, mfu 3.27%
iter 1270: loss 1.3253, time 93.76ms, mfu 3.34%
iter 1280: loss 1.3243, time 92.99ms, mfu 3.41%
iter 1290: loss 1.3464, time 109.02ms, mfu 3.41%
iter 1300: loss 1.3694, time 94.17ms, mfu 3.46%
iter 1310: loss 1.3026, time 95.31ms, mfu 3.51%
iter 1320: loss 1.3686, time 93.14ms, mfu 3.56%
iter 1330: loss 1.3248, time 107.25ms, mfu 3.55%
iter 1340: loss 1.3620, time 92.53ms, mfu 3.60%
iter 1350: loss 1.3184, time 108.61ms, mfu 3.58%
iter 1360: loss 1.3358, time 110.05ms, mfu 3.56%
iter 1370: loss 1.3064, time 109.27ms, mfu 3.54%
iter 1380: loss 1.3271, time 94.07ms, mfu 3.59%
iter 1390: loss 1.3165, time 108.07ms, mfu 3.57%
iter 1400: loss 1.3131, time 95.26ms, mfu 3.61%
iter 1410: loss 1.3044, time 108.65ms, mfu 3.59%
iter 1420: loss 1.3281, time 92.53ms, mfu 3.63%
iter 1430: loss 1.3028, time 93.15ms, mfu 3.67%
iter 1440: loss 1.3126, time 93.72ms, mfu 3.70%
iter 1450: loss 1.2851, time 78.74ms, mfu 3.80%
iter 1460: loss 1.2984, time 92.94ms, mfu 3.82%
iter 1470: loss 1.2810, time 93.63ms, mfu 3.84%
iter 1480: loss 1.2740, time 109.07ms, mfu 3.80%
iter 1490: loss 1.3022, time 108.32ms, mfu 3.76%
step 1500: train loss 1.2037, val loss 1.4776
iter 1500: loss 1.2473, time 11893.91ms, mfu 3.39%
iter 1510: loss 1.3050, time 92.89ms, mfu 3.45%
iter 1520: loss 1.2884, time 94.41ms, mfu 3.50%
iter 1530: loss 1.3112, time 78.43ms, mfu 3.63%
iter 1540: loss 1.2519, time 93.28ms, mfu 3.66%
iter 1550: loss 1.2895, time 77.48ms, mfu 3.78%
iter 1560: loss 1.2629, time 93.41ms, mfu 3.80%
iter 1570: loss 1.2853, time 92.87ms, mfu 3.82%
iter 1580: loss 1.2656, time 108.89ms, mfu 3.78%
iter 1590: loss 1.2471, time 93.99ms, mfu 3.80%
iter 1600: loss 1.2533, time 108.57ms, mfu 3.76%
iter 1610: loss 1.2928, time 93.80ms, mfu 3.78%
iter 1620: loss 1.2416, time 108.60ms, mfu 3.75%
iter 1630: loss 1.2616, time 79.61ms, mfu 3.84%
iter 1640: loss 1.2518, time 93.71ms, mfu 3.85%
iter 1650: loss 1.2352, time 108.54ms, mfu 3.81%
iter 1660: loss 1.2748, time 109.43ms, mfu 3.77%
iter 1670: loss 1.2518, time 108.84ms, mfu 3.74%
iter 1680: loss 1.2537, time 92.98ms, mfu 3.76%
iter 1690: loss 1.2569, time 109.19ms, mfu 3.73%
iter 1700: loss 1.2423, time 108.76ms, mfu 3.70%
iter 1710: loss 1.2372, time 93.97ms, mfu 3.73%
iter 1720: loss 1.2399, time 109.19ms, mfu 3.69%
iter 1730: loss 1.2576, time 93.57ms, mfu 3.72%
iter 1740: loss 1.2167, time 107.22ms, mfu 3.70%
step 1750: train loss 1.1527, val loss 1.4625
iter 1750: loss 1.2459, time 12403.90ms, mfu 3.33%
iter 1760: loss 1.2497, time 94.36ms, mfu 3.39%
iter 1770: loss 1.2474, time 93.93ms, mfu 3.45%
iter 1780: loss 1.2505, time 109.31ms, mfu 3.45%
iter 1790: loss 1.2522, time 93.13ms, mfu 3.50%
iter 1800: loss 1.2404, time 93.86ms, mfu 3.55%
iter 1810: loss 1.2150, time 108.70ms, mfu 3.54%
iter 1820: loss 1.2181, time 93.46ms, mfu 3.58%
iter 1830: loss 1.2222, time 93.58ms, mfu 3.62%
iter 1840: loss 1.2117, time 94.94ms, mfu 3.65%
iter 1850: loss 1.2195, time 94.12ms, mfu 3.68%
iter 1860: loss 1.2267, time 94.32ms, mfu 3.71%
iter 1870: loss 1.1934, time 79.06ms, mfu 3.81%
iter 1880: loss 1.2271, time 78.30ms, mfu 3.90%
iter 1890: loss 1.2365, time 93.23ms, mfu 3.91%
iter 1900: loss 1.1906, time 109.81ms, mfu 3.86%
iter 1910: loss 1.2210, time 109.21ms, mfu 3.82%
iter 1920: loss 1.2219, time 93.71ms, mfu 3.83%
iter 1930: loss 1.2027, time 95.13ms, mfu 3.84%
iter 1940: loss 1.1769, time 94.04ms, mfu 3.85%
iter 1950: loss 1.1893, time 109.08ms, mfu 3.81%
iter 1960: loss 1.2012, time 122.45ms, mfu 3.73%
iter 1970: loss 1.2028, time 108.44ms, mfu 3.70%
iter 1980: loss 1.2104, time 109.14ms, mfu 3.67%
iter 1990: loss 1.2135, time 93.25ms, mfu 3.71%
step 2000: train loss 1.1104, val loss 1.4748
iter 2000: loss 1.1893, time 12364.57ms, mfu 3.34%
iter 2010: loss 1.1790, time 108.86ms, mfu 3.35%
iter 2020: loss 1.1765, time 94.54ms, mfu 3.41%
iter 2030: loss 1.2099, time 109.24ms, mfu 3.41%
iter 2040: loss 1.1929, time 93.12ms, mfu 3.47%
iter 2050: loss 1.1652, time 108.53ms, mfu 3.46%
iter 2060: loss 1.1524, time 108.70ms, mfu 3.46%
iter 2070: loss 1.1784, time 108.48ms, mfu 3.46%
iter 2080: loss 1.1751, time 94.32ms, mfu 3.51%
iter 2090: loss 1.1797, time 93.08ms, mfu 3.56%
iter 2100: loss 1.1847, time 78.30ms, mfu 3.68%
iter 2110: loss 1.1744, time 92.92ms, mfu 3.71%
iter 2120: loss 1.1804, time 93.18ms, mfu 3.74%
iter 2130: loss 1.1885, time 93.34ms, mfu 3.76%
iter 2140: loss 1.1941, time 93.17ms, mfu 3.79%
iter 2150: loss 1.1682, time 93.81ms, mfu 3.81%
iter 2160: loss 1.1977, time 93.47ms, mfu 3.82%
iter 2170: loss 1.1916, time 93.24ms, mfu 3.84%
iter 2180: loss 1.1635, time 78.66ms, mfu 3.93%
iter 2190: loss 1.1568, time 92.42ms, mfu 3.94%
iter 2200: loss 1.1850, time 93.65ms, mfu 3.94%
iter 2210: loss 1.1609, time 107.74ms, mfu 3.90%
iter 2220: loss 1.1742, time 93.27ms, mfu 3.91%
iter 2230: loss 1.1661, time 108.43ms, mfu 3.86%
iter 2240: loss 1.1840, time 93.53ms, mfu 3.87%
step 2250: train loss 1.0677, val loss 1.4681
iter 2250: loss 1.1576, time 12495.50ms, mfu 3.49%
iter 2260: loss 1.1539, time 94.66ms, mfu 3.53%
iter 2270: loss 1.1946, time 78.27ms, mfu 3.66%
iter 2280: loss 1.1501, time 94.08ms, mfu 3.69%
iter 2290: loss 1.1968, time 107.75ms, mfu 3.66%
iter 2300: loss 1.1708, time 94.14ms, mfu 3.69%
iter 2310: loss 1.1485, time 107.95ms, mfu 3.67%
iter 2320: loss 1.1439, time 93.06ms, mfu 3.70%
iter 2330: loss 1.1513, time 108.41ms, mfu 3.68%
iter 2340: loss 1.1691, time 93.96ms, mfu 3.70%
iter 2350: loss 1.1541, time 92.53ms, mfu 3.74%
iter 2360: loss 1.1660, time 108.62ms, mfu 3.71%
iter 2370: loss 1.1325, time 93.96ms, mfu 3.73%
iter 2380: loss 1.1324, time 92.29ms, mfu 3.76%
iter 2390: loss 1.1288, time 93.89ms, mfu 3.78%
iter 2400: loss 1.1277, time 93.96ms, mfu 3.80%
iter 2410: loss 1.1257, time 93.29ms, mfu 3.82%
iter 2420: loss 1.1333, time 79.00ms, mfu 3.91%
iter 2430: loss 1.1136, time 78.73ms, mfu 3.99%
iter 2440: loss 1.1116, time 93.73ms, mfu 3.99%
iter 2450: loss 1.1262, time 93.89ms, mfu 3.99%
iter 2460: loss 1.1396, time 93.01ms, mfu 3.99%
iter 2470: loss 1.1422, time 79.32ms, mfu 4.06%
iter 2480: loss 1.1352, time 92.74ms, mfu 4.06%
iter 2490: loss 1.1024, time 78.37ms, mfu 4.13%
step 2500: train loss 1.0233, val loss 1.4609
iter 2500: loss 1.1364, time 12284.86ms, mfu 3.72%
iter 2510: loss 1.1200, time 108.50ms, mfu 3.69%
iter 2520: loss 1.1001, time 108.49ms, mfu 3.66%
iter 2530: loss 1.1071, time 94.19ms, mfu 3.69%
iter 2540: loss 1.1027, time 93.85ms, mfu 3.72%
iter 2550: loss 1.1258, time 94.27ms, mfu 3.74%
iter 2560: loss 1.1165, time 109.15ms, mfu 3.71%
iter 2570: loss 1.1329, time 107.88ms, mfu 3.68%
iter 2580: loss 1.1279, time 93.63ms, mfu 3.71%
iter 2590: loss 1.1146, time 108.18ms, mfu 3.69%
iter 2600: loss 1.1162, time 109.57ms, mfu 3.66%
iter 2610: loss 1.1016, time 109.00ms, mfu 3.63%
iter 2620: loss 1.0899, time 93.09ms, mfu 3.67%
iter 2630: loss 1.0754, time 107.84ms, mfu 3.65%
iter 2640: loss 1.0971, time 94.10ms, mfu 3.68%
iter 2650: loss 1.1234, time 107.94ms, mfu 3.66%
iter 2660: loss 1.1011, time 94.10ms, mfu 3.69%
iter 2670: loss 1.0713, time 108.60ms, mfu 3.66%
iter 2680: loss 1.0965, time 92.58ms, mfu 3.70%
iter 2690: loss 1.1040, time 93.68ms, mfu 3.73%
iter 2700: loss 1.0775, time 78.57ms, mfu 3.83%
iter 2710: loss 1.0992, time 93.32ms, mfu 3.84%
iter 2720: loss 1.1008, time 94.24ms, mfu 3.86%
iter 2730: loss 1.1156, time 93.50ms, mfu 3.87%
iter 2740: loss 1.0734, time 94.07ms, mfu 3.88%
step 2750: train loss 0.9815, val loss 1.4846
iter 2750: loss 1.0898, time 11794.14ms, mfu 3.49%
iter 2760: loss 1.0844, time 93.84ms, mfu 3.54%
iter 2770: loss 1.0811, time 109.23ms, mfu 3.53%
iter 2780: loss 1.0789, time 108.31ms, mfu 3.52%
iter 2790: loss 1.0816, time 93.69ms, mfu 3.57%
iter 2800: loss 1.0659, time 109.47ms, mfu 3.55%
iter 2810: loss 1.0991, time 108.51ms, mfu 3.54%
iter 2820: loss 1.0756, time 108.53ms, mfu 3.53%
iter 2830: loss 1.0805, time 94.37ms, mfu 3.57%
iter 2840: loss 1.0452, time 93.78ms, mfu 3.61%
iter 2850: loss 1.0903, time 109.12ms, mfu 3.59%
iter 2860: loss 1.0813, time 109.96ms, mfu 3.57%
iter 2870: loss 1.0678, time 92.51ms, mfu 3.62%
iter 2880: loss 1.0875, time 109.12ms, mfu 3.60%
iter 2890: loss 1.0602, time 109.24ms, mfu 3.58%
iter 2900: loss 1.0466, time 110.39ms, mfu 3.56%
iter 2910: loss 1.0992, time 109.18ms, mfu 3.54%
iter 2920: loss 1.0595, time 94.77ms, mfu 3.58%
iter 2930: loss 1.0470, time 107.92ms, mfu 3.57%
iter 2940: loss 1.0450, time 92.54ms, mfu 3.61%
iter 2950: loss 1.0790, time 109.14ms, mfu 3.59%
iter 2960: loss 1.0482, time 93.37ms, mfu 3.63%
iter 2970: loss 1.0357, time 93.73ms, mfu 3.67%
iter 2980: loss 1.0521, time 93.59ms, mfu 3.70%
iter 2990: loss 1.0366, time 93.23ms, mfu 3.73%
step 3000: train loss 0.9361, val loss 1.4849
iter 3000: loss 1.0351, time 11338.92ms, mfu 3.36%
iter 3010: loss 1.0431, time 108.57ms, mfu 3.37%
iter 3020: loss 1.0567, time 93.29ms, mfu 3.43%
iter 3030: loss 1.0538, time 108.03ms, mfu 3.43%
iter 3040: loss 1.0715, time 108.78ms, mfu 3.43%
iter 3050: loss 1.0311, time 93.58ms, mfu 3.49%
iter 3060: loss 1.0426, time 109.09ms, mfu 3.48%
iter 3070: loss 1.0729, time 108.83ms, mfu 3.47%
iter 3080: loss 1.0479, time 92.58ms, mfu 3.53%
iter 3090: loss 1.0326, time 93.16ms, mfu 3.58%
iter 3100: loss 1.0488, time 95.09ms, mfu 3.61%
iter 3110: loss 1.0171, time 94.42ms, mfu 3.64%
iter 3120: loss 1.0475, time 108.87ms, mfu 3.62%
iter 3130: loss 1.0304, time 93.98ms, mfu 3.66%
iter 3140: loss 1.0299, time 94.61ms, mfu 3.68%
iter 3150: loss 1.0509, time 93.10ms, mfu 3.72%
iter 3160: loss 1.0698, time 109.10ms, mfu 3.69%
iter 3170: loss 1.0091, time 110.04ms, mfu 3.66%
iter 3180: loss 1.0280, time 108.72ms, mfu 3.63%
iter 3190: loss 1.0410, time 108.64ms, mfu 3.61%
iter 3200: loss 1.0194, time 94.44ms, mfu 3.65%
iter 3210: loss 1.0152, time 94.60ms, mfu 3.68%
iter 3220: loss 1.0163, time 78.37ms, mfu 3.78%
iter 3230: loss 1.0028, time 109.34ms, mfu 3.75%
iter 3240: loss 1.0060, time 93.51ms, mfu 3.77%
step 3250: train loss 0.8928, val loss 1.5117
iter 3250: loss 1.0170, time 11449.16ms, mfu 3.40%
iter 3260: loss 1.0201, time 94.11ms, mfu 3.45%
iter 3270: loss 1.0298, time 78.37ms, mfu 3.58%
iter 3280: loss 1.0009, time 93.67ms, mfu 3.62%
iter 3290: loss 0.9941, time 108.72ms, mfu 3.60%
iter 3300: loss 0.9953, time 77.66ms, mfu 3.72%
iter 3310: loss 1.0024, time 94.48ms, mfu 3.74%
iter 3320: loss 1.0144, time 108.49ms, mfu 3.71%
iter 3330: loss 1.0074, time 94.70ms, mfu 3.74%
iter 3340: loss 1.0087, time 94.73ms, mfu 3.76%
iter 3350: loss 1.0112, time 93.57ms, mfu 3.78%
iter 3360: loss 0.9684, time 93.24ms, mfu 3.80%
iter 3370: loss 1.0048, time 109.01ms, mfu 3.76%
iter 3380: loss 0.9993, time 94.37ms, mfu 3.78%
iter 3390: loss 1.0057, time 108.38ms, mfu 3.75%
iter 3400: loss 0.9961, time 94.98ms, mfu 3.76%
iter 3410: loss 0.9993, time 109.44ms, mfu 3.73%
iter 3420: loss 1.0136, time 94.41ms, mfu 3.75%
iter 3430: loss 0.9809, time 93.41ms, mfu 3.77%
iter 3440: loss 1.0258, time 109.32ms, mfu 3.74%
iter 3450: loss 1.0069, time 93.45ms, mfu 3.76%
iter 3460: loss 0.9948, time 93.54ms, mfu 3.78%
iter 3470: loss 0.9964, time 109.66ms, mfu 3.75%
iter 3480: loss 0.9977, time 108.21ms, mfu 3.72%
iter 3490: loss 0.9640, time 108.00ms, mfu 3.69%
step 3500: train loss 0.8480, val loss 1.5304
iter 3500: loss 0.9657, time 11841.47ms, mfu 3.32%
iter 3510: loss 0.9659, time 92.56ms, mfu 3.39%
iter 3520: loss 0.9808, time 93.60ms, mfu 3.45%
iter 3530: loss 1.0065, time 93.16ms, mfu 3.51%
iter 3540: loss 0.9749, time 79.29ms, mfu 3.63%
iter 3550: loss 0.9741, time 94.41ms, mfu 3.66%
iter 3560: loss 1.0121, time 93.59ms, mfu 3.69%
iter 3570: loss 0.9861, time 93.24ms, mfu 3.72%
iter 3580: loss 0.9820, time 78.02ms, mfu 3.83%
iter 3590: loss 0.9800, time 93.72ms, mfu 3.84%
iter 3600: loss 0.9710, time 94.04ms, mfu 3.85%
iter 3610: loss 0.9634, time 108.39ms, mfu 3.81%
iter 3620: loss 0.9527, time 93.20ms, mfu 3.83%
iter 3630: loss 0.9649, time 109.50ms, mfu 3.79%
iter 3640: loss 0.9535, time 94.68ms, mfu 3.80%
iter 3650: loss 0.9596, time 108.51ms, mfu 3.77%
iter 3660: loss 0.9864, time 92.22ms, mfu 3.79%
iter 3670: loss 0.9934, time 108.54ms, mfu 3.76%
iter 3680: loss 0.9560, time 110.08ms, mfu 3.72%
iter 3690: loss 0.9864, time 108.36ms, mfu 3.69%
iter 3700: loss 0.9194, time 107.94ms, mfu 3.67%
iter 3710: loss 0.9323, time 93.88ms, mfu 3.70%
iter 3720: loss 0.9546, time 94.76ms, mfu 3.72%
iter 3730: loss 0.9390, time 93.85ms, mfu 3.75%
iter 3740: loss 0.9439, time 94.36ms, mfu 3.77%
step 3750: train loss 0.8068, val loss 1.5524
iter 3750: loss 0.9559, time 12375.72ms, mfu 3.39%
iter 3760: loss 0.9882, time 93.62ms, mfu 3.45%
iter 3770: loss 0.9808, time 92.88ms, mfu 3.51%
iter 3780: loss 0.9756, time 93.05ms, mfu 3.56%
iter 3790: loss 0.9426, time 78.73ms, mfu 3.67%
iter 3800: loss 0.9585, time 92.99ms, mfu 3.71%
iter 3810: loss 0.9667, time 77.89ms, mfu 3.82%
iter 3820: loss 0.9324, time 79.00ms, mfu 3.91%
iter 3830: loss 0.9437, time 93.36ms, mfu 3.91%
iter 3840: loss 0.9334, time 77.83ms, mfu 4.00%
iter 3850: loss 0.9315, time 93.09ms, mfu 4.00%
iter 3860: loss 0.9122, time 77.64ms, mfu 4.08%
iter 3870: loss 0.9425, time 93.65ms, mfu 4.07%
iter 3880: loss 0.9363, time 92.78ms, mfu 4.07%
iter 3890: loss 0.9351, time 79.98ms, mfu 4.13%
iter 3900: loss 0.9382, time 109.31ms, mfu 4.05%
iter 3910: loss 0.9371, time 93.21ms, mfu 4.05%
iter 3920: loss 0.9126, time 93.42ms, mfu 4.04%
iter 3930: loss 0.9404, time 110.00ms, mfu 3.98%
iter 3940: loss 0.9210, time 107.52ms, mfu 3.93%
iter 3950: loss 0.9308, time 108.24ms, mfu 3.88%
iter 3960: loss 0.9513, time 109.39ms, mfu 3.83%
iter 3970: loss 0.9468, time 94.16ms, mfu 3.84%
iter 3980: loss 0.9421, time 108.29ms, mfu 3.80%
iter 3990: loss 0.9233, time 94.33ms, mfu 3.82%
step 4000: train loss 0.7681, val loss 1.5832
iter 4000: loss 0.8910, time 12360.68ms, mfu 3.44%
iter 4010: loss 0.9178, time 93.56ms, mfu 3.49%
iter 4020: loss 0.9385, time 94.30ms, mfu 3.54%
iter 4030: loss 0.9173, time 94.43ms, mfu 3.58%
iter 4040: loss 0.9173, time 109.04ms, mfu 3.56%
iter 4050: loss 0.9022, time 124.01ms, mfu 3.51%
iter 4060: loss 0.9056, time 92.10ms, mfu 3.56%
iter 4070: loss 0.9004, time 93.25ms, mfu 3.60%
iter 4080: loss 0.9281, time 78.81ms, mfu 3.72%
iter 4090: loss 0.8810, time 93.77ms, mfu 3.74%
iter 4100: loss 0.9514, time 93.09ms, mfu 3.77%
iter 4110: loss 0.9177, time 93.35ms, mfu 3.79%
iter 4120: loss 0.9192, time 92.37ms, mfu 3.82%
iter 4130: loss 0.8913, time 92.82ms, mfu 3.84%
iter 4140: loss 0.9197, time 93.25ms, mfu 3.85%
iter 4150: loss 0.9108, time 79.19ms, mfu 3.94%
iter 4160: loss 0.8992, time 93.88ms, mfu 3.94%
iter 4170: loss 0.9089, time 93.37ms, mfu 3.95%
iter 4180: loss 0.9108, time 78.91ms, mfu 4.02%
iter 4190: loss 0.9099, time 93.27ms, mfu 4.02%
iter 4200: loss 0.8956, time 109.19ms, mfu 3.96%
iter 4210: loss 0.9076, time 108.62ms, mfu 3.91%
iter 4220: loss 0.9097, time 94.33ms, mfu 3.91%
iter 4230: loss 0.9223, time 108.64ms, mfu 3.86%
iter 4240: loss 0.9039, time 94.00ms, mfu 3.87%
step 4250: train loss 0.7355, val loss 1.6035
iter 4250: loss 0.9033, time 12331.37ms, mfu 3.49%
iter 4260: loss 0.9026, time 108.64ms, mfu 3.48%
iter 4270: loss 0.9032, time 109.66ms, mfu 3.47%
iter 4280: loss 0.8916, time 93.42ms, mfu 3.53%
iter 4290: loss 0.8663, time 93.94ms, mfu 3.57%
iter 4300: loss 0.8606, time 108.63ms, mfu 3.56%
iter 4310: loss 0.8835, time 108.52ms, mfu 3.54%
iter 4320: loss 0.8818, time 93.74ms, mfu 3.59%
iter 4330: loss 0.9076, time 94.21ms, mfu 3.62%
iter 4340: loss 0.8751, time 108.86ms, mfu 3.60%
iter 4350: loss 0.8731, time 93.55ms, mfu 3.64%
iter 4360: loss 0.9041, time 93.51ms, mfu 3.68%
iter 4370: loss 0.8848, time 107.18ms, mfu 3.66%
iter 4380: loss 0.8723, time 93.01ms, mfu 3.69%
iter 4390: loss 0.9043, time 94.14ms, mfu 3.72%
iter 4400: loss 0.8872, time 95.20ms, mfu 3.74%
iter 4410: loss 0.8971, time 108.41ms, mfu 3.71%
iter 4420: loss 0.9014, time 93.27ms, mfu 3.74%
iter 4430: loss 0.8761, time 93.69ms, mfu 3.76%
iter 4440: loss 0.8865, time 94.18ms, mfu 3.78%
iter 4450: loss 0.8847, time 79.27ms, mfu 3.87%
iter 4460: loss 0.8720, time 93.39ms, mfu 3.88%
iter 4470: loss 0.8978, time 77.56ms, mfu 3.98%
iter 4480: loss 0.8617, time 94.72ms, mfu 3.97%
iter 4490: loss 0.8720, time 78.67ms, mfu 4.05%
step 4500: train loss 0.7034, val loss 1.6352
iter 4500: loss 0.9019, time 12283.49ms, mfu 3.65%
iter 4510: loss 0.8839, time 93.70ms, mfu 3.68%
iter 4520: loss 0.8680, time 108.95ms, mfu 3.65%
iter 4530: loss 0.8847, time 93.74ms, mfu 3.69%
iter 4540: loss 0.8882, time 124.99ms, mfu 3.62%
iter 4550: loss 0.9252, time 92.28ms, mfu 3.66%
iter 4560: loss 0.8812, time 106.83ms, mfu 3.64%
iter 4570: loss 0.8774, time 94.18ms, mfu 3.67%
iter 4580: loss 0.8965, time 108.37ms, mfu 3.65%
iter 4590: loss 0.8849, time 94.93ms, mfu 3.68%
iter 4600: loss 0.8626, time 94.96ms, mfu 3.70%
iter 4610: loss 0.9174, time 109.42ms, mfu 3.67%
iter 4620: loss 0.8710, time 107.97ms, mfu 3.65%
iter 4630: loss 0.8665, time 108.44ms, mfu 3.63%
iter 4640: loss 0.8813, time 94.56ms, mfu 3.66%
iter 4650: loss 0.8995, time 109.30ms, mfu 3.63%
iter 4660: loss 0.8898, time 107.69ms, mfu 3.62%
iter 4670: loss 0.8720, time 92.58ms, mfu 3.66%
iter 4680: loss 0.8854, time 108.19ms, mfu 3.64%
iter 4690: loss 0.8738, time 94.31ms, mfu 3.67%
iter 4700: loss 0.8542, time 78.85ms, mfu 3.77%
iter 4710: loss 0.8312, time 93.67ms, mfu 3.79%
iter 4720: loss 0.8715, time 92.86ms, mfu 3.82%
iter 4730: loss 0.8538, time 78.43ms, mfu 3.91%
iter 4740: loss 0.8614, time 93.35ms, mfu 3.92%
step 4750: train loss 0.6846, val loss 1.6486
iter 4750: loss 0.8368, time 11840.77ms, mfu 3.53%
iter 4760: loss 0.8573, time 95.19ms, mfu 3.57%
iter 4770: loss 0.8337, time 93.21ms, mfu 3.61%
iter 4780: loss 0.8295, time 92.69ms, mfu 3.65%
iter 4790: loss 0.8751, time 110.37ms, mfu 3.62%
iter 4800: loss 0.8491, time 109.32ms, mfu 3.60%
iter 4810: loss 0.8736, time 94.22ms, mfu 3.64%
iter 4820: loss 0.8508, time 94.70ms, mfu 3.67%
iter 4830: loss 0.8522, time 92.78ms, mfu 3.70%
iter 4840: loss 0.8572, time 108.89ms, mfu 3.67%
iter 4850: loss 0.8529, time 94.81ms, mfu 3.70%
iter 4860: loss 0.8406, time 108.65ms, mfu 3.67%
iter 4870: loss 0.8387, time 108.44ms, mfu 3.65%
iter 4880: loss 0.8582, time 108.92ms, mfu 3.63%
iter 4890: loss 0.8437, time 108.10ms, mfu 3.61%
iter 4900: loss 0.8381, time 109.28ms, mfu 3.59%
iter 4910: loss 0.8519, time 123.25ms, mfu 3.53%
iter 4920: loss 0.8517, time 93.33ms, mfu 3.58%
iter 4930: loss 0.8291, time 108.27ms, mfu 3.56%
iter 4940: loss 0.8313, time 94.31ms, mfu 3.60%
iter 4950: loss 0.8612, time 94.37ms, mfu 3.64%
iter 4960: loss 0.8644, time 93.35ms, mfu 3.67%
iter 4970: loss 0.8169, time 78.71ms, mfu 3.78%
iter 4980: loss 0.8258, time 93.92ms, mfu 3.80%
iter 4990: loss 0.8584, time 108.30ms, mfu 3.76%
step 5000: train loss 0.6656, val loss 1.6710
iter 5000: loss 0.8551, time 11443.22ms, mfu 3.39%
