Overriding config with config/train_shakespeare_char.py:
# train a miniature character-level shakespeare model
# good for debugging and playing on macbooks and such

out_dir = 'out-shakespeare-char'
eval_interval = 250 # keep frequent because we'll overfit
eval_iters = 200
log_interval = 10 # don't print too too often

# we expect to overfit on this small dataset, so only save when val improves
always_save_checkpoint = False

wandb_log = False # override via command line if you like
wandb_project = 'shakespeare-char'
wandb_run_name = 'mini-gpt'

dataset = 'shakespeare_char'
gradient_accumulation_steps = 1
batch_size = 64
block_size = 256 # context of up to 256 previous characters

# baby GPT model :)
n_layer = 6
n_head = 6
n_embd = 384
dropout = 0.2

learning_rate = 1e-3 # with baby networks can afford to go a bit higher
max_iters = 5000
lr_decay_iters = 5000 # make equal to max_iters usually
min_lr = 1e-4 # learning_rate / 10 usually
beta2 = 0.99 # make a bit bigger because number of tokens per iter is small

warmup_iters = 100 # not super necessary potentially

# on macbook also add
# device = 'cpu'  # run on cpu only
# compile = False # do not torch compile the model

Overriding: compile = False
Overriding: out_dir = runs\rope_lr1e-3_s1339
Overriding: learning_rate = 0.001
Overriding: min_lr = 0.0001
Overriding: seed = 1339
Overriding: save_checkpoint = False
Overriding: pos_type = rope
tokens per iteration will be: 16,384
found vocab_size = 65 (inside data\shakespeare_char\meta.pkl)
Initializing a new model from scratch
number of parameters: 10.65M
C:\Users\86271\hw1work\nanoGPT\train.py:204: FutureWarning: `torch.cuda.amp.GradScaler(args...)` is deprecated. Please use `torch.amp.GradScaler('cuda', args...)` instead.
  scaler = torch.cuda.amp.GradScaler(enabled=(dtype == 'float16'))
num decayed parameter tensors: 25, with 10,641,792 parameters
num non-decayed parameter tensors: 13, with 4,992 parameters
using fused AdamW: True
step 0: train loss 4.2166, val loss 4.2247
iter 0: loss 4.2231, time 14534.76ms, mfu -100.00%
iter 10: loss 3.0026, time 122.39ms, mfu 3.04%
iter 20: loss 2.6645, time 108.33ms, mfu 3.08%
iter 30: loss 2.5779, time 110.52ms, mfu 3.11%
iter 40: loss 2.5279, time 108.12ms, mfu 3.15%
iter 50: loss 2.4277, time 109.80ms, mfu 3.17%
iter 60: loss 2.3416, time 94.03ms, mfu 3.25%
iter 70: loss 2.2889, time 94.66ms, mfu 3.32%
iter 80: loss 2.2134, time 109.94ms, mfu 3.33%
iter 90: loss 2.1515, time 123.24ms, mfu 3.30%
iter 100: loss 2.0989, time 123.80ms, mfu 3.27%
iter 110: loss 2.0468, time 124.40ms, mfu 3.24%
iter 120: loss 2.0101, time 109.53ms, mfu 3.26%
iter 130: loss 1.9656, time 94.59ms, mfu 3.32%
iter 140: loss 1.9215, time 107.99ms, mfu 3.34%
iter 150: loss 1.8929, time 95.43ms, mfu 3.39%
iter 160: loss 1.8901, time 123.30ms, mfu 3.36%
iter 170: loss 1.8295, time 109.59ms, mfu 3.36%
iter 180: loss 1.7913, time 109.78ms, mfu 3.36%
iter 190: loss 1.7830, time 94.91ms, mfu 3.42%
iter 200: loss 1.7485, time 122.44ms, mfu 3.38%
iter 210: loss 1.7276, time 109.00ms, mfu 3.39%
iter 220: loss 1.7391, time 93.93ms, mfu 3.44%
iter 230: loss 1.7033, time 93.07ms, mfu 3.50%
iter 240: loss 1.6975, time 109.34ms, mfu 3.49%
step 250: train loss 1.5853, val loss 1.7725
iter 250: loss 1.6819, time 12215.97ms, mfu 3.15%
iter 260: loss 1.6869, time 108.29ms, mfu 3.17%
iter 270: loss 1.5996, time 124.04ms, mfu 3.16%
iter 280: loss 1.6187, time 94.28ms, mfu 3.24%
iter 290: loss 1.5973, time 110.02ms, mfu 3.25%
iter 300: loss 1.6085, time 123.40ms, mfu 3.23%
iter 310: loss 1.5985, time 94.45ms, mfu 3.30%
iter 320: loss 1.5680, time 124.25ms, mfu 3.27%
iter 330: loss 1.5589, time 108.52ms, mfu 3.29%
iter 340: loss 1.5487, time 108.79ms, mfu 3.30%
iter 350: loss 1.5477, time 139.82ms, mfu 3.24%
iter 360: loss 1.5246, time 123.22ms, mfu 3.22%
iter 370: loss 1.5686, time 123.67ms, mfu 3.20%
iter 380: loss 1.5254, time 123.41ms, mfu 3.18%
iter 390: loss 1.5079, time 108.91ms, mfu 3.20%
iter 400: loss 1.5000, time 108.25ms, mfu 3.23%
iter 410: loss 1.4973, time 109.19ms, mfu 3.24%
iter 420: loss 1.5050, time 93.57ms, mfu 3.32%
iter 430: loss 1.4752, time 109.05ms, mfu 3.33%
iter 440: loss 1.4722, time 109.47ms, mfu 3.34%
iter 450: loss 1.4625, time 108.71ms, mfu 3.35%
iter 460: loss 1.4661, time 94.23ms, mfu 3.41%
iter 470: loss 1.4459, time 109.51ms, mfu 3.41%
iter 480: loss 1.4292, time 93.47ms, mfu 3.46%
iter 490: loss 1.4270, time 95.12ms, mfu 3.51%
step 500: train loss 1.3590, val loss 1.5707
iter 500: loss 1.4287, time 13943.75ms, mfu 3.16%
iter 510: loss 1.4328, time 93.74ms, mfu 3.24%
iter 520: loss 1.4266, time 108.86ms, mfu 3.26%
iter 530: loss 1.4165, time 125.09ms, mfu 3.23%
iter 540: loss 1.3819, time 109.36ms, mfu 3.25%
iter 550: loss 1.3900, time 124.45ms, mfu 3.22%
iter 560: loss 1.4323, time 124.52ms, mfu 3.20%
iter 570: loss 1.3758, time 109.59ms, mfu 3.22%
iter 580: loss 1.3867, time 94.52ms, mfu 3.29%
iter 590: loss 1.3601, time 109.06ms, mfu 3.31%
iter 600: loss 1.3888, time 108.48ms, mfu 3.32%
iter 610: loss 1.3964, time 108.84ms, mfu 3.33%
iter 620: loss 1.3725, time 109.23ms, mfu 3.34%
iter 630: loss 1.3730, time 107.39ms, mfu 3.35%
iter 640: loss 1.3664, time 93.03ms, mfu 3.42%
iter 650: loss 1.3551, time 109.17ms, mfu 3.42%
iter 660: loss 1.3611, time 107.77ms, mfu 3.42%
iter 670: loss 1.3442, time 79.06ms, mfu 3.55%
iter 680: loss 1.3615, time 94.18ms, mfu 3.59%
iter 690: loss 1.3511, time 93.41ms, mfu 3.63%
iter 700: loss 1.3348, time 92.35ms, mfu 3.67%
iter 710: loss 1.3325, time 95.11ms, mfu 3.70%
iter 720: loss 1.3625, time 93.33ms, mfu 3.72%
iter 730: loss 1.3144, time 124.53ms, mfu 3.65%
iter 740: loss 1.3329, time 93.78ms, mfu 3.68%
step 750: train loss 1.2564, val loss 1.5249
iter 750: loss 1.3514, time 14356.88ms, mfu 3.32%
iter 760: loss 1.2840, time 108.64ms, mfu 3.33%
iter 770: loss 1.3240, time 93.01ms, mfu 3.40%
iter 780: loss 1.3140, time 123.94ms, mfu 3.36%
iter 790: loss 1.3450, time 109.01ms, mfu 3.36%
iter 800: loss 1.2899, time 108.94ms, mfu 3.37%
iter 810: loss 1.3114, time 108.25ms, mfu 3.38%
iter 820: loss 1.2962, time 110.76ms, mfu 3.38%
iter 830: loss 1.2872, time 139.68ms, mfu 3.30%
iter 840: loss 1.3010, time 108.96ms, mfu 3.32%
iter 850: loss 1.2994, time 94.74ms, mfu 3.38%
iter 860: loss 1.3190, time 109.37ms, mfu 3.38%
iter 870: loss 1.2922, time 109.78ms, mfu 3.38%
iter 880: loss 1.3138, time 124.46ms, mfu 3.34%
iter 890: loss 1.2577, time 108.58ms, mfu 3.35%
iter 900: loss 1.3059, time 108.21ms, mfu 3.36%
iter 910: loss 1.3159, time 110.24ms, mfu 3.36%
iter 920: loss 1.2659, time 94.56ms, mfu 3.42%
iter 930: loss 1.2475, time 108.25ms, mfu 3.42%
iter 940: loss 1.2784, time 109.01ms, mfu 3.42%
iter 950: loss 1.2505, time 109.13ms, mfu 3.42%
iter 960: loss 1.2639, time 109.26ms, mfu 3.42%
iter 970: loss 1.2568, time 124.61ms, mfu 3.38%
iter 980: loss 1.2760, time 94.99ms, mfu 3.43%
iter 990: loss 1.2723, time 108.92ms, mfu 3.43%
step 1000: train loss 1.1867, val loss 1.4891
iter 1000: loss 1.2582, time 14265.12ms, mfu 3.09%
iter 1010: loss 1.2352, time 108.07ms, mfu 3.13%
iter 1020: loss 1.2364, time 108.36ms, mfu 3.16%
iter 1030: loss 1.2553, time 108.29ms, mfu 3.19%
iter 1040: loss 1.2415, time 125.48ms, mfu 3.16%
iter 1050: loss 1.2695, time 107.58ms, mfu 3.19%
iter 1060: loss 1.2551, time 107.62ms, mfu 3.22%
iter 1070: loss 1.2470, time 94.06ms, mfu 3.30%
iter 1080: loss 1.2587, time 109.29ms, mfu 3.31%
iter 1090: loss 1.2419, time 124.91ms, mfu 3.27%
iter 1100: loss 1.2094, time 108.96ms, mfu 3.29%
iter 1110: loss 1.2395, time 123.81ms, mfu 3.26%
iter 1120: loss 1.2187, time 109.62ms, mfu 3.27%
iter 1130: loss 1.2377, time 108.43ms, mfu 3.29%
iter 1140: loss 1.2122, time 123.79ms, mfu 3.26%
iter 1150: loss 1.2622, time 108.71ms, mfu 3.28%
iter 1160: loss 1.2642, time 94.14ms, mfu 3.35%
iter 1170: loss 1.2037, time 93.25ms, mfu 3.41%
iter 1180: loss 1.2111, time 108.42ms, mfu 3.41%
iter 1190: loss 1.2211, time 93.87ms, mfu 3.47%
iter 1200: loss 1.2000, time 95.04ms, mfu 3.52%
iter 1210: loss 1.2056, time 124.07ms, mfu 3.46%
iter 1220: loss 1.2326, time 109.26ms, mfu 3.46%
iter 1230: loss 1.2125, time 92.72ms, mfu 3.51%
iter 1240: loss 1.2065, time 108.44ms, mfu 3.51%
step 1250: train loss 1.1358, val loss 1.4911
iter 1250: loss 1.2143, time 14107.09ms, mfu 3.16%
iter 1260: loss 1.2411, time 123.36ms, mfu 3.14%
iter 1270: loss 1.2142, time 95.17ms, mfu 3.22%
iter 1280: loss 1.1974, time 108.53ms, mfu 3.24%
iter 1290: loss 1.1995, time 93.91ms, mfu 3.32%
iter 1300: loss 1.1934, time 109.50ms, mfu 3.32%
iter 1310: loss 1.2085, time 107.73ms, mfu 3.34%
iter 1320: loss 1.1863, time 94.86ms, mfu 3.40%
iter 1330: loss 1.1879, time 108.40ms, mfu 3.40%
iter 1340: loss 1.1936, time 110.82ms, mfu 3.40%
iter 1350: loss 1.1633, time 107.76ms, mfu 3.40%
iter 1360: loss 1.1831, time 124.13ms, mfu 3.36%
iter 1370: loss 1.1803, time 109.66ms, mfu 3.37%
iter 1380: loss 1.1501, time 93.46ms, mfu 3.43%
iter 1390: loss 1.1718, time 93.47ms, mfu 3.48%
iter 1400: loss 1.1676, time 109.79ms, mfu 3.48%
iter 1410: loss 1.1661, time 108.72ms, mfu 3.47%
iter 1420: loss 1.1882, time 94.01ms, mfu 3.52%
iter 1430: loss 1.1437, time 92.79ms, mfu 3.57%
iter 1440: loss 1.1648, time 80.54ms, mfu 3.68%
iter 1450: loss 1.1780, time 93.23ms, mfu 3.71%
iter 1460: loss 1.1737, time 108.00ms, mfu 3.68%
iter 1470: loss 1.1770, time 107.73ms, mfu 3.66%
iter 1480: loss 1.2034, time 110.34ms, mfu 3.63%
iter 1490: loss 1.1783, time 93.56ms, mfu 3.67%
step 1500: train loss 1.0861, val loss 1.4787
iter 1500: loss 1.2013, time 14405.41ms, mfu 3.30%
iter 1510: loss 1.1624, time 123.79ms, mfu 3.27%
iter 1520: loss 1.1605, time 94.49ms, mfu 3.34%
iter 1530: loss 1.1769, time 109.53ms, mfu 3.35%
iter 1540: loss 1.1464, time 109.07ms, mfu 3.35%
iter 1550: loss 1.1680, time 94.83ms, mfu 3.41%
iter 1560: loss 1.1260, time 94.72ms, mfu 3.46%
iter 1570: loss 1.1661, time 94.26ms, mfu 3.51%
iter 1580: loss 1.1420, time 109.04ms, mfu 3.50%
iter 1590: loss 1.1276, time 78.74ms, mfu 3.63%
iter 1600: loss 1.1447, time 122.61ms, mfu 3.57%
iter 1610: loss 1.1212, time 94.01ms, mfu 3.61%
iter 1620: loss 1.1628, time 94.13ms, mfu 3.64%
iter 1630: loss 1.1245, time 122.95ms, mfu 3.58%
iter 1640: loss 1.1499, time 123.68ms, mfu 3.52%
iter 1650: loss 1.1417, time 108.92ms, mfu 3.51%
iter 1660: loss 1.1420, time 110.04ms, mfu 3.50%
iter 1670: loss 1.1609, time 94.53ms, mfu 3.55%
iter 1680: loss 1.1013, time 93.85ms, mfu 3.59%
iter 1690: loss 1.1155, time 93.16ms, mfu 3.63%
iter 1700: loss 1.1168, time 109.29ms, mfu 3.61%
iter 1710: loss 1.1115, time 93.53ms, mfu 3.64%
iter 1720: loss 1.1215, time 109.03ms, mfu 3.62%
iter 1730: loss 1.1272, time 93.48ms, mfu 3.66%
iter 1740: loss 1.1065, time 107.81ms, mfu 3.64%
step 1750: train loss 1.0345, val loss 1.4734
iter 1750: loss 1.0927, time 12722.80ms, mfu 3.28%
iter 1760: loss 1.0897, time 108.98ms, mfu 3.29%
iter 1770: loss 1.1272, time 94.47ms, mfu 3.36%
iter 1780: loss 1.1359, time 108.70ms, mfu 3.36%
iter 1790: loss 1.1061, time 124.67ms, mfu 3.33%
iter 1800: loss 1.1075, time 77.59ms, mfu 3.47%
iter 1810: loss 1.0926, time 124.07ms, mfu 3.43%
iter 1820: loss 1.1157, time 109.74ms, mfu 3.42%
iter 1830: loss 1.0997, time 108.64ms, mfu 3.42%
iter 1840: loss 1.0979, time 109.29ms, mfu 3.42%
iter 1850: loss 1.1237, time 123.20ms, mfu 3.38%
iter 1860: loss 1.1226, time 109.04ms, mfu 3.39%
iter 1870: loss 1.1249, time 108.13ms, mfu 3.39%
iter 1880: loss 1.1091, time 108.77ms, mfu 3.40%
iter 1890: loss 1.1095, time 139.72ms, mfu 3.32%
iter 1900: loss 1.1078, time 140.40ms, mfu 3.26%
iter 1910: loss 1.1103, time 109.02ms, mfu 3.27%
iter 1920: loss 1.1332, time 93.22ms, mfu 3.34%
iter 1930: loss 1.0996, time 123.48ms, mfu 3.31%
iter 1940: loss 1.0802, time 125.89ms, mfu 3.28%
iter 1950: loss 1.0860, time 94.05ms, mfu 3.35%
iter 1960: loss 1.0807, time 108.68ms, mfu 3.35%
iter 1970: loss 1.0738, time 109.20ms, mfu 3.36%
iter 1980: loss 1.1024, time 109.59ms, mfu 3.36%
iter 1990: loss 1.0860, time 107.91ms, mfu 3.37%
step 2000: train loss 0.9870, val loss 1.4898
iter 2000: loss 1.0684, time 14513.46ms, mfu 3.04%
iter 2010: loss 1.1068, time 108.73ms, mfu 3.08%
iter 2020: loss 1.0876, time 109.80ms, mfu 3.11%
iter 2030: loss 1.0816, time 124.87ms, mfu 3.10%
iter 2040: loss 1.0672, time 109.00ms, mfu 3.13%
iter 2050: loss 1.0992, time 124.78ms, mfu 3.11%
iter 2060: loss 1.0726, time 108.55ms, mfu 3.15%
iter 2070: loss 1.0686, time 124.21ms, mfu 3.13%
iter 2080: loss 1.0839, time 124.20ms, mfu 3.12%
iter 2090: loss 1.0688, time 109.11ms, mfu 3.15%
iter 2100: loss 1.0542, time 108.70ms, mfu 3.18%
iter 2110: loss 1.0626, time 123.67ms, mfu 3.16%
iter 2120: loss 1.0821, time 124.79ms, mfu 3.14%
iter 2130: loss 1.0448, time 108.16ms, mfu 3.17%
iter 2140: loss 1.0693, time 109.50ms, mfu 3.20%
iter 2150: loss 1.0553, time 108.51ms, mfu 3.22%
iter 2160: loss 1.0686, time 109.37ms, mfu 3.24%
iter 2170: loss 1.0592, time 94.21ms, mfu 3.31%
iter 2180: loss 1.0592, time 93.60ms, mfu 3.38%
iter 2190: loss 1.0459, time 93.85ms, mfu 3.44%
iter 2200: loss 1.0423, time 108.56ms, mfu 3.44%
iter 2210: loss 1.0609, time 108.27ms, mfu 3.44%
iter 2220: loss 1.0315, time 93.86ms, mfu 3.49%
iter 2230: loss 1.0575, time 108.94ms, mfu 3.48%
iter 2240: loss 1.0410, time 108.98ms, mfu 3.48%
step 2250: train loss 0.9376, val loss 1.5048
iter 2250: loss 1.0852, time 15771.03ms, mfu 3.13%
iter 2260: loss 1.0271, time 139.79ms, mfu 3.08%
iter 2270: loss 1.0422, time 109.05ms, mfu 3.12%
iter 2280: loss 1.0355, time 108.39ms, mfu 3.15%
iter 2290: loss 1.0496, time 123.22ms, mfu 3.14%
iter 2300: loss 1.0713, time 108.30ms, mfu 3.17%
iter 2310: loss 1.0211, time 108.72ms, mfu 3.19%
iter 2320: loss 1.0145, time 95.19ms, mfu 3.27%
iter 2330: loss 1.0523, time 108.33ms, mfu 3.28%
iter 2340: loss 1.0360, time 109.94ms, mfu 3.29%
iter 2350: loss 1.0341, time 94.14ms, mfu 3.36%
iter 2360: loss 1.0297, time 122.01ms, mfu 3.33%
iter 2370: loss 1.0450, time 109.17ms, mfu 3.34%
iter 2380: loss 1.0519, time 92.98ms, mfu 3.40%
iter 2390: loss 1.0406, time 124.63ms, mfu 3.36%
iter 2400: loss 0.9940, time 154.12ms, mfu 3.27%
iter 2410: loss 1.0213, time 126.69ms, mfu 3.24%
iter 2420: loss 1.0124, time 124.59ms, mfu 3.21%
iter 2430: loss 0.9877, time 108.26ms, mfu 3.23%
iter 2440: loss 1.0231, time 93.77ms, mfu 3.31%
iter 2450: loss 1.0073, time 125.49ms, mfu 3.27%
iter 2460: loss 1.0350, time 110.55ms, mfu 3.28%
iter 2470: loss 1.0022, time 109.71ms, mfu 3.30%
iter 2480: loss 1.0037, time 122.90ms, mfu 3.27%
iter 2490: loss 1.0009, time 108.58ms, mfu 3.29%
step 2500: train loss 0.8894, val loss 1.5197
iter 2500: loss 1.0184, time 14456.39ms, mfu 2.96%
iter 2510: loss 0.9983, time 109.31ms, mfu 3.00%
iter 2520: loss 0.9668, time 124.13ms, mfu 3.00%
iter 2530: loss 0.9945, time 124.58ms, mfu 3.00%
iter 2540: loss 1.0120, time 109.78ms, mfu 3.04%
iter 2550: loss 0.9962, time 123.74ms, mfu 3.04%
iter 2560: loss 0.9968, time 108.48ms, mfu 3.08%
iter 2570: loss 1.0070, time 125.24ms, mfu 3.07%
iter 2580: loss 1.0136, time 140.20ms, mfu 3.03%
iter 2590: loss 1.0092, time 110.04ms, mfu 3.06%
iter 2600: loss 1.0160, time 125.59ms, mfu 3.05%
iter 2610: loss 1.0139, time 124.24ms, mfu 3.05%
iter 2620: loss 0.9788, time 110.01ms, mfu 3.08%
iter 2630: loss 0.9763, time 140.30ms, mfu 3.04%
iter 2640: loss 0.9957, time 93.63ms, mfu 3.13%
iter 2650: loss 0.9757, time 108.67ms, mfu 3.16%
iter 2660: loss 0.9947, time 93.92ms, mfu 3.24%
iter 2670: loss 1.0205, time 108.60ms, mfu 3.26%
iter 2680: loss 0.9451, time 95.01ms, mfu 3.33%
iter 2690: loss 0.9763, time 108.85ms, mfu 3.34%
iter 2700: loss 1.0121, time 109.99ms, mfu 3.34%
iter 2710: loss 1.0033, time 108.34ms, mfu 3.35%
iter 2720: loss 0.9600, time 94.02ms, mfu 3.41%
iter 2730: loss 0.9905, time 122.93ms, mfu 3.38%
iter 2740: loss 0.9665, time 109.33ms, mfu 3.38%
step 2750: train loss 0.8409, val loss 1.5490
iter 2750: loss 0.9757, time 14569.38ms, mfu 3.04%
iter 2760: loss 0.9765, time 109.32ms, mfu 3.08%
iter 2770: loss 0.9631, time 109.03ms, mfu 3.11%
iter 2780: loss 1.0046, time 109.09ms, mfu 3.14%
iter 2790: loss 0.9646, time 139.15ms, mfu 3.10%
iter 2800: loss 0.9665, time 123.92ms, mfu 3.09%
iter 2810: loss 0.9583, time 94.24ms, mfu 3.17%
iter 2820: loss 0.9705, time 123.34ms, mfu 3.16%
iter 2830: loss 0.9384, time 109.75ms, mfu 3.18%
iter 2840: loss 0.9578, time 93.00ms, mfu 3.27%
iter 2850: loss 0.9774, time 108.98ms, mfu 3.28%
iter 2860: loss 0.9546, time 123.14ms, mfu 3.26%
iter 2870: loss 0.9273, time 123.71ms, mfu 3.23%
iter 2880: loss 0.9785, time 107.73ms, mfu 3.25%
iter 2890: loss 0.9444, time 108.32ms, mfu 3.27%
iter 2900: loss 0.9429, time 93.33ms, mfu 3.34%
iter 2910: loss 0.9579, time 93.69ms, mfu 3.41%
iter 2920: loss 0.9641, time 94.53ms, mfu 3.46%
iter 2930: loss 0.9460, time 109.16ms, mfu 3.46%
iter 2940: loss 0.9458, time 108.01ms, mfu 3.46%
iter 2950: loss 0.9537, time 93.10ms, mfu 3.51%
iter 2960: loss 0.9378, time 94.34ms, mfu 3.55%
iter 2970: loss 0.9520, time 124.74ms, mfu 3.50%
iter 2980: loss 0.9557, time 124.29ms, mfu 3.45%
iter 2990: loss 0.9457, time 109.21ms, mfu 3.44%
step 3000: train loss 0.7916, val loss 1.5698
iter 3000: loss 0.9128, time 15398.04ms, mfu 3.10%
iter 3010: loss 0.9487, time 109.71ms, mfu 3.13%
iter 3020: loss 0.9278, time 124.75ms, mfu 3.12%
iter 3030: loss 0.9530, time 108.72ms, mfu 3.15%
iter 3040: loss 0.9092, time 94.29ms, mfu 3.23%
iter 3050: loss 0.9328, time 92.99ms, mfu 3.31%
iter 3060: loss 0.9541, time 124.46ms, mfu 3.28%
iter 3070: loss 0.9198, time 94.19ms, mfu 3.34%
iter 3080: loss 0.9269, time 108.35ms, mfu 3.35%
iter 3090: loss 0.9468, time 109.14ms, mfu 3.36%
iter 3100: loss 0.9298, time 93.11ms, mfu 3.42%
iter 3110: loss 0.9425, time 108.42ms, mfu 3.42%
iter 3120: loss 0.9573, time 122.84ms, mfu 3.39%
iter 3130: loss 0.9202, time 124.89ms, mfu 3.35%
iter 3140: loss 0.9180, time 109.66ms, mfu 3.35%
iter 3150: loss 0.8955, time 108.85ms, mfu 3.36%
iter 3160: loss 0.9228, time 109.77ms, mfu 3.36%
iter 3170: loss 0.9142, time 92.69ms, mfu 3.43%
iter 3180: loss 0.9001, time 123.34ms, mfu 3.39%
iter 3190: loss 0.9156, time 94.44ms, mfu 3.44%
iter 3200: loss 0.9169, time 124.29ms, mfu 3.40%
iter 3210: loss 0.9344, time 109.46ms, mfu 3.40%
iter 3220: loss 0.9052, time 108.92ms, mfu 3.40%
iter 3230: loss 0.9224, time 125.79ms, mfu 3.36%
iter 3240: loss 0.9199, time 156.55ms, mfu 3.26%
step 3250: train loss 0.7477, val loss 1.5924
iter 3250: loss 0.8969, time 14447.71ms, mfu 2.94%
iter 3260: loss 0.9278, time 109.67ms, mfu 2.98%
iter 3270: loss 0.8850, time 107.93ms, mfu 3.03%
iter 3280: loss 0.8959, time 109.93ms, mfu 3.07%
iter 3290: loss 0.9082, time 109.17ms, mfu 3.10%
iter 3300: loss 0.9174, time 124.39ms, mfu 3.09%
iter 3310: loss 0.9085, time 107.84ms, mfu 3.13%
iter 3320: loss 0.8849, time 124.79ms, mfu 3.11%
iter 3330: loss 0.9013, time 124.68ms, mfu 3.10%
iter 3340: loss 0.8959, time 109.75ms, mfu 3.13%
iter 3350: loss 0.8858, time 109.25ms, mfu 3.16%
iter 3360: loss 0.9082, time 108.20ms, mfu 3.19%
iter 3370: loss 0.9177, time 139.92ms, mfu 3.13%
iter 3380: loss 0.8890, time 110.01ms, mfu 3.16%
iter 3390: loss 0.9018, time 124.17ms, mfu 3.14%
iter 3400: loss 0.8776, time 94.04ms, mfu 3.23%
iter 3410: loss 0.8851, time 108.24ms, mfu 3.25%
iter 3420: loss 0.8854, time 123.41ms, mfu 3.22%
iter 3430: loss 0.8813, time 109.58ms, mfu 3.24%
iter 3440: loss 0.8720, time 93.51ms, mfu 3.32%
iter 3450: loss 0.8827, time 124.54ms, mfu 3.28%
iter 3460: loss 0.8961, time 94.28ms, mfu 3.35%
iter 3470: loss 0.8859, time 123.92ms, mfu 3.32%
iter 3480: loss 0.8902, time 94.29ms, mfu 3.38%
iter 3490: loss 0.8614, time 93.32ms, mfu 3.44%
step 3500: train loss 0.7010, val loss 1.6328
iter 3500: loss 0.8369, time 14471.72ms, mfu 3.10%
iter 3510: loss 0.8828, time 125.25ms, mfu 3.09%
iter 3520: loss 0.8682, time 123.90ms, mfu 3.08%
iter 3530: loss 0.8833, time 108.73ms, mfu 3.11%
iter 3540: loss 0.8790, time 110.26ms, mfu 3.14%
iter 3550: loss 0.9085, time 124.33ms, mfu 3.13%
iter 3560: loss 0.8773, time 108.49ms, mfu 3.16%
iter 3570: loss 0.8776, time 124.52ms, mfu 3.14%
iter 3580: loss 0.8739, time 123.86ms, mfu 3.13%
iter 3590: loss 0.8869, time 107.98ms, mfu 3.16%
iter 3600: loss 0.8668, time 93.93ms, mfu 3.24%
iter 3610: loss 0.8427, time 124.67ms, mfu 3.22%
iter 3620: loss 0.8589, time 109.43ms, mfu 3.23%
iter 3630: loss 0.8805, time 108.59ms, mfu 3.25%
iter 3640: loss 0.8854, time 93.45ms, mfu 3.33%
iter 3650: loss 0.8712, time 94.10ms, mfu 3.39%
iter 3660: loss 0.8544, time 94.96ms, mfu 3.44%
iter 3670: loss 0.8676, time 107.93ms, mfu 3.44%
iter 3680: loss 0.8518, time 110.58ms, mfu 3.44%
iter 3690: loss 0.8770, time 93.53ms, mfu 3.49%
iter 3700: loss 0.8742, time 107.46ms, mfu 3.49%
iter 3710: loss 0.8430, time 94.07ms, mfu 3.54%
iter 3720: loss 0.8722, time 108.12ms, mfu 3.53%
iter 3730: loss 0.8438, time 107.75ms, mfu 3.52%
iter 3740: loss 0.8450, time 108.55ms, mfu 3.51%
step 3750: train loss 0.6676, val loss 1.6405
iter 3750: loss 0.8512, time 15235.35ms, mfu 3.16%
iter 3760: loss 0.8600, time 93.27ms, mfu 3.25%
iter 3770: loss 0.8350, time 109.41ms, mfu 3.26%
iter 3780: loss 0.8660, time 94.59ms, mfu 3.33%
iter 3790: loss 0.8551, time 109.07ms, mfu 3.34%
iter 3800: loss 0.8449, time 109.17ms, mfu 3.35%
iter 3810: loss 0.8556, time 94.56ms, mfu 3.41%
iter 3820: loss 0.8624, time 92.67ms, mfu 3.47%
iter 3830: loss 0.8343, time 108.95ms, mfu 3.46%
iter 3840: loss 0.8515, time 109.02ms, mfu 3.46%
iter 3850: loss 0.8552, time 123.65ms, mfu 3.41%
iter 3860: loss 0.8573, time 108.23ms, mfu 3.42%
iter 3870: loss 0.8365, time 93.24ms, mfu 3.47%
iter 3880: loss 0.8535, time 123.63ms, mfu 3.43%
iter 3890: loss 0.8349, time 109.04ms, mfu 3.43%
iter 3900: loss 0.8430, time 124.20ms, mfu 3.38%
iter 3910: loss 0.8483, time 108.30ms, mfu 3.39%
iter 3920: loss 0.8357, time 93.80ms, mfu 3.45%
iter 3930: loss 0.8365, time 126.38ms, mfu 3.40%
iter 3940: loss 0.8113, time 109.24ms, mfu 3.40%
iter 3950: loss 0.8358, time 109.06ms, mfu 3.40%
iter 3960: loss 0.8296, time 109.40ms, mfu 3.40%
iter 3970: loss 0.8386, time 125.07ms, mfu 3.36%
iter 3980: loss 0.8205, time 93.55ms, mfu 3.42%
iter 3990: loss 0.8279, time 108.61ms, mfu 3.42%
step 4000: train loss 0.6349, val loss 1.6656
iter 4000: loss 0.8130, time 14563.63ms, mfu 3.08%
iter 4010: loss 0.8286, time 93.14ms, mfu 3.17%
iter 4020: loss 0.8343, time 93.42ms, mfu 3.26%
iter 4030: loss 0.8276, time 63.78ms, mfu 3.51%
iter 4040: loss 0.8280, time 63.35ms, mfu 3.75%
iter 4050: loss 0.8260, time 77.66ms, mfu 3.86%
iter 4060: loss 0.8357, time 77.38ms, mfu 3.95%
iter 4070: loss 0.8527, time 63.15ms, mfu 4.15%
iter 4080: loss 0.8200, time 78.24ms, mfu 4.21%
iter 4090: loss 0.8093, time 63.73ms, mfu 4.37%
iter 4100: loss 0.8060, time 77.85ms, mfu 4.41%
iter 4110: loss 0.8399, time 76.36ms, mfu 4.46%
iter 4120: loss 0.8090, time 77.93ms, mfu 4.49%
iter 4130: loss 0.8206, time 77.71ms, mfu 4.52%
iter 4140: loss 0.8161, time 63.41ms, mfu 4.66%
iter 4150: loss 0.8083, time 92.27ms, mfu 4.60%
iter 4160: loss 0.8051, time 76.77ms, mfu 4.62%
iter 4170: loss 0.8261, time 63.41ms, mfu 4.75%
iter 4180: loss 0.8050, time 63.69ms, mfu 4.86%
iter 4190: loss 0.8106, time 76.92ms, mfu 4.86%
iter 4200: loss 0.8125, time 76.47ms, mfu 4.86%
iter 4210: loss 0.8074, time 91.68ms, mfu 4.78%
iter 4220: loss 0.8427, time 78.23ms, mfu 4.78%
iter 4230: loss 0.8196, time 76.66ms, mfu 4.79%
iter 4240: loss 0.8153, time 63.61ms, mfu 4.89%
step 4250: train loss 0.6084, val loss 1.6762
iter 4250: loss 0.8175, time 8998.99ms, mfu 4.41%
iter 4260: loss 0.8134, time 76.94ms, mfu 4.45%
iter 4270: loss 0.8010, time 78.18ms, mfu 4.48%
iter 4280: loss 0.7963, time 62.79ms, mfu 4.63%
iter 4290: loss 0.8190, time 64.26ms, mfu 4.74%
iter 4300: loss 0.8059, time 64.27ms, mfu 4.85%
iter 4310: loss 0.8189, time 78.36ms, mfu 4.84%
iter 4320: loss 0.8336, time 76.35ms, mfu 4.84%
iter 4330: loss 0.8293, time 62.36ms, mfu 4.96%
iter 4340: loss 0.7910, time 77.57ms, mfu 4.94%
iter 4350: loss 0.7954, time 78.15ms, mfu 4.92%
iter 4360: loss 0.7955, time 77.07ms, mfu 4.92%
iter 4370: loss 0.8058, time 63.20ms, mfu 5.01%
iter 4380: loss 0.7934, time 76.88ms, mfu 5.00%
iter 4390: loss 0.8021, time 77.71ms, mfu 4.98%
iter 4400: loss 0.8105, time 77.81ms, mfu 4.96%
iter 4410: loss 0.8017, time 63.39ms, mfu 5.05%
iter 4420: loss 0.8177, time 62.07ms, mfu 5.15%
iter 4430: loss 0.7964, time 78.68ms, mfu 5.10%
iter 4440: loss 0.7920, time 63.85ms, mfu 5.18%
iter 4450: loss 0.8246, time 62.50ms, mfu 5.26%
iter 4460: loss 0.8016, time 76.64ms, mfu 5.22%
iter 4470: loss 0.8021, time 77.08ms, mfu 5.18%
iter 4480: loss 0.7934, time 77.28ms, mfu 5.14%
iter 4490: loss 0.7936, time 63.06ms, mfu 5.22%
step 4500: train loss 0.5846, val loss 1.7045
iter 4500: loss 0.7710, time 9364.46ms, mfu 4.70%
iter 4510: loss 0.8054, time 78.80ms, mfu 4.70%
iter 4520: loss 0.7870, time 63.65ms, mfu 4.82%
iter 4530: loss 0.7818, time 76.80ms, mfu 4.82%
iter 4540: loss 0.7822, time 77.31ms, mfu 4.82%
iter 4550: loss 0.7940, time 62.20ms, mfu 4.94%
iter 4560: loss 0.7864, time 64.91ms, mfu 5.02%
iter 4570: loss 0.7800, time 76.77ms, mfu 5.00%
iter 4580: loss 0.7932, time 78.82ms, mfu 4.98%
iter 4590: loss 0.7914, time 63.27ms, mfu 5.07%
iter 4600: loss 0.7770, time 76.26ms, mfu 5.05%
iter 4610: loss 0.8073, time 62.49ms, mfu 5.14%
iter 4620: loss 0.7916, time 63.11ms, mfu 5.22%
iter 4630: loss 0.8014, time 76.15ms, mfu 5.18%
iter 4640: loss 0.8010, time 63.23ms, mfu 5.26%
iter 4650: loss 0.7829, time 79.53ms, mfu 5.20%
iter 4660: loss 0.7935, time 77.27ms, mfu 5.16%
iter 4670: loss 0.7812, time 76.33ms, mfu 5.13%
iter 4680: loss 0.7813, time 64.02ms, mfu 5.20%
iter 4690: loss 0.7663, time 77.31ms, mfu 5.16%
iter 4700: loss 0.7917, time 76.83ms, mfu 5.13%
iter 4710: loss 0.7867, time 78.11ms, mfu 5.10%
iter 4720: loss 0.7879, time 93.33ms, mfu 4.99%
iter 4730: loss 0.7948, time 64.06ms, mfu 5.07%
iter 4740: loss 0.7894, time 76.95ms, mfu 5.05%
step 4750: train loss 0.5674, val loss 1.7165
iter 4750: loss 0.7906, time 9664.81ms, mfu 4.55%
iter 4760: loss 0.7721, time 61.83ms, mfu 4.69%
iter 4770: loss 0.7714, time 63.78ms, mfu 4.81%
iter 4780: loss 0.7694, time 77.94ms, mfu 4.81%
iter 4790: loss 0.7846, time 75.99ms, mfu 4.82%
iter 4800: loss 0.7649, time 76.15ms, mfu 4.82%
iter 4810: loss 0.7813, time 63.08ms, mfu 4.93%
iter 4820: loss 0.7730, time 62.99ms, mfu 5.03%
iter 4830: loss 0.7857, time 62.75ms, mfu 5.12%
iter 4840: loss 0.7979, time 63.12ms, mfu 5.20%
iter 4850: loss 0.7837, time 63.70ms, mfu 5.26%
iter 4860: loss 0.7722, time 63.28ms, mfu 5.33%
iter 4870: loss 0.7970, time 78.60ms, mfu 5.27%
iter 4880: loss 0.7787, time 63.48ms, mfu 5.33%
iter 4890: loss 0.7634, time 77.14ms, mfu 5.28%
iter 4900: loss 0.7669, time 77.48ms, mfu 5.23%
iter 4910: loss 0.7781, time 77.07ms, mfu 5.19%
iter 4920: loss 0.7743, time 78.17ms, mfu 5.15%
iter 4930: loss 0.7860, time 76.78ms, mfu 5.12%
iter 4940: loss 0.7708, time 76.45ms, mfu 5.10%
iter 4950: loss 0.7629, time 75.86ms, mfu 5.08%
iter 4960: loss 0.7646, time 77.02ms, mfu 5.05%
iter 4970: loss 0.7769, time 63.47ms, mfu 5.13%
iter 4980: loss 0.7529, time 76.44ms, mfu 5.11%
iter 4990: loss 0.7662, time 63.09ms, mfu 5.19%
step 5000: train loss 0.5505, val loss 1.7394
iter 5000: loss 0.8083, time 9084.31ms, mfu 4.67%
