Overriding config with config/train_shakespeare_char.py:
# train a miniature character-level shakespeare model
# good for debugging and playing on macbooks and such

out_dir = 'out-shakespeare-char'
eval_interval = 250 # keep frequent because we'll overfit
eval_iters = 200
log_interval = 10 # don't print too too often

# we expect to overfit on this small dataset, so only save when val improves
always_save_checkpoint = False

wandb_log = False # override via command line if you like
wandb_project = 'shakespeare-char'
wandb_run_name = 'mini-gpt'

dataset = 'shakespeare_char'
gradient_accumulation_steps = 1
batch_size = 64
block_size = 256 # context of up to 256 previous characters

# baby GPT model :)
n_layer = 6
n_head = 6
n_embd = 384
dropout = 0.2

learning_rate = 1e-3 # with baby networks can afford to go a bit higher
max_iters = 5000
lr_decay_iters = 5000 # make equal to max_iters usually
min_lr = 1e-4 # learning_rate / 10 usually
beta2 = 0.99 # make a bit bigger because number of tokens per iter is small

warmup_iters = 100 # not super necessary potentially

# on macbook also add
# device = 'cpu'  # run on cpu only
# compile = False # do not torch compile the model

Overriding: compile = False
Overriding: out_dir = runs\swiglu_lr2e-3
Overriding: learning_rate = 0.002
Overriding: min_lr = 0.0002
Overriding: seed = 1337
Overriding: save_checkpoint = False
Overriding: mlp_type = swiglu
tokens per iteration will be: 16,384
found vocab_size = 65 (inside data\shakespeare_char\meta.pkl)
Initializing a new model from scratch
number of parameters: 10.65M
C:\Users\86271\hw1work\nanoGPT\train.py:204: FutureWarning: `torch.cuda.amp.GradScaler(args...)` is deprecated. Please use `torch.amp.GradScaler('cuda', args...)` instead.
  scaler = torch.cuda.amp.GradScaler(enabled=(dtype == 'float16'))
num decayed parameter tensors: 26, with 10,740,096 parameters
num non-decayed parameter tensors: 13, with 4,992 parameters
using fused AdamW: True
step 0: train loss 4.3300, val loss 4.3197
iter 0: loss 4.3273, time 13311.88ms, mfu -100.00%
iter 10: loss 3.2798, time 108.48ms, mfu 3.43%
iter 20: loss 2.7245, time 108.84ms, mfu 3.43%
iter 30: loss 2.5511, time 93.27ms, mfu 3.49%
iter 40: loss 2.4997, time 110.08ms, mfu 3.48%
iter 50: loss 2.4834, time 109.13ms, mfu 3.47%
iter 60: loss 2.4728, time 108.83ms, mfu 3.47%
iter 70: loss 2.4583, time 123.65ms, mfu 3.42%
iter 80: loss 2.4539, time 93.76ms, mfu 3.48%
iter 90: loss 2.4456, time 93.52ms, mfu 3.53%
iter 100: loss 2.4272, time 109.44ms, mfu 3.52%
iter 110: loss 2.3845, time 109.27ms, mfu 3.51%
iter 120: loss 2.3846, time 108.98ms, mfu 3.50%
iter 130: loss 2.3542, time 108.76ms, mfu 3.49%
iter 140: loss 2.3167, time 108.96ms, mfu 3.48%
iter 150: loss 2.2705, time 108.51ms, mfu 3.48%
iter 160: loss 2.1913, time 93.85ms, mfu 3.53%
iter 170: loss 2.1087, time 93.56ms, mfu 3.57%
iter 180: loss 2.0543, time 107.80ms, mfu 3.56%
iter 190: loss 2.0347, time 94.57ms, mfu 3.60%
iter 200: loss 1.9691, time 108.73ms, mfu 3.58%
iter 210: loss 1.9314, time 94.83ms, mfu 3.62%
iter 220: loss 1.8937, time 108.72ms, mfu 3.60%
iter 230: loss 1.8482, time 93.46ms, mfu 3.64%
iter 240: loss 1.8264, time 93.29ms, mfu 3.67%
step 250: train loss 1.7227, val loss 1.8800
iter 250: loss 1.8041, time 12927.48ms, mfu 3.31%
iter 260: loss 1.8010, time 108.95ms, mfu 3.32%
iter 270: loss 1.7498, time 93.29ms, mfu 3.39%
iter 280: loss 1.7565, time 109.15ms, mfu 3.39%
iter 290: loss 1.7394, time 93.32ms, mfu 3.45%
iter 300: loss 1.7473, time 109.26ms, mfu 3.45%
iter 310: loss 1.7151, time 94.24ms, mfu 3.50%
iter 320: loss 1.7036, time 108.88ms, mfu 3.49%
iter 330: loss 1.6836, time 79.68ms, mfu 3.61%
iter 340: loss 1.6901, time 108.92ms, mfu 3.59%
iter 350: loss 1.6271, time 110.67ms, mfu 3.57%
iter 360: loss 1.6231, time 108.77ms, mfu 3.55%
iter 370: loss 1.6475, time 94.05ms, mfu 3.59%
iter 380: loss 1.6498, time 108.06ms, mfu 3.58%
iter 390: loss 1.6426, time 93.39ms, mfu 3.62%
iter 400: loss 1.6329, time 107.67ms, mfu 3.60%
iter 410: loss 1.6536, time 94.77ms, mfu 3.64%
iter 420: loss 1.5890, time 93.71ms, mfu 3.67%
iter 430: loss 1.6099, time 108.51ms, mfu 3.65%
iter 440: loss 1.5983, time 109.54ms, mfu 3.62%
iter 450: loss 1.6114, time 110.17ms, mfu 3.60%
iter 460: loss 1.5674, time 108.65ms, mfu 3.58%
iter 470: loss 1.6018, time 109.25ms, mfu 3.56%
iter 480: loss 1.6030, time 94.14ms, mfu 3.60%
iter 490: loss 1.5727, time 108.43ms, mfu 3.59%
step 500: train loss 1.4825, val loss 1.6952
iter 500: loss 1.5733, time 12799.77ms, mfu 3.23%
iter 510: loss 1.5721, time 124.57ms, mfu 3.21%
iter 520: loss 1.5901, time 94.65ms, mfu 3.28%
iter 530: loss 1.5560, time 94.93ms, mfu 3.34%
iter 540: loss 1.5417, time 108.76ms, mfu 3.35%
iter 550: loss 1.5678, time 94.17ms, mfu 3.41%
iter 560: loss 1.5140, time 108.57ms, mfu 3.42%
iter 570: loss 1.5100, time 94.03ms, mfu 3.47%
iter 580: loss 1.5059, time 93.40ms, mfu 3.52%
iter 590: loss 1.5404, time 109.08ms, mfu 3.51%
iter 600: loss 1.4847, time 108.59ms, mfu 3.50%
iter 610: loss 1.5081, time 109.37ms, mfu 3.49%
iter 620: loss 1.4844, time 94.56ms, mfu 3.54%
iter 630: loss 1.5167, time 107.49ms, mfu 3.53%
iter 640: loss 1.5081, time 109.11ms, mfu 3.52%
iter 650: loss 1.4922, time 93.77ms, mfu 3.57%
iter 660: loss 1.5017, time 94.44ms, mfu 3.60%
iter 670: loss 1.4806, time 109.80ms, mfu 3.58%
iter 680: loss 1.4642, time 110.12ms, mfu 3.56%
iter 690: loss 1.4604, time 94.95ms, mfu 3.60%
iter 700: loss 1.4611, time 108.80ms, mfu 3.58%
iter 710: loss 1.4272, time 110.75ms, mfu 3.56%
iter 720: loss 1.4409, time 108.70ms, mfu 3.55%
iter 730: loss 1.4461, time 108.62ms, mfu 3.53%
iter 740: loss 1.4390, time 109.27ms, mfu 3.52%
step 750: train loss 1.3634, val loss 1.5965
iter 750: loss 1.4401, time 12903.13ms, mfu 3.17%
iter 760: loss 1.4356, time 108.85ms, mfu 3.20%
iter 770: loss 1.4345, time 109.02ms, mfu 3.22%
iter 780: loss 1.4240, time 93.27ms, mfu 3.30%
iter 790: loss 1.4296, time 108.63ms, mfu 3.31%
iter 800: loss 1.4378, time 108.88ms, mfu 3.32%
iter 810: loss 1.3994, time 108.91ms, mfu 3.33%
iter 820: loss 1.3785, time 109.06ms, mfu 3.34%
iter 830: loss 1.3826, time 108.92ms, mfu 3.35%
iter 840: loss 1.4247, time 93.74ms, mfu 3.41%
iter 850: loss 1.4048, time 94.16ms, mfu 3.47%
iter 860: loss 1.3959, time 94.61ms, mfu 3.51%
iter 870: loss 1.4040, time 93.87ms, mfu 3.56%
iter 880: loss 1.3622, time 93.45ms, mfu 3.60%
iter 890: loss 1.3889, time 123.36ms, mfu 3.54%
iter 900: loss 1.3533, time 93.88ms, mfu 3.59%
iter 910: loss 1.3508, time 107.88ms, mfu 3.57%
iter 920: loss 1.3846, time 108.22ms, mfu 3.56%
iter 930: loss 1.3462, time 108.89ms, mfu 3.55%
iter 940: loss 1.3657, time 108.75ms, mfu 3.53%
iter 950: loss 1.3925, time 94.44ms, mfu 3.58%
iter 960: loss 1.3543, time 109.04ms, mfu 3.56%
iter 970: loss 1.3675, time 93.64ms, mfu 3.60%
iter 980: loss 1.3565, time 108.64ms, mfu 3.58%
iter 990: loss 1.3370, time 110.06ms, mfu 3.56%
step 1000: train loss 1.2727, val loss 1.5457
iter 1000: loss 1.3456, time 12930.94ms, mfu 3.21%
iter 1010: loss 1.3499, time 108.72ms, mfu 3.23%
iter 1020: loss 1.2943, time 124.50ms, mfu 3.21%
iter 1030: loss 1.3401, time 94.09ms, mfu 3.28%
iter 1040: loss 1.3290, time 110.02ms, mfu 3.29%
iter 1050: loss 1.3497, time 109.50ms, mfu 3.30%
iter 1060: loss 1.3183, time 109.09ms, mfu 3.32%
iter 1070: loss 1.3242, time 94.24ms, mfu 3.38%
iter 1080: loss 1.3090, time 94.42ms, mfu 3.44%
iter 1090: loss 1.3356, time 80.49ms, mfu 3.56%
iter 1100: loss 1.3308, time 93.44ms, mfu 3.60%
iter 1110: loss 1.3270, time 93.54ms, mfu 3.64%
iter 1120: loss 1.3004, time 108.80ms, mfu 3.62%
iter 1130: loss 1.3223, time 94.59ms, mfu 3.65%
iter 1140: loss 1.2995, time 108.41ms, mfu 3.63%
iter 1150: loss 1.3773, time 109.86ms, mfu 3.60%
iter 1160: loss 1.3239, time 108.72ms, mfu 3.59%
iter 1170: loss 1.3412, time 109.43ms, mfu 3.57%
iter 1180: loss 1.3270, time 109.43ms, mfu 3.55%
iter 1190: loss 1.3192, time 108.27ms, mfu 3.54%
iter 1200: loss 1.2883, time 123.59ms, mfu 3.49%
iter 1210: loss 1.2978, time 107.98ms, mfu 3.48%
iter 1220: loss 1.2834, time 107.76ms, mfu 3.48%
iter 1230: loss 1.2984, time 109.05ms, mfu 3.48%
iter 1240: loss 1.3141, time 95.52ms, mfu 3.52%
step 1250: train loss 1.2114, val loss 1.5186
iter 1250: loss 1.2968, time 12904.98ms, mfu 3.17%
iter 1260: loss 1.2865, time 110.22ms, mfu 3.19%
iter 1270: loss 1.2855, time 94.24ms, mfu 3.27%
iter 1280: loss 1.2751, time 109.42ms, mfu 3.28%
iter 1290: loss 1.2823, time 93.28ms, mfu 3.35%
iter 1300: loss 1.2712, time 109.73ms, mfu 3.36%
iter 1310: loss 1.3016, time 94.38ms, mfu 3.42%
iter 1320: loss 1.3126, time 94.18ms, mfu 3.47%
iter 1330: loss 1.2844, time 94.10ms, mfu 3.52%
iter 1340: loss 1.2440, time 108.63ms, mfu 3.51%
iter 1350: loss 1.2814, time 94.46ms, mfu 3.55%
iter 1360: loss 1.2941, time 93.31ms, mfu 3.60%
iter 1370: loss 1.2589, time 108.11ms, mfu 3.58%
iter 1380: loss 1.2890, time 93.48ms, mfu 3.62%
iter 1390: loss 1.2757, time 109.40ms, mfu 3.60%
iter 1400: loss 1.2413, time 92.70ms, mfu 3.64%
iter 1410: loss 1.2789, time 109.04ms, mfu 3.62%
iter 1420: loss 1.2468, time 109.98ms, mfu 3.60%
iter 1430: loss 1.2255, time 108.76ms, mfu 3.58%
iter 1440: loss 1.2336, time 93.68ms, mfu 3.62%
iter 1450: loss 1.2675, time 109.43ms, mfu 3.60%
iter 1460: loss 1.2153, time 94.18ms, mfu 3.63%
iter 1470: loss 1.2292, time 108.05ms, mfu 3.62%
iter 1480: loss 1.2752, time 94.26ms, mfu 3.65%
iter 1490: loss 1.2272, time 93.47ms, mfu 3.68%
step 1500: train loss 1.1568, val loss 1.4989
iter 1500: loss 1.2052, time 12854.94ms, mfu 3.32%
iter 1510: loss 1.2183, time 95.00ms, mfu 3.38%
iter 1520: loss 1.2244, time 109.85ms, mfu 3.38%
iter 1530: loss 1.2460, time 110.99ms, mfu 3.38%
iter 1540: loss 1.2499, time 108.96ms, mfu 3.38%
iter 1550: loss 1.2225, time 124.09ms, mfu 3.34%
iter 1560: loss 1.2071, time 109.17ms, mfu 3.35%
iter 1570: loss 1.1963, time 93.30ms, mfu 3.41%
iter 1580: loss 1.2085, time 94.55ms, mfu 3.47%
iter 1590: loss 1.2212, time 93.76ms, mfu 3.52%
iter 1600: loss 1.1939, time 93.34ms, mfu 3.57%
iter 1610: loss 1.2144, time 108.78ms, mfu 3.55%
iter 1620: loss 1.2398, time 93.92ms, mfu 3.59%
iter 1630: loss 1.2070, time 93.36ms, mfu 3.63%
iter 1640: loss 1.2400, time 93.99ms, mfu 3.67%
iter 1650: loss 1.2039, time 108.72ms, mfu 3.64%
iter 1660: loss 1.2063, time 108.82ms, mfu 3.62%
iter 1670: loss 1.2174, time 109.15ms, mfu 3.60%
iter 1680: loss 1.1934, time 110.32ms, mfu 3.58%
iter 1690: loss 1.2103, time 109.15ms, mfu 3.56%
iter 1700: loss 1.1836, time 94.56ms, mfu 3.60%
iter 1710: loss 1.1859, time 94.50ms, mfu 3.63%
iter 1720: loss 1.1831, time 109.16ms, mfu 3.61%
iter 1730: loss 1.2051, time 94.46ms, mfu 3.64%
iter 1740: loss 1.1939, time 109.70ms, mfu 3.62%
step 1750: train loss 1.1139, val loss 1.4935
iter 1750: loss 1.2000, time 12832.09ms, mfu 3.26%
iter 1760: loss 1.1849, time 124.15ms, mfu 3.24%
iter 1770: loss 1.1906, time 109.47ms, mfu 3.25%
iter 1780: loss 1.1837, time 108.56ms, mfu 3.27%
iter 1790: loss 1.2090, time 95.20ms, mfu 3.33%
iter 1800: loss 1.1766, time 123.96ms, mfu 3.30%
iter 1810: loss 1.1829, time 94.15ms, mfu 3.37%
iter 1820: loss 1.1372, time 108.22ms, mfu 3.37%
iter 1830: loss 1.1626, time 93.55ms, mfu 3.44%
iter 1840: loss 1.1595, time 94.16ms, mfu 3.49%
iter 1850: loss 1.1829, time 109.54ms, mfu 3.48%
iter 1860: loss 1.1777, time 109.67ms, mfu 3.47%
iter 1870: loss 1.1804, time 108.63ms, mfu 3.47%
iter 1880: loss 1.1574, time 94.84ms, mfu 3.51%
iter 1890: loss 1.1699, time 108.15ms, mfu 3.51%
iter 1900: loss 1.1791, time 109.19ms, mfu 3.50%
iter 1910: loss 1.1629, time 107.82ms, mfu 3.49%
iter 1920: loss 1.1665, time 109.52ms, mfu 3.48%
iter 1930: loss 1.1747, time 93.88ms, mfu 3.53%
iter 1940: loss 1.1682, time 108.79ms, mfu 3.52%
iter 1950: loss 1.1689, time 108.79ms, mfu 3.51%
iter 1960: loss 1.1681, time 109.05ms, mfu 3.50%
iter 1970: loss 1.1654, time 93.19ms, mfu 3.55%
iter 1980: loss 1.1937, time 94.49ms, mfu 3.59%
iter 1990: loss 1.1209, time 93.78ms, mfu 3.63%
step 2000: train loss 1.0640, val loss 1.4966
iter 2000: loss 1.1960, time 12932.19ms, mfu 3.27%
iter 2010: loss 1.1650, time 94.86ms, mfu 3.34%
iter 2020: loss 1.1594, time 94.00ms, mfu 3.40%
iter 2030: loss 1.1265, time 109.37ms, mfu 3.40%
iter 2040: loss 1.1426, time 123.96ms, mfu 3.36%
iter 2050: loss 1.1268, time 94.76ms, mfu 3.42%
iter 2060: loss 1.1284, time 108.52ms, mfu 3.42%
iter 2070: loss 1.1293, time 108.63ms, mfu 3.42%
iter 2080: loss 1.1391, time 94.17ms, mfu 3.47%
iter 2090: loss 1.1088, time 111.00ms, mfu 3.46%
iter 2100: loss 1.1461, time 93.63ms, mfu 3.51%
iter 2110: loss 1.0971, time 109.15ms, mfu 3.50%
iter 2120: loss 1.0988, time 93.42ms, mfu 3.55%
iter 2130: loss 1.1543, time 108.83ms, mfu 3.54%
iter 2140: loss 1.1373, time 93.06ms, mfu 3.59%
iter 2150: loss 1.0924, time 108.93ms, mfu 3.57%
iter 2160: loss 1.1106, time 93.82ms, mfu 3.61%
iter 2170: loss 1.1128, time 93.37ms, mfu 3.65%
iter 2180: loss 1.1387, time 108.72ms, mfu 3.63%
iter 2190: loss 1.1172, time 95.14ms, mfu 3.65%
iter 2200: loss 1.1420, time 109.10ms, mfu 3.63%
iter 2210: loss 1.1238, time 108.34ms, mfu 3.61%
iter 2220: loss 1.1100, time 108.81ms, mfu 3.59%
iter 2230: loss 1.1101, time 108.59ms, mfu 3.58%
iter 2240: loss 1.1201, time 109.56ms, mfu 3.56%
step 2250: train loss 1.0150, val loss 1.5182
iter 2250: loss 1.0599, time 12810.20ms, mfu 3.21%
iter 2260: loss 1.1131, time 108.15ms, mfu 3.23%
iter 2270: loss 1.1204, time 109.21ms, mfu 3.25%
iter 2280: loss 1.0940, time 108.89ms, mfu 3.27%
iter 2290: loss 1.1114, time 109.28ms, mfu 3.28%
iter 2300: loss 1.1170, time 108.95ms, mfu 3.29%
iter 2310: loss 1.1260, time 93.78ms, mfu 3.36%
iter 2320: loss 1.0903, time 93.62ms, mfu 3.42%
iter 2330: loss 1.1306, time 95.56ms, mfu 3.47%
iter 2340: loss 1.0858, time 93.86ms, mfu 3.52%
iter 2350: loss 1.0875, time 109.47ms, mfu 3.51%
iter 2360: loss 1.0859, time 93.80ms, mfu 3.56%
iter 2370: loss 1.1303, time 108.08ms, mfu 3.55%
iter 2380: loss 1.0868, time 109.71ms, mfu 3.53%
iter 2390: loss 1.0889, time 77.93ms, mfu 3.66%
iter 2400: loss 1.0762, time 108.57ms, mfu 3.63%
iter 2410: loss 1.0770, time 94.60ms, mfu 3.66%
iter 2420: loss 1.1188, time 108.93ms, mfu 3.64%
iter 2430: loss 1.1039, time 93.53ms, mfu 3.67%
iter 2440: loss 1.0844, time 108.78ms, mfu 3.65%
iter 2450: loss 1.0650, time 109.19ms, mfu 3.63%
iter 2460: loss 1.0690, time 109.58ms, mfu 3.60%
iter 2470: loss 1.0527, time 108.79ms, mfu 3.59%
iter 2480: loss 1.1017, time 93.24ms, mfu 3.63%
iter 2490: loss 1.1003, time 94.18ms, mfu 3.66%
step 2500: train loss 0.9693, val loss 1.5313
iter 2500: loss 1.1050, time 12719.87ms, mfu 3.30%
iter 2510: loss 1.1001, time 108.66ms, mfu 3.31%
iter 2520: loss 1.0856, time 93.66ms, mfu 3.38%
iter 2530: loss 1.0785, time 109.14ms, mfu 3.38%
iter 2540: loss 1.0718, time 109.03ms, mfu 3.38%
iter 2550: loss 1.0773, time 110.16ms, mfu 3.38%
iter 2560: loss 1.0651, time 93.30ms, mfu 3.44%
iter 2570: loss 1.0597, time 94.22ms, mfu 3.50%
iter 2580: loss 1.0635, time 109.72ms, mfu 3.49%
iter 2590: loss 1.0378, time 92.81ms, mfu 3.54%
iter 2600: loss 1.0325, time 94.05ms, mfu 3.58%
iter 2610: loss 1.0460, time 109.00ms, mfu 3.56%
iter 2620: loss 1.0284, time 109.44ms, mfu 3.55%
iter 2630: loss 1.0444, time 108.70ms, mfu 3.54%
iter 2640: loss 1.0344, time 108.68ms, mfu 3.53%
iter 2650: loss 1.0557, time 108.06ms, mfu 3.52%
iter 2660: loss 1.0908, time 108.65ms, mfu 3.51%
iter 2670: loss 1.0504, time 109.53ms, mfu 3.50%
iter 2680: loss 1.0347, time 94.46ms, mfu 3.54%
iter 2690: loss 0.9980, time 93.63ms, mfu 3.59%
iter 2700: loss 1.0286, time 109.79ms, mfu 3.57%
iter 2710: loss 1.0310, time 109.88ms, mfu 3.55%
iter 2720: loss 1.0207, time 110.23ms, mfu 3.53%
iter 2730: loss 1.0375, time 93.75ms, mfu 3.58%
iter 2740: loss 1.0234, time 93.61ms, mfu 3.62%
step 2750: train loss 0.9185, val loss 1.5425
iter 2750: loss 1.0098, time 12813.53ms, mfu 3.26%
iter 2760: loss 1.0254, time 109.13ms, mfu 3.27%
iter 2770: loss 1.0306, time 94.53ms, mfu 3.34%
iter 2780: loss 1.0365, time 108.34ms, mfu 3.35%
iter 2790: loss 1.0147, time 110.12ms, mfu 3.35%
iter 2800: loss 1.0358, time 109.20ms, mfu 3.36%
iter 2810: loss 1.0181, time 109.68ms, mfu 3.36%
iter 2820: loss 1.0094, time 94.21ms, mfu 3.42%
iter 2830: loss 1.0560, time 108.65ms, mfu 3.42%
iter 2840: loss 1.0189, time 95.37ms, mfu 3.47%
iter 2850: loss 1.0133, time 94.00ms, mfu 3.52%
iter 2860: loss 0.9796, time 108.20ms, mfu 3.51%
iter 2870: loss 1.0029, time 107.78ms, mfu 3.51%
iter 2880: loss 1.0071, time 109.34ms, mfu 3.50%
iter 2890: loss 1.0138, time 93.71ms, mfu 3.55%
iter 2900: loss 0.9995, time 94.26ms, mfu 3.59%
iter 2910: loss 0.9958, time 108.73ms, mfu 3.57%
iter 2920: loss 1.0118, time 109.08ms, mfu 3.56%
iter 2930: loss 1.0036, time 94.52ms, mfu 3.59%
iter 2940: loss 0.9788, time 108.60ms, mfu 3.58%
iter 2950: loss 0.9856, time 108.27ms, mfu 3.56%
iter 2960: loss 0.9978, time 109.55ms, mfu 3.55%
iter 2970: loss 0.9957, time 94.35ms, mfu 3.59%
iter 2980: loss 1.0022, time 109.64ms, mfu 3.57%
iter 2990: loss 1.0299, time 94.06ms, mfu 3.61%
step 3000: train loss 0.8703, val loss 1.5687
iter 3000: loss 0.9684, time 12872.28ms, mfu 3.25%
iter 3010: loss 0.9980, time 93.26ms, mfu 3.32%
iter 3020: loss 0.9926, time 108.95ms, mfu 3.33%
iter 3030: loss 0.9853, time 109.39ms, mfu 3.34%
iter 3040: loss 1.0066, time 109.27ms, mfu 3.35%
iter 3050: loss 0.9753, time 95.66ms, mfu 3.40%
iter 3060: loss 0.9840, time 109.53ms, mfu 3.40%
iter 3070: loss 0.9721, time 93.21ms, mfu 3.46%
iter 3080: loss 0.9611, time 94.76ms, mfu 3.51%
iter 3090: loss 0.9973, time 93.16ms, mfu 3.56%
iter 3100: loss 0.9867, time 93.13ms, mfu 3.60%
iter 3110: loss 0.9528, time 93.48ms, mfu 3.64%
iter 3120: loss 0.9968, time 93.36ms, mfu 3.68%
iter 3130: loss 0.9537, time 94.09ms, mfu 3.70%
iter 3140: loss 0.9962, time 93.97ms, mfu 3.73%
iter 3150: loss 0.9808, time 93.34ms, mfu 3.76%
iter 3160: loss 1.0110, time 109.30ms, mfu 3.72%
iter 3170: loss 0.9974, time 109.23ms, mfu 3.69%
iter 3180: loss 0.9211, time 108.17ms, mfu 3.67%
iter 3190: loss 0.9648, time 108.92ms, mfu 3.64%
iter 3200: loss 0.9812, time 108.14ms, mfu 3.62%
iter 3210: loss 0.9427, time 108.81ms, mfu 3.60%
iter 3220: loss 0.9687, time 108.61ms, mfu 3.59%
iter 3230: loss 0.9461, time 108.84ms, mfu 3.57%
iter 3240: loss 0.9423, time 93.93ms, mfu 3.61%
step 3250: train loss 0.8279, val loss 1.6023
iter 3250: loss 0.9485, time 12811.32ms, mfu 3.25%
iter 3260: loss 0.9387, time 93.01ms, mfu 3.33%
iter 3270: loss 0.9763, time 94.01ms, mfu 3.39%
iter 3280: loss 0.9429, time 108.37ms, mfu 3.39%
iter 3290: loss 0.9521, time 108.83ms, mfu 3.40%
iter 3300: loss 0.9308, time 93.02ms, mfu 3.46%
iter 3310: loss 0.9631, time 109.72ms, mfu 3.45%
iter 3320: loss 0.9442, time 109.71ms, mfu 3.45%
iter 3330: loss 0.9518, time 109.00ms, mfu 3.44%
iter 3340: loss 0.9593, time 80.09ms, mfu 3.56%
iter 3350: loss 0.9343, time 94.19ms, mfu 3.60%
iter 3360: loss 0.9467, time 94.05ms, mfu 3.64%
iter 3370: loss 0.9683, time 94.06ms, mfu 3.67%
iter 3380: loss 0.9540, time 94.51ms, mfu 3.70%
iter 3390: loss 0.9425, time 109.37ms, mfu 3.67%
iter 3400: loss 0.9286, time 94.11ms, mfu 3.70%
iter 3410: loss 0.9113, time 94.62ms, mfu 3.72%
iter 3420: loss 0.9217, time 93.64ms, mfu 3.75%
iter 3430: loss 0.9659, time 93.79ms, mfu 3.77%
iter 3440: loss 0.9331, time 109.87ms, mfu 3.73%
iter 3450: loss 0.9447, time 109.03ms, mfu 3.70%
iter 3460: loss 0.9448, time 109.14ms, mfu 3.67%
iter 3470: loss 0.9179, time 94.40ms, mfu 3.70%
iter 3480: loss 0.9112, time 122.50ms, mfu 3.63%
iter 3490: loss 0.9040, time 109.70ms, mfu 3.61%
step 3500: train loss 0.7778, val loss 1.6257
iter 3500: loss 0.9401, time 12842.68ms, mfu 3.25%
iter 3510: loss 0.9042, time 93.33ms, mfu 3.33%
iter 3520: loss 0.9191, time 109.18ms, mfu 3.34%
iter 3530: loss 0.9141, time 94.15ms, mfu 3.40%
iter 3540: loss 0.9048, time 109.28ms, mfu 3.40%
iter 3550: loss 0.9268, time 109.19ms, mfu 3.40%
iter 3560: loss 0.9077, time 109.71ms, mfu 3.40%
iter 3570: loss 0.9270, time 108.90ms, mfu 3.40%
iter 3580: loss 0.9182, time 107.95ms, mfu 3.41%
iter 3590: loss 0.8966, time 93.88ms, mfu 3.46%
iter 3600: loss 0.8950, time 93.02ms, mfu 3.52%
iter 3610: loss 0.9231, time 108.19ms, mfu 3.51%
iter 3620: loss 0.8953, time 93.65ms, mfu 3.56%
iter 3630: loss 0.9035, time 93.95ms, mfu 3.60%
iter 3640: loss 0.9044, time 108.19ms, mfu 3.58%
iter 3650: loss 0.9063, time 109.27ms, mfu 3.57%
iter 3660: loss 0.8813, time 93.77ms, mfu 3.61%
iter 3670: loss 0.9252, time 108.38ms, mfu 3.59%
iter 3680: loss 0.8954, time 93.08ms, mfu 3.63%
iter 3690: loss 0.8986, time 109.26ms, mfu 3.61%
iter 3700: loss 0.8943, time 108.65ms, mfu 3.59%
iter 3710: loss 0.9076, time 109.28ms, mfu 3.57%
iter 3720: loss 0.8688, time 109.31ms, mfu 3.56%
iter 3730: loss 0.8700, time 108.79ms, mfu 3.54%
iter 3740: loss 0.8873, time 94.45ms, mfu 3.58%
step 3750: train loss 0.7348, val loss 1.6643
iter 3750: loss 0.8934, time 12812.61ms, mfu 3.23%
iter 3760: loss 0.8681, time 109.52ms, mfu 3.25%
iter 3770: loss 0.8952, time 109.33ms, mfu 3.26%
iter 3780: loss 0.8804, time 109.32ms, mfu 3.28%
iter 3790: loss 0.8703, time 94.76ms, mfu 3.34%
iter 3800: loss 0.9026, time 108.37ms, mfu 3.35%
iter 3810: loss 0.8934, time 95.14ms, mfu 3.41%
iter 3820: loss 0.9062, time 94.08ms, mfu 3.46%
iter 3830: loss 0.8737, time 95.33ms, mfu 3.51%
iter 3840: loss 0.8909, time 93.34ms, mfu 3.56%
iter 3850: loss 0.8668, time 94.83ms, mfu 3.59%
iter 3860: loss 0.8743, time 109.05ms, mfu 3.58%
iter 3870: loss 0.8640, time 93.84ms, mfu 3.62%
iter 3880: loss 0.9043, time 107.43ms, mfu 3.60%
iter 3890: loss 0.8839, time 109.36ms, mfu 3.58%
iter 3900: loss 0.8795, time 107.85ms, mfu 3.57%
iter 3910: loss 0.9037, time 108.94ms, mfu 3.55%
iter 3920: loss 0.8751, time 108.77ms, mfu 3.54%
iter 3930: loss 0.8703, time 109.88ms, mfu 3.53%
iter 3940: loss 0.8777, time 108.87ms, mfu 3.52%
iter 3950: loss 0.8424, time 109.03ms, mfu 3.51%
iter 3960: loss 0.8606, time 111.14ms, mfu 3.49%
iter 3970: loss 0.8606, time 109.27ms, mfu 3.48%
iter 3980: loss 0.8853, time 108.35ms, mfu 3.48%
iter 3990: loss 0.8680, time 108.60ms, mfu 3.47%
step 4000: train loss 0.6949, val loss 1.6874
iter 4000: loss 0.8631, time 12899.32ms, mfu 3.13%
iter 4010: loss 0.8686, time 109.05ms, mfu 3.16%
iter 4020: loss 0.8417, time 109.19ms, mfu 3.18%
iter 4030: loss 0.8683, time 108.86ms, mfu 3.21%
iter 4040: loss 0.8689, time 109.28ms, mfu 3.23%
iter 4050: loss 0.8498, time 109.10ms, mfu 3.25%
iter 4060: loss 0.8718, time 94.84ms, mfu 3.31%
iter 4070: loss 0.8693, time 108.05ms, mfu 3.33%
iter 4080: loss 0.8507, time 93.75ms, mfu 3.39%
iter 4090: loss 0.8308, time 108.23ms, mfu 3.40%
iter 4100: loss 0.8282, time 93.87ms, mfu 3.45%
iter 4110: loss 0.8634, time 109.54ms, mfu 3.45%
iter 4120: loss 0.8299, time 108.67ms, mfu 3.45%
iter 4130: loss 0.8455, time 109.48ms, mfu 3.44%
iter 4140: loss 0.8682, time 109.23ms, mfu 3.44%
iter 4150: loss 0.8443, time 108.40ms, mfu 3.44%
iter 4160: loss 0.8594, time 108.64ms, mfu 3.44%
iter 4170: loss 0.8296, time 109.37ms, mfu 3.44%
iter 4180: loss 0.8158, time 108.16ms, mfu 3.44%
iter 4190: loss 0.8480, time 94.39ms, mfu 3.49%
iter 4200: loss 0.8366, time 94.85ms, mfu 3.53%
iter 4210: loss 0.8445, time 108.80ms, mfu 3.52%
iter 4220: loss 0.8528, time 94.77ms, mfu 3.56%
iter 4230: loss 0.8634, time 94.83ms, mfu 3.60%
iter 4240: loss 0.8497, time 108.51ms, mfu 3.58%
step 4250: train loss 0.6683, val loss 1.7115
iter 4250: loss 0.8328, time 12908.55ms, mfu 3.23%
iter 4260: loss 0.8448, time 108.54ms, mfu 3.25%
iter 4270: loss 0.8310, time 109.16ms, mfu 3.26%
iter 4280: loss 0.8288, time 95.28ms, mfu 3.33%
iter 4290: loss 0.8657, time 93.66ms, mfu 3.39%
iter 4300: loss 0.8425, time 124.81ms, mfu 3.35%
iter 4310: loss 0.8447, time 108.95ms, mfu 3.36%
iter 4320: loss 0.8428, time 107.95ms, mfu 3.37%
iter 4330: loss 0.8468, time 94.11ms, mfu 3.43%
iter 4340: loss 0.8184, time 108.20ms, mfu 3.43%
iter 4350: loss 0.8399, time 124.92ms, mfu 3.38%
iter 4360: loss 0.8307, time 108.71ms, mfu 3.39%
iter 4370: loss 0.8414, time 93.68ms, mfu 3.45%
iter 4380: loss 0.8184, time 94.65ms, mfu 3.50%
iter 4390: loss 0.8386, time 108.69ms, mfu 3.49%
iter 4400: loss 0.8292, time 109.07ms, mfu 3.48%
iter 4410: loss 0.8376, time 93.61ms, mfu 3.53%
iter 4420: loss 0.8388, time 93.77ms, mfu 3.58%
iter 4430: loss 0.8289, time 93.79ms, mfu 3.62%
iter 4440: loss 0.8063, time 108.74ms, mfu 3.60%
iter 4450: loss 0.8113, time 108.19ms, mfu 3.58%
iter 4460: loss 0.8347, time 93.13ms, mfu 3.62%
iter 4470: loss 0.8209, time 108.22ms, mfu 3.61%
iter 4480: loss 0.8058, time 108.65ms, mfu 3.59%
iter 4490: loss 0.8205, time 93.93ms, mfu 3.63%
step 4500: train loss 0.6400, val loss 1.7411
iter 4500: loss 0.8206, time 12809.27ms, mfu 3.27%
iter 4510: loss 0.8172, time 108.65ms, mfu 3.28%
iter 4520: loss 0.8167, time 108.27ms, mfu 3.30%
iter 4530: loss 0.8191, time 93.67ms, mfu 3.37%
iter 4540: loss 0.8064, time 109.11ms, mfu 3.37%
iter 4550: loss 0.8353, time 109.42ms, mfu 3.37%
iter 4560: loss 0.8184, time 93.65ms, mfu 3.44%
iter 4570: loss 0.8263, time 94.08ms, mfu 3.49%
iter 4580: loss 0.8211, time 109.83ms, mfu 3.48%
iter 4590: loss 0.8293, time 108.95ms, mfu 3.47%
iter 4600: loss 0.7920, time 92.80ms, mfu 3.53%
iter 4610: loss 0.8033, time 109.00ms, mfu 3.52%
iter 4620: loss 0.7891, time 93.97ms, mfu 3.56%
iter 4630: loss 0.8000, time 93.62ms, mfu 3.60%
iter 4640: loss 0.7906, time 108.16ms, mfu 3.59%
iter 4650: loss 0.8266, time 109.06ms, mfu 3.57%
iter 4660: loss 0.8120, time 109.11ms, mfu 3.55%
iter 4670: loss 0.8155, time 94.53ms, mfu 3.59%
iter 4680: loss 0.8106, time 108.92ms, mfu 3.58%
iter 4690: loss 0.8147, time 109.35ms, mfu 3.56%
iter 4700: loss 0.8121, time 62.22ms, mfu 3.80%
iter 4710: loss 0.8045, time 77.15ms, mfu 3.90%
iter 4720: loss 0.7918, time 63.24ms, mfu 4.10%
iter 4730: loss 0.8289, time 78.31ms, mfu 4.17%
iter 4740: loss 0.7918, time 94.26ms, mfu 4.15%
step 4750: train loss 0.6185, val loss 1.7671
iter 4750: loss 0.7839, time 11151.72ms, mfu 3.74%
iter 4760: loss 0.8040, time 62.49ms, mfu 3.96%
iter 4770: loss 0.8114, time 94.17ms, mfu 3.96%
iter 4780: loss 0.7918, time 109.47ms, mfu 3.90%
iter 4790: loss 0.7899, time 108.90ms, mfu 3.86%
iter 4800: loss 0.8021, time 93.97ms, mfu 3.87%
iter 4810: loss 0.7975, time 108.09ms, mfu 3.82%
iter 4820: loss 0.8117, time 94.18ms, mfu 3.84%
iter 4830: loss 0.7855, time 94.25ms, mfu 3.85%
iter 4840: loss 0.7923, time 92.97ms, mfu 3.86%
iter 4850: loss 0.8029, time 108.75ms, mfu 3.82%
iter 4860: loss 0.8107, time 108.89ms, mfu 3.78%
iter 4870: loss 0.7975, time 108.20ms, mfu 3.75%
iter 4880: loss 0.8204, time 77.25ms, mfu 3.86%
iter 4890: loss 0.8038, time 109.69ms, mfu 3.81%
iter 4900: loss 0.8060, time 108.88ms, mfu 3.77%
iter 4910: loss 0.8005, time 109.27ms, mfu 3.73%
iter 4920: loss 0.8009, time 94.01ms, mfu 3.76%
iter 4930: loss 0.7815, time 122.34ms, mfu 3.69%
iter 4940: loss 0.7985, time 109.85ms, mfu 3.66%
iter 4950: loss 0.7878, time 95.38ms, mfu 3.68%
iter 4960: loss 0.7872, time 109.10ms, mfu 3.66%
iter 4970: loss 0.7882, time 94.34ms, mfu 3.68%
iter 4980: loss 0.7877, time 109.61ms, mfu 3.66%
iter 4990: loss 0.7859, time 93.96ms, mfu 3.69%
step 5000: train loss 0.6014, val loss 1.7717
iter 5000: loss 0.7932, time 12777.78ms, mfu 3.32%
