Overriding config with config/train_shakespeare_char.py:
# train a miniature character-level shakespeare model
# good for debugging and playing on macbooks and such

out_dir = 'out-shakespeare-char'
eval_interval = 250 # keep frequent because we'll overfit
eval_iters = 200
log_interval = 10 # don't print too too often

# we expect to overfit on this small dataset, so only save when val improves
always_save_checkpoint = False

wandb_log = False # override via command line if you like
wandb_project = 'shakespeare-char'
wandb_run_name = 'mini-gpt'

dataset = 'shakespeare_char'
gradient_accumulation_steps = 1
batch_size = 64
block_size = 256 # context of up to 256 previous characters

# baby GPT model :)
n_layer = 6
n_head = 6
n_embd = 384
dropout = 0.2

learning_rate = 1e-3 # with baby networks can afford to go a bit higher
max_iters = 5000
lr_decay_iters = 5000 # make equal to max_iters usually
min_lr = 1e-4 # learning_rate / 10 usually
beta2 = 0.99 # make a bit bigger because number of tokens per iter is small

warmup_iters = 100 # not super necessary potentially

# on macbook also add
# device = 'cpu'  # run on cpu only
# compile = False # do not torch compile the model

Overriding: compile = False
Overriding: out_dir = runs\rope_lr1e-3_s1338
Overriding: learning_rate = 0.001
Overriding: min_lr = 0.0001
Overriding: seed = 1338
Overriding: save_checkpoint = False
Overriding: pos_type = rope
tokens per iteration will be: 16,384
found vocab_size = 65 (inside data\shakespeare_char\meta.pkl)
Initializing a new model from scratch
number of parameters: 10.65M
C:\Users\86271\hw1work\nanoGPT\train.py:204: FutureWarning: `torch.cuda.amp.GradScaler(args...)` is deprecated. Please use `torch.amp.GradScaler('cuda', args...)` instead.
  scaler = torch.cuda.amp.GradScaler(enabled=(dtype == 'float16'))
num decayed parameter tensors: 25, with 10,641,792 parameters
num non-decayed parameter tensors: 13, with 4,992 parameters
using fused AdamW: True
step 0: train loss 4.1541, val loss 4.1571
iter 0: loss 4.1861, time 15322.41ms, mfu -100.00%
iter 10: loss 3.0569, time 108.51ms, mfu 3.43%
iter 20: loss 2.7025, time 109.35ms, mfu 3.43%
iter 30: loss 2.5886, time 93.85ms, mfu 3.49%
iter 40: loss 2.5090, time 93.83ms, mfu 3.53%
iter 50: loss 2.4371, time 109.92ms, mfu 3.52%
iter 60: loss 2.3465, time 108.52ms, mfu 3.51%
iter 70: loss 2.2882, time 94.28ms, mfu 3.56%
iter 80: loss 2.1891, time 93.73ms, mfu 3.60%
iter 90: loss 2.1270, time 109.72ms, mfu 3.58%
iter 100: loss 2.0865, time 124.37ms, mfu 3.52%
iter 110: loss 2.0102, time 108.43ms, mfu 3.51%
iter 120: loss 1.9982, time 125.01ms, mfu 3.46%
iter 130: loss 1.9196, time 108.51ms, mfu 3.46%
iter 140: loss 1.8859, time 109.62ms, mfu 3.45%
iter 150: loss 1.8828, time 108.83ms, mfu 3.45%
iter 160: loss 1.8497, time 123.60ms, mfu 3.40%
iter 170: loss 1.8113, time 110.45ms, mfu 3.40%
iter 180: loss 1.7621, time 139.92ms, mfu 3.33%
iter 190: loss 1.7687, time 139.59ms, mfu 3.26%
iter 200: loss 1.7802, time 93.59ms, mfu 3.33%
iter 210: loss 1.7387, time 109.48ms, mfu 3.34%
iter 220: loss 1.6904, time 94.59ms, mfu 3.40%
iter 230: loss 1.6654, time 125.28ms, mfu 3.36%
iter 240: loss 1.6726, time 124.55ms, mfu 3.32%
step 250: train loss 1.5757, val loss 1.7367
iter 250: loss 1.6707, time 15091.20ms, mfu 2.99%
iter 260: loss 1.6354, time 154.83ms, mfu 2.93%
iter 270: loss 1.6021, time 108.99ms, mfu 2.98%
iter 280: loss 1.6376, time 123.30ms, mfu 2.99%
iter 290: loss 1.6075, time 124.75ms, mfu 2.99%
iter 300: loss 1.6169, time 124.72ms, mfu 2.99%
iter 310: loss 1.5906, time 108.86ms, mfu 3.03%
iter 320: loss 1.5485, time 94.64ms, mfu 3.12%
iter 330: loss 1.6112, time 108.29ms, mfu 3.15%
iter 340: loss 1.5501, time 107.33ms, mfu 3.18%
iter 350: loss 1.5295, time 139.52ms, mfu 3.13%
iter 360: loss 1.5386, time 109.13ms, mfu 3.16%
iter 370: loss 1.5251, time 109.68ms, mfu 3.18%
iter 380: loss 1.5009, time 93.81ms, mfu 3.26%
iter 390: loss 1.5391, time 94.15ms, mfu 3.33%
iter 400: loss 1.5026, time 122.77ms, mfu 3.30%
iter 410: loss 1.4290, time 93.22ms, mfu 3.37%
iter 420: loss 1.4635, time 124.34ms, mfu 3.34%
iter 430: loss 1.4873, time 108.89ms, mfu 3.34%
iter 440: loss 1.4557, time 108.97ms, mfu 3.35%
iter 450: loss 1.4730, time 109.17ms, mfu 3.36%
iter 460: loss 1.4487, time 109.60ms, mfu 3.36%
iter 470: loss 1.4292, time 94.75ms, mfu 3.42%
iter 480: loss 1.4534, time 93.90ms, mfu 3.47%
iter 490: loss 1.4328, time 108.49ms, mfu 3.47%
step 500: train loss 1.3569, val loss 1.5954
iter 500: loss 1.4192, time 15370.72ms, mfu 3.13%
iter 510: loss 1.4344, time 95.02ms, mfu 3.20%
iter 520: loss 1.4154, time 93.57ms, mfu 3.28%
iter 530: loss 1.3853, time 139.07ms, mfu 3.22%
iter 540: loss 1.4111, time 109.44ms, mfu 3.24%
iter 550: loss 1.3929, time 109.03ms, mfu 3.26%
iter 560: loss 1.4185, time 123.63ms, mfu 3.23%
iter 570: loss 1.4005, time 124.46ms, mfu 3.21%
iter 580: loss 1.3909, time 109.03ms, mfu 3.23%
iter 590: loss 1.3650, time 110.45ms, mfu 3.24%
iter 600: loss 1.3676, time 109.30ms, mfu 3.26%
iter 610: loss 1.3926, time 123.12ms, mfu 3.24%
iter 620: loss 1.3514, time 124.02ms, mfu 3.21%
iter 630: loss 1.3619, time 109.10ms, mfu 3.23%
iter 640: loss 1.3491, time 107.75ms, mfu 3.26%
iter 650: loss 1.3540, time 125.69ms, mfu 3.23%
iter 660: loss 1.3644, time 139.88ms, mfu 3.17%
iter 670: loss 1.3579, time 124.13ms, mfu 3.15%
iter 680: loss 1.3299, time 110.25ms, mfu 3.18%
iter 690: loss 1.3287, time 125.85ms, mfu 3.16%
iter 700: loss 1.3713, time 124.93ms, mfu 3.14%
iter 710: loss 1.3246, time 109.05ms, mfu 3.17%
iter 720: loss 1.3692, time 108.70ms, mfu 3.19%
iter 730: loss 1.3638, time 110.88ms, mfu 3.21%
iter 740: loss 1.3177, time 107.64ms, mfu 3.23%
step 750: train loss 1.2576, val loss 1.5184
iter 750: loss 1.3395, time 15674.24ms, mfu 2.91%
iter 760: loss 1.2912, time 123.85ms, mfu 2.92%
iter 770: loss 1.2885, time 108.40ms, mfu 2.97%
iter 780: loss 1.3333, time 124.71ms, mfu 2.98%
iter 790: loss 1.3181, time 109.78ms, mfu 3.02%
iter 800: loss 1.3163, time 110.01ms, mfu 3.05%
iter 810: loss 1.3037, time 109.07ms, mfu 3.09%
iter 820: loss 1.2914, time 123.63ms, mfu 3.08%
iter 830: loss 1.2806, time 109.70ms, mfu 3.11%
iter 840: loss 1.2947, time 125.36ms, mfu 3.10%
iter 850: loss 1.2783, time 122.67ms, mfu 3.09%
iter 860: loss 1.2846, time 124.01ms, mfu 3.08%
iter 870: loss 1.2863, time 124.28ms, mfu 3.08%
iter 880: loss 1.2825, time 125.00ms, mfu 3.07%
iter 890: loss 1.2923, time 124.36ms, mfu 3.06%
iter 900: loss 1.3019, time 109.86ms, mfu 3.09%
iter 910: loss 1.2777, time 124.13ms, mfu 3.08%
iter 920: loss 1.2821, time 123.36ms, mfu 3.08%
iter 930: loss 1.2744, time 109.22ms, mfu 3.11%
iter 940: loss 1.2631, time 123.70ms, mfu 3.10%
iter 950: loss 1.2879, time 95.53ms, mfu 3.18%
iter 960: loss 1.2733, time 108.56ms, mfu 3.21%
iter 970: loss 1.2788, time 125.70ms, mfu 3.18%
iter 980: loss 1.2545, time 110.42ms, mfu 3.20%
iter 990: loss 1.2609, time 140.93ms, mfu 3.15%
step 1000: train loss 1.1931, val loss 1.4908
iter 1000: loss 1.2459, time 15951.52ms, mfu 2.83%
iter 1010: loss 1.2478, time 109.02ms, mfu 2.89%
iter 1020: loss 1.2702, time 124.89ms, mfu 2.90%
iter 1030: loss 1.2860, time 110.12ms, mfu 2.95%
iter 1040: loss 1.2457, time 123.55ms, mfu 2.96%
iter 1050: loss 1.2439, time 109.47ms, mfu 3.00%
iter 1060: loss 1.2677, time 139.63ms, mfu 2.97%
iter 1070: loss 1.2207, time 140.46ms, mfu 2.94%
iter 1080: loss 1.2574, time 109.04ms, mfu 2.98%
iter 1090: loss 1.2519, time 108.15ms, mfu 3.03%
iter 1100: loss 1.2315, time 107.87ms, mfu 3.07%
iter 1110: loss 1.2518, time 123.66ms, mfu 3.07%
iter 1120: loss 1.2049, time 93.71ms, mfu 3.16%
iter 1130: loss 1.2400, time 108.76ms, mfu 3.18%
iter 1140: loss 1.2462, time 95.18ms, mfu 3.26%
iter 1150: loss 1.2104, time 108.50ms, mfu 3.28%
iter 1160: loss 1.2400, time 108.58ms, mfu 3.29%
iter 1170: loss 1.2340, time 122.60ms, mfu 3.27%
iter 1180: loss 1.2306, time 109.95ms, mfu 3.28%
iter 1190: loss 1.2352, time 110.24ms, mfu 3.29%
iter 1200: loss 1.2071, time 124.85ms, mfu 3.26%
iter 1210: loss 1.1989, time 123.56ms, mfu 3.23%
iter 1220: loss 1.2121, time 125.12ms, mfu 3.21%
iter 1230: loss 1.2315, time 108.71ms, mfu 3.23%
iter 1240: loss 1.2091, time 93.71ms, mfu 3.30%
step 1250: train loss 1.1363, val loss 1.4822
iter 1250: loss 1.1962, time 15469.53ms, mfu 2.98%
iter 1260: loss 1.1984, time 93.00ms, mfu 3.08%
iter 1270: loss 1.2162, time 109.35ms, mfu 3.11%
iter 1280: loss 1.1804, time 125.17ms, mfu 3.10%
iter 1290: loss 1.2282, time 124.17ms, mfu 3.09%
iter 1300: loss 1.2303, time 125.59ms, mfu 3.08%
iter 1310: loss 1.2047, time 109.86ms, mfu 3.11%
iter 1320: loss 1.1748, time 138.90ms, mfu 3.07%
iter 1330: loss 1.2204, time 108.25ms, mfu 3.10%
iter 1340: loss 1.1935, time 124.76ms, mfu 3.09%
iter 1350: loss 1.1820, time 140.25ms, mfu 3.05%
iter 1360: loss 1.1964, time 139.53ms, mfu 3.01%
iter 1370: loss 1.1968, time 126.23ms, mfu 3.00%
iter 1380: loss 1.2024, time 109.66ms, mfu 3.04%
iter 1390: loss 1.1849, time 138.99ms, mfu 3.01%
iter 1400: loss 1.1700, time 124.61ms, mfu 3.01%
iter 1410: loss 1.1791, time 123.43ms, mfu 3.01%
iter 1420: loss 1.1578, time 124.10ms, mfu 3.01%
iter 1430: loss 1.1689, time 108.26ms, mfu 3.05%
iter 1440: loss 1.2065, time 123.99ms, mfu 3.05%
iter 1450: loss 1.2024, time 93.22ms, mfu 3.14%
iter 1460: loss 1.1976, time 109.16ms, mfu 3.17%
iter 1470: loss 1.1861, time 139.99ms, mfu 3.12%
iter 1480: loss 1.1526, time 123.11ms, mfu 3.11%
iter 1490: loss 1.1956, time 109.76ms, mfu 3.14%
step 1500: train loss 1.0880, val loss 1.4722
iter 1500: loss 1.1387, time 14995.56ms, mfu 2.83%
iter 1510: loss 1.1779, time 108.61ms, mfu 2.89%
iter 1520: loss 1.1441, time 110.66ms, mfu 2.93%
iter 1530: loss 1.1604, time 123.21ms, mfu 2.94%
iter 1540: loss 1.1730, time 122.72ms, mfu 2.95%
iter 1550: loss 1.1543, time 108.28ms, mfu 3.00%
iter 1560: loss 1.1666, time 108.84ms, mfu 3.04%
iter 1570: loss 1.1409, time 108.26ms, mfu 3.08%
iter 1580: loss 1.1672, time 109.57ms, mfu 3.12%
iter 1590: loss 1.1328, time 125.56ms, mfu 3.10%
iter 1600: loss 1.1572, time 109.04ms, mfu 3.13%
iter 1610: loss 1.1888, time 123.91ms, mfu 3.12%
iter 1620: loss 1.1667, time 108.88ms, mfu 3.15%
iter 1630: loss 1.1491, time 107.72ms, mfu 3.18%
iter 1640: loss 1.1557, time 109.25ms, mfu 3.20%
iter 1650: loss 1.1254, time 122.86ms, mfu 3.19%
iter 1660: loss 1.1716, time 125.65ms, mfu 3.16%
iter 1670: loss 1.1699, time 126.02ms, mfu 3.14%
iter 1680: loss 1.1327, time 126.15ms, mfu 3.12%
iter 1690: loss 1.1509, time 123.75ms, mfu 3.11%
iter 1700: loss 1.1197, time 108.95ms, mfu 3.14%
iter 1710: loss 1.1583, time 110.76ms, mfu 3.17%
iter 1720: loss 1.1047, time 108.41ms, mfu 3.19%
iter 1730: loss 1.1354, time 109.99ms, mfu 3.21%
iter 1740: loss 1.1065, time 109.27ms, mfu 3.23%
step 1750: train loss 1.0400, val loss 1.4783
iter 1750: loss 1.1093, time 15320.30ms, mfu 2.91%
iter 1760: loss 1.1451, time 109.50ms, mfu 2.96%
iter 1770: loss 1.1229, time 93.96ms, mfu 3.06%
iter 1780: loss 1.1188, time 109.15ms, mfu 3.10%
iter 1790: loss 1.0978, time 108.69ms, mfu 3.13%
iter 1800: loss 1.1075, time 93.55ms, mfu 3.22%
iter 1810: loss 1.1072, time 108.27ms, mfu 3.24%
iter 1820: loss 1.0961, time 109.75ms, mfu 3.25%
iter 1830: loss 1.0848, time 109.64ms, mfu 3.27%
iter 1840: loss 1.1096, time 94.17ms, mfu 3.34%
iter 1850: loss 1.1119, time 107.54ms, mfu 3.35%
iter 1860: loss 1.0987, time 123.86ms, mfu 3.32%
iter 1870: loss 1.1266, time 108.85ms, mfu 3.33%
iter 1880: loss 1.1168, time 123.84ms, mfu 3.29%
iter 1890: loss 1.0917, time 109.13ms, mfu 3.31%
iter 1900: loss 1.0908, time 79.65ms, mfu 3.44%
iter 1910: loss 1.1208, time 108.47ms, mfu 3.44%
iter 1920: loss 1.0634, time 108.25ms, mfu 3.44%
iter 1930: loss 1.0976, time 122.69ms, mfu 3.40%
iter 1940: loss 1.1155, time 108.69ms, mfu 3.40%
iter 1950: loss 1.0927, time 125.33ms, mfu 3.36%
iter 1960: loss 1.1136, time 109.71ms, mfu 3.37%
iter 1970: loss 1.0881, time 110.08ms, mfu 3.37%
iter 1980: loss 1.0970, time 124.20ms, mfu 3.33%
iter 1990: loss 1.1041, time 155.86ms, mfu 3.24%
step 2000: train loss 0.9902, val loss 1.4851
iter 2000: loss 1.0754, time 15114.97ms, mfu 2.92%
iter 2010: loss 1.0771, time 124.89ms, mfu 2.92%
iter 2020: loss 1.0865, time 94.83ms, mfu 3.02%
iter 2030: loss 1.0644, time 109.22ms, mfu 3.06%
iter 2040: loss 1.0925, time 109.46ms, mfu 3.10%
iter 2050: loss 1.0741, time 108.72ms, mfu 3.13%
iter 2060: loss 1.0795, time 108.54ms, mfu 3.16%
iter 2070: loss 1.0521, time 124.81ms, mfu 3.14%
iter 2080: loss 1.0767, time 109.55ms, mfu 3.17%
iter 2090: loss 1.0711, time 109.17ms, mfu 3.19%
iter 2100: loss 1.0534, time 124.17ms, mfu 3.17%
iter 2110: loss 1.0547, time 109.04ms, mfu 3.20%
iter 2120: loss 1.0242, time 109.26ms, mfu 3.22%
iter 2130: loss 1.0621, time 109.56ms, mfu 3.24%
iter 2140: loss 1.0817, time 109.75ms, mfu 3.25%
iter 2150: loss 1.0446, time 109.06ms, mfu 3.27%
iter 2160: loss 1.0460, time 123.82ms, mfu 3.24%
iter 2170: loss 1.0726, time 109.21ms, mfu 3.26%
iter 2180: loss 1.0670, time 110.83ms, mfu 3.27%
iter 2190: loss 1.0629, time 94.83ms, mfu 3.34%
iter 2200: loss 1.0682, time 124.79ms, mfu 3.30%
iter 2210: loss 1.0614, time 110.42ms, mfu 3.31%
iter 2220: loss 1.0323, time 109.12ms, mfu 3.32%
iter 2230: loss 1.0545, time 109.29ms, mfu 3.33%
iter 2240: loss 1.0250, time 109.22ms, mfu 3.34%
step 2250: train loss 0.9426, val loss 1.4900
iter 2250: loss 1.0680, time 15139.61ms, mfu 3.01%
iter 2260: loss 1.0567, time 124.84ms, mfu 3.00%
iter 2270: loss 1.0419, time 108.43ms, mfu 3.05%
iter 2280: loss 1.0508, time 109.77ms, mfu 3.08%
iter 2290: loss 1.0658, time 107.98ms, mfu 3.12%
iter 2300: loss 1.0659, time 123.15ms, mfu 3.11%
iter 2310: loss 1.0236, time 108.45ms, mfu 3.14%
iter 2320: loss 1.0367, time 94.23ms, mfu 3.22%
iter 2330: loss 1.0632, time 108.08ms, mfu 3.25%
iter 2340: loss 1.0520, time 94.84ms, mfu 3.31%
iter 2350: loss 1.0560, time 109.00ms, mfu 3.32%
iter 2360: loss 1.0329, time 93.70ms, mfu 3.39%
iter 2370: loss 1.0219, time 109.04ms, mfu 3.39%
iter 2380: loss 1.0468, time 108.78ms, mfu 3.40%
iter 2390: loss 1.0587, time 108.55ms, mfu 3.40%
iter 2400: loss 1.0399, time 109.89ms, mfu 3.40%
iter 2410: loss 1.0142, time 123.83ms, mfu 3.36%
iter 2420: loss 1.0355, time 110.40ms, mfu 3.36%
iter 2430: loss 1.0199, time 124.72ms, mfu 3.32%
iter 2440: loss 1.0470, time 122.79ms, mfu 3.29%
iter 2450: loss 1.0244, time 109.72ms, mfu 3.31%
iter 2460: loss 1.0152, time 108.68ms, mfu 3.32%
iter 2470: loss 1.0314, time 108.58ms, mfu 3.33%
iter 2480: loss 1.0212, time 108.99ms, mfu 3.34%
iter 2490: loss 1.0047, time 109.80ms, mfu 3.34%
step 2500: train loss 0.8958, val loss 1.5131
iter 2500: loss 1.0080, time 14999.57ms, mfu 3.01%
iter 2510: loss 1.0171, time 93.50ms, mfu 3.11%
iter 2520: loss 1.0257, time 110.21ms, mfu 3.14%
iter 2530: loss 1.0270, time 94.71ms, mfu 3.22%
iter 2540: loss 0.9997, time 109.53ms, mfu 3.23%
iter 2550: loss 1.0461, time 108.59ms, mfu 3.25%
iter 2560: loss 0.9887, time 125.73ms, mfu 3.23%
iter 2570: loss 0.9889, time 109.46ms, mfu 3.24%
iter 2580: loss 1.0185, time 123.38ms, mfu 3.22%
iter 2590: loss 0.9967, time 79.74ms, mfu 3.37%
iter 2600: loss 1.0264, time 110.04ms, mfu 3.37%
iter 2610: loss 1.0004, time 93.56ms, mfu 3.43%
iter 2620: loss 1.0173, time 92.98ms, mfu 3.49%
iter 2630: loss 0.9984, time 108.07ms, mfu 3.48%
iter 2640: loss 1.0228, time 123.63ms, mfu 3.44%
iter 2650: loss 0.9950, time 109.23ms, mfu 3.43%
iter 2660: loss 1.0031, time 93.51ms, mfu 3.49%
iter 2670: loss 1.0038, time 123.99ms, mfu 3.44%
iter 2680: loss 0.9767, time 109.06ms, mfu 3.44%
iter 2690: loss 1.0111, time 124.12ms, mfu 3.39%
iter 2700: loss 0.9739, time 111.01ms, mfu 3.39%
iter 2710: loss 0.9862, time 124.95ms, mfu 3.35%
iter 2720: loss 0.9804, time 94.47ms, mfu 3.41%
iter 2730: loss 0.9693, time 92.82ms, mfu 3.47%
iter 2740: loss 0.9657, time 109.75ms, mfu 3.46%
step 2750: train loss 0.8432, val loss 1.5500
iter 2750: loss 0.9632, time 14786.67ms, mfu 3.12%
iter 2760: loss 0.9780, time 109.80ms, mfu 3.15%
iter 2770: loss 0.9848, time 110.09ms, mfu 3.17%
iter 2780: loss 0.9670, time 108.92ms, mfu 3.20%
iter 2790: loss 0.9778, time 108.62ms, mfu 3.22%
iter 2800: loss 0.9424, time 108.44ms, mfu 3.24%
iter 2810: loss 1.0122, time 93.64ms, mfu 3.31%
iter 2820: loss 0.9810, time 125.10ms, mfu 3.28%
iter 2830: loss 0.9786, time 93.39ms, mfu 3.35%
iter 2840: loss 1.0109, time 109.62ms, mfu 3.36%
iter 2850: loss 0.9621, time 110.54ms, mfu 3.36%
iter 2860: loss 1.0106, time 125.79ms, mfu 3.32%
iter 2870: loss 0.9609, time 109.20ms, mfu 3.33%
iter 2880: loss 0.9474, time 109.16ms, mfu 3.34%
iter 2890: loss 0.9697, time 108.16ms, mfu 3.35%
iter 2900: loss 0.9770, time 123.55ms, mfu 3.31%
iter 2910: loss 0.9477, time 108.94ms, mfu 3.32%
iter 2920: loss 0.9452, time 109.22ms, mfu 3.33%
iter 2930: loss 0.9503, time 108.06ms, mfu 3.34%
iter 2940: loss 0.9589, time 108.39ms, mfu 3.35%
iter 2950: loss 0.9603, time 95.29ms, mfu 3.41%
iter 2960: loss 0.9491, time 95.93ms, mfu 3.46%
iter 2970: loss 0.9413, time 109.00ms, mfu 3.45%
iter 2980: loss 0.9606, time 108.04ms, mfu 3.45%
iter 2990: loss 0.9599, time 108.19ms, mfu 3.45%
step 3000: train loss 0.7976, val loss 1.5750
iter 3000: loss 0.9546, time 14710.77ms, mfu 3.11%
iter 3010: loss 0.9364, time 124.37ms, mfu 3.10%
iter 3020: loss 0.9604, time 94.41ms, mfu 3.18%
iter 3030: loss 0.9690, time 124.08ms, mfu 3.16%
iter 3040: loss 0.9505, time 123.80ms, mfu 3.15%
iter 3050: loss 0.9481, time 108.76ms, mfu 3.18%
iter 3060: loss 0.9272, time 124.08ms, mfu 3.16%
iter 3070: loss 0.9511, time 109.12ms, mfu 3.19%
iter 3080: loss 0.9311, time 109.11ms, mfu 3.21%
iter 3090: loss 0.9316, time 139.70ms, mfu 3.15%
iter 3100: loss 0.9467, time 80.08ms, mfu 3.30%
iter 3110: loss 0.9374, time 108.70ms, mfu 3.32%
iter 3120: loss 0.9309, time 108.86ms, mfu 3.33%
iter 3130: loss 0.9308, time 108.84ms, mfu 3.34%
iter 3140: loss 0.9275, time 124.63ms, mfu 3.30%
iter 3150: loss 0.9271, time 109.54ms, mfu 3.31%
iter 3160: loss 0.9189, time 109.48ms, mfu 3.32%
iter 3170: loss 0.9200, time 110.59ms, mfu 3.33%
iter 3180: loss 0.9138, time 124.42ms, mfu 3.29%
iter 3190: loss 0.9233, time 109.20ms, mfu 3.30%
iter 3200: loss 0.9296, time 108.33ms, mfu 3.32%
iter 3210: loss 0.9010, time 109.22ms, mfu 3.33%
iter 3220: loss 0.9267, time 108.86ms, mfu 3.34%
iter 3230: loss 0.9021, time 108.89ms, mfu 3.35%
iter 3240: loss 0.8915, time 110.01ms, mfu 3.35%
step 3250: train loss 0.7547, val loss 1.5890
iter 3250: loss 0.9101, time 13076.89ms, mfu 3.02%
iter 3260: loss 0.9085, time 92.24ms, mfu 3.12%
iter 3270: loss 0.9083, time 107.16ms, mfu 3.16%
iter 3280: loss 0.9002, time 108.50ms, mfu 3.18%
iter 3290: loss 0.9214, time 94.41ms, mfu 3.26%
iter 3300: loss 0.9083, time 93.18ms, mfu 3.33%
iter 3310: loss 0.9203, time 108.03ms, mfu 3.35%
iter 3320: loss 0.9184, time 108.63ms, mfu 3.35%
iter 3330: loss 0.9082, time 110.41ms, mfu 3.36%
iter 3340: loss 0.9079, time 123.67ms, mfu 3.32%
iter 3350: loss 0.8942, time 109.25ms, mfu 3.33%
iter 3360: loss 0.9023, time 123.82ms, mfu 3.30%
iter 3370: loss 0.8941, time 106.86ms, mfu 3.32%
iter 3380: loss 0.8918, time 124.84ms, mfu 3.28%
iter 3390: loss 0.9150, time 94.25ms, mfu 3.35%
iter 3400: loss 0.8793, time 94.44ms, mfu 3.41%
iter 3410: loss 0.9048, time 95.10ms, mfu 3.46%
iter 3420: loss 0.9143, time 109.15ms, mfu 3.46%
iter 3430: loss 0.9018, time 124.33ms, mfu 3.41%
iter 3440: loss 0.8716, time 111.58ms, mfu 3.40%
iter 3450: loss 0.8879, time 94.11ms, mfu 3.46%
iter 3460: loss 0.8756, time 125.50ms, mfu 3.41%
iter 3470: loss 0.8938, time 109.38ms, mfu 3.41%
iter 3480: loss 0.9000, time 110.21ms, mfu 3.41%
iter 3490: loss 0.8951, time 94.11ms, mfu 3.46%
step 3500: train loss 0.7084, val loss 1.6241
iter 3500: loss 0.8969, time 13270.64ms, mfu 3.12%
iter 3510: loss 0.8807, time 62.97ms, mfu 3.40%
iter 3520: loss 0.8978, time 63.53ms, mfu 3.65%
iter 3530: loss 0.8973, time 78.55ms, mfu 3.76%
iter 3540: loss 0.8981, time 109.29ms, mfu 3.72%
iter 3550: loss 0.8777, time 94.51ms, mfu 3.74%
iter 3560: loss 0.8960, time 92.93ms, mfu 3.77%
iter 3570: loss 0.8748, time 94.35ms, mfu 3.79%
iter 3580: loss 0.8935, time 109.38ms, mfu 3.75%
iter 3590: loss 0.8685, time 92.70ms, mfu 3.78%
iter 3600: loss 0.8815, time 108.69ms, mfu 3.74%
iter 3610: loss 0.8533, time 108.91ms, mfu 3.71%
iter 3620: loss 0.8677, time 62.69ms, mfu 3.93%
iter 3630: loss 0.8717, time 109.45ms, mfu 3.88%
iter 3640: loss 0.8723, time 94.48ms, mfu 3.89%
iter 3650: loss 0.8645, time 93.34ms, mfu 3.90%
iter 3660: loss 0.8735, time 108.82ms, mfu 3.85%
iter 3670: loss 0.8825, time 109.16ms, mfu 3.81%
iter 3680: loss 0.8634, time 108.98ms, mfu 3.77%
iter 3690: loss 0.8413, time 123.78ms, mfu 3.69%
iter 3700: loss 0.8749, time 93.85ms, mfu 3.72%
iter 3710: loss 0.8506, time 108.59ms, mfu 3.69%
iter 3720: loss 0.8717, time 94.22ms, mfu 3.72%
iter 3730: loss 0.8556, time 123.91ms, mfu 3.65%
iter 3740: loss 0.8544, time 108.71ms, mfu 3.62%
step 3750: train loss 0.6789, val loss 1.6435
iter 3750: loss 0.8498, time 13917.98ms, mfu 3.26%
iter 3760: loss 0.8437, time 93.92ms, mfu 3.33%
iter 3770: loss 0.8659, time 93.13ms, mfu 3.40%
iter 3780: loss 0.8592, time 94.42ms, mfu 3.46%
iter 3790: loss 0.8460, time 140.47ms, mfu 3.38%
iter 3800: loss 0.8675, time 93.39ms, mfu 3.44%
iter 3810: loss 0.8541, time 93.50ms, mfu 3.49%
iter 3820: loss 0.8337, time 93.80ms, mfu 3.54%
iter 3830: loss 0.8593, time 122.09ms, mfu 3.49%
iter 3840: loss 0.8620, time 108.36ms, mfu 3.49%
iter 3850: loss 0.8610, time 124.45ms, mfu 3.44%
iter 3860: loss 0.8404, time 124.15ms, mfu 3.39%
iter 3870: loss 0.8349, time 109.08ms, mfu 3.40%
iter 3880: loss 0.8369, time 108.35ms, mfu 3.40%
iter 3890: loss 0.8655, time 125.08ms, mfu 3.36%
iter 3900: loss 0.8499, time 92.47ms, mfu 3.42%
iter 3910: loss 0.8517, time 108.93ms, mfu 3.42%
iter 3920: loss 0.8507, time 109.65ms, mfu 3.42%
iter 3930: loss 0.8425, time 124.03ms, mfu 3.38%
iter 3940: loss 0.8380, time 94.45ms, mfu 3.44%
iter 3950: loss 0.8385, time 108.88ms, mfu 3.44%
iter 3960: loss 0.8090, time 109.03ms, mfu 3.43%
iter 3970: loss 0.8477, time 108.46ms, mfu 3.43%
iter 3980: loss 0.8398, time 123.39ms, mfu 3.39%
iter 3990: loss 0.8504, time 93.25ms, mfu 3.45%
step 4000: train loss 0.6445, val loss 1.6685
iter 4000: loss 0.8521, time 14153.60ms, mfu 3.11%
iter 4010: loss 0.8583, time 109.75ms, mfu 3.14%
iter 4020: loss 0.8540, time 109.15ms, mfu 3.17%
iter 4030: loss 0.8527, time 94.39ms, mfu 3.24%
iter 4040: loss 0.8452, time 107.73ms, mfu 3.27%
iter 4050: loss 0.8412, time 108.56ms, mfu 3.28%
iter 4060: loss 0.8321, time 94.75ms, mfu 3.35%
iter 4070: loss 0.8171, time 92.69ms, mfu 3.41%
iter 4080: loss 0.8449, time 93.23ms, mfu 3.47%
iter 4090: loss 0.8444, time 108.73ms, mfu 3.47%
iter 4100: loss 0.8391, time 94.81ms, mfu 3.51%
iter 4110: loss 0.8169, time 94.41ms, mfu 3.56%
iter 4120: loss 0.8437, time 94.30ms, mfu 3.60%
iter 4130: loss 0.8189, time 123.43ms, mfu 3.54%
iter 4140: loss 0.8172, time 108.75ms, mfu 3.53%
iter 4150: loss 0.8194, time 108.79ms, mfu 3.52%
iter 4160: loss 0.8480, time 94.04ms, mfu 3.56%
iter 4170: loss 0.8323, time 124.82ms, mfu 3.50%
iter 4180: loss 0.8178, time 109.16ms, mfu 3.50%
iter 4190: loss 0.8137, time 93.76ms, mfu 3.54%
iter 4200: loss 0.8356, time 94.21ms, mfu 3.58%
iter 4210: loss 0.8279, time 108.21ms, mfu 3.57%
iter 4220: loss 0.8413, time 124.31ms, mfu 3.51%
iter 4230: loss 0.8145, time 109.26ms, mfu 3.50%
iter 4240: loss 0.8330, time 109.94ms, mfu 3.49%
step 4250: train loss 0.6159, val loss 1.6917
iter 4250: loss 0.8226, time 14192.86ms, mfu 3.14%
iter 4260: loss 0.8394, time 123.16ms, mfu 3.13%
iter 4270: loss 0.8132, time 123.08ms, mfu 3.12%
iter 4280: loss 0.8136, time 94.40ms, mfu 3.20%
iter 4290: loss 0.8245, time 95.48ms, mfu 3.27%
iter 4300: loss 0.8055, time 107.07ms, mfu 3.30%
iter 4310: loss 0.8175, time 93.39ms, mfu 3.36%
iter 4320: loss 0.8355, time 94.52ms, mfu 3.42%
iter 4330: loss 0.8185, time 93.90ms, mfu 3.48%
iter 4340: loss 0.8217, time 94.06ms, mfu 3.53%
iter 4350: loss 0.8106, time 109.11ms, mfu 3.51%
iter 4360: loss 0.8122, time 93.78ms, mfu 3.56%
iter 4370: loss 0.8259, time 109.33ms, mfu 3.55%
iter 4380: loss 0.8166, time 126.03ms, mfu 3.49%
iter 4390: loss 0.8254, time 108.42ms, mfu 3.48%
iter 4400: loss 0.8025, time 93.66ms, mfu 3.53%
iter 4410: loss 0.8198, time 109.06ms, mfu 3.52%
iter 4420: loss 0.7967, time 137.82ms, mfu 3.44%
iter 4430: loss 0.8242, time 109.38ms, mfu 3.43%
iter 4440: loss 0.8229, time 108.83ms, mfu 3.43%
iter 4450: loss 0.8267, time 108.78ms, mfu 3.43%
iter 4460: loss 0.8119, time 108.47ms, mfu 3.43%
iter 4470: loss 0.8143, time 108.58ms, mfu 3.43%
iter 4480: loss 0.8029, time 122.85ms, mfu 3.39%
iter 4490: loss 0.7858, time 107.26ms, mfu 3.40%
step 4500: train loss 0.5942, val loss 1.7139
iter 4500: loss 0.8173, time 14101.19ms, mfu 3.06%
iter 4510: loss 0.8043, time 92.89ms, mfu 3.16%
iter 4520: loss 0.7949, time 108.23ms, mfu 3.19%
iter 4530: loss 0.8045, time 108.01ms, mfu 3.21%
iter 4540: loss 0.8155, time 95.05ms, mfu 3.28%
iter 4550: loss 0.8017, time 108.92ms, mfu 3.30%
iter 4560: loss 0.8109, time 92.92ms, mfu 3.37%
iter 4570: loss 0.8047, time 93.16ms, mfu 3.43%
iter 4580: loss 0.7909, time 108.65ms, mfu 3.43%
iter 4590: loss 0.8099, time 93.29ms, mfu 3.49%
iter 4600: loss 0.8085, time 94.01ms, mfu 3.54%
iter 4610: loss 0.8000, time 108.61ms, mfu 3.53%
iter 4620: loss 0.7690, time 124.64ms, mfu 3.47%
iter 4630: loss 0.8081, time 109.80ms, mfu 3.46%
iter 4640: loss 0.8124, time 123.86ms, mfu 3.42%
iter 4650: loss 0.7961, time 109.70ms, mfu 3.42%
iter 4660: loss 0.8209, time 109.20ms, mfu 3.42%
iter 4670: loss 0.7995, time 123.35ms, mfu 3.38%
iter 4680: loss 0.8008, time 124.85ms, mfu 3.34%
iter 4690: loss 0.7929, time 93.35ms, mfu 3.40%
iter 4700: loss 0.7882, time 108.51ms, mfu 3.41%
iter 4710: loss 0.8083, time 125.52ms, mfu 3.36%
iter 4720: loss 0.7766, time 109.07ms, mfu 3.37%
iter 4730: loss 0.7914, time 94.03ms, mfu 3.43%
iter 4740: loss 0.8090, time 109.62ms, mfu 3.42%
step 4750: train loss 0.5758, val loss 1.7199
iter 4750: loss 0.8015, time 13848.62ms, mfu 3.08%
iter 4760: loss 0.7823, time 111.52ms, mfu 3.11%
iter 4770: loss 0.7815, time 107.78ms, mfu 3.14%
iter 4780: loss 0.7850, time 95.31ms, mfu 3.22%
iter 4790: loss 0.7826, time 107.49ms, mfu 3.25%
iter 4800: loss 0.7917, time 109.09ms, mfu 3.26%
iter 4810: loss 0.8030, time 108.82ms, mfu 3.28%
iter 4820: loss 0.7886, time 107.68ms, mfu 3.30%
iter 4830: loss 0.7890, time 110.10ms, mfu 3.31%
iter 4840: loss 0.7802, time 93.85ms, mfu 3.37%
iter 4850: loss 0.7699, time 107.89ms, mfu 3.38%
iter 4860: loss 0.8050, time 124.20ms, mfu 3.34%
iter 4870: loss 0.7819, time 124.02ms, mfu 3.31%
iter 4880: loss 0.7819, time 93.50ms, mfu 3.38%
iter 4890: loss 0.7918, time 93.77ms, mfu 3.44%
iter 4900: loss 0.7895, time 124.54ms, mfu 3.39%
iter 4910: loss 0.7788, time 108.79ms, mfu 3.40%
iter 4920: loss 0.7883, time 109.38ms, mfu 3.40%
iter 4930: loss 0.7717, time 107.70ms, mfu 3.40%
iter 4940: loss 0.7882, time 123.27ms, mfu 3.36%
iter 4950: loss 0.7635, time 124.84ms, mfu 3.33%
iter 4960: loss 0.8006, time 94.14ms, mfu 3.39%
iter 4970: loss 0.7729, time 123.71ms, mfu 3.35%
iter 4980: loss 0.7868, time 94.39ms, mfu 3.41%
iter 4990: loss 0.7828, time 63.09ms, mfu 3.66%
step 5000: train loss 0.5617, val loss 1.7379
iter 5000: loss 0.7615, time 14586.83ms, mfu 3.30%
