Overriding config with config/train_shakespeare_char.py:
# train a miniature character-level shakespeare model
# good for debugging and playing on macbooks and such

out_dir = 'out-shakespeare-char'
eval_interval = 250 # keep frequent because we'll overfit
eval_iters = 200
log_interval = 10 # don't print too too often

# we expect to overfit on this small dataset, so only save when val improves
always_save_checkpoint = False

wandb_log = False # override via command line if you like
wandb_project = 'shakespeare-char'
wandb_run_name = 'mini-gpt'

dataset = 'shakespeare_char'
gradient_accumulation_steps = 1
batch_size = 64
block_size = 256 # context of up to 256 previous characters

# baby GPT model :)
n_layer = 6
n_head = 6
n_embd = 384
dropout = 0.2

learning_rate = 1e-3 # with baby networks can afford to go a bit higher
max_iters = 5000
lr_decay_iters = 5000 # make equal to max_iters usually
min_lr = 1e-4 # learning_rate / 10 usually
beta2 = 0.99 # make a bit bigger because number of tokens per iter is small

warmup_iters = 100 # not super necessary potentially

# on macbook also add
# device = 'cpu'  # run on cpu only
# compile = False # do not torch compile the model

Overriding: compile = False
Overriding: out_dir = runs\rmsnorm_lr3e-3
Overriding: learning_rate = 0.003
Overriding: min_lr = 0.00030000000000000003
Overriding: seed = 1337
Overriding: save_checkpoint = False
Overriding: norm_type = rmsnorm
tokens per iteration will be: 16,384
found vocab_size = 65 (inside data\shakespeare_char\meta.pkl)
Initializing a new model from scratch
number of parameters: 10.65M
C:\Users\86271\hw1work\nanoGPT\train.py:204: FutureWarning: `torch.cuda.amp.GradScaler(args...)` is deprecated. Please use `torch.amp.GradScaler('cuda', args...)` instead.
  scaler = torch.cuda.amp.GradScaler(enabled=(dtype == 'float16'))
num decayed parameter tensors: 26, with 10,740,096 parameters
num non-decayed parameter tensors: 13, with 4,992 parameters
using fused AdamW: True
step 0: train loss 4.2773, val loss 4.2723
iter 0: loss 4.2601, time 13554.78ms, mfu -100.00%
iter 10: loss 2.9988, time 123.63ms, mfu 3.01%
iter 20: loss 2.6168, time 125.25ms, mfu 3.01%
iter 30: loss 2.5654, time 123.24ms, mfu 3.01%
iter 40: loss 2.5316, time 124.78ms, mfu 3.01%
iter 50: loss 2.5061, time 124.18ms, mfu 3.01%
iter 60: loss 2.4965, time 109.06ms, mfu 3.05%
iter 70: loss 2.4839, time 110.14ms, mfu 3.08%
iter 80: loss 2.4863, time 110.79ms, mfu 3.11%
iter 90: loss 2.4603, time 109.64ms, mfu 3.14%
iter 100: loss 2.4549, time 109.84ms, mfu 3.16%
iter 110: loss 2.4389, time 109.64ms, mfu 3.19%
iter 120: loss 2.4015, time 107.32ms, mfu 3.22%
iter 130: loss 2.3777, time 110.02ms, mfu 3.23%
iter 140: loss 2.3727, time 108.53ms, mfu 3.25%
iter 150: loss 2.2651, time 95.74ms, mfu 3.32%
iter 160: loss 2.1803, time 109.19ms, mfu 3.33%
iter 170: loss 2.1568, time 109.34ms, mfu 3.33%
iter 180: loss 2.1196, time 108.35ms, mfu 3.35%
iter 190: loss 2.0620, time 123.27ms, mfu 3.31%
iter 200: loss 2.0409, time 44.57ms, mfu 3.82%
iter 210: loss 1.9750, time 47.03ms, mfu 4.23%
iter 220: loss 1.9911, time 33.49ms, mfu 4.92%
iter 230: loss 1.9403, time 44.46ms, mfu 5.26%
iter 240: loss 1.9508, time 45.47ms, mfu 5.56%
step 250: train loss 1.8180, val loss 1.9656
iter 250: loss 1.9126, time 11759.79ms, mfu 5.00%
iter 260: loss 1.8621, time 92.33ms, mfu 4.91%
iter 270: loss 1.8805, time 108.77ms, mfu 4.76%
iter 280: loss 1.8815, time 124.34ms, mfu 4.58%
iter 290: loss 1.8247, time 122.46ms, mfu 4.43%
iter 300: loss 1.8195, time 110.03ms, mfu 4.33%
iter 310: loss 1.7964, time 138.47ms, mfu 4.16%
iter 320: loss 1.8024, time 124.23ms, mfu 4.05%
iter 330: loss 1.7728, time 123.57ms, mfu 3.94%
iter 340: loss 1.7435, time 125.82ms, mfu 3.84%
iter 350: loss 1.7910, time 124.54ms, mfu 3.76%
iter 360: loss 1.7352, time 124.38ms, mfu 3.68%
iter 370: loss 1.7159, time 124.51ms, mfu 3.61%
iter 380: loss 1.7102, time 140.48ms, mfu 3.52%
iter 390: loss 1.7173, time 138.21ms, mfu 3.44%
iter 400: loss 1.7597, time 123.74ms, mfu 3.39%
iter 410: loss 1.6915, time 123.92ms, mfu 3.35%
iter 420: loss 1.7102, time 110.62ms, mfu 3.36%
iter 430: loss 1.6993, time 139.17ms, mfu 3.29%
iter 440: loss 1.6685, time 124.35ms, mfu 3.26%
iter 450: loss 1.6724, time 125.23ms, mfu 3.23%
iter 460: loss 1.6258, time 125.19ms, mfu 3.21%
iter 470: loss 1.6762, time 125.08ms, mfu 3.18%
iter 480: loss 1.6588, time 124.63ms, mfu 3.16%
iter 490: loss 1.6310, time 110.71ms, mfu 3.18%
step 500: train loss 1.5465, val loss 1.7481
iter 500: loss 1.6316, time 12074.78ms, mfu 2.87%
iter 510: loss 1.6529, time 124.72ms, mfu 2.88%
iter 520: loss 1.6463, time 123.83ms, mfu 2.89%
iter 530: loss 1.6034, time 124.02ms, mfu 2.90%
iter 540: loss 1.6681, time 124.78ms, mfu 2.91%
iter 550: loss 1.6157, time 124.44ms, mfu 2.92%
iter 560: loss 1.6199, time 123.50ms, mfu 2.93%
iter 570: loss 1.6271, time 126.35ms, mfu 2.93%
iter 580: loss 1.6026, time 110.04ms, mfu 2.98%
iter 590: loss 1.5679, time 109.26ms, mfu 3.02%
iter 600: loss 1.5921, time 109.98ms, mfu 3.06%
iter 610: loss 1.6105, time 109.01ms, mfu 3.09%
iter 620: loss 1.6018, time 109.17ms, mfu 3.13%
iter 630: loss 1.5872, time 110.73ms, mfu 3.15%
iter 640: loss 1.5419, time 139.08ms, mfu 3.10%
iter 650: loss 1.5655, time 108.80ms, mfu 3.13%
iter 660: loss 1.5951, time 108.60ms, mfu 3.16%
iter 670: loss 1.5164, time 125.32ms, mfu 3.15%
iter 680: loss 1.5832, time 109.23ms, mfu 3.17%
iter 690: loss 1.5459, time 125.29ms, mfu 3.15%
iter 700: loss 1.5715, time 109.27ms, mfu 3.18%
iter 710: loss 1.5440, time 123.76ms, mfu 3.16%
iter 720: loss 1.5166, time 111.29ms, mfu 3.18%
iter 730: loss 1.5068, time 122.98ms, mfu 3.16%
iter 740: loss 1.5076, time 109.30ms, mfu 3.19%
step 750: train loss 1.4220, val loss 1.6394
iter 750: loss 1.5074, time 12151.54ms, mfu 2.87%
iter 760: loss 1.5230, time 123.09ms, mfu 2.89%
iter 770: loss 1.5153, time 123.49ms, mfu 2.90%
iter 780: loss 1.5017, time 122.63ms, mfu 2.92%
iter 790: loss 1.5023, time 140.82ms, mfu 2.89%
iter 800: loss 1.5184, time 125.20ms, mfu 2.90%
iter 810: loss 1.4840, time 125.50ms, mfu 2.90%
iter 820: loss 1.4915, time 123.77ms, mfu 2.92%
iter 830: loss 1.4754, time 110.53ms, mfu 2.96%
iter 840: loss 1.4952, time 110.45ms, mfu 3.00%
iter 850: loss 1.4780, time 123.47ms, mfu 3.00%
iter 860: loss 1.4793, time 123.65ms, mfu 3.00%
iter 870: loss 1.4806, time 139.91ms, mfu 2.97%
iter 880: loss 1.4598, time 111.27ms, mfu 3.01%
iter 890: loss 1.4654, time 137.17ms, mfu 2.98%
iter 900: loss 1.4534, time 123.88ms, mfu 2.98%
iter 910: loss 1.3980, time 110.42ms, mfu 3.02%
iter 920: loss 1.4445, time 125.01ms, mfu 3.02%
iter 930: loss 1.4351, time 124.38ms, mfu 3.02%
iter 940: loss 1.4244, time 123.55ms, mfu 3.02%
iter 950: loss 1.4359, time 110.14ms, mfu 3.05%
iter 960: loss 1.4405, time 109.89ms, mfu 3.09%
iter 970: loss 1.4379, time 109.18ms, mfu 3.12%
iter 980: loss 1.4274, time 109.19ms, mfu 3.15%
iter 990: loss 1.4155, time 123.60ms, mfu 3.13%
step 1000: train loss 1.3346, val loss 1.5690
iter 1000: loss 1.4181, time 12305.24ms, mfu 2.82%
iter 1010: loss 1.4130, time 124.68ms, mfu 2.84%
iter 1020: loss 1.3856, time 124.65ms, mfu 2.86%
iter 1030: loss 1.4190, time 125.46ms, mfu 2.87%
iter 1040: loss 1.4449, time 110.17ms, mfu 2.92%
iter 1050: loss 1.3630, time 124.39ms, mfu 2.93%
iter 1060: loss 1.4177, time 110.20ms, mfu 2.97%
iter 1070: loss 1.4100, time 123.04ms, mfu 2.98%
iter 1080: loss 1.4083, time 109.87ms, mfu 3.02%
iter 1090: loss 1.4185, time 123.93ms, mfu 3.02%
iter 1100: loss 1.3906, time 110.74ms, mfu 3.05%
iter 1110: loss 1.3716, time 124.30ms, mfu 3.05%
iter 1120: loss 1.3735, time 124.11ms, mfu 3.04%
iter 1130: loss 1.3650, time 123.91ms, mfu 3.04%
iter 1140: loss 1.3658, time 124.88ms, mfu 3.03%
iter 1150: loss 1.3765, time 123.18ms, mfu 3.03%
iter 1160: loss 1.4035, time 111.13ms, mfu 3.06%
iter 1170: loss 1.3717, time 124.78ms, mfu 3.06%
iter 1180: loss 1.3905, time 124.61ms, mfu 3.05%
iter 1190: loss 1.3456, time 110.48ms, mfu 3.08%
iter 1200: loss 1.3584, time 123.23ms, mfu 3.08%
iter 1210: loss 1.3394, time 110.79ms, mfu 3.11%
iter 1220: loss 1.3765, time 111.06ms, mfu 3.13%
iter 1230: loss 1.3723, time 124.27ms, mfu 3.12%
iter 1240: loss 1.3737, time 110.20ms, mfu 3.14%
step 1250: train loss 1.2599, val loss 1.5161
iter 1250: loss 1.3511, time 12298.89ms, mfu 2.83%
iter 1260: loss 1.3529, time 123.41ms, mfu 2.85%
iter 1270: loss 1.3338, time 110.20ms, mfu 2.90%
iter 1280: loss 1.3250, time 123.26ms, mfu 2.92%
iter 1290: loss 1.3519, time 124.44ms, mfu 2.92%
iter 1300: loss 1.3734, time 125.24ms, mfu 2.93%
iter 1310: loss 1.3029, time 109.99ms, mfu 2.97%
iter 1320: loss 1.3751, time 109.48ms, mfu 3.02%
iter 1330: loss 1.3288, time 124.61ms, mfu 3.01%
iter 1340: loss 1.3600, time 139.48ms, mfu 2.98%
iter 1350: loss 1.3157, time 110.02ms, mfu 3.02%
iter 1360: loss 1.3407, time 110.28ms, mfu 3.06%
iter 1370: loss 1.3181, time 124.46ms, mfu 3.05%
iter 1380: loss 1.3259, time 125.10ms, mfu 3.04%
iter 1390: loss 1.3188, time 124.57ms, mfu 3.04%
iter 1400: loss 1.3266, time 95.37ms, mfu 3.13%
iter 1410: loss 1.3130, time 123.42ms, mfu 3.11%
iter 1420: loss 1.3374, time 109.91ms, mfu 3.14%
iter 1430: loss 1.3086, time 109.74ms, mfu 3.17%
iter 1440: loss 1.3165, time 109.73ms, mfu 3.19%
iter 1450: loss 1.2899, time 109.38ms, mfu 3.21%
iter 1460: loss 1.3039, time 123.99ms, mfu 3.19%
iter 1470: loss 1.2791, time 108.91ms, mfu 3.21%
iter 1480: loss 1.2784, time 109.62ms, mfu 3.23%
iter 1490: loss 1.3034, time 123.29ms, mfu 3.21%
step 1500: train loss 1.2077, val loss 1.4943
iter 1500: loss 1.2483, time 12573.56ms, mfu 2.89%
iter 1510: loss 1.2988, time 124.81ms, mfu 2.90%
iter 1520: loss 1.2857, time 123.21ms, mfu 2.91%
iter 1530: loss 1.3224, time 111.62ms, mfu 2.96%
iter 1540: loss 1.2498, time 139.39ms, mfu 2.93%
iter 1550: loss 1.2897, time 138.93ms, mfu 2.90%
iter 1560: loss 1.2717, time 126.27ms, mfu 2.91%
iter 1570: loss 1.2930, time 123.83ms, mfu 2.92%
iter 1580: loss 1.2671, time 109.78ms, mfu 2.97%
iter 1590: loss 1.2491, time 110.52ms, mfu 3.01%
iter 1600: loss 1.2537, time 124.29ms, mfu 3.01%
iter 1610: loss 1.3007, time 110.23ms, mfu 3.04%
iter 1620: loss 1.2473, time 109.20ms, mfu 3.08%
iter 1630: loss 1.2712, time 109.62ms, mfu 3.11%
iter 1640: loss 1.2647, time 109.40ms, mfu 3.14%
iter 1650: loss 1.2420, time 125.25ms, mfu 3.12%
iter 1660: loss 1.2802, time 124.28ms, mfu 3.11%
iter 1670: loss 1.2578, time 109.91ms, mfu 3.14%
iter 1680: loss 1.2689, time 108.79ms, mfu 3.17%
iter 1690: loss 1.2612, time 109.11ms, mfu 3.19%
iter 1700: loss 1.2501, time 111.25ms, mfu 3.21%
iter 1710: loss 1.2403, time 108.83ms, mfu 3.23%
iter 1720: loss 1.2455, time 110.64ms, mfu 3.24%
iter 1730: loss 1.2621, time 110.31ms, mfu 3.26%
iter 1740: loss 1.2301, time 125.12ms, mfu 3.23%
step 1750: train loss 1.1568, val loss 1.4656
iter 1750: loss 1.2490, time 12390.22ms, mfu 2.91%
iter 1760: loss 1.2475, time 109.50ms, mfu 2.96%
iter 1770: loss 1.2519, time 125.18ms, mfu 2.96%
iter 1780: loss 1.2531, time 125.47ms, mfu 2.96%
iter 1790: loss 1.2537, time 124.14ms, mfu 2.97%
iter 1800: loss 1.2459, time 124.74ms, mfu 2.97%
iter 1810: loss 1.2183, time 124.52ms, mfu 2.97%
iter 1820: loss 1.2287, time 124.20ms, mfu 2.97%
iter 1830: loss 1.2294, time 108.60ms, mfu 3.02%
iter 1840: loss 1.2285, time 138.52ms, mfu 2.99%
iter 1850: loss 1.2208, time 109.41ms, mfu 3.03%
iter 1860: loss 1.2388, time 124.52ms, mfu 3.02%
iter 1870: loss 1.1980, time 123.95ms, mfu 3.02%
iter 1880: loss 1.2331, time 109.57ms, mfu 3.06%
iter 1890: loss 1.2327, time 139.98ms, mfu 3.02%
iter 1900: loss 1.1899, time 110.16ms, mfu 3.06%
iter 1910: loss 1.2251, time 124.23ms, mfu 3.05%
iter 1920: loss 1.2230, time 124.53ms, mfu 3.05%
iter 1930: loss 1.2028, time 125.25ms, mfu 3.04%
iter 1940: loss 1.1846, time 123.74ms, mfu 3.04%
iter 1950: loss 1.1948, time 123.73ms, mfu 3.03%
iter 1960: loss 1.2170, time 109.72ms, mfu 3.07%
iter 1970: loss 1.2081, time 124.13ms, mfu 3.06%
iter 1980: loss 1.2133, time 110.15ms, mfu 3.09%
iter 1990: loss 1.2077, time 109.46ms, mfu 3.13%
step 2000: train loss 1.1174, val loss 1.4710
iter 2000: loss 1.1921, time 12361.99ms, mfu 2.82%
iter 2010: loss 1.1883, time 110.33ms, mfu 2.87%
iter 2020: loss 1.1816, time 110.67ms, mfu 2.92%
iter 2030: loss 1.2147, time 124.83ms, mfu 2.93%
iter 2040: loss 1.1994, time 125.29ms, mfu 2.93%
iter 2050: loss 1.1708, time 124.24ms, mfu 2.94%
iter 2060: loss 1.1606, time 125.38ms, mfu 2.94%
iter 2070: loss 1.1855, time 110.23ms, mfu 2.99%
iter 2080: loss 1.1814, time 110.14ms, mfu 3.03%
iter 2090: loss 1.1934, time 110.90ms, mfu 3.06%
iter 2100: loss 1.1855, time 110.31ms, mfu 3.09%
iter 2110: loss 1.1857, time 124.27ms, mfu 3.08%
iter 2120: loss 1.1868, time 109.82ms, mfu 3.11%
iter 2130: loss 1.1959, time 123.93ms, mfu 3.10%
iter 2140: loss 1.1969, time 109.35ms, mfu 3.13%
iter 2150: loss 1.1755, time 123.73ms, mfu 3.12%
iter 2160: loss 1.2047, time 124.07ms, mfu 3.11%
iter 2170: loss 1.1930, time 110.57ms, mfu 3.14%
iter 2180: loss 1.1696, time 124.44ms, mfu 3.12%
iter 2190: loss 1.1640, time 122.97ms, mfu 3.11%
iter 2200: loss 1.1860, time 123.16ms, mfu 3.10%
iter 2210: loss 1.1660, time 124.15ms, mfu 3.09%
iter 2220: loss 1.1794, time 123.74ms, mfu 3.09%
iter 2230: loss 1.1809, time 109.23ms, mfu 3.12%
iter 2240: loss 1.1861, time 108.93ms, mfu 3.15%
step 2250: train loss 1.0742, val loss 1.4570
iter 2250: loss 1.1639, time 12554.65ms, mfu 2.84%
iter 2260: loss 1.1641, time 109.85ms, mfu 2.89%
iter 2270: loss 1.2071, time 124.66ms, mfu 2.90%
iter 2280: loss 1.1578, time 109.70ms, mfu 2.95%
iter 2290: loss 1.2018, time 108.87ms, mfu 3.00%
iter 2300: loss 1.1845, time 123.17ms, mfu 3.00%
iter 2310: loss 1.1521, time 109.60ms, mfu 3.04%
iter 2320: loss 1.1610, time 123.96ms, mfu 3.04%
iter 2330: loss 1.1602, time 123.23ms, mfu 3.04%
iter 2340: loss 1.1768, time 110.02ms, mfu 3.07%
iter 2350: loss 1.1690, time 125.12ms, mfu 3.06%
iter 2360: loss 1.1676, time 111.26ms, mfu 3.09%
iter 2370: loss 1.1436, time 124.24ms, mfu 3.08%
iter 2380: loss 1.1438, time 109.88ms, mfu 3.11%
iter 2390: loss 1.1371, time 124.20ms, mfu 3.10%
iter 2400: loss 1.1377, time 109.74ms, mfu 3.13%
iter 2410: loss 1.1261, time 125.32ms, mfu 3.11%
iter 2420: loss 1.1411, time 125.12ms, mfu 3.10%
iter 2430: loss 1.1171, time 110.47ms, mfu 3.13%
iter 2440: loss 1.1193, time 139.31ms, mfu 3.08%
iter 2450: loss 1.1351, time 124.18ms, mfu 3.07%
iter 2460: loss 1.1453, time 124.20ms, mfu 3.07%
iter 2470: loss 1.1427, time 109.52ms, mfu 3.10%
iter 2480: loss 1.1488, time 123.46ms, mfu 3.09%
iter 2490: loss 1.1136, time 124.72ms, mfu 3.08%
step 2500: train loss 1.0316, val loss 1.4804
iter 2500: loss 1.1452, time 12419.70ms, mfu 2.78%
iter 2510: loss 1.1364, time 139.20ms, mfu 2.77%
iter 2520: loss 1.1131, time 109.27ms, mfu 2.83%
iter 2530: loss 1.1144, time 123.53ms, mfu 2.85%
iter 2540: loss 1.1172, time 123.77ms, mfu 2.87%
iter 2550: loss 1.1319, time 110.82ms, mfu 2.92%
iter 2560: loss 1.1170, time 124.28ms, mfu 2.92%
iter 2570: loss 1.1284, time 127.06ms, mfu 2.92%
iter 2580: loss 1.1351, time 109.67ms, mfu 2.97%
iter 2590: loss 1.1286, time 124.93ms, mfu 2.97%
iter 2600: loss 1.1270, time 124.90ms, mfu 2.97%
iter 2610: loss 1.1022, time 123.76ms, mfu 2.98%
iter 2620: loss 1.0956, time 124.50ms, mfu 2.98%
iter 2630: loss 1.0787, time 94.18ms, mfu 3.08%
iter 2640: loss 1.1077, time 124.87ms, mfu 3.07%
iter 2650: loss 1.1315, time 125.06ms, mfu 3.06%
iter 2660: loss 1.1009, time 110.22ms, mfu 3.09%
iter 2670: loss 1.0871, time 125.60ms, mfu 3.08%
iter 2680: loss 1.1078, time 110.05ms, mfu 3.11%
iter 2690: loss 1.1083, time 110.13ms, mfu 3.14%
iter 2700: loss 1.0823, time 124.73ms, mfu 3.12%
iter 2710: loss 1.1059, time 108.80ms, mfu 3.15%
iter 2720: loss 1.1093, time 108.95ms, mfu 3.18%
iter 2730: loss 1.1166, time 124.73ms, mfu 3.16%
iter 2740: loss 1.0920, time 110.79ms, mfu 3.18%
step 2750: train loss 0.9890, val loss 1.4883
iter 2750: loss 1.0992, time 12314.91ms, mfu 2.87%
iter 2760: loss 1.0931, time 110.39ms, mfu 2.92%
iter 2770: loss 1.0866, time 110.13ms, mfu 2.96%
iter 2780: loss 1.0824, time 124.28ms, mfu 2.97%
iter 2790: loss 1.1024, time 109.15ms, mfu 3.01%
iter 2800: loss 1.0725, time 124.70ms, mfu 3.01%
iter 2810: loss 1.0915, time 110.29ms, mfu 3.05%
iter 2820: loss 1.0896, time 110.16ms, mfu 3.08%
iter 2830: loss 1.1015, time 109.17ms, mfu 3.11%
iter 2840: loss 1.0511, time 110.40ms, mfu 3.14%
iter 2850: loss 1.0782, time 124.71ms, mfu 3.12%
iter 2860: loss 1.0818, time 138.60ms, mfu 3.08%
iter 2870: loss 1.0714, time 138.75ms, mfu 3.04%
iter 2880: loss 1.0947, time 125.39ms, mfu 3.03%
iter 2890: loss 1.0685, time 110.21ms, mfu 3.07%
iter 2900: loss 1.0442, time 109.77ms, mfu 3.10%
iter 2910: loss 1.1022, time 125.07ms, mfu 3.09%
iter 2920: loss 1.0791, time 123.42ms, mfu 3.08%
iter 2930: loss 1.0568, time 125.65ms, mfu 3.07%
iter 2940: loss 1.0481, time 124.36ms, mfu 3.06%
iter 2950: loss 1.0807, time 138.98ms, mfu 3.02%
iter 2960: loss 1.0543, time 110.02ms, mfu 3.06%
iter 2970: loss 1.0484, time 110.34ms, mfu 3.09%
iter 2980: loss 1.0616, time 124.64ms, mfu 3.08%
iter 2990: loss 1.0470, time 110.74ms, mfu 3.11%
step 3000: train loss 0.9433, val loss 1.4783
iter 3000: loss 1.0471, time 12182.61ms, mfu 2.80%
iter 3010: loss 1.0556, time 123.42ms, mfu 2.82%
iter 3020: loss 1.0628, time 108.90ms, mfu 2.88%
iter 3030: loss 1.0646, time 123.97ms, mfu 2.90%
iter 3040: loss 1.0920, time 125.44ms, mfu 2.90%
iter 3050: loss 1.0463, time 123.75ms, mfu 2.91%
iter 3060: loss 1.0502, time 108.76ms, mfu 2.97%
iter 3070: loss 1.0761, time 139.87ms, mfu 2.94%
iter 3080: loss 1.0553, time 125.76ms, mfu 2.94%
iter 3090: loss 1.0471, time 124.93ms, mfu 2.94%
iter 3100: loss 1.0509, time 123.70ms, mfu 2.95%
iter 3110: loss 1.0265, time 124.74ms, mfu 2.95%
iter 3120: loss 1.0526, time 109.20ms, mfu 3.00%
iter 3130: loss 1.0373, time 126.07ms, mfu 2.99%
iter 3140: loss 1.0387, time 124.48ms, mfu 2.99%
iter 3150: loss 1.0663, time 124.20ms, mfu 3.00%
iter 3160: loss 1.0708, time 111.15ms, mfu 3.03%
iter 3170: loss 1.0104, time 109.59ms, mfu 3.07%
iter 3180: loss 1.0351, time 124.30ms, mfu 3.06%
iter 3190: loss 1.0471, time 125.11ms, mfu 3.05%
iter 3200: loss 1.0226, time 110.95ms, mfu 3.08%
iter 3210: loss 1.0137, time 123.24ms, mfu 3.08%
iter 3220: loss 1.0186, time 109.78ms, mfu 3.11%
iter 3230: loss 1.0097, time 124.48ms, mfu 3.10%
iter 3240: loss 1.0139, time 125.11ms, mfu 3.09%
step 3250: train loss 0.9005, val loss 1.5108
iter 3250: loss 1.0315, time 12052.27ms, mfu 2.78%
iter 3260: loss 1.0197, time 123.07ms, mfu 2.80%
iter 3270: loss 1.0319, time 108.56ms, mfu 2.87%
iter 3280: loss 1.0050, time 109.78ms, mfu 2.92%
iter 3290: loss 0.9994, time 124.97ms, mfu 2.93%
iter 3300: loss 0.9993, time 96.47ms, mfu 3.02%
iter 3310: loss 1.0114, time 125.58ms, mfu 3.01%
iter 3320: loss 1.0172, time 138.39ms, mfu 2.98%
iter 3330: loss 1.0109, time 124.26ms, mfu 2.98%
iter 3340: loss 1.0053, time 110.06ms, mfu 3.02%
iter 3350: loss 1.0207, time 109.16ms, mfu 3.06%
iter 3360: loss 0.9721, time 110.85ms, mfu 3.09%
iter 3370: loss 1.0102, time 124.14ms, mfu 3.08%
iter 3380: loss 1.0076, time 125.83ms, mfu 3.07%
iter 3390: loss 1.0042, time 109.82ms, mfu 3.10%
iter 3400: loss 1.0137, time 125.63ms, mfu 3.09%
iter 3410: loss 1.0094, time 109.99ms, mfu 3.12%
iter 3420: loss 1.0079, time 124.92ms, mfu 3.11%
iter 3430: loss 1.0059, time 137.99ms, mfu 3.07%
iter 3440: loss 1.0390, time 109.99ms, mfu 3.10%
iter 3450: loss 1.0083, time 110.73ms, mfu 3.12%
iter 3460: loss 1.0004, time 123.23ms, mfu 3.11%
iter 3470: loss 1.0027, time 124.39ms, mfu 3.10%
iter 3480: loss 1.0053, time 123.23ms, mfu 3.09%
iter 3490: loss 0.9731, time 110.46ms, mfu 3.12%
step 3500: train loss 0.8552, val loss 1.5212
iter 3500: loss 0.9698, time 11961.61ms, mfu 2.81%
iter 3510: loss 0.9714, time 124.69ms, mfu 2.83%
iter 3520: loss 0.9802, time 123.20ms, mfu 2.85%
iter 3530: loss 1.0143, time 123.69ms, mfu 2.87%
iter 3540: loss 0.9766, time 123.34ms, mfu 2.88%
iter 3550: loss 0.9761, time 124.66ms, mfu 2.89%
iter 3560: loss 1.0103, time 125.25ms, mfu 2.90%
iter 3570: loss 0.9941, time 125.69ms, mfu 2.91%
iter 3580: loss 0.9876, time 110.64ms, mfu 2.95%
iter 3590: loss 0.9810, time 123.96ms, mfu 2.96%
iter 3600: loss 0.9801, time 108.78ms, mfu 3.01%
iter 3610: loss 0.9758, time 124.88ms, mfu 3.00%
iter 3620: loss 0.9675, time 110.68ms, mfu 3.04%
iter 3630: loss 0.9808, time 109.61ms, mfu 3.08%
iter 3640: loss 0.9727, time 123.62ms, mfu 3.07%
iter 3650: loss 0.9623, time 123.37ms, mfu 3.06%
iter 3660: loss 0.9945, time 125.10ms, mfu 3.06%
iter 3670: loss 0.9850, time 124.99ms, mfu 3.05%
iter 3680: loss 0.9551, time 125.29ms, mfu 3.04%
iter 3690: loss 0.9890, time 124.66ms, mfu 3.04%
iter 3700: loss 0.9270, time 123.59ms, mfu 3.03%
iter 3710: loss 0.9268, time 123.47ms, mfu 3.03%
iter 3720: loss 0.9627, time 123.02ms, mfu 3.03%
iter 3730: loss 0.9538, time 109.51ms, mfu 3.07%
iter 3740: loss 0.9556, time 125.24ms, mfu 3.06%
step 3750: train loss 0.8157, val loss 1.5526
iter 3750: loss 0.9537, time 11984.27ms, mfu 2.76%
iter 3760: loss 0.9904, time 125.32ms, mfu 2.78%
iter 3770: loss 0.9923, time 123.68ms, mfu 2.80%
iter 3780: loss 0.9823, time 110.66ms, mfu 2.86%
iter 3790: loss 0.9513, time 138.73ms, mfu 2.84%
iter 3800: loss 0.9602, time 109.01ms, mfu 2.90%
iter 3810: loss 0.9735, time 109.78ms, mfu 2.95%
iter 3820: loss 0.9456, time 110.20ms, mfu 2.99%
iter 3830: loss 0.9498, time 111.25ms, mfu 3.03%
iter 3840: loss 0.9354, time 109.39ms, mfu 3.07%
iter 3850: loss 0.9338, time 125.04ms, mfu 3.06%
iter 3860: loss 0.9238, time 109.27ms, mfu 3.09%
iter 3870: loss 0.9438, time 110.57ms, mfu 3.12%
iter 3880: loss 0.9408, time 125.79ms, mfu 3.10%
iter 3890: loss 0.9499, time 122.78ms, mfu 3.10%
iter 3900: loss 0.9511, time 109.00ms, mfu 3.13%
iter 3910: loss 0.9414, time 108.73ms, mfu 3.16%
iter 3920: loss 0.9249, time 109.80ms, mfu 3.18%
iter 3930: loss 0.9517, time 123.67ms, mfu 3.17%
iter 3940: loss 0.9281, time 126.21ms, mfu 3.14%
iter 3950: loss 0.9326, time 110.74ms, mfu 3.17%
iter 3960: loss 0.9547, time 138.13ms, mfu 3.12%
iter 3970: loss 0.9476, time 110.12ms, mfu 3.15%
iter 3980: loss 0.9496, time 108.31ms, mfu 3.18%
iter 3990: loss 0.9259, time 109.14ms, mfu 3.20%
step 4000: train loss 0.7778, val loss 1.5731
iter 4000: loss 0.9066, time 12170.20ms, mfu 2.88%
iter 4010: loss 0.9279, time 109.23ms, mfu 2.94%
iter 4020: loss 0.9357, time 125.19ms, mfu 2.94%
iter 4030: loss 0.9258, time 110.25ms, mfu 2.98%
iter 4040: loss 0.9289, time 126.19ms, mfu 2.98%
iter 4050: loss 0.9173, time 111.44ms, mfu 3.02%
iter 4060: loss 0.9100, time 126.59ms, mfu 3.01%
iter 4070: loss 0.9071, time 110.45ms, mfu 3.05%
iter 4080: loss 0.9323, time 124.71ms, mfu 3.04%
iter 4090: loss 0.8940, time 124.15ms, mfu 3.04%
iter 4100: loss 0.9510, time 124.41ms, mfu 3.03%
iter 4110: loss 0.9232, time 124.83ms, mfu 3.03%
iter 4120: loss 0.9225, time 125.17ms, mfu 3.02%
iter 4130: loss 0.9132, time 109.48ms, mfu 3.06%
iter 4140: loss 0.9314, time 139.54ms, mfu 3.02%
iter 4150: loss 0.9174, time 124.20ms, mfu 3.02%
iter 4160: loss 0.9020, time 109.76ms, mfu 3.06%
iter 4170: loss 0.9228, time 124.78ms, mfu 3.05%
iter 4180: loss 0.9079, time 126.26ms, mfu 3.04%
iter 4190: loss 0.9210, time 124.12ms, mfu 3.04%
iter 4200: loss 0.9115, time 108.51ms, mfu 3.08%
iter 4210: loss 0.9248, time 124.67ms, mfu 3.07%
iter 4220: loss 0.9090, time 109.84ms, mfu 3.10%
iter 4230: loss 0.9340, time 124.99ms, mfu 3.09%
iter 4240: loss 0.9142, time 110.11ms, mfu 3.12%
step 4250: train loss 0.7428, val loss 1.6054
iter 4250: loss 0.9249, time 12246.75ms, mfu 2.81%
iter 4260: loss 0.9084, time 109.65ms, mfu 2.87%
iter 4270: loss 0.9223, time 109.79ms, mfu 2.92%
iter 4280: loss 0.8961, time 125.77ms, mfu 2.92%
iter 4290: loss 0.8711, time 125.54ms, mfu 2.93%
iter 4300: loss 0.8710, time 123.96ms, mfu 2.94%
iter 4310: loss 0.9053, time 123.64ms, mfu 2.94%
iter 4320: loss 0.8809, time 125.37ms, mfu 2.95%
iter 4330: loss 0.9113, time 109.49ms, mfu 2.99%
iter 4340: loss 0.8737, time 109.96ms, mfu 3.03%
iter 4350: loss 0.8826, time 124.96ms, mfu 3.03%
iter 4360: loss 0.8998, time 122.55ms, mfu 3.03%
iter 4370: loss 0.9027, time 108.94ms, mfu 3.07%
iter 4380: loss 0.8821, time 123.68ms, mfu 3.06%
iter 4390: loss 0.9077, time 109.31ms, mfu 3.10%
iter 4400: loss 0.8874, time 109.21ms, mfu 3.13%
iter 4410: loss 0.9107, time 124.92ms, mfu 3.11%
iter 4420: loss 0.9040, time 108.84ms, mfu 3.14%
iter 4430: loss 0.8855, time 94.30ms, mfu 3.23%
iter 4440: loss 0.8872, time 110.93ms, mfu 3.24%
iter 4450: loss 0.8863, time 124.95ms, mfu 3.21%
iter 4460: loss 0.8757, time 138.79ms, mfu 3.16%
iter 4470: loss 0.8945, time 123.77ms, mfu 3.15%
iter 4480: loss 0.8706, time 124.01ms, mfu 3.13%
iter 4490: loss 0.8847, time 109.14ms, mfu 3.16%
step 4500: train loss 0.7135, val loss 1.6280
iter 4500: loss 0.9057, time 12313.88ms, mfu 2.85%
iter 4510: loss 0.8920, time 110.38ms, mfu 2.90%
iter 4520: loss 0.8707, time 124.05ms, mfu 2.91%
iter 4530: loss 0.8958, time 138.84ms, mfu 2.89%
iter 4540: loss 0.8953, time 124.21ms, mfu 2.90%
iter 4550: loss 0.9255, time 124.66ms, mfu 2.91%
iter 4560: loss 0.8756, time 141.36ms, mfu 2.88%
iter 4570: loss 0.8811, time 110.57ms, mfu 2.93%
iter 4580: loss 0.9049, time 124.55ms, mfu 2.94%
iter 4590: loss 0.8905, time 123.74ms, mfu 2.94%
iter 4600: loss 0.8696, time 123.44ms, mfu 2.95%
iter 4610: loss 0.9100, time 139.19ms, mfu 2.92%
iter 4620: loss 0.8881, time 123.60ms, mfu 2.93%
iter 4630: loss 0.8567, time 124.41ms, mfu 2.94%
iter 4640: loss 0.8892, time 124.87ms, mfu 2.94%
iter 4650: loss 0.9020, time 110.32ms, mfu 2.99%
iter 4660: loss 0.8939, time 109.63ms, mfu 3.03%
iter 4670: loss 0.8895, time 125.01ms, mfu 3.02%
iter 4680: loss 0.8909, time 123.63ms, mfu 3.02%
iter 4690: loss 0.8852, time 109.88ms, mfu 3.06%
iter 4700: loss 0.8596, time 110.28ms, mfu 3.09%
iter 4710: loss 0.8210, time 123.45ms, mfu 3.08%
iter 4720: loss 0.8724, time 94.30ms, mfu 3.17%
iter 4730: loss 0.8605, time 123.83ms, mfu 3.15%
iter 4740: loss 0.8703, time 124.85ms, mfu 3.14%
step 4750: train loss 0.6892, val loss 1.6517
iter 4750: loss 0.8410, time 12425.50ms, mfu 2.83%
iter 4760: loss 0.8668, time 124.37ms, mfu 2.84%
iter 4770: loss 0.8294, time 108.61ms, mfu 2.90%
iter 4780: loss 0.8455, time 124.33ms, mfu 2.91%
iter 4790: loss 0.8737, time 124.03ms, mfu 2.92%
iter 4800: loss 0.8526, time 110.43ms, mfu 2.97%
iter 4810: loss 0.8814, time 138.84ms, mfu 2.94%
iter 4820: loss 0.8571, time 125.21ms, mfu 2.94%
iter 4830: loss 0.8634, time 110.17ms, mfu 2.99%
iter 4840: loss 0.8735, time 124.71ms, mfu 2.99%
iter 4850: loss 0.8537, time 125.98ms, mfu 2.98%
iter 4860: loss 0.8553, time 124.51ms, mfu 2.98%
iter 4870: loss 0.8427, time 123.49ms, mfu 2.99%
iter 4880: loss 0.8723, time 108.66ms, mfu 3.03%
iter 4890: loss 0.8552, time 125.00ms, mfu 3.03%
iter 4900: loss 0.8333, time 110.61ms, mfu 3.06%
iter 4910: loss 0.8729, time 109.34ms, mfu 3.10%
iter 4920: loss 0.8499, time 122.57ms, mfu 3.09%
iter 4930: loss 0.8370, time 124.18ms, mfu 3.08%
iter 4940: loss 0.8338, time 109.68ms, mfu 3.11%
iter 4950: loss 0.8675, time 124.43ms, mfu 3.10%
iter 4960: loss 0.8744, time 124.46ms, mfu 3.09%
iter 4970: loss 0.8277, time 123.78ms, mfu 3.08%
iter 4980: loss 0.8230, time 78.05ms, mfu 3.25%
iter 4990: loss 0.8579, time 92.22ms, mfu 3.33%
step 5000: train loss 0.6728, val loss 1.6660
iter 5000: loss 0.8561, time 11701.38ms, mfu 3.00%
