Overriding config with config/train_shakespeare_char.py:
# train a miniature character-level shakespeare model
# good for debugging and playing on macbooks and such

out_dir = 'out-shakespeare-char'
eval_interval = 250 # keep frequent because we'll overfit
eval_iters = 200
log_interval = 10 # don't print too too often

# we expect to overfit on this small dataset, so only save when val improves
always_save_checkpoint = False

wandb_log = False # override via command line if you like
wandb_project = 'shakespeare-char'
wandb_run_name = 'mini-gpt'

dataset = 'shakespeare_char'
gradient_accumulation_steps = 1
batch_size = 64
block_size = 256 # context of up to 256 previous characters

# baby GPT model :)
n_layer = 6
n_head = 6
n_embd = 384
dropout = 0.2

learning_rate = 1e-3 # with baby networks can afford to go a bit higher
max_iters = 5000
lr_decay_iters = 5000 # make equal to max_iters usually
min_lr = 1e-4 # learning_rate / 10 usually
beta2 = 0.99 # make a bit bigger because number of tokens per iter is small

warmup_iters = 100 # not super necessary potentially

# on macbook also add
# device = 'cpu'  # run on cpu only
# compile = False # do not torch compile the model

Overriding: compile = False
Overriding: out_dir = runs\rmsnorm_lr5e-4
Overriding: learning_rate = 0.0005
Overriding: min_lr = 5e-05
Overriding: seed = 1337
Overriding: save_checkpoint = False
Overriding: norm_type = rmsnorm
tokens per iteration will be: 16,384
found vocab_size = 65 (inside data\shakespeare_char\meta.pkl)
Initializing a new model from scratch
number of parameters: 10.65M
C:\Users\86271\hw1work\nanoGPT\train.py:204: FutureWarning: `torch.cuda.amp.GradScaler(args...)` is deprecated. Please use `torch.amp.GradScaler('cuda', args...)` instead.
  scaler = torch.cuda.amp.GradScaler(enabled=(dtype == 'float16'))
num decayed parameter tensors: 26, with 10,740,096 parameters
num non-decayed parameter tensors: 13, with 4,992 parameters
using fused AdamW: True
step 0: train loss 4.2773, val loss 4.2723
iter 0: loss 4.2601, time 8033.64ms, mfu -100.00%
iter 10: loss 3.3195, time 92.86ms, mfu 4.01%
iter 20: loss 2.8770, time 78.25ms, mfu 4.09%
iter 30: loss 2.6954, time 78.56ms, mfu 4.15%
iter 40: loss 2.6168, time 77.11ms, mfu 4.22%
iter 50: loss 2.5584, time 78.93ms, mfu 4.27%
iter 60: loss 2.5313, time 78.40ms, mfu 4.32%
iter 70: loss 2.5141, time 91.00ms, mfu 4.30%
iter 80: loss 2.5178, time 65.10ms, mfu 4.44%
iter 90: loss 2.4823, time 77.85ms, mfu 4.47%
iter 100: loss 2.4742, time 90.73ms, mfu 4.44%
iter 110: loss 2.4677, time 78.56ms, mfu 4.47%
iter 120: loss 2.4448, time 78.40ms, mfu 4.50%
iter 130: loss 2.4353, time 79.25ms, mfu 4.52%
iter 140: loss 2.4340, time 77.53ms, mfu 4.55%
iter 150: loss 2.4459, time 78.82ms, mfu 4.56%
iter 160: loss 2.4219, time 77.56ms, mfu 4.59%
iter 170: loss 2.4011, time 78.62ms, mfu 4.60%
iter 180: loss 2.3966, time 78.29ms, mfu 4.62%
iter 190: loss 2.3651, time 77.99ms, mfu 4.63%
iter 200: loss 2.3412, time 77.87ms, mfu 4.65%
iter 210: loss 2.3044, time 92.46ms, mfu 4.59%
iter 220: loss 2.3088, time 78.89ms, mfu 4.60%
iter 230: loss 2.2729, time 91.51ms, mfu 4.55%
iter 240: loss 2.2752, time 78.07ms, mfu 4.57%
step 250: train loss 2.1689, val loss 2.2183
iter 250: loss 2.2411, time 8055.93ms, mfu 4.12%
iter 260: loss 2.2356, time 78.29ms, mfu 4.18%
iter 270: loss 2.1950, time 79.65ms, mfu 4.23%
iter 280: loss 2.2070, time 78.47ms, mfu 4.28%
iter 290: loss 2.1435, time 77.39ms, mfu 4.34%
iter 300: loss 2.1251, time 78.68ms, mfu 4.38%
iter 310: loss 2.1013, time 92.07ms, mfu 4.34%
iter 320: loss 2.0917, time 91.60ms, mfu 4.32%
iter 330: loss 2.0496, time 91.13ms, mfu 4.29%
iter 340: loss 2.0106, time 123.49ms, mfu 4.17%
iter 350: loss 2.0549, time 109.71ms, mfu 4.09%
iter 360: loss 2.0028, time 110.58ms, mfu 4.02%
iter 370: loss 1.9715, time 108.93ms, mfu 3.96%
iter 380: loss 1.9457, time 109.49ms, mfu 3.90%
iter 390: loss 1.9446, time 110.09ms, mfu 3.85%
iter 400: loss 1.9586, time 123.80ms, mfu 3.77%
iter 410: loss 1.8944, time 122.87ms, mfu 3.69%
iter 420: loss 1.9141, time 123.86ms, mfu 3.62%
iter 430: loss 1.9058, time 109.56ms, mfu 3.60%
iter 440: loss 1.8439, time 93.17ms, mfu 3.64%
iter 450: loss 1.8411, time 125.01ms, mfu 3.58%
iter 460: loss 1.7872, time 110.92ms, mfu 3.55%
iter 470: loss 1.8401, time 111.24ms, mfu 3.53%
iter 480: loss 1.7841, time 125.58ms, mfu 3.48%
iter 490: loss 1.7753, time 124.12ms, mfu 3.43%
step 500: train loss 1.6768, val loss 1.8505
iter 500: loss 1.7774, time 12249.58ms, mfu 3.09%
iter 510: loss 1.7761, time 123.97ms, mfu 3.08%
iter 520: loss 1.7528, time 108.73ms, mfu 3.12%
iter 530: loss 1.7213, time 124.88ms, mfu 3.10%
iter 540: loss 1.7686, time 124.38ms, mfu 3.09%
iter 550: loss 1.7149, time 124.69ms, mfu 3.08%
iter 560: loss 1.7191, time 109.17ms, mfu 3.11%
iter 570: loss 1.7087, time 108.81ms, mfu 3.15%
iter 580: loss 1.6801, time 109.23ms, mfu 3.17%
iter 590: loss 1.6394, time 109.78ms, mfu 3.19%
iter 600: loss 1.6580, time 123.40ms, mfu 3.18%
iter 610: loss 1.6816, time 124.70ms, mfu 3.16%
iter 620: loss 1.6514, time 124.30ms, mfu 3.14%
iter 630: loss 1.6402, time 110.06ms, mfu 3.17%
iter 640: loss 1.5940, time 94.80ms, mfu 3.24%
iter 650: loss 1.6330, time 124.30ms, mfu 3.22%
iter 660: loss 1.6351, time 123.43ms, mfu 3.20%
iter 670: loss 1.5696, time 110.23ms, mfu 3.22%
iter 680: loss 1.6281, time 139.92ms, mfu 3.16%
iter 690: loss 1.5859, time 108.76ms, mfu 3.19%
iter 700: loss 1.6066, time 108.67ms, mfu 3.21%
iter 710: loss 1.5679, time 110.32ms, mfu 3.23%
iter 720: loss 1.5460, time 138.02ms, mfu 3.18%
iter 730: loss 1.5392, time 124.98ms, mfu 3.16%
iter 740: loss 1.5264, time 124.49ms, mfu 3.14%
step 750: train loss 1.4664, val loss 1.6742
iter 750: loss 1.5321, time 12374.70ms, mfu 2.83%
iter 760: loss 1.5446, time 138.39ms, mfu 2.82%
iter 770: loss 1.5346, time 125.52ms, mfu 2.83%
iter 780: loss 1.5312, time 108.63ms, mfu 2.89%
iter 790: loss 1.5261, time 124.54ms, mfu 2.90%
iter 800: loss 1.5249, time 109.21ms, mfu 2.95%
iter 810: loss 1.5044, time 110.19ms, mfu 2.99%
iter 820: loss 1.5055, time 109.49ms, mfu 3.04%
iter 830: loss 1.4783, time 108.74ms, mfu 3.07%
iter 840: loss 1.5010, time 109.33ms, mfu 3.11%
iter 850: loss 1.4859, time 109.63ms, mfu 3.14%
iter 860: loss 1.4923, time 126.87ms, mfu 3.12%
iter 870: loss 1.4844, time 138.92ms, mfu 3.07%
iter 880: loss 1.4686, time 126.39ms, mfu 3.06%
iter 890: loss 1.4800, time 109.52ms, mfu 3.10%
iter 900: loss 1.4666, time 109.54ms, mfu 3.13%
iter 910: loss 1.4096, time 108.94ms, mfu 3.16%
iter 920: loss 1.4508, time 124.95ms, mfu 3.14%
iter 930: loss 1.4404, time 111.35ms, mfu 3.16%
iter 940: loss 1.4268, time 108.64ms, mfu 3.19%
iter 950: loss 1.4438, time 123.96ms, mfu 3.17%
iter 960: loss 1.4489, time 109.02ms, mfu 3.19%
iter 970: loss 1.4470, time 123.78ms, mfu 3.17%
iter 980: loss 1.4360, time 125.76ms, mfu 3.15%
iter 990: loss 1.4200, time 124.04ms, mfu 3.14%
step 1000: train loss 1.3571, val loss 1.5779
iter 1000: loss 1.4153, time 12080.52ms, mfu 2.83%
iter 1010: loss 1.4256, time 123.91ms, mfu 2.85%
iter 1020: loss 1.3854, time 123.65ms, mfu 2.86%
iter 1030: loss 1.4216, time 123.76ms, mfu 2.88%
iter 1040: loss 1.4353, time 110.34ms, mfu 2.93%
iter 1050: loss 1.3701, time 110.06ms, mfu 2.97%
iter 1060: loss 1.4207, time 110.02ms, mfu 3.01%
iter 1070: loss 1.4164, time 110.31ms, mfu 3.05%
iter 1080: loss 1.4137, time 123.77ms, mfu 3.05%
iter 1090: loss 1.4254, time 109.81ms, mfu 3.08%
iter 1100: loss 1.3994, time 123.78ms, mfu 3.07%
iter 1110: loss 1.3705, time 137.73ms, mfu 3.04%
iter 1120: loss 1.3713, time 124.26ms, mfu 3.03%
iter 1130: loss 1.3647, time 108.68ms, mfu 3.07%
iter 1140: loss 1.3854, time 123.54ms, mfu 3.07%
iter 1150: loss 1.3796, time 109.51ms, mfu 3.10%
iter 1160: loss 1.4104, time 125.95ms, mfu 3.09%
iter 1170: loss 1.3760, time 124.37ms, mfu 3.08%
iter 1180: loss 1.3954, time 124.04ms, mfu 3.07%
iter 1190: loss 1.3463, time 124.71ms, mfu 3.06%
iter 1200: loss 1.3646, time 125.85ms, mfu 3.05%
iter 1210: loss 1.3394, time 111.17ms, mfu 3.08%
iter 1220: loss 1.3788, time 124.60ms, mfu 3.07%
iter 1230: loss 1.3693, time 124.68ms, mfu 3.06%
iter 1240: loss 1.3737, time 110.61ms, mfu 3.09%
step 1250: train loss 1.2804, val loss 1.5313
iter 1250: loss 1.3433, time 11866.95ms, mfu 2.79%
iter 1260: loss 1.3658, time 109.21ms, mfu 2.85%
iter 1270: loss 1.3366, time 124.97ms, mfu 2.86%
iter 1280: loss 1.3254, time 110.54ms, mfu 2.91%
iter 1290: loss 1.3583, time 123.13ms, mfu 2.93%
iter 1300: loss 1.3682, time 110.82ms, mfu 2.97%
iter 1310: loss 1.3083, time 109.05ms, mfu 3.01%
iter 1320: loss 1.3766, time 124.70ms, mfu 3.01%
iter 1330: loss 1.3375, time 109.74ms, mfu 3.05%
iter 1340: loss 1.3659, time 110.50ms, mfu 3.08%
iter 1350: loss 1.3197, time 124.87ms, mfu 3.07%
iter 1360: loss 1.3406, time 110.68ms, mfu 3.10%
iter 1370: loss 1.3242, time 125.65ms, mfu 3.09%
iter 1380: loss 1.3293, time 124.77ms, mfu 3.08%
iter 1390: loss 1.3251, time 109.17ms, mfu 3.11%
iter 1400: loss 1.3310, time 124.90ms, mfu 3.10%
iter 1410: loss 1.3121, time 123.83ms, mfu 3.09%
iter 1420: loss 1.3290, time 124.91ms, mfu 3.08%
iter 1430: loss 1.3048, time 124.02ms, mfu 3.07%
iter 1440: loss 1.3233, time 109.52ms, mfu 3.10%
iter 1450: loss 1.2934, time 109.90ms, mfu 3.13%
iter 1460: loss 1.3067, time 108.81ms, mfu 3.16%
iter 1470: loss 1.2854, time 123.04ms, mfu 3.15%
iter 1480: loss 1.2849, time 108.69ms, mfu 3.18%
iter 1490: loss 1.3081, time 139.26ms, mfu 3.13%
step 1500: train loss 1.2255, val loss 1.5000
iter 1500: loss 1.2570, time 11892.58ms, mfu 2.82%
iter 1510: loss 1.3108, time 124.66ms, mfu 2.83%
iter 1520: loss 1.2936, time 124.76ms, mfu 2.85%
iter 1530: loss 1.3300, time 124.29ms, mfu 2.86%
iter 1540: loss 1.2608, time 124.87ms, mfu 2.88%
iter 1550: loss 1.3058, time 124.99ms, mfu 2.89%
iter 1560: loss 1.2785, time 123.39ms, mfu 2.90%
iter 1570: loss 1.3065, time 123.81ms, mfu 2.91%
iter 1580: loss 1.2686, time 124.15ms, mfu 2.92%
iter 1590: loss 1.2597, time 110.76ms, mfu 2.96%
iter 1600: loss 1.2698, time 124.06ms, mfu 2.97%
iter 1610: loss 1.3042, time 109.84ms, mfu 3.01%
iter 1620: loss 1.2460, time 123.05ms, mfu 3.01%
iter 1630: loss 1.2711, time 139.12ms, mfu 2.98%
iter 1640: loss 1.2593, time 123.21ms, mfu 2.98%
iter 1650: loss 1.2452, time 123.91ms, mfu 2.99%
iter 1660: loss 1.2809, time 123.75ms, mfu 2.99%
iter 1670: loss 1.2677, time 123.63ms, mfu 2.99%
iter 1680: loss 1.2686, time 124.74ms, mfu 2.99%
iter 1690: loss 1.2753, time 109.33ms, mfu 3.03%
iter 1700: loss 1.2510, time 124.20ms, mfu 3.03%
iter 1710: loss 1.2513, time 108.90ms, mfu 3.07%
iter 1720: loss 1.2531, time 109.26ms, mfu 3.10%
iter 1730: loss 1.2673, time 109.17ms, mfu 3.13%
iter 1740: loss 1.2357, time 109.70ms, mfu 3.16%
step 1750: train loss 1.1788, val loss 1.4817
iter 1750: loss 1.2578, time 12187.73ms, mfu 2.85%
iter 1760: loss 1.2503, time 123.63ms, mfu 2.86%
iter 1770: loss 1.2564, time 123.27ms, mfu 2.88%
iter 1780: loss 1.2639, time 126.91ms, mfu 2.89%
iter 1790: loss 1.2604, time 94.74ms, mfu 2.99%
iter 1800: loss 1.2514, time 138.97ms, mfu 2.96%
iter 1810: loss 1.2241, time 124.76ms, mfu 2.96%
iter 1820: loss 1.2432, time 111.01ms, mfu 3.00%
iter 1830: loss 1.2354, time 122.49ms, mfu 3.01%
iter 1840: loss 1.2250, time 109.48ms, mfu 3.05%
iter 1850: loss 1.2212, time 123.50ms, mfu 3.04%
iter 1860: loss 1.2463, time 109.05ms, mfu 3.08%
iter 1870: loss 1.2055, time 125.09ms, mfu 3.07%
iter 1880: loss 1.2457, time 124.96ms, mfu 3.06%
iter 1890: loss 1.2431, time 109.19ms, mfu 3.10%
iter 1900: loss 1.1998, time 108.75ms, mfu 3.13%
iter 1910: loss 1.2371, time 110.68ms, mfu 3.15%
iter 1920: loss 1.2479, time 123.91ms, mfu 3.14%
iter 1930: loss 1.2149, time 125.21ms, mfu 3.12%
iter 1940: loss 1.2021, time 109.71ms, mfu 3.15%
iter 1950: loss 1.2065, time 110.57ms, mfu 3.17%
iter 1960: loss 1.2195, time 108.67ms, mfu 3.20%
iter 1970: loss 1.2157, time 109.75ms, mfu 3.22%
iter 1980: loss 1.2185, time 110.08ms, mfu 3.23%
iter 1990: loss 1.2231, time 110.94ms, mfu 3.25%
step 2000: train loss 1.1390, val loss 1.4821
iter 2000: loss 1.2012, time 12264.11ms, mfu 2.92%
iter 2010: loss 1.2007, time 126.13ms, mfu 2.93%
iter 2020: loss 1.1918, time 124.10ms, mfu 2.94%
iter 2030: loss 1.2308, time 124.87ms, mfu 2.94%
iter 2040: loss 1.2084, time 109.86ms, mfu 2.99%
iter 2050: loss 1.1782, time 110.09ms, mfu 3.03%
iter 2060: loss 1.1725, time 124.14ms, mfu 3.02%
iter 2070: loss 1.1987, time 111.27ms, mfu 3.06%
iter 2080: loss 1.1871, time 123.78ms, mfu 3.05%
iter 2090: loss 1.2067, time 95.08ms, mfu 3.14%
iter 2100: loss 1.1953, time 94.78ms, mfu 3.22%
iter 2110: loss 1.1974, time 110.40ms, mfu 3.23%
iter 2120: loss 1.1984, time 137.91ms, mfu 3.18%
iter 2130: loss 1.2104, time 108.81ms, mfu 3.20%
iter 2140: loss 1.2150, time 124.00ms, mfu 3.18%
iter 2150: loss 1.1929, time 111.30ms, mfu 3.20%
iter 2160: loss 1.2181, time 139.41ms, mfu 3.15%
iter 2170: loss 1.2042, time 125.28ms, mfu 3.13%
iter 2180: loss 1.1846, time 110.99ms, mfu 3.15%
iter 2190: loss 1.1831, time 110.79ms, mfu 3.17%
iter 2200: loss 1.1987, time 109.88ms, mfu 3.20%
iter 2210: loss 1.1849, time 109.83ms, mfu 3.22%
iter 2220: loss 1.1858, time 125.33ms, mfu 3.19%
iter 2230: loss 1.1890, time 124.52ms, mfu 3.17%
iter 2240: loss 1.2009, time 109.70ms, mfu 3.19%
step 2250: train loss 1.0985, val loss 1.4798
iter 2250: loss 1.1810, time 12267.85ms, mfu 2.88%
iter 2260: loss 1.1764, time 138.89ms, mfu 2.86%
iter 2270: loss 1.2078, time 138.26ms, mfu 2.84%
iter 2280: loss 1.1603, time 109.59ms, mfu 2.90%
iter 2290: loss 1.2194, time 123.45ms, mfu 2.91%
iter 2300: loss 1.1985, time 110.53ms, mfu 2.96%
iter 2310: loss 1.1663, time 109.24ms, mfu 3.00%
iter 2320: loss 1.1774, time 124.41ms, mfu 3.00%
iter 2330: loss 1.1741, time 122.87ms, mfu 3.00%
iter 2340: loss 1.1942, time 108.36ms, mfu 3.05%
iter 2350: loss 1.1788, time 123.09ms, mfu 3.05%
iter 2360: loss 1.1902, time 109.72ms, mfu 3.08%
iter 2370: loss 1.1647, time 109.67ms, mfu 3.11%
iter 2380: loss 1.1583, time 138.95ms, mfu 3.07%
iter 2390: loss 1.1578, time 108.72ms, mfu 3.10%
iter 2400: loss 1.1562, time 110.34ms, mfu 3.13%
iter 2410: loss 1.1483, time 123.76ms, mfu 3.12%
iter 2420: loss 1.1584, time 111.03ms, mfu 3.14%
iter 2430: loss 1.1243, time 108.99ms, mfu 3.17%
iter 2440: loss 1.1394, time 124.31ms, mfu 3.15%
iter 2450: loss 1.1493, time 110.23ms, mfu 3.18%
iter 2460: loss 1.1589, time 110.67ms, mfu 3.20%
iter 2470: loss 1.1618, time 95.57ms, mfu 3.27%
iter 2480: loss 1.1649, time 124.20ms, mfu 3.24%
iter 2490: loss 1.1342, time 110.52ms, mfu 3.25%
step 2500: train loss 1.0588, val loss 1.4794
iter 2500: loss 1.1606, time 12249.42ms, mfu 2.93%
iter 2510: loss 1.1528, time 110.70ms, mfu 2.97%
iter 2520: loss 1.1351, time 109.70ms, mfu 3.02%
iter 2530: loss 1.1377, time 109.40ms, mfu 3.06%
iter 2540: loss 1.1296, time 109.29ms, mfu 3.09%
iter 2550: loss 1.1537, time 110.14ms, mfu 3.12%
iter 2560: loss 1.1369, time 123.33ms, mfu 3.11%
iter 2570: loss 1.1600, time 124.27ms, mfu 3.10%
iter 2580: loss 1.1573, time 110.41ms, mfu 3.13%
iter 2590: loss 1.1456, time 109.49ms, mfu 3.15%
iter 2600: loss 1.1381, time 110.39ms, mfu 3.18%
iter 2610: loss 1.1312, time 124.69ms, mfu 3.16%
iter 2620: loss 1.1260, time 124.13ms, mfu 3.14%
iter 2630: loss 1.1027, time 124.38ms, mfu 3.13%
iter 2640: loss 1.1243, time 111.19ms, mfu 3.15%
iter 2650: loss 1.1580, time 123.55ms, mfu 3.14%
iter 2660: loss 1.1247, time 109.89ms, mfu 3.16%
iter 2670: loss 1.1042, time 122.71ms, mfu 3.15%
iter 2680: loss 1.1304, time 139.07ms, mfu 3.10%
iter 2690: loss 1.1349, time 124.79ms, mfu 3.09%
iter 2700: loss 1.1139, time 125.05ms, mfu 3.08%
iter 2710: loss 1.1301, time 109.73ms, mfu 3.11%
iter 2720: loss 1.1232, time 109.95ms, mfu 3.14%
iter 2730: loss 1.1404, time 109.78ms, mfu 3.16%
iter 2740: loss 1.1052, time 108.97ms, mfu 3.19%
step 2750: train loss 1.0234, val loss 1.4872
iter 2750: loss 1.1156, time 12183.66ms, mfu 2.87%
iter 2760: loss 1.1110, time 124.09ms, mfu 2.89%
iter 2770: loss 1.1070, time 125.57ms, mfu 2.90%
iter 2780: loss 1.1092, time 108.78ms, mfu 2.95%
iter 2790: loss 1.1256, time 124.72ms, mfu 2.95%
iter 2800: loss 1.1016, time 108.50ms, mfu 3.00%
iter 2810: loss 1.1272, time 123.58ms, mfu 3.00%
iter 2820: loss 1.1137, time 109.40ms, mfu 3.04%
iter 2830: loss 1.1187, time 124.99ms, mfu 3.04%
iter 2840: loss 1.0730, time 109.68ms, mfu 3.07%
iter 2850: loss 1.1241, time 125.27ms, mfu 3.06%
iter 2860: loss 1.1101, time 124.13ms, mfu 3.06%
iter 2870: loss 1.0988, time 125.22ms, mfu 3.05%
iter 2880: loss 1.1226, time 124.64ms, mfu 3.04%
iter 2890: loss 1.0890, time 108.94ms, mfu 3.08%
iter 2900: loss 1.0743, time 123.51ms, mfu 3.07%
iter 2910: loss 1.1287, time 110.72ms, mfu 3.10%
iter 2920: loss 1.1048, time 124.55ms, mfu 3.09%
iter 2930: loss 1.0911, time 108.74ms, mfu 3.13%
iter 2940: loss 1.0825, time 124.27ms, mfu 3.11%
iter 2950: loss 1.1123, time 123.28ms, mfu 3.10%
iter 2960: loss 1.0966, time 109.58ms, mfu 3.13%
iter 2970: loss 1.0807, time 124.02ms, mfu 3.12%
iter 2980: loss 1.0795, time 124.42ms, mfu 3.11%
iter 2990: loss 1.0783, time 123.51ms, mfu 3.10%
step 3000: train loss 0.9848, val loss 1.4880
iter 3000: loss 1.0807, time 11804.48ms, mfu 2.79%
iter 3010: loss 1.0816, time 109.29ms, mfu 2.85%
iter 3020: loss 1.0931, time 109.74ms, mfu 2.91%
iter 3030: loss 1.0969, time 139.27ms, mfu 2.88%
iter 3040: loss 1.1169, time 123.24ms, mfu 2.90%
iter 3050: loss 1.0724, time 124.55ms, mfu 2.91%
iter 3060: loss 1.0877, time 125.69ms, mfu 2.91%
iter 3070: loss 1.1072, time 124.05ms, mfu 2.92%
iter 3080: loss 1.0905, time 124.47ms, mfu 2.93%
iter 3090: loss 1.0816, time 109.23ms, mfu 2.98%
iter 3100: loss 1.0975, time 124.78ms, mfu 2.98%
iter 3110: loss 1.0596, time 110.12ms, mfu 3.02%
iter 3120: loss 1.0989, time 125.64ms, mfu 3.01%
iter 3130: loss 1.0762, time 123.49ms, mfu 3.01%
iter 3140: loss 1.0715, time 110.53ms, mfu 3.05%
iter 3150: loss 1.0897, time 109.86ms, mfu 3.08%
iter 3160: loss 1.1153, time 124.95ms, mfu 3.07%
iter 3170: loss 1.0586, time 110.53ms, mfu 3.10%
iter 3180: loss 1.0679, time 125.20ms, mfu 3.09%
iter 3190: loss 1.0938, time 108.29ms, mfu 3.13%
iter 3200: loss 1.0611, time 138.74ms, mfu 3.08%
iter 3210: loss 1.0559, time 124.36ms, mfu 3.07%
iter 3220: loss 1.0548, time 125.48ms, mfu 3.06%
iter 3230: loss 1.0606, time 123.54ms, mfu 3.06%
iter 3240: loss 1.0490, time 111.68ms, mfu 3.09%
step 3250: train loss 0.9541, val loss 1.5054
iter 3250: loss 1.0657, time 12008.85ms, mfu 2.78%
iter 3260: loss 1.0607, time 110.33ms, mfu 2.84%
iter 3270: loss 1.0752, time 123.98ms, mfu 2.86%
iter 3280: loss 1.0576, time 139.10ms, mfu 2.84%
iter 3290: loss 1.0468, time 124.67ms, mfu 2.85%
iter 3300: loss 1.0438, time 122.95ms, mfu 2.87%
iter 3310: loss 1.0498, time 109.94ms, mfu 2.92%
iter 3320: loss 1.0635, time 95.34ms, mfu 3.02%
iter 3330: loss 1.0589, time 111.90ms, mfu 3.05%
iter 3340: loss 1.0476, time 110.22ms, mfu 3.09%
iter 3350: loss 1.0565, time 124.48ms, mfu 3.08%
iter 3360: loss 1.0318, time 111.17ms, mfu 3.10%
iter 3370: loss 1.0703, time 141.23ms, mfu 3.06%
iter 3380: loss 1.0474, time 109.71ms, mfu 3.09%
iter 3390: loss 1.0596, time 123.89ms, mfu 3.08%
iter 3400: loss 1.0649, time 110.04ms, mfu 3.11%
iter 3410: loss 1.0522, time 108.91ms, mfu 3.14%
iter 3420: loss 1.0525, time 124.20ms, mfu 3.13%
iter 3430: loss 1.0496, time 110.44ms, mfu 3.15%
iter 3440: loss 1.0813, time 95.31ms, mfu 3.23%
iter 3450: loss 1.0625, time 122.86ms, mfu 3.21%
iter 3460: loss 1.0533, time 107.62ms, mfu 3.24%
iter 3470: loss 1.0485, time 94.83ms, mfu 3.30%
iter 3480: loss 1.0565, time 109.58ms, mfu 3.31%
iter 3490: loss 1.0290, time 108.39ms, mfu 3.33%
step 3500: train loss 0.9244, val loss 1.5107
iter 3500: loss 1.0093, time 12125.16ms, mfu 3.00%
iter 3510: loss 1.0261, time 124.53ms, mfu 3.00%
iter 3520: loss 1.0450, time 124.20ms, mfu 3.00%
iter 3530: loss 1.0682, time 108.86ms, mfu 3.04%
iter 3540: loss 1.0384, time 125.88ms, mfu 3.03%
iter 3550: loss 1.0370, time 126.23ms, mfu 3.02%
iter 3560: loss 1.0622, time 110.14ms, mfu 3.06%
iter 3570: loss 1.0442, time 125.54ms, mfu 3.05%
iter 3580: loss 1.0418, time 125.13ms, mfu 3.04%
iter 3590: loss 1.0208, time 124.04ms, mfu 3.04%
iter 3600: loss 1.0345, time 122.90ms, mfu 3.04%
iter 3610: loss 1.0304, time 110.17ms, mfu 3.07%
iter 3620: loss 1.0249, time 123.83ms, mfu 3.07%
iter 3630: loss 1.0287, time 125.18ms, mfu 3.06%
iter 3640: loss 1.0260, time 109.56ms, mfu 3.09%
iter 3650: loss 1.0324, time 108.92ms, mfu 3.12%
iter 3660: loss 1.0521, time 109.09ms, mfu 3.15%
iter 3670: loss 1.0528, time 110.21ms, mfu 3.18%
iter 3680: loss 1.0148, time 123.45ms, mfu 3.16%
iter 3690: loss 1.0482, time 124.76ms, mfu 3.14%
iter 3700: loss 0.9849, time 108.30ms, mfu 3.17%
iter 3710: loss 0.9954, time 124.38ms, mfu 3.16%
iter 3720: loss 1.0188, time 123.56ms, mfu 3.14%
iter 3730: loss 1.0088, time 124.32ms, mfu 3.13%
iter 3740: loss 1.0223, time 96.45ms, mfu 3.20%
step 3750: train loss 0.8960, val loss 1.5221
iter 3750: loss 1.0093, time 12264.22ms, mfu 2.88%
iter 3760: loss 1.0430, time 108.90ms, mfu 2.94%
iter 3770: loss 1.0477, time 124.85ms, mfu 2.94%
iter 3780: loss 1.0340, time 123.73ms, mfu 2.95%
iter 3790: loss 1.0115, time 124.55ms, mfu 2.95%
iter 3800: loss 1.0278, time 122.48ms, mfu 2.96%
iter 3810: loss 1.0392, time 110.90ms, mfu 3.00%
iter 3820: loss 0.9994, time 109.02ms, mfu 3.04%
iter 3830: loss 1.0148, time 124.96ms, mfu 3.04%
iter 3840: loss 1.0007, time 123.75ms, mfu 3.03%
iter 3850: loss 1.0011, time 125.48ms, mfu 3.03%
iter 3860: loss 0.9959, time 125.94ms, mfu 3.02%
iter 3870: loss 1.0057, time 109.21ms, mfu 3.06%
iter 3880: loss 1.0064, time 109.50ms, mfu 3.09%
iter 3890: loss 1.0089, time 110.65ms, mfu 3.12%
iter 3900: loss 1.0210, time 108.93ms, mfu 3.15%
iter 3910: loss 1.0176, time 123.29ms, mfu 3.14%
iter 3920: loss 0.9904, time 110.84ms, mfu 3.16%
iter 3930: loss 1.0157, time 108.99ms, mfu 3.19%
iter 3940: loss 0.9951, time 108.57ms, mfu 3.21%
iter 3950: loss 0.9987, time 124.46ms, mfu 3.19%
iter 3960: loss 1.0395, time 109.33ms, mfu 3.21%
iter 3970: loss 1.0211, time 124.26ms, mfu 3.19%
iter 3980: loss 1.0244, time 109.89ms, mfu 3.21%
iter 3990: loss 0.9901, time 109.77ms, mfu 3.23%
step 4000: train loss 0.8703, val loss 1.5380
iter 4000: loss 0.9791, time 12324.58ms, mfu 2.91%
iter 4010: loss 1.0004, time 124.85ms, mfu 2.92%
iter 4020: loss 1.0106, time 124.35ms, mfu 2.92%
iter 4030: loss 0.9997, time 110.24ms, mfu 2.97%
iter 4040: loss 1.0019, time 124.26ms, mfu 2.97%
iter 4050: loss 0.9907, time 123.96ms, mfu 2.98%
iter 4060: loss 0.9830, time 123.20ms, mfu 2.98%
iter 4070: loss 0.9791, time 122.90ms, mfu 2.99%
iter 4080: loss 1.0044, time 107.88ms, mfu 3.03%
iter 4090: loss 0.9700, time 125.41ms, mfu 3.03%
iter 4100: loss 1.0241, time 109.15ms, mfu 3.07%
iter 4110: loss 1.0048, time 109.93ms, mfu 3.10%
iter 4120: loss 1.0052, time 110.72ms, mfu 3.12%
iter 4130: loss 0.9812, time 108.67ms, mfu 3.16%
iter 4140: loss 0.9978, time 124.57ms, mfu 3.14%
iter 4150: loss 0.9980, time 109.28ms, mfu 3.17%
iter 4160: loss 0.9771, time 124.73ms, mfu 3.15%
iter 4170: loss 0.9950, time 124.49ms, mfu 3.13%
iter 4180: loss 0.9922, time 109.92ms, mfu 3.16%
iter 4190: loss 1.0043, time 109.35ms, mfu 3.18%
iter 4200: loss 0.9800, time 109.61ms, mfu 3.20%
iter 4210: loss 1.0000, time 109.64ms, mfu 3.22%
iter 4220: loss 0.9813, time 110.50ms, mfu 3.24%
iter 4230: loss 0.9984, time 123.90ms, mfu 3.22%
iter 4240: loss 0.9965, time 108.29ms, mfu 3.24%
step 4250: train loss 0.8477, val loss 1.5497
iter 4250: loss 0.9933, time 12301.99ms, mfu 2.92%
iter 4260: loss 0.9923, time 107.78ms, mfu 2.97%
iter 4270: loss 0.9998, time 124.38ms, mfu 2.97%
iter 4280: loss 0.9892, time 123.59ms, mfu 2.98%
iter 4290: loss 0.9512, time 108.90ms, mfu 3.02%
iter 4300: loss 0.9439, time 95.61ms, mfu 3.11%
iter 4310: loss 0.9827, time 123.71ms, mfu 3.10%
iter 4320: loss 0.9681, time 124.54ms, mfu 3.09%
iter 4330: loss 0.9855, time 94.53ms, mfu 3.17%
iter 4340: loss 0.9610, time 109.18ms, mfu 3.20%
iter 4350: loss 0.9603, time 109.25ms, mfu 3.22%
iter 4360: loss 0.9940, time 111.07ms, mfu 3.23%
iter 4370: loss 0.9852, time 109.72ms, mfu 3.25%
iter 4380: loss 0.9617, time 125.19ms, mfu 3.22%
iter 4390: loss 0.9951, time 124.29ms, mfu 3.20%
iter 4400: loss 0.9796, time 124.42ms, mfu 3.18%
iter 4410: loss 0.9913, time 124.00ms, mfu 3.16%
iter 4420: loss 0.9905, time 124.81ms, mfu 3.14%
iter 4430: loss 0.9739, time 123.75ms, mfu 3.13%
iter 4440: loss 0.9758, time 123.79ms, mfu 3.12%
iter 4450: loss 0.9786, time 123.73ms, mfu 3.11%
iter 4460: loss 0.9622, time 111.44ms, mfu 3.13%
iter 4470: loss 0.9825, time 124.41ms, mfu 3.12%
iter 4480: loss 0.9597, time 124.28ms, mfu 3.11%
iter 4490: loss 0.9632, time 122.91ms, mfu 3.10%
step 4500: train loss 0.8284, val loss 1.5643
iter 4500: loss 0.9845, time 12117.70ms, mfu 2.79%
iter 4510: loss 0.9795, time 109.57ms, mfu 2.85%
iter 4520: loss 0.9653, time 124.66ms, mfu 2.87%
iter 4530: loss 0.9755, time 122.39ms, mfu 2.88%
iter 4540: loss 0.9750, time 108.37ms, mfu 2.94%
iter 4550: loss 1.0105, time 109.71ms, mfu 2.99%
iter 4560: loss 0.9782, time 124.62ms, mfu 2.99%
iter 4570: loss 0.9763, time 109.32ms, mfu 3.03%
iter 4580: loss 0.9923, time 125.50ms, mfu 3.02%
iter 4590: loss 0.9830, time 110.47ms, mfu 3.06%
iter 4600: loss 0.9583, time 125.81ms, mfu 3.05%
iter 4610: loss 1.0060, time 108.97ms, mfu 3.08%
iter 4620: loss 0.9742, time 109.70ms, mfu 3.12%
iter 4630: loss 0.9557, time 124.85ms, mfu 3.10%
iter 4640: loss 0.9682, time 124.60ms, mfu 3.09%
iter 4650: loss 0.9913, time 110.01ms, mfu 3.12%
iter 4660: loss 0.9834, time 125.40ms, mfu 3.11%
iter 4670: loss 0.9706, time 124.41ms, mfu 3.10%
iter 4680: loss 0.9812, time 124.74ms, mfu 3.08%
iter 4690: loss 0.9736, time 110.22ms, mfu 3.11%
iter 4700: loss 0.9507, time 123.77ms, mfu 3.10%
iter 4710: loss 0.9281, time 124.17ms, mfu 3.09%
iter 4720: loss 0.9560, time 111.02ms, mfu 3.12%
iter 4730: loss 0.9594, time 108.80ms, mfu 3.15%
iter 4740: loss 0.9665, time 124.20ms, mfu 3.14%
step 4750: train loss 0.8164, val loss 1.5678
iter 4750: loss 0.9334, time 11888.36ms, mfu 2.82%
iter 4760: loss 0.9615, time 124.29ms, mfu 2.84%
iter 4770: loss 0.9391, time 124.06ms, mfu 2.86%
iter 4780: loss 0.9417, time 90.87ms, mfu 2.98%
iter 4790: loss 0.9768, time 78.08ms, mfu 3.16%
iter 4800: loss 0.9539, time 78.52ms, mfu 3.32%
iter 4810: loss 0.9811, time 110.55ms, mfu 3.32%
iter 4820: loss 0.9531, time 109.52ms, mfu 3.33%
iter 4830: loss 0.9547, time 137.25ms, mfu 3.27%
iter 4840: loss 0.9746, time 111.49ms, mfu 3.28%
iter 4850: loss 0.9657, time 94.76ms, mfu 3.34%
iter 4860: loss 0.9526, time 123.07ms, mfu 3.31%
iter 4870: loss 0.9403, time 110.18ms, mfu 3.32%
iter 4880: loss 0.9707, time 109.28ms, mfu 3.33%
iter 4890: loss 0.9507, time 110.42ms, mfu 3.33%
iter 4900: loss 0.9394, time 123.84ms, mfu 3.30%
iter 4910: loss 0.9730, time 109.67ms, mfu 3.31%
iter 4920: loss 0.9540, time 109.11ms, mfu 3.32%
iter 4930: loss 0.9457, time 110.39ms, mfu 3.33%
iter 4940: loss 0.9382, time 125.82ms, mfu 3.29%
iter 4950: loss 0.9638, time 109.91ms, mfu 3.30%
iter 4960: loss 0.9672, time 124.31ms, mfu 3.27%
iter 4970: loss 0.9190, time 125.59ms, mfu 3.24%
iter 4980: loss 0.9302, time 124.97ms, mfu 3.21%
iter 4990: loss 0.9631, time 125.85ms, mfu 3.19%
step 5000: train loss 0.8062, val loss 1.5807
iter 5000: loss 0.9577, time 12517.69ms, mfu 2.87%
