Overriding config with config/train_shakespeare_char.py:
# train a miniature character-level shakespeare model
# good for debugging and playing on macbooks and such

out_dir = 'out-shakespeare-char'
eval_interval = 250 # keep frequent because we'll overfit
eval_iters = 200
log_interval = 10 # don't print too too often

# we expect to overfit on this small dataset, so only save when val improves
always_save_checkpoint = False

wandb_log = False # override via command line if you like
wandb_project = 'shakespeare-char'
wandb_run_name = 'mini-gpt'

dataset = 'shakespeare_char'
gradient_accumulation_steps = 1
batch_size = 64
block_size = 256 # context of up to 256 previous characters

# baby GPT model :)
n_layer = 6
n_head = 6
n_embd = 384
dropout = 0.2

learning_rate = 1e-3 # with baby networks can afford to go a bit higher
max_iters = 5000
lr_decay_iters = 5000 # make equal to max_iters usually
min_lr = 1e-4 # learning_rate / 10 usually
beta2 = 0.99 # make a bit bigger because number of tokens per iter is small

warmup_iters = 100 # not super necessary potentially

# on macbook also add
# device = 'cpu'  # run on cpu only
# compile = False # do not torch compile the model

Overriding: compile = False
Overriding: out_dir = runs\rope_lr2e-3
Overriding: learning_rate = 0.002
Overriding: min_lr = 0.0002
Overriding: seed = 1337
Overriding: save_checkpoint = False
Overriding: pos_type = rope
tokens per iteration will be: 16,384
found vocab_size = 65 (inside data\shakespeare_char\meta.pkl)
Initializing a new model from scratch
number of parameters: 10.65M
C:\Users\86271\hw1work\nanoGPT\train.py:204: FutureWarning: `torch.cuda.amp.GradScaler(args...)` is deprecated. Please use `torch.amp.GradScaler('cuda', args...)` instead.
  scaler = torch.cuda.amp.GradScaler(enabled=(dtype == 'float16'))
num decayed parameter tensors: 25, with 10,641,792 parameters
num non-decayed parameter tensors: 13, with 4,992 parameters
using fused AdamW: True
step 0: train loss 4.1935, val loss 4.2004
iter 0: loss 4.2161, time 14704.32ms, mfu -100.00%
iter 10: loss 2.8802, time 110.31ms, mfu 3.38%
iter 20: loss 2.6172, time 109.81ms, mfu 3.38%
iter 30: loss 2.5054, time 109.06ms, mfu 3.38%
iter 40: loss 2.4108, time 124.74ms, mfu 3.34%
iter 50: loss 2.3308, time 110.86ms, mfu 3.35%
iter 60: loss 2.2294, time 108.13ms, mfu 3.36%
iter 70: loss 2.1833, time 109.00ms, mfu 3.36%
iter 80: loss 2.1109, time 108.71ms, mfu 3.37%
iter 90: loss 2.0764, time 108.89ms, mfu 3.37%
iter 100: loss 2.0226, time 106.99ms, mfu 3.38%
iter 110: loss 1.9952, time 123.64ms, mfu 3.35%
iter 120: loss 1.9763, time 140.55ms, mfu 3.28%
iter 130: loss 1.8860, time 93.12ms, mfu 3.35%
iter 140: loss 1.9070, time 93.83ms, mfu 3.41%
iter 150: loss 1.8538, time 109.94ms, mfu 3.41%
iter 160: loss 1.8133, time 108.99ms, mfu 3.41%
iter 170: loss 1.7969, time 124.23ms, mfu 3.37%
iter 180: loss 1.7902, time 124.47ms, mfu 3.33%
iter 190: loss 1.7685, time 108.65ms, mfu 3.34%
iter 200: loss 1.7201, time 110.61ms, mfu 3.34%
iter 210: loss 1.6834, time 109.11ms, mfu 3.35%
iter 220: loss 1.7159, time 110.54ms, mfu 3.35%
iter 230: loss 1.6842, time 94.57ms, mfu 3.41%
iter 240: loss 1.6568, time 108.73ms, mfu 3.41%
step 250: train loss 1.5645, val loss 1.7467
iter 250: loss 1.6248, time 13969.57ms, mfu 3.08%
iter 260: loss 1.5929, time 109.20ms, mfu 3.11%
iter 270: loss 1.6175, time 139.05ms, mfu 3.07%
iter 280: loss 1.6390, time 109.24ms, mfu 3.10%
iter 290: loss 1.6069, time 109.75ms, mfu 3.13%
iter 300: loss 1.6075, time 109.41ms, mfu 3.16%
iter 310: loss 1.5673, time 124.48ms, mfu 3.14%
iter 320: loss 1.5693, time 110.21ms, mfu 3.17%
iter 330: loss 1.5245, time 107.87ms, mfu 3.19%
iter 340: loss 1.5393, time 93.82ms, mfu 3.27%
iter 350: loss 1.5333, time 109.18ms, mfu 3.29%
iter 360: loss 1.5282, time 124.44ms, mfu 3.26%
iter 370: loss 1.5339, time 109.08ms, mfu 3.27%
iter 380: loss 1.5055, time 109.81ms, mfu 3.28%
iter 390: loss 1.5032, time 123.90ms, mfu 3.26%
iter 400: loss 1.4562, time 123.65ms, mfu 3.23%
iter 410: loss 1.4927, time 139.53ms, mfu 3.18%
iter 420: loss 1.4312, time 125.05ms, mfu 3.16%
iter 430: loss 1.4351, time 108.91ms, mfu 3.18%
iter 440: loss 1.4763, time 94.60ms, mfu 3.26%
iter 450: loss 1.4577, time 108.95ms, mfu 3.27%
iter 460: loss 1.4064, time 125.76ms, mfu 3.24%
iter 470: loss 1.4053, time 109.43ms, mfu 3.26%
iter 480: loss 1.4218, time 108.81ms, mfu 3.28%
iter 490: loss 1.4114, time 93.50ms, mfu 3.35%
step 500: train loss 1.3385, val loss 1.5635
iter 500: loss 1.4786, time 13569.41ms, mfu 3.02%
iter 510: loss 1.4332, time 108.76ms, mfu 3.06%
iter 520: loss 1.4142, time 109.39ms, mfu 3.09%
iter 530: loss 1.4123, time 92.80ms, mfu 3.18%
iter 540: loss 1.4000, time 93.19ms, mfu 3.27%
iter 550: loss 1.3956, time 108.00ms, mfu 3.28%
iter 560: loss 1.3762, time 108.89ms, mfu 3.30%
iter 570: loss 1.3811, time 124.52ms, mfu 3.27%
iter 580: loss 1.3715, time 109.15ms, mfu 3.28%
iter 590: loss 1.4054, time 95.92ms, mfu 3.34%
iter 600: loss 1.3700, time 109.88ms, mfu 3.35%
iter 610: loss 1.3380, time 108.59ms, mfu 3.36%
iter 620: loss 1.3638, time 124.75ms, mfu 3.32%
iter 630: loss 1.3666, time 94.89ms, mfu 3.38%
iter 640: loss 1.3525, time 140.85ms, mfu 3.31%
iter 650: loss 1.3533, time 123.57ms, mfu 3.28%
iter 660: loss 1.3054, time 109.26ms, mfu 3.29%
iter 670: loss 1.3358, time 124.79ms, mfu 3.26%
iter 680: loss 1.2991, time 95.43ms, mfu 3.32%
iter 690: loss 1.3218, time 109.72ms, mfu 3.33%
iter 700: loss 1.2919, time 94.17ms, mfu 3.39%
iter 710: loss 1.3040, time 110.11ms, mfu 3.39%
iter 720: loss 1.3186, time 122.94ms, mfu 3.36%
iter 730: loss 1.3419, time 123.27ms, mfu 3.32%
iter 740: loss 1.3143, time 123.78ms, mfu 3.29%
step 750: train loss 1.2513, val loss 1.5209
iter 750: loss 1.2850, time 13324.20ms, mfu 2.97%
iter 760: loss 1.3247, time 122.47ms, mfu 2.97%
iter 770: loss 1.3048, time 108.48ms, mfu 3.02%
iter 780: loss 1.2786, time 93.10ms, mfu 3.12%
iter 790: loss 1.3204, time 123.71ms, mfu 3.11%
iter 800: loss 1.2778, time 124.88ms, mfu 3.09%
iter 810: loss 1.2806, time 93.48ms, mfu 3.18%
iter 820: loss 1.2974, time 125.75ms, mfu 3.16%
iter 830: loss 1.2523, time 110.46ms, mfu 3.18%
iter 840: loss 1.2648, time 107.69ms, mfu 3.21%
iter 850: loss 1.2997, time 109.83ms, mfu 3.23%
iter 860: loss 1.2606, time 80.11ms, mfu 3.37%
iter 870: loss 1.2675, time 108.20ms, mfu 3.38%
iter 880: loss 1.2596, time 108.35ms, mfu 3.38%
iter 890: loss 1.2889, time 138.38ms, mfu 3.32%
iter 900: loss 1.2696, time 110.47ms, mfu 3.32%
iter 910: loss 1.2753, time 110.37ms, mfu 3.33%
iter 920: loss 1.2530, time 109.69ms, mfu 3.33%
iter 930: loss 1.2651, time 107.46ms, mfu 3.35%
iter 940: loss 1.2607, time 109.65ms, mfu 3.35%
iter 950: loss 1.2122, time 108.86ms, mfu 3.36%
iter 960: loss 1.2477, time 109.00ms, mfu 3.37%
iter 970: loss 1.2528, time 93.09ms, mfu 3.43%
iter 980: loss 1.2636, time 110.13ms, mfu 3.42%
iter 990: loss 1.2540, time 125.89ms, mfu 3.38%
step 1000: train loss 1.1794, val loss 1.4783
iter 1000: loss 1.2634, time 13810.97ms, mfu 3.04%
iter 1010: loss 1.2290, time 122.90ms, mfu 3.04%
iter 1020: loss 1.2364, time 108.86ms, mfu 3.08%
iter 1030: loss 1.2261, time 109.94ms, mfu 3.11%
iter 1040: loss 1.2079, time 94.07ms, mfu 3.20%
iter 1050: loss 1.2531, time 124.85ms, mfu 3.17%
iter 1060: loss 1.2473, time 123.92ms, mfu 3.16%
iter 1070: loss 1.2399, time 109.72ms, mfu 3.18%
iter 1080: loss 1.2549, time 125.47ms, mfu 3.16%
iter 1090: loss 1.2437, time 94.66ms, mfu 3.24%
iter 1100: loss 1.2191, time 110.65ms, mfu 3.25%
iter 1110: loss 1.2211, time 93.44ms, mfu 3.32%
iter 1120: loss 1.2364, time 109.43ms, mfu 3.33%
iter 1130: loss 1.1960, time 107.04ms, mfu 3.35%
iter 1140: loss 1.2333, time 91.93ms, mfu 3.42%
iter 1150: loss 1.2589, time 93.90ms, mfu 3.47%
iter 1160: loss 1.2096, time 94.77ms, mfu 3.52%
iter 1170: loss 1.2104, time 95.11ms, mfu 3.56%
iter 1180: loss 1.2199, time 123.64ms, mfu 3.50%
iter 1190: loss 1.2347, time 109.38ms, mfu 3.49%
iter 1200: loss 1.2195, time 96.49ms, mfu 3.53%
iter 1210: loss 1.1967, time 108.25ms, mfu 3.52%
iter 1220: loss 1.2089, time 123.96ms, mfu 3.47%
iter 1230: loss 1.1603, time 123.76ms, mfu 3.42%
iter 1240: loss 1.1929, time 93.20ms, mfu 3.48%
step 1250: train loss 1.1251, val loss 1.4775
iter 1250: loss 1.1878, time 13776.06ms, mfu 3.14%
iter 1260: loss 1.2222, time 95.80ms, mfu 3.21%
iter 1270: loss 1.1817, time 109.02ms, mfu 3.23%
iter 1280: loss 1.2160, time 109.32ms, mfu 3.25%
iter 1290: loss 1.1997, time 108.54ms, mfu 3.27%
iter 1300: loss 1.1633, time 124.38ms, mfu 3.24%
iter 1310: loss 1.1905, time 124.47ms, mfu 3.22%
iter 1320: loss 1.1859, time 94.04ms, mfu 3.29%
iter 1330: loss 1.1771, time 108.74ms, mfu 3.30%
iter 1340: loss 1.1887, time 112.18ms, mfu 3.31%
iter 1350: loss 1.1615, time 123.62ms, mfu 3.28%
iter 1360: loss 1.1841, time 108.89ms, mfu 3.29%
iter 1370: loss 1.1826, time 123.59ms, mfu 3.26%
iter 1380: loss 1.1481, time 108.69ms, mfu 3.28%
iter 1390: loss 1.1535, time 124.87ms, mfu 3.25%
iter 1400: loss 1.1669, time 110.42ms, mfu 3.26%
iter 1410: loss 1.1776, time 110.44ms, mfu 3.27%
iter 1420: loss 1.1806, time 123.39ms, mfu 3.25%
iter 1430: loss 1.1746, time 123.39ms, mfu 3.23%
iter 1440: loss 1.1729, time 109.28ms, mfu 3.24%
iter 1450: loss 1.1529, time 109.89ms, mfu 3.26%
iter 1460: loss 1.1473, time 127.10ms, mfu 3.23%
iter 1470: loss 1.1536, time 110.18ms, mfu 3.24%
iter 1480: loss 1.1584, time 108.98ms, mfu 3.26%
iter 1490: loss 1.1949, time 109.10ms, mfu 3.28%
step 1500: train loss 1.0810, val loss 1.4706
iter 1500: loss 1.1362, time 13622.70ms, mfu 2.95%
iter 1510: loss 1.1687, time 92.48ms, mfu 3.06%
iter 1520: loss 1.1451, time 124.76ms, mfu 3.05%
iter 1530: loss 1.1441, time 94.36ms, mfu 3.14%
iter 1540: loss 1.1644, time 110.90ms, mfu 3.16%
iter 1550: loss 1.1364, time 108.55ms, mfu 3.19%
iter 1560: loss 1.1530, time 125.38ms, mfu 3.17%
iter 1570: loss 1.1675, time 123.81ms, mfu 3.15%
iter 1580: loss 1.1159, time 94.93ms, mfu 3.23%
iter 1590: loss 1.1307, time 108.56ms, mfu 3.25%
iter 1600: loss 1.0786, time 124.46ms, mfu 3.22%
iter 1610: loss 1.1240, time 123.33ms, mfu 3.20%
iter 1620: loss 1.1201, time 120.37ms, mfu 3.19%
iter 1630: loss 1.1482, time 82.25ms, mfu 3.33%
iter 1640: loss 1.1478, time 149.92ms, mfu 3.24%
iter 1650: loss 1.1504, time 129.34ms, mfu 3.21%
iter 1660: loss 1.1265, time 109.74ms, mfu 3.23%
iter 1670: loss 1.1546, time 110.67ms, mfu 3.24%
iter 1680: loss 1.1401, time 109.57ms, mfu 3.26%
iter 1690: loss 1.1152, time 124.59ms, mfu 3.23%
iter 1700: loss 1.1230, time 125.86ms, mfu 3.20%
iter 1710: loss 1.1250, time 124.83ms, mfu 3.18%
iter 1720: loss 1.1257, time 109.02ms, mfu 3.20%
iter 1730: loss 1.0951, time 108.92ms, mfu 3.23%
iter 1740: loss 1.1075, time 108.60ms, mfu 3.25%
step 1750: train loss 1.0323, val loss 1.4739
iter 1750: loss 1.1158, time 14373.39ms, mfu 2.92%
iter 1760: loss 1.1353, time 124.08ms, mfu 2.93%
iter 1770: loss 1.1086, time 108.69ms, mfu 2.98%
iter 1780: loss 1.1245, time 109.57ms, mfu 3.02%
iter 1790: loss 1.1090, time 109.11ms, mfu 3.06%
iter 1800: loss 1.1111, time 109.25ms, mfu 3.10%
iter 1810: loss 1.1175, time 109.72ms, mfu 3.13%
iter 1820: loss 1.1405, time 108.80ms, mfu 3.16%
iter 1830: loss 1.0861, time 108.41ms, mfu 3.19%
iter 1840: loss 1.0844, time 95.60ms, mfu 3.26%
iter 1850: loss 1.1145, time 109.67ms, mfu 3.27%
iter 1860: loss 1.1187, time 94.62ms, mfu 3.34%
iter 1870: loss 1.0574, time 108.90ms, mfu 3.35%
iter 1880: loss 1.1283, time 109.88ms, mfu 3.35%
iter 1890: loss 1.0866, time 107.07ms, mfu 3.36%
iter 1900: loss 1.1054, time 108.42ms, mfu 3.37%
iter 1910: loss 1.1058, time 107.04ms, mfu 3.38%
iter 1920: loss 1.0974, time 109.08ms, mfu 3.39%
iter 1930: loss 1.0844, time 108.83ms, mfu 3.39%
iter 1940: loss 1.0855, time 108.01ms, mfu 3.40%
iter 1950: loss 1.1059, time 109.25ms, mfu 3.40%
iter 1960: loss 1.0566, time 124.69ms, mfu 3.36%
iter 1970: loss 1.0945, time 124.94ms, mfu 3.32%
iter 1980: loss 1.1056, time 109.22ms, mfu 3.33%
iter 1990: loss 1.1014, time 142.36ms, mfu 3.26%
step 2000: train loss 0.9846, val loss 1.5049
iter 2000: loss 1.1226, time 13946.29ms, mfu 2.93%
iter 2010: loss 1.0985, time 109.01ms, mfu 2.98%
iter 2020: loss 1.0726, time 108.38ms, mfu 3.03%
iter 2030: loss 1.0907, time 124.47ms, mfu 3.02%
iter 2040: loss 1.0512, time 94.94ms, mfu 3.11%
iter 2050: loss 1.0759, time 94.94ms, mfu 3.20%
iter 2060: loss 1.0707, time 109.11ms, mfu 3.22%
iter 2070: loss 1.0698, time 95.65ms, mfu 3.29%
iter 2080: loss 1.0770, time 80.54ms, mfu 3.42%
iter 2090: loss 1.0635, time 107.65ms, mfu 3.42%
iter 2100: loss 1.0893, time 108.57ms, mfu 3.42%
iter 2110: loss 1.1012, time 108.91ms, mfu 3.42%
iter 2120: loss 1.0663, time 123.00ms, mfu 3.38%
iter 2130: loss 1.0456, time 109.45ms, mfu 3.39%
iter 2140: loss 1.0509, time 107.58ms, mfu 3.39%
iter 2150: loss 1.0649, time 95.78ms, mfu 3.44%
iter 2160: loss 1.0450, time 122.93ms, mfu 3.40%
iter 2170: loss 1.0418, time 109.05ms, mfu 3.40%
iter 2180: loss 1.0492, time 110.32ms, mfu 3.40%
iter 2190: loss 1.0591, time 108.43ms, mfu 3.41%
iter 2200: loss 1.0360, time 123.99ms, mfu 3.37%
iter 2210: loss 1.0355, time 108.90ms, mfu 3.37%
iter 2220: loss 1.0466, time 109.43ms, mfu 3.37%
iter 2230: loss 1.0445, time 125.53ms, mfu 3.33%
iter 2240: loss 1.0310, time 123.65ms, mfu 3.30%
step 2250: train loss 0.9344, val loss 1.4994
iter 2250: loss 1.0255, time 13492.57ms, mfu 2.97%
iter 2260: loss 1.0141, time 93.96ms, mfu 3.07%
iter 2270: loss 1.0283, time 110.27ms, mfu 3.10%
iter 2280: loss 1.0345, time 123.71ms, mfu 3.09%
iter 2290: loss 1.0375, time 107.61ms, mfu 3.13%
iter 2300: loss 1.0325, time 109.04ms, mfu 3.16%
iter 2310: loss 1.0574, time 93.68ms, mfu 3.24%
iter 2320: loss 1.0259, time 94.38ms, mfu 3.31%
iter 2330: loss 1.0319, time 95.26ms, mfu 3.37%
iter 2340: loss 1.0182, time 94.52ms, mfu 3.43%
iter 2350: loss 1.0308, time 109.31ms, mfu 3.43%
iter 2360: loss 1.0321, time 109.16ms, mfu 3.43%
iter 2370: loss 1.0314, time 92.98ms, mfu 3.48%
iter 2380: loss 1.0278, time 109.90ms, mfu 3.47%
iter 2390: loss 1.0344, time 109.25ms, mfu 3.47%
iter 2400: loss 1.0186, time 110.06ms, mfu 3.46%
iter 2410: loss 1.0400, time 125.25ms, mfu 3.41%
iter 2420: loss 0.9984, time 94.56ms, mfu 3.46%
iter 2430: loss 1.0065, time 139.21ms, mfu 3.39%
iter 2440: loss 0.9949, time 109.18ms, mfu 3.39%
iter 2450: loss 0.9776, time 109.58ms, mfu 3.39%
iter 2460: loss 1.0194, time 110.75ms, mfu 3.39%
iter 2470: loss 1.0053, time 93.22ms, mfu 3.45%
iter 2480: loss 1.0050, time 107.78ms, mfu 3.45%
iter 2490: loss 0.9783, time 108.96ms, mfu 3.45%
step 2500: train loss 0.8901, val loss 1.5152
iter 2500: loss 0.9993, time 13042.69ms, mfu 3.10%
iter 2510: loss 1.0170, time 123.00ms, mfu 3.10%
iter 2520: loss 1.0178, time 109.66ms, mfu 3.13%
iter 2530: loss 1.0131, time 122.98ms, mfu 3.12%
iter 2540: loss 1.0019, time 140.26ms, mfu 3.07%
iter 2550: loss 1.0181, time 123.42ms, mfu 3.07%
iter 2560: loss 0.9890, time 124.22ms, mfu 3.06%
iter 2570: loss 1.0058, time 110.11ms, mfu 3.09%
iter 2580: loss 1.0052, time 109.69ms, mfu 3.12%
iter 2590: loss 1.0037, time 103.79ms, mfu 3.17%
iter 2600: loss 0.9947, time 93.76ms, mfu 3.25%
iter 2610: loss 1.0104, time 124.09ms, mfu 3.22%
iter 2620: loss 0.9921, time 93.96ms, mfu 3.30%
iter 2630: loss 0.9895, time 109.09ms, mfu 3.31%
iter 2640: loss 0.9958, time 109.00ms, mfu 3.32%
iter 2650: loss 0.9704, time 109.91ms, mfu 3.33%
iter 2660: loss 1.0184, time 109.10ms, mfu 3.34%
iter 2670: loss 1.0090, time 107.43ms, mfu 3.35%
iter 2680: loss 0.9820, time 110.32ms, mfu 3.35%
iter 2690: loss 0.9893, time 124.04ms, mfu 3.32%
iter 2700: loss 0.9583, time 124.76ms, mfu 3.28%
iter 2710: loss 0.9835, time 124.06ms, mfu 3.26%
iter 2720: loss 0.9691, time 109.65ms, mfu 3.27%
iter 2730: loss 0.9773, time 109.35ms, mfu 3.28%
iter 2740: loss 0.9838, time 110.11ms, mfu 3.29%
step 2750: train loss 0.8378, val loss 1.5375
iter 2750: loss 0.9877, time 13446.45ms, mfu 2.97%
iter 2760: loss 0.9543, time 139.89ms, mfu 2.94%
iter 2770: loss 0.9790, time 109.72ms, mfu 2.98%
iter 2780: loss 0.9264, time 123.50ms, mfu 2.99%
iter 2790: loss 0.9603, time 110.69ms, mfu 3.02%
iter 2800: loss 0.9612, time 124.54ms, mfu 3.02%
iter 2810: loss 0.9955, time 124.58ms, mfu 3.02%
iter 2820: loss 0.9662, time 123.34ms, mfu 3.02%
iter 2830: loss 0.9411, time 110.13ms, mfu 3.06%
iter 2840: loss 0.9527, time 125.37ms, mfu 3.05%
iter 2850: loss 0.9559, time 123.04ms, mfu 3.04%
iter 2860: loss 0.9500, time 140.21ms, mfu 3.01%
iter 2870: loss 0.9569, time 124.71ms, mfu 3.00%
iter 2880: loss 0.9381, time 93.72ms, mfu 3.10%
iter 2890: loss 0.9645, time 95.06ms, mfu 3.18%
iter 2900: loss 0.9571, time 108.48ms, mfu 3.21%
iter 2910: loss 0.9592, time 108.43ms, mfu 3.23%
iter 2920: loss 0.9670, time 108.54ms, mfu 3.25%
iter 2930: loss 0.9074, time 94.22ms, mfu 3.32%
iter 2940: loss 0.9470, time 108.23ms, mfu 3.33%
iter 2950: loss 0.9636, time 124.16ms, mfu 3.30%
iter 2960: loss 0.9162, time 109.10ms, mfu 3.31%
iter 2970: loss 0.9439, time 108.61ms, mfu 3.32%
iter 2980: loss 0.9363, time 109.08ms, mfu 3.33%
iter 2990: loss 0.9299, time 110.64ms, mfu 3.34%
step 3000: train loss 0.7920, val loss 1.5693
iter 3000: loss 0.9517, time 13811.35ms, mfu 3.01%
iter 3010: loss 0.9315, time 109.66ms, mfu 3.04%
iter 3020: loss 0.9301, time 108.86ms, mfu 3.08%
iter 3030: loss 0.9462, time 109.15ms, mfu 3.12%
iter 3040: loss 0.9249, time 109.51ms, mfu 3.14%
iter 3050: loss 0.9309, time 108.98ms, mfu 3.17%
iter 3060: loss 0.9240, time 109.68ms, mfu 3.19%
iter 3070: loss 0.9129, time 94.55ms, mfu 3.27%
iter 3080: loss 0.9023, time 94.10ms, mfu 3.34%
iter 3090: loss 0.9055, time 109.71ms, mfu 3.34%
iter 3100: loss 0.9219, time 110.16ms, mfu 3.35%
iter 3110: loss 0.9000, time 94.71ms, mfu 3.41%
iter 3120: loss 0.9323, time 107.35ms, mfu 3.41%
iter 3130: loss 0.8899, time 109.05ms, mfu 3.41%
iter 3140: loss 0.9017, time 93.30ms, mfu 3.47%
iter 3150: loss 0.9206, time 125.05ms, mfu 3.42%
iter 3160: loss 0.9036, time 140.77ms, mfu 3.34%
iter 3170: loss 0.9153, time 123.95ms, mfu 3.31%
iter 3180: loss 0.9224, time 138.49ms, mfu 3.25%
iter 3190: loss 0.9000, time 123.70ms, mfu 3.23%
iter 3200: loss 0.8824, time 93.89ms, mfu 3.30%
iter 3210: loss 0.9127, time 108.66ms, mfu 3.31%
iter 3220: loss 0.8850, time 109.80ms, mfu 3.32%
iter 3230: loss 0.9019, time 124.14ms, mfu 3.29%
iter 3240: loss 0.8933, time 126.56ms, mfu 3.25%
step 3250: train loss 0.7359, val loss 1.6099
iter 3250: loss 0.8848, time 14242.59ms, mfu 2.93%
iter 3260: loss 0.8894, time 153.39ms, mfu 2.88%
iter 3270: loss 0.8691, time 143.63ms, mfu 2.85%
iter 3280: loss 0.9035, time 95.39ms, mfu 2.96%
iter 3290: loss 0.8774, time 109.74ms, mfu 3.00%
iter 3300: loss 0.8837, time 140.20ms, mfu 2.97%
iter 3310: loss 0.8884, time 108.78ms, mfu 3.01%
iter 3320: loss 0.8896, time 109.28ms, mfu 3.05%
iter 3330: loss 0.8770, time 109.00ms, mfu 3.09%
iter 3340: loss 0.8782, time 123.16ms, mfu 3.08%
iter 3350: loss 0.8791, time 110.14ms, mfu 3.11%
iter 3360: loss 0.8594, time 125.13ms, mfu 3.10%
iter 3370: loss 0.8525, time 125.35ms, mfu 3.09%
iter 3380: loss 0.8720, time 124.32ms, mfu 3.08%
iter 3390: loss 0.8427, time 122.65ms, mfu 3.07%
iter 3400: loss 0.8688, time 139.56ms, mfu 3.03%
iter 3410: loss 0.8773, time 124.76ms, mfu 3.03%
iter 3420: loss 0.8793, time 109.09ms, mfu 3.07%
iter 3430: loss 0.9084, time 110.51ms, mfu 3.10%
iter 3440: loss 0.8554, time 123.72ms, mfu 3.09%
iter 3450: loss 0.8621, time 109.85ms, mfu 3.12%
iter 3460: loss 0.8570, time 108.35ms, mfu 3.15%
iter 3470: loss 0.8409, time 108.20ms, mfu 3.18%
iter 3480: loss 0.8564, time 137.96ms, mfu 3.13%
iter 3490: loss 0.8609, time 110.37ms, mfu 3.16%
step 3500: train loss 0.6854, val loss 1.6549
iter 3500: loss 0.8552, time 14155.79ms, mfu 2.84%
iter 3510: loss 0.8952, time 62.50ms, mfu 3.16%
iter 3520: loss 0.8603, time 64.59ms, mfu 3.42%
iter 3530: loss 0.8544, time 63.83ms, mfu 3.66%
iter 3540: loss 0.8756, time 77.95ms, mfu 3.77%
iter 3550: loss 0.8374, time 126.26ms, mfu 3.69%
iter 3560: loss 0.8663, time 108.45ms, mfu 3.66%
iter 3570: loss 0.8585, time 139.05ms, mfu 3.57%
iter 3580: loss 0.8577, time 124.37ms, mfu 3.51%
iter 3590: loss 0.8366, time 124.22ms, mfu 3.46%
iter 3600: loss 0.8372, time 124.53ms, mfu 3.41%
iter 3610: loss 0.8423, time 124.57ms, mfu 3.37%
iter 3620: loss 0.8493, time 109.01ms, mfu 3.37%
iter 3630: loss 0.8505, time 125.30ms, mfu 3.33%
iter 3640: loss 0.8449, time 109.17ms, mfu 3.34%
iter 3650: loss 0.8486, time 125.26ms, mfu 3.31%
iter 3660: loss 0.8472, time 95.34ms, mfu 3.37%
iter 3670: loss 0.8336, time 124.03ms, mfu 3.33%
iter 3680: loss 0.8376, time 94.21ms, mfu 3.39%
iter 3690: loss 0.8642, time 109.14ms, mfu 3.39%
iter 3700: loss 0.8443, time 125.27ms, mfu 3.35%
iter 3710: loss 0.8579, time 123.62ms, mfu 3.32%
iter 3720: loss 0.8336, time 110.45ms, mfu 3.32%
iter 3730: loss 0.8387, time 109.18ms, mfu 3.33%
iter 3740: loss 0.8344, time 76.63ms, mfu 3.49%
step 3750: train loss 0.6459, val loss 1.6664
iter 3750: loss 0.8270, time 9231.23ms, mfu 3.14%
iter 3760: loss 0.8204, time 75.58ms, mfu 3.32%
iter 3770: loss 0.8403, time 63.72ms, mfu 3.57%
iter 3780: loss 0.8153, time 77.49ms, mfu 3.70%
iter 3790: loss 0.8104, time 64.07ms, mfu 3.91%
iter 3800: loss 0.8253, time 76.70ms, mfu 4.00%
iter 3810: loss 0.8245, time 76.49ms, mfu 4.09%
iter 3820: loss 0.8052, time 64.72ms, mfu 4.26%
iter 3830: loss 0.8168, time 64.34ms, mfu 4.41%
iter 3840: loss 0.8282, time 77.27ms, mfu 4.45%
iter 3850: loss 0.8071, time 77.52ms, mfu 4.49%
iter 3860: loss 0.8036, time 91.70ms, mfu 4.44%
iter 3870: loss 0.8249, time 64.61ms, mfu 4.58%
iter 3880: loss 0.8218, time 78.85ms, mfu 4.59%
iter 3890: loss 0.8288, time 78.06ms, mfu 4.61%
iter 3900: loss 0.8238, time 76.86ms, mfu 4.63%
iter 3910: loss 0.8207, time 77.22ms, mfu 4.65%
iter 3920: loss 0.7939, time 78.13ms, mfu 4.66%
iter 3930: loss 0.8008, time 78.74ms, mfu 4.67%
iter 3940: loss 0.7844, time 92.12ms, mfu 4.61%
iter 3950: loss 0.8184, time 77.22ms, mfu 4.63%
iter 3960: loss 0.8182, time 76.62ms, mfu 4.65%
iter 3970: loss 0.8021, time 77.59ms, mfu 4.67%
iter 3980: loss 0.8097, time 77.47ms, mfu 4.68%
iter 3990: loss 0.7802, time 77.40ms, mfu 4.70%
step 4000: train loss 0.6096, val loss 1.6916
iter 4000: loss 0.8057, time 8865.12ms, mfu 4.23%
iter 4010: loss 0.8299, time 91.85ms, mfu 4.21%
iter 4020: loss 0.8144, time 77.15ms, mfu 4.27%
iter 4030: loss 0.8113, time 76.91ms, mfu 4.33%
iter 4040: loss 0.8017, time 78.30ms, mfu 4.37%
iter 4050: loss 0.7833, time 65.44ms, mfu 4.51%
iter 4060: loss 0.7954, time 64.54ms, mfu 4.63%
iter 4070: loss 0.8148, time 78.50ms, mfu 4.64%
iter 4080: loss 0.7875, time 78.80ms, mfu 4.65%
iter 4090: loss 0.8211, time 78.32ms, mfu 4.66%
iter 4100: loss 0.7916, time 78.02ms, mfu 4.67%
iter 4110: loss 0.7960, time 77.50ms, mfu 4.69%
iter 4120: loss 0.7749, time 77.03ms, mfu 4.70%
iter 4130: loss 0.7777, time 64.63ms, mfu 4.81%
iter 4140: loss 0.7822, time 77.74ms, mfu 4.81%
iter 4150: loss 0.8017, time 77.93ms, mfu 4.81%
iter 4160: loss 0.7890, time 91.85ms, mfu 4.73%
iter 4170: loss 0.7550, time 78.32ms, mfu 4.73%
iter 4180: loss 0.7807, time 77.98ms, mfu 4.74%
iter 4190: loss 0.7886, time 76.44ms, mfu 4.75%
iter 4200: loss 0.7780, time 63.64ms, mfu 4.86%
iter 4210: loss 0.7973, time 61.99ms, mfu 4.98%
iter 4220: loss 0.7992, time 76.65ms, mfu 4.96%
iter 4230: loss 0.7753, time 64.11ms, mfu 5.05%
iter 4240: loss 0.7935, time 80.52ms, mfu 5.01%
step 4250: train loss 0.5792, val loss 1.7202
iter 4250: loss 0.7716, time 9724.26ms, mfu 4.51%
iter 4260: loss 0.7805, time 77.55ms, mfu 4.54%
iter 4270: loss 0.7871, time 77.47ms, mfu 4.57%
iter 4280: loss 0.7930, time 77.99ms, mfu 4.59%
iter 4290: loss 0.7788, time 78.20ms, mfu 4.61%
iter 4300: loss 0.7732, time 77.07ms, mfu 4.63%
iter 4310: loss 0.7614, time 77.67ms, mfu 4.65%
iter 4320: loss 0.7867, time 78.10ms, mfu 4.66%
iter 4330: loss 0.7735, time 77.31ms, mfu 4.67%
iter 4340: loss 0.7719, time 63.91ms, mfu 4.79%
iter 4350: loss 0.7792, time 77.60ms, mfu 4.79%
iter 4360: loss 0.7775, time 76.58ms, mfu 4.80%
iter 4370: loss 0.7688, time 92.81ms, mfu 4.72%
iter 4380: loss 0.7836, time 63.99ms, mfu 4.83%
iter 4390: loss 0.7587, time 63.09ms, mfu 4.94%
iter 4400: loss 0.7564, time 63.58ms, mfu 5.03%
iter 4410: loss 0.7892, time 76.66ms, mfu 5.01%
iter 4420: loss 0.7745, time 64.50ms, mfu 5.09%
iter 4430: loss 0.7566, time 63.48ms, mfu 5.17%
iter 4440: loss 0.7650, time 63.17ms, mfu 5.24%
iter 4450: loss 0.7845, time 62.71ms, mfu 5.31%
iter 4460: loss 0.7667, time 64.16ms, mfu 5.36%
iter 4470: loss 0.7686, time 63.92ms, mfu 5.41%
iter 4480: loss 0.7575, time 92.83ms, mfu 5.27%
iter 4490: loss 0.7600, time 78.38ms, mfu 5.22%
step 4500: train loss 0.5484, val loss 1.7448
iter 4500: loss 0.7908, time 10093.37ms, mfu 4.70%
iter 4510: loss 0.7411, time 79.74ms, mfu 4.70%
iter 4520: loss 0.7461, time 79.06ms, mfu 4.70%
iter 4530: loss 0.7614, time 77.82ms, mfu 4.71%
iter 4540: loss 0.7604, time 62.35ms, mfu 4.83%
iter 4550: loss 0.7648, time 63.43ms, mfu 4.94%
iter 4560: loss 0.7590, time 77.07ms, mfu 4.93%
iter 4570: loss 0.7742, time 77.69ms, mfu 4.91%
iter 4580: loss 0.7682, time 76.09ms, mfu 4.91%
iter 4590: loss 0.7594, time 61.79ms, mfu 5.02%
iter 4600: loss 0.7542, time 61.53ms, mfu 5.13%
iter 4610: loss 0.7579, time 63.84ms, mfu 5.20%
iter 4620: loss 0.7387, time 64.04ms, mfu 5.26%
iter 4630: loss 0.7432, time 77.76ms, mfu 5.21%
iter 4640: loss 0.7497, time 78.52ms, mfu 5.17%
iter 4650: loss 0.7565, time 77.38ms, mfu 5.13%
iter 4660: loss 0.7616, time 64.69ms, mfu 5.19%
iter 4670: loss 0.7533, time 64.23ms, mfu 5.26%
iter 4680: loss 0.7337, time 63.51ms, mfu 5.32%
iter 4690: loss 0.7286, time 91.54ms, mfu 5.19%
iter 4700: loss 0.7519, time 78.50ms, mfu 5.15%
iter 4710: loss 0.7541, time 77.46ms, mfu 5.11%
iter 4720: loss 0.7476, time 76.87ms, mfu 5.09%
iter 4730: loss 0.7435, time 78.09ms, mfu 5.06%
iter 4740: loss 0.7355, time 78.04ms, mfu 5.03%
step 4750: train loss 0.5291, val loss 1.7586
iter 4750: loss 0.7544, time 9368.69ms, mfu 4.53%
iter 4760: loss 0.7508, time 77.09ms, mfu 4.56%
iter 4770: loss 0.7296, time 77.21ms, mfu 4.59%
iter 4780: loss 0.7505, time 61.48ms, mfu 4.73%
iter 4790: loss 0.7443, time 63.00ms, mfu 4.85%
iter 4800: loss 0.7549, time 75.75ms, mfu 4.86%
iter 4810: loss 0.7339, time 63.37ms, mfu 4.96%
iter 4820: loss 0.7427, time 78.83ms, mfu 4.94%
iter 4830: loss 0.7408, time 77.63ms, mfu 4.92%
iter 4840: loss 0.7358, time 77.80ms, mfu 4.91%
iter 4850: loss 0.7419, time 92.64ms, mfu 4.82%
iter 4860: loss 0.7357, time 63.44ms, mfu 4.93%
iter 4870: loss 0.7357, time 64.78ms, mfu 5.01%
iter 4880: loss 0.7406, time 77.13ms, mfu 4.99%
iter 4890: loss 0.7764, time 78.31ms, mfu 4.97%
iter 4900: loss 0.7597, time 77.32ms, mfu 4.95%
iter 4910: loss 0.7219, time 76.77ms, mfu 4.94%
iter 4920: loss 0.7190, time 78.29ms, mfu 4.92%
iter 4930: loss 0.7372, time 78.91ms, mfu 4.90%
iter 4940: loss 0.7395, time 77.34ms, mfu 4.90%
iter 4950: loss 0.7391, time 64.09ms, mfu 4.99%
iter 4960: loss 0.7313, time 78.45ms, mfu 4.96%
iter 4970: loss 0.7219, time 77.93ms, mfu 4.95%
iter 4980: loss 0.7516, time 63.74ms, mfu 5.04%
iter 4990: loss 0.7544, time 92.04ms, mfu 4.94%
step 5000: train loss 0.5126, val loss 1.7755
iter 5000: loss 0.7356, time 9240.33ms, mfu 4.45%
