Overriding config with config/train_shakespeare_char.py:
# train a miniature character-level shakespeare model
# good for debugging and playing on macbooks and such

out_dir = 'out-shakespeare-char'
eval_interval = 250 # keep frequent because we'll overfit
eval_iters = 200
log_interval = 10 # don't print too too often

# we expect to overfit on this small dataset, so only save when val improves
always_save_checkpoint = False

wandb_log = False # override via command line if you like
wandb_project = 'shakespeare-char'
wandb_run_name = 'mini-gpt'

dataset = 'shakespeare_char'
gradient_accumulation_steps = 1
batch_size = 64
block_size = 256 # context of up to 256 previous characters

# baby GPT model :)
n_layer = 6
n_head = 6
n_embd = 384
dropout = 0.2

learning_rate = 1e-3 # with baby networks can afford to go a bit higher
max_iters = 5000
lr_decay_iters = 5000 # make equal to max_iters usually
min_lr = 1e-4 # learning_rate / 10 usually
beta2 = 0.99 # make a bit bigger because number of tokens per iter is small

warmup_iters = 100 # not super necessary potentially

# on macbook also add
# device = 'cpu'  # run on cpu only
# compile = False # do not torch compile the model

Overriding: compile = False
Overriding: out_dir = runs\baseline_lr2e-3
Overriding: learning_rate = 0.002
Overriding: min_lr = 0.0002
Overriding: seed = 1337
Overriding: save_checkpoint = False
tokens per iteration will be: 16,384
found vocab_size = 65 (inside data\shakespeare_char\meta.pkl)
Initializing a new model from scratch
number of parameters: 10.65M
C:\Users\86271\hw1work\nanoGPT\train.py:204: FutureWarning: `torch.cuda.amp.GradScaler(args...)` is deprecated. Please use `torch.amp.GradScaler('cuda', args...)` instead.
  scaler = torch.cuda.amp.GradScaler(enabled=(dtype == 'float16'))
num decayed parameter tensors: 26, with 10,740,096 parameters
num non-decayed parameter tensors: 13, with 4,992 parameters
using fused AdamW: True
step 0: train loss 4.2874, val loss 4.2823
iter 0: loss 4.2670, time 11845.39ms, mfu -100.00%
iter 10: loss 3.0217, time 94.11ms, mfu 3.96%
iter 20: loss 2.6477, time 93.37ms, mfu 3.96%
iter 30: loss 2.5806, time 78.73ms, mfu 4.04%
iter 40: loss 2.5482, time 93.34ms, mfu 4.03%
iter 50: loss 2.5098, time 78.11ms, mfu 4.11%
iter 60: loss 2.4931, time 94.12ms, mfu 4.09%
iter 70: loss 2.4852, time 108.16ms, mfu 4.03%
iter 80: loss 2.4916, time 78.00ms, mfu 4.10%
iter 90: loss 2.4665, time 93.01ms, mfu 4.09%
iter 100: loss 2.4505, time 81.17ms, mfu 4.14%
iter 110: loss 2.4425, time 94.52ms, mfu 4.12%
iter 120: loss 2.4110, time 107.90ms, mfu 4.06%
iter 130: loss 2.4007, time 79.61ms, mfu 4.12%
iter 140: loss 2.4557, time 92.93ms, mfu 4.11%
iter 150: loss 2.3923, time 78.25ms, mfu 4.17%
iter 160: loss 2.2750, time 78.61ms, mfu 4.23%
iter 170: loss 2.2069, time 93.27ms, mfu 4.21%
iter 180: loss 2.1614, time 107.99ms, mfu 4.13%
iter 190: loss 2.0937, time 94.40ms, mfu 4.11%
iter 200: loss 2.0631, time 108.63ms, mfu 4.04%
iter 210: loss 2.0135, time 93.81ms, mfu 4.04%
iter 220: loss 2.0149, time 94.37ms, mfu 4.03%
iter 230: loss 1.9668, time 107.60ms, mfu 3.97%
iter 240: loss 1.9763, time 109.00ms, mfu 3.92%
step 250: train loss 1.8571, val loss 1.9861
iter 250: loss 1.9416, time 11464.77ms, mfu 3.53%
iter 260: loss 1.8745, time 123.84ms, mfu 3.48%
iter 270: loss 1.8865, time 92.75ms, mfu 3.53%
iter 280: loss 1.8940, time 93.44ms, mfu 3.58%
iter 290: loss 1.8344, time 109.12ms, mfu 3.56%
iter 300: loss 1.8238, time 78.58ms, mfu 3.68%
iter 310: loss 1.7952, time 92.44ms, mfu 3.71%
iter 320: loss 1.8106, time 93.26ms, mfu 3.74%
iter 330: loss 1.7624, time 108.15ms, mfu 3.71%
iter 340: loss 1.7370, time 95.56ms, mfu 3.73%
iter 350: loss 1.7808, time 93.83ms, mfu 3.75%
iter 360: loss 1.7404, time 93.19ms, mfu 3.78%
iter 370: loss 1.7057, time 93.66ms, mfu 3.80%
iter 380: loss 1.7040, time 92.92ms, mfu 3.82%
iter 390: loss 1.7006, time 108.39ms, mfu 3.78%
iter 400: loss 1.7429, time 93.87ms, mfu 3.80%
iter 410: loss 1.6772, time 93.91ms, mfu 3.82%
iter 420: loss 1.7002, time 94.12ms, mfu 3.83%
iter 430: loss 1.6784, time 93.19ms, mfu 3.85%
iter 440: loss 1.6531, time 93.49ms, mfu 3.86%
iter 450: loss 1.6446, time 78.65ms, mfu 3.95%
iter 460: loss 1.5989, time 92.50ms, mfu 3.96%
iter 470: loss 1.6570, time 92.95ms, mfu 3.96%
iter 480: loss 1.6247, time 93.49ms, mfu 3.96%
iter 490: loss 1.6125, time 92.98ms, mfu 3.97%
step 500: train loss 1.5187, val loss 1.7296
iter 500: loss 1.6051, time 11494.57ms, mfu 3.58%
iter 510: loss 1.6184, time 93.35ms, mfu 3.62%
iter 520: loss 1.6074, time 107.93ms, mfu 3.60%
iter 530: loss 1.5706, time 93.55ms, mfu 3.64%
iter 540: loss 1.6222, time 93.58ms, mfu 3.67%
iter 550: loss 1.5868, time 110.06ms, mfu 3.64%
iter 560: loss 1.5769, time 108.90ms, mfu 3.62%
iter 570: loss 1.5788, time 93.03ms, mfu 3.66%
iter 580: loss 1.5583, time 79.97ms, mfu 3.76%
iter 590: loss 1.5233, time 93.11ms, mfu 3.78%
iter 600: loss 1.5343, time 94.06ms, mfu 3.80%
iter 610: loss 1.5746, time 108.78ms, mfu 3.76%
iter 620: loss 1.5524, time 93.41ms, mfu 3.79%
iter 630: loss 1.5337, time 79.40ms, mfu 3.88%
iter 640: loss 1.4919, time 94.12ms, mfu 3.89%
iter 650: loss 1.5208, time 93.07ms, mfu 3.90%
iter 660: loss 1.5356, time 93.58ms, mfu 3.91%
iter 670: loss 1.4722, time 107.20ms, mfu 3.86%
iter 680: loss 1.5375, time 92.99ms, mfu 3.88%
iter 690: loss 1.4869, time 108.06ms, mfu 3.83%
iter 700: loss 1.5100, time 94.08ms, mfu 3.85%
iter 710: loss 1.4757, time 93.44ms, mfu 3.86%
iter 720: loss 1.4634, time 108.74ms, mfu 3.82%
iter 730: loss 1.4414, time 108.91ms, mfu 3.78%
iter 740: loss 1.4562, time 93.69ms, mfu 3.80%
step 750: train loss 1.3762, val loss 1.6057
iter 750: loss 1.4532, time 11545.74ms, mfu 3.42%
iter 760: loss 1.4787, time 107.86ms, mfu 3.42%
iter 770: loss 1.4523, time 109.73ms, mfu 3.42%
iter 780: loss 1.4469, time 94.78ms, mfu 3.47%
iter 790: loss 1.4389, time 108.51ms, mfu 3.47%
iter 800: loss 1.4555, time 93.84ms, mfu 3.52%
iter 810: loss 1.4208, time 94.13ms, mfu 3.56%
iter 820: loss 1.4312, time 94.33ms, mfu 3.60%
iter 830: loss 1.4142, time 93.37ms, mfu 3.64%
iter 840: loss 1.4222, time 93.48ms, mfu 3.68%
iter 850: loss 1.4026, time 92.57ms, mfu 3.71%
iter 860: loss 1.4170, time 93.18ms, mfu 3.74%
iter 870: loss 1.4192, time 108.07ms, mfu 3.71%
iter 880: loss 1.3994, time 93.54ms, mfu 3.74%
iter 890: loss 1.4071, time 92.02ms, mfu 3.77%
iter 900: loss 1.3902, time 78.31ms, mfu 3.87%
iter 910: loss 1.3407, time 109.54ms, mfu 3.82%
iter 920: loss 1.3803, time 92.51ms, mfu 3.84%
iter 930: loss 1.3777, time 108.14ms, mfu 3.80%
iter 940: loss 1.3630, time 108.75ms, mfu 3.76%
iter 950: loss 1.3739, time 109.20ms, mfu 3.73%
iter 960: loss 1.3823, time 108.43ms, mfu 3.70%
iter 970: loss 1.3811, time 93.04ms, mfu 3.73%
iter 980: loss 1.3718, time 94.72ms, mfu 3.75%
iter 990: loss 1.3561, time 94.59ms, mfu 3.77%
step 1000: train loss 1.2841, val loss 1.5284
iter 1000: loss 1.3586, time 11603.95ms, mfu 3.40%
iter 1010: loss 1.3552, time 108.16ms, mfu 3.40%
iter 1020: loss 1.3324, time 93.50ms, mfu 3.46%
iter 1030: loss 1.3559, time 109.43ms, mfu 3.45%
iter 1040: loss 1.3815, time 108.04ms, mfu 3.45%
iter 1050: loss 1.3097, time 109.22ms, mfu 3.45%
iter 1060: loss 1.3588, time 94.01ms, mfu 3.50%
iter 1070: loss 1.3536, time 93.04ms, mfu 3.55%
iter 1080: loss 1.3582, time 79.20ms, mfu 3.67%
iter 1090: loss 1.3692, time 79.27ms, mfu 3.77%
iter 1100: loss 1.3345, time 92.50ms, mfu 3.80%
iter 1110: loss 1.3145, time 78.00ms, mfu 3.89%
iter 1120: loss 1.3151, time 79.79ms, mfu 3.97%
iter 1130: loss 1.3115, time 94.51ms, mfu 3.97%
iter 1140: loss 1.3162, time 79.05ms, mfu 4.04%
iter 1150: loss 1.3343, time 93.58ms, mfu 4.04%
iter 1160: loss 1.3465, time 93.93ms, mfu 4.03%
iter 1170: loss 1.3122, time 93.71ms, mfu 4.02%
iter 1180: loss 1.3347, time 79.34ms, mfu 4.09%
iter 1190: loss 1.2898, time 107.74ms, mfu 4.03%
iter 1200: loss 1.3072, time 93.80ms, mfu 4.02%
iter 1210: loss 1.2836, time 108.85ms, mfu 3.96%
iter 1220: loss 1.3145, time 94.15ms, mfu 3.96%
iter 1230: loss 1.3187, time 93.67ms, mfu 3.96%
iter 1240: loss 1.3148, time 92.69ms, mfu 3.97%
step 1250: train loss 1.2169, val loss 1.4962
iter 1250: loss 1.2984, time 11626.69ms, mfu 3.58%
iter 1260: loss 1.2943, time 79.12ms, mfu 3.69%
iter 1270: loss 1.2835, time 93.26ms, mfu 3.72%
iter 1280: loss 1.2721, time 93.63ms, mfu 3.75%
iter 1290: loss 1.3005, time 95.04ms, mfu 3.76%
iter 1300: loss 1.3224, time 93.61ms, mfu 3.79%
iter 1310: loss 1.2538, time 93.39ms, mfu 3.81%
iter 1320: loss 1.3288, time 95.76ms, mfu 3.81%
iter 1330: loss 1.2783, time 93.56ms, mfu 3.83%
iter 1340: loss 1.3155, time 94.43ms, mfu 3.84%
iter 1350: loss 1.2709, time 78.18ms, mfu 3.93%
iter 1360: loss 1.2889, time 94.87ms, mfu 3.93%
iter 1370: loss 1.2657, time 92.76ms, mfu 3.94%
iter 1380: loss 1.2803, time 94.06ms, mfu 3.94%
iter 1390: loss 1.2741, time 108.52ms, mfu 3.89%
iter 1400: loss 1.2593, time 106.61ms, mfu 3.85%
iter 1410: loss 1.2692, time 92.36ms, mfu 3.87%
iter 1420: loss 1.2829, time 93.75ms, mfu 3.88%
iter 1430: loss 1.2634, time 92.17ms, mfu 3.90%
iter 1440: loss 1.2705, time 94.29ms, mfu 3.90%
iter 1450: loss 1.2412, time 94.13ms, mfu 3.91%
iter 1460: loss 1.2463, time 92.66ms, mfu 3.92%
iter 1470: loss 1.2373, time 93.78ms, mfu 3.93%
iter 1480: loss 1.2322, time 108.67ms, mfu 3.88%
iter 1490: loss 1.2525, time 92.74ms, mfu 3.89%
step 1500: train loss 1.1646, val loss 1.4799
iter 1500: loss 1.1966, time 11547.16ms, mfu 3.50%
iter 1510: loss 1.2487, time 108.82ms, mfu 3.50%
iter 1520: loss 1.2395, time 109.06ms, mfu 3.49%
iter 1530: loss 1.2695, time 108.56ms, mfu 3.48%
iter 1540: loss 1.2057, time 94.11ms, mfu 3.53%
iter 1550: loss 1.2394, time 93.94ms, mfu 3.57%
iter 1560: loss 1.2231, time 79.14ms, mfu 3.69%
iter 1570: loss 1.2490, time 93.85ms, mfu 3.72%
iter 1580: loss 1.2178, time 93.77ms, mfu 3.74%
iter 1590: loss 1.2069, time 93.70ms, mfu 3.77%
iter 1600: loss 1.2115, time 93.22ms, mfu 3.79%
iter 1610: loss 1.2535, time 108.68ms, mfu 3.75%
iter 1620: loss 1.1909, time 92.86ms, mfu 3.78%
iter 1630: loss 1.2222, time 78.56ms, mfu 3.87%
iter 1640: loss 1.2189, time 94.98ms, mfu 3.88%
iter 1650: loss 1.1906, time 109.14ms, mfu 3.83%
iter 1660: loss 1.2347, time 94.81ms, mfu 3.84%
iter 1670: loss 1.2151, time 108.76ms, mfu 3.80%
iter 1680: loss 1.2166, time 92.96ms, mfu 3.82%
iter 1690: loss 1.2163, time 108.90ms, mfu 3.78%
iter 1700: loss 1.1943, time 93.89ms, mfu 3.80%
iter 1710: loss 1.1909, time 94.46ms, mfu 3.81%
iter 1720: loss 1.1932, time 93.38ms, mfu 3.83%
iter 1730: loss 1.2187, time 93.94ms, mfu 3.85%
iter 1740: loss 1.1811, time 93.61ms, mfu 3.86%
step 1750: train loss 1.1155, val loss 1.4621
iter 1750: loss 1.2009, time 11527.68ms, mfu 3.48%
iter 1760: loss 1.2009, time 107.72ms, mfu 3.47%
iter 1770: loss 1.2136, time 108.10ms, mfu 3.47%
iter 1780: loss 1.2058, time 94.45ms, mfu 3.52%
iter 1790: loss 1.2041, time 107.35ms, mfu 3.51%
iter 1800: loss 1.1922, time 94.94ms, mfu 3.56%
iter 1810: loss 1.1706, time 108.53ms, mfu 3.54%
iter 1820: loss 1.1856, time 93.94ms, mfu 3.59%
iter 1830: loss 1.1827, time 78.51ms, mfu 3.70%
iter 1840: loss 1.1749, time 93.44ms, mfu 3.73%
iter 1850: loss 1.1766, time 108.78ms, mfu 3.70%
iter 1860: loss 1.1882, time 95.44ms, mfu 3.72%
iter 1870: loss 1.1584, time 94.57ms, mfu 3.74%
iter 1880: loss 1.1955, time 94.12ms, mfu 3.76%
iter 1890: loss 1.1920, time 93.77ms, mfu 3.78%
iter 1900: loss 1.1439, time 107.41ms, mfu 3.75%
iter 1910: loss 1.1846, time 107.99ms, mfu 3.72%
iter 1920: loss 1.1827, time 94.29ms, mfu 3.75%
iter 1930: loss 1.1561, time 63.15ms, mfu 3.96%
iter 1940: loss 1.1344, time 62.32ms, mfu 4.16%
iter 1950: loss 1.1465, time 62.83ms, mfu 4.34%
iter 1960: loss 1.1679, time 63.03ms, mfu 4.50%
iter 1970: loss 1.1633, time 63.11ms, mfu 4.64%
iter 1980: loss 1.1615, time 61.98ms, mfu 4.78%
iter 1990: loss 1.1653, time 62.38ms, mfu 4.90%
step 2000: train loss 1.0725, val loss 1.4746
iter 2000: loss 1.1472, time 7539.76ms, mfu 4.41%
iter 2010: loss 1.1409, time 77.10ms, mfu 4.45%
iter 2020: loss 1.1256, time 62.49ms, mfu 4.60%
iter 2030: loss 1.1739, time 62.95ms, mfu 4.74%
iter 2040: loss 1.1580, time 62.38ms, mfu 4.86%
iter 2050: loss 1.1285, time 62.96ms, mfu 4.97%
iter 2060: loss 1.1185, time 62.31ms, mfu 5.07%
iter 2070: loss 1.1353, time 62.48ms, mfu 5.16%
iter 2080: loss 1.1318, time 62.75ms, mfu 5.23%
iter 2090: loss 1.1423, time 76.51ms, mfu 5.20%
iter 2100: loss 1.1391, time 75.39ms, mfu 5.17%
iter 2110: loss 1.1390, time 62.64ms, mfu 5.25%
iter 2120: loss 1.1417, time 62.20ms, mfu 5.32%
iter 2130: loss 1.1581, time 62.88ms, mfu 5.38%
iter 2140: loss 1.1536, time 62.83ms, mfu 5.44%
iter 2150: loss 1.1339, time 62.84ms, mfu 5.49%
iter 2160: loss 1.1650, time 76.26ms, mfu 5.43%
iter 2170: loss 1.1444, time 62.69ms, mfu 5.48%
iter 2180: loss 1.1233, time 63.11ms, mfu 5.52%
iter 2190: loss 1.1153, time 62.23ms, mfu 5.57%
iter 2200: loss 1.1451, time 62.89ms, mfu 5.60%
iter 2210: loss 1.1196, time 62.22ms, mfu 5.64%
iter 2220: loss 1.1315, time 62.34ms, mfu 5.68%
iter 2230: loss 1.1347, time 62.21ms, mfu 5.71%
iter 2240: loss 1.1479, time 61.95ms, mfu 5.74%
step 2250: train loss 1.0255, val loss 1.4762
iter 2250: loss 1.1169, time 7425.78ms, mfu 5.17%
iter 2260: loss 1.1199, time 62.61ms, mfu 5.25%
iter 2270: loss 1.1509, time 63.68ms, mfu 5.31%
iter 2280: loss 1.1115, time 62.37ms, mfu 5.37%
iter 2290: loss 1.1502, time 76.98ms, mfu 5.32%
iter 2300: loss 1.1347, time 77.37ms, mfu 5.27%
iter 2310: loss 1.1065, time 62.54ms, mfu 5.34%
iter 2320: loss 1.1093, time 76.82ms, mfu 5.29%
iter 2330: loss 1.1131, time 63.21ms, mfu 5.35%
iter 2340: loss 1.1304, time 62.56ms, mfu 5.41%
iter 2350: loss 1.1068, time 62.59ms, mfu 5.47%
iter 2360: loss 1.1240, time 62.34ms, mfu 5.52%
iter 2370: loss 1.1048, time 76.97ms, mfu 5.45%
iter 2380: loss 1.0880, time 62.22ms, mfu 5.50%
iter 2390: loss 1.0872, time 61.83ms, mfu 5.56%
iter 2400: loss 1.0919, time 62.26ms, mfu 5.60%
iter 2410: loss 1.0845, time 63.15ms, mfu 5.63%
iter 2420: loss 1.0948, time 62.04ms, mfu 5.67%
iter 2430: loss 1.0633, time 63.46ms, mfu 5.69%
iter 2440: loss 1.0680, time 63.82ms, mfu 5.70%
iter 2450: loss 1.0865, time 77.87ms, mfu 5.61%
iter 2460: loss 1.1074, time 62.76ms, mfu 5.64%
iter 2470: loss 1.1068, time 62.43ms, mfu 5.68%
iter 2480: loss 1.0908, time 62.86ms, mfu 5.70%
iter 2490: loss 1.0609, time 62.55ms, mfu 5.73%
step 2500: train loss 0.9783, val loss 1.4847
iter 2500: loss 1.0970, time 7463.48ms, mfu 5.16%
iter 2510: loss 1.0832, time 62.57ms, mfu 5.24%
iter 2520: loss 1.0588, time 61.69ms, mfu 5.32%
iter 2530: loss 1.0633, time 62.05ms, mfu 5.39%
iter 2540: loss 1.0636, time 62.41ms, mfu 5.45%
iter 2550: loss 1.0870, time 63.02ms, mfu 5.49%
iter 2560: loss 1.0745, time 62.16ms, mfu 5.54%
iter 2570: loss 1.0846, time 47.44ms, mfu 5.77%
iter 2580: loss 1.0916, time 62.81ms, mfu 5.79%
iter 2590: loss 1.0779, time 76.43ms, mfu 5.70%
iter 2600: loss 1.0798, time 62.89ms, mfu 5.72%
iter 2610: loss 1.0622, time 61.62ms, mfu 5.75%
iter 2620: loss 1.0618, time 62.72ms, mfu 5.77%
iter 2630: loss 1.0322, time 77.66ms, mfu 5.67%
iter 2640: loss 1.0566, time 62.50ms, mfu 5.70%
iter 2650: loss 1.0838, time 62.02ms, mfu 5.73%
iter 2660: loss 1.0494, time 62.81ms, mfu 5.75%
iter 2670: loss 1.0364, time 62.41ms, mfu 5.78%
iter 2680: loss 1.0585, time 48.79ms, mfu 5.96%
iter 2690: loss 1.0663, time 76.23ms, mfu 5.85%
iter 2700: loss 1.0317, time 62.41ms, mfu 5.87%
iter 2710: loss 1.0609, time 61.93ms, mfu 5.88%
iter 2720: loss 1.0539, time 62.43ms, mfu 5.89%
iter 2730: loss 1.0736, time 62.78ms, mfu 5.89%
iter 2740: loss 1.0348, time 62.86ms, mfu 5.90%
step 2750: train loss 0.9305, val loss 1.4988
iter 2750: loss 1.0490, time 7610.49ms, mfu 5.31%
iter 2760: loss 1.0432, time 62.15ms, mfu 5.38%
iter 2770: loss 1.0300, time 76.32ms, mfu 5.33%
iter 2780: loss 1.0358, time 76.45ms, mfu 5.29%
iter 2790: loss 1.0518, time 63.24ms, mfu 5.35%
iter 2800: loss 1.0239, time 62.58ms, mfu 5.41%
iter 2810: loss 1.0468, time 76.08ms, mfu 5.36%
iter 2820: loss 1.0356, time 77.56ms, mfu 5.30%
iter 2830: loss 1.0474, time 76.38ms, mfu 5.26%
iter 2840: loss 1.0082, time 62.13ms, mfu 5.33%
iter 2850: loss 1.0384, time 76.89ms, mfu 5.28%
iter 2860: loss 1.0353, time 62.53ms, mfu 5.35%
iter 2870: loss 1.0115, time 76.20ms, mfu 5.31%
iter 2880: loss 1.0467, time 63.20ms, mfu 5.36%
iter 2890: loss 1.0182, time 62.94ms, mfu 5.42%
iter 2900: loss 0.9947, time 61.74ms, mfu 5.48%
iter 2910: loss 1.0539, time 77.14ms, mfu 5.42%
iter 2920: loss 1.0223, time 76.73ms, mfu 5.36%
iter 2930: loss 1.0033, time 77.03ms, mfu 5.31%
iter 2940: loss 1.0010, time 62.80ms, mfu 5.37%
iter 2950: loss 1.0295, time 63.18ms, mfu 5.42%
iter 2960: loss 1.0028, time 62.54ms, mfu 5.48%
iter 2970: loss 1.0009, time 63.06ms, mfu 5.52%
iter 2980: loss 1.0089, time 76.24ms, mfu 5.46%
iter 2990: loss 0.9922, time 63.08ms, mfu 5.50%
step 3000: train loss 0.8817, val loss 1.5248
iter 3000: loss 0.9963, time 7513.97ms, mfu 4.96%
iter 3010: loss 1.0064, time 61.99ms, mfu 5.06%
iter 3020: loss 1.0123, time 62.78ms, mfu 5.15%
iter 3030: loss 1.0183, time 62.15ms, mfu 5.23%
iter 3040: loss 1.0351, time 62.55ms, mfu 5.31%
iter 3050: loss 0.9854, time 76.44ms, mfu 5.26%
iter 3060: loss 1.0029, time 62.87ms, mfu 5.33%
iter 3070: loss 1.0272, time 77.68ms, mfu 5.28%
iter 3080: loss 1.0105, time 63.54ms, mfu 5.34%
iter 3090: loss 0.9938, time 76.36ms, mfu 5.29%
iter 3100: loss 1.0036, time 63.56ms, mfu 5.35%
iter 3110: loss 0.9754, time 77.18ms, mfu 5.29%
iter 3120: loss 1.0068, time 63.79ms, mfu 5.35%
iter 3130: loss 0.9855, time 61.49ms, mfu 5.42%
iter 3140: loss 0.9914, time 62.86ms, mfu 5.47%
iter 3150: loss 1.0088, time 62.43ms, mfu 5.52%
iter 3160: loss 1.0175, time 76.02ms, mfu 5.46%
iter 3170: loss 0.9773, time 62.58ms, mfu 5.51%
iter 3180: loss 0.9855, time 63.26ms, mfu 5.55%
iter 3190: loss 1.0014, time 62.70ms, mfu 5.59%
iter 3200: loss 0.9762, time 63.08ms, mfu 5.62%
iter 3210: loss 0.9708, time 77.85ms, mfu 5.54%
iter 3220: loss 0.9621, time 77.03ms, mfu 5.47%
iter 3230: loss 0.9607, time 63.20ms, mfu 5.51%
iter 3240: loss 0.9609, time 62.64ms, mfu 5.55%
step 3250: train loss 0.8345, val loss 1.5560
iter 3250: loss 0.9748, time 7553.68ms, mfu 5.00%
iter 3260: loss 0.9723, time 63.64ms, mfu 5.09%
iter 3270: loss 0.9853, time 63.13ms, mfu 5.17%
iter 3280: loss 0.9605, time 63.05ms, mfu 5.24%
iter 3290: loss 0.9460, time 62.63ms, mfu 5.31%
iter 3300: loss 0.9466, time 48.26ms, mfu 5.55%
iter 3310: loss 0.9631, time 63.84ms, mfu 5.58%
iter 3320: loss 0.9588, time 77.39ms, mfu 5.51%
iter 3330: loss 0.9659, time 77.20ms, mfu 5.44%
iter 3340: loss 0.9614, time 63.16ms, mfu 5.48%
iter 3350: loss 0.9632, time 63.10ms, mfu 5.53%
iter 3360: loss 0.9326, time 61.87ms, mfu 5.58%
iter 3370: loss 0.9630, time 62.60ms, mfu 5.61%
iter 3380: loss 0.9470, time 63.31ms, mfu 5.64%
iter 3390: loss 0.9537, time 63.20ms, mfu 5.67%
iter 3400: loss 0.9500, time 63.08ms, mfu 5.69%
iter 3410: loss 0.9520, time 62.90ms, mfu 5.71%
iter 3420: loss 0.9445, time 62.53ms, mfu 5.74%
iter 3430: loss 0.9539, time 62.12ms, mfu 5.76%
iter 3440: loss 0.9842, time 76.93ms, mfu 5.67%
iter 3450: loss 0.9548, time 62.55ms, mfu 5.70%
iter 3460: loss 0.9448, time 76.00ms, mfu 5.62%
iter 3470: loss 0.9522, time 62.99ms, mfu 5.65%
iter 3480: loss 0.9548, time 63.97ms, mfu 5.67%
iter 3490: loss 0.9250, time 62.87ms, mfu 5.69%
step 3500: train loss 0.7898, val loss 1.5693
iter 3500: loss 0.9199, time 7483.21ms, mfu 5.13%
iter 3510: loss 0.9179, time 76.62ms, mfu 5.10%
iter 3520: loss 0.9259, time 62.60ms, mfu 5.19%
iter 3530: loss 0.9617, time 62.60ms, mfu 5.26%
iter 3540: loss 0.9273, time 62.22ms, mfu 5.34%
iter 3550: loss 0.9231, time 77.45ms, mfu 5.28%
iter 3560: loss 0.9550, time 63.14ms, mfu 5.35%
iter 3570: loss 0.9465, time 76.18ms, mfu 5.30%
iter 3580: loss 0.9399, time 63.41ms, mfu 5.36%
iter 3590: loss 0.9410, time 76.23ms, mfu 5.31%
iter 3600: loss 0.9316, time 62.57ms, mfu 5.38%
iter 3610: loss 0.9084, time 75.70ms, mfu 5.33%
iter 3620: loss 0.9180, time 63.18ms, mfu 5.39%
iter 3630: loss 0.9287, time 62.60ms, mfu 5.44%
iter 3640: loss 0.9203, time 63.06ms, mfu 5.49%
iter 3650: loss 0.9134, time 62.52ms, mfu 5.54%
iter 3660: loss 0.9394, time 62.84ms, mfu 5.58%
iter 3670: loss 0.9457, time 63.64ms, mfu 5.60%
iter 3680: loss 0.9173, time 76.81ms, mfu 5.53%
iter 3690: loss 0.9447, time 76.21ms, mfu 5.46%
iter 3700: loss 0.8726, time 61.41ms, mfu 5.53%
iter 3710: loss 0.8818, time 76.22ms, mfu 5.46%
iter 3720: loss 0.9124, time 62.74ms, mfu 5.51%
iter 3730: loss 0.8991, time 63.39ms, mfu 5.55%
iter 3740: loss 0.9028, time 63.29ms, mfu 5.58%
step 3750: train loss 0.7470, val loss 1.5985
iter 3750: loss 0.9081, time 7478.21ms, mfu 5.03%
iter 3760: loss 0.9351, time 62.62ms, mfu 5.12%
iter 3770: loss 0.9242, time 62.51ms, mfu 5.20%
iter 3780: loss 0.9193, time 62.82ms, mfu 5.28%
iter 3790: loss 0.8936, time 62.81ms, mfu 5.34%
iter 3800: loss 0.9054, time 62.94ms, mfu 5.40%
iter 3810: loss 0.9164, time 62.94ms, mfu 5.45%
iter 3820: loss 0.8876, time 77.74ms, mfu 5.39%
iter 3830: loss 0.8995, time 62.82ms, mfu 5.44%
iter 3840: loss 0.8845, time 62.65ms, mfu 5.49%
iter 3850: loss 0.8811, time 63.64ms, mfu 5.53%
iter 3860: loss 0.8689, time 62.47ms, mfu 5.57%
iter 3870: loss 0.8906, time 76.83ms, mfu 5.50%
iter 3880: loss 0.8903, time 62.86ms, mfu 5.54%
iter 3890: loss 0.8984, time 62.73ms, mfu 5.58%
iter 3900: loss 0.8997, time 77.47ms, mfu 5.50%
iter 3910: loss 0.8938, time 62.97ms, mfu 5.55%
iter 3920: loss 0.8775, time 77.44ms, mfu 5.47%
iter 3930: loss 0.8970, time 63.00ms, mfu 5.52%
iter 3940: loss 0.8721, time 62.54ms, mfu 5.56%
iter 3950: loss 0.8801, time 75.70ms, mfu 5.50%
iter 3960: loss 0.8976, time 75.53ms, mfu 5.44%
iter 3970: loss 0.8968, time 76.44ms, mfu 5.38%
iter 3980: loss 0.8975, time 63.01ms, mfu 5.44%
iter 3990: loss 0.8824, time 62.69ms, mfu 5.49%
step 4000: train loss 0.7092, val loss 1.6205
iter 4000: loss 0.8478, time 7503.32ms, mfu 4.94%
iter 4010: loss 0.8790, time 62.29ms, mfu 5.05%
iter 4020: loss 0.8933, time 62.42ms, mfu 5.14%
iter 4030: loss 0.8810, time 77.07ms, mfu 5.11%
iter 4040: loss 0.8778, time 62.71ms, mfu 5.19%
iter 4050: loss 0.8695, time 62.79ms, mfu 5.27%
iter 4060: loss 0.8565, time 62.49ms, mfu 5.34%
iter 4070: loss 0.8565, time 76.80ms, mfu 5.29%
iter 4080: loss 0.8824, time 62.49ms, mfu 5.36%
iter 4090: loss 0.8444, time 62.91ms, mfu 5.41%
iter 4100: loss 0.8962, time 62.83ms, mfu 5.46%
iter 4110: loss 0.8716, time 62.09ms, mfu 5.52%
iter 4120: loss 0.8770, time 62.94ms, mfu 5.56%
iter 4130: loss 0.8527, time 62.58ms, mfu 5.60%
iter 4140: loss 0.8754, time 62.59ms, mfu 5.63%
iter 4150: loss 0.8707, time 77.01ms, mfu 5.55%
iter 4160: loss 0.8584, time 62.13ms, mfu 5.60%
iter 4170: loss 0.8659, time 62.13ms, mfu 5.64%
iter 4180: loss 0.8611, time 77.07ms, mfu 5.56%
iter 4190: loss 0.8688, time 62.29ms, mfu 5.60%
iter 4200: loss 0.8530, time 62.96ms, mfu 5.63%
iter 4210: loss 0.8584, time 62.90ms, mfu 5.66%
iter 4220: loss 0.8501, time 76.95ms, mfu 5.58%
iter 4230: loss 0.8790, time 77.07ms, mfu 5.50%
iter 4240: loss 0.8587, time 76.90ms, mfu 5.44%
step 4250: train loss 0.6760, val loss 1.6463
iter 4250: loss 0.8603, time 7640.50ms, mfu 4.90%
iter 4260: loss 0.8590, time 77.33ms, mfu 4.89%
iter 4270: loss 0.8596, time 63.30ms, mfu 4.99%
iter 4280: loss 0.8483, time 62.54ms, mfu 5.09%
iter 4290: loss 0.8225, time 62.57ms, mfu 5.17%
iter 4300: loss 0.8278, time 77.74ms, mfu 5.14%
iter 4310: loss 0.8463, time 76.95ms, mfu 5.11%
iter 4320: loss 0.8347, time 63.08ms, mfu 5.19%
iter 4330: loss 0.8603, time 62.49ms, mfu 5.26%
iter 4340: loss 0.8366, time 77.50ms, mfu 5.22%
iter 4350: loss 0.8304, time 48.34ms, mfu 5.47%
iter 4360: loss 0.8534, time 77.28ms, mfu 5.40%
iter 4370: loss 0.8466, time 63.24ms, mfu 5.45%
iter 4380: loss 0.8224, time 77.01ms, mfu 5.39%
iter 4390: loss 0.8543, time 62.81ms, mfu 5.45%
iter 4400: loss 0.8430, time 63.26ms, mfu 5.49%
iter 4410: loss 0.8479, time 62.30ms, mfu 5.54%
iter 4420: loss 0.8599, time 77.13ms, mfu 5.47%
iter 4430: loss 0.8429, time 63.03ms, mfu 5.51%
iter 4440: loss 0.8399, time 63.18ms, mfu 5.55%
iter 4450: loss 0.8369, time 62.63ms, mfu 5.59%
iter 4460: loss 0.8282, time 60.62ms, mfu 5.65%
iter 4470: loss 0.8461, time 76.96ms, mfu 5.57%
iter 4480: loss 0.8236, time 62.79ms, mfu 5.60%
iter 4490: loss 0.8343, time 62.49ms, mfu 5.64%
step 4500: train loss 0.6453, val loss 1.6836
iter 4500: loss 0.8550, time 7511.29ms, mfu 5.08%
iter 4510: loss 0.8375, time 76.97ms, mfu 5.06%
iter 4520: loss 0.8286, time 62.27ms, mfu 5.15%
iter 4530: loss 0.8396, time 63.35ms, mfu 5.22%
iter 4540: loss 0.8372, time 62.56ms, mfu 5.30%
iter 4550: loss 0.8672, time 62.73ms, mfu 5.36%
iter 4560: loss 0.8307, time 62.82ms, mfu 5.42%
iter 4570: loss 0.8301, time 63.02ms, mfu 5.47%
iter 4580: loss 0.8409, time 75.73ms, mfu 5.41%
iter 4590: loss 0.8360, time 77.36ms, mfu 5.35%
iter 4600: loss 0.8171, time 63.21ms, mfu 5.41%
iter 4610: loss 0.8579, time 75.90ms, mfu 5.36%
iter 4620: loss 0.8229, time 63.07ms, mfu 5.41%
iter 4630: loss 0.8136, time 62.77ms, mfu 5.46%
iter 4640: loss 0.8295, time 62.32ms, mfu 5.52%
iter 4650: loss 0.8559, time 62.72ms, mfu 5.56%
iter 4660: loss 0.8405, time 76.66ms, mfu 5.49%
iter 4670: loss 0.8319, time 77.13ms, mfu 5.42%
iter 4680: loss 0.8374, time 62.58ms, mfu 5.48%
iter 4690: loss 0.8373, time 75.37ms, mfu 5.42%
iter 4700: loss 0.8173, time 62.54ms, mfu 5.48%
iter 4710: loss 0.7799, time 63.81ms, mfu 5.51%
iter 4720: loss 0.8175, time 76.80ms, mfu 5.45%
iter 4730: loss 0.8146, time 62.71ms, mfu 5.50%
iter 4740: loss 0.8144, time 63.95ms, mfu 5.53%
step 4750: train loss 0.6249, val loss 1.6973
iter 4750: loss 0.7948, time 7467.82ms, mfu 4.98%
iter 4760: loss 0.8189, time 76.73ms, mfu 4.97%
iter 4770: loss 0.7892, time 62.50ms, mfu 5.07%
iter 4780: loss 0.8081, time 62.90ms, mfu 5.15%
iter 4790: loss 0.8316, time 76.30ms, mfu 5.13%
iter 4800: loss 0.8121, time 63.05ms, mfu 5.21%
iter 4810: loss 0.8314, time 78.29ms, mfu 5.16%
iter 4820: loss 0.8075, time 62.87ms, mfu 5.24%
iter 4830: loss 0.8109, time 62.55ms, mfu 5.31%
iter 4840: loss 0.8206, time 61.77ms, mfu 5.38%
iter 4850: loss 0.8066, time 76.41ms, mfu 5.33%
iter 4860: loss 0.8028, time 62.91ms, mfu 5.39%
iter 4870: loss 0.7968, time 63.15ms, mfu 5.44%
iter 4880: loss 0.8192, time 76.40ms, mfu 5.38%
iter 4890: loss 0.7955, time 63.00ms, mfu 5.44%
iter 4900: loss 0.8014, time 63.03ms, mfu 5.49%
iter 4910: loss 0.8244, time 62.43ms, mfu 5.53%
iter 4920: loss 0.8125, time 63.13ms, mfu 5.57%
iter 4930: loss 0.7926, time 62.52ms, mfu 5.61%
iter 4940: loss 0.7919, time 77.43ms, mfu 5.53%
iter 4950: loss 0.8161, time 62.84ms, mfu 5.57%
iter 4960: loss 0.8168, time 77.68ms, mfu 5.49%
iter 4970: loss 0.7771, time 63.77ms, mfu 5.53%
iter 4980: loss 0.7774, time 75.54ms, mfu 5.47%
iter 4990: loss 0.8179, time 76.30ms, mfu 5.41%
step 5000: train loss 0.6093, val loss 1.7181
iter 5000: loss 0.8128, time 7282.12ms, mfu 4.87%
